Archive member included to satisfy reference by file (symbol)

/opt/devkitpro/devkitARM/bin/../lib/gcc/arm-none-eabi/14.2.0/thumb/libgcc.a(_call_via_rX.o)
                              mm_main_gba.o (_call_via_r1)
/opt/devkitpro/devkitARM/bin/../lib/gcc/arm-none-eabi/14.2.0/thumb/libgcc.a(_sync_none.o)
                              (__sync_synchronize_none)
/opt/devkitpro/devkitARM/bin/../lib/gcc/arm-none-eabi/14.2.0/thumb/libgcc.a(_arm_muldf3.o)
                              /tmp/ccAqBwqX.ltrans0.ltrans.o (__aeabi_dmul)
/opt/devkitpro/devkitARM/bin/../lib/gcc/arm-none-eabi/14.2.0/thumb/libgcc.a(_arm_addsubdf3.o)
                              /tmp/ccAqBwqX.ltrans0.ltrans.o (__aeabi_i2d)
/opt/devkitpro/devkitARM/bin/../lib/gcc/arm-none-eabi/14.2.0/thumb/libgcc.a(_arm_fixdfsi.o)
                              /tmp/ccAqBwqX.ltrans0.ltrans.o (__aeabi_d2iz)

Discarded input sections

 .text          0x00000000        0x0 /opt/devkitpro/devkitARM/bin/../lib/gcc/arm-none-eabi/14.2.0/../../../../arm-none-eabi/lib/thumb/gba_crt0.o
 .data          0x00000000        0x0 /opt/devkitpro/devkitARM/bin/../lib/gcc/arm-none-eabi/14.2.0/../../../../arm-none-eabi/lib/thumb/gba_crt0.o
 .bss           0x00000000        0x0 /opt/devkitpro/devkitARM/bin/../lib/gcc/arm-none-eabi/14.2.0/../../../../arm-none-eabi/lib/thumb/gba_crt0.o
 .text          0x00000000        0x0 /opt/devkitpro/devkitARM/bin/../lib/gcc/arm-none-eabi/14.2.0/thumb/crti.o
 .data          0x00000000        0x0 /opt/devkitpro/devkitARM/bin/../lib/gcc/arm-none-eabi/14.2.0/thumb/crti.o
 .bss           0x00000000        0x0 /opt/devkitpro/devkitARM/bin/../lib/gcc/arm-none-eabi/14.2.0/thumb/crti.o
 .text          0x00000000        0x0 /opt/devkitpro/devkitARM/bin/../lib/gcc/arm-none-eabi/14.2.0/thumb/crtbegin.o
 .data          0x00000000        0x0 /opt/devkitpro/devkitARM/bin/../lib/gcc/arm-none-eabi/14.2.0/thumb/crtbegin.o
 .bss           0x00000000        0x0 /opt/devkitpro/devkitARM/bin/../lib/gcc/arm-none-eabi/14.2.0/thumb/crtbegin.o
 .rodata.all_implied_fbits
                0x00000000       0x24 /opt/devkitpro/devkitARM/bin/../lib/gcc/arm-none-eabi/14.2.0/thumb/crtbegin.o
 .text          0x00000000        0x0 _bn_audio_soundbank.bin.o
 .data          0x00000000        0x0 _bn_audio_soundbank.bin.o
 .bss           0x00000000        0x0 _bn_audio_soundbank.bin.o
 .text          0x00000000        0x0 answers_bn_gfx.o
 .data          0x00000000        0x0 answers_bn_gfx.o
 .bss           0x00000000        0x0 answers_bn_gfx.o
 .rodata        0x00000000     0x1020 answers_bn_gfx.o
 .text          0x00000000        0x0 beryl_bn_gfx.o
 .data          0x00000000        0x0 beryl_bn_gfx.o
 .bss           0x00000000        0x0 beryl_bn_gfx.o
 .text          0x00000000        0x0 bg_berylsroom_bn_gfx.o
 .data          0x00000000        0x0 bg_berylsroom_bn_gfx.o
 .bss           0x00000000        0x0 bg_berylsroom_bn_gfx.o
 .rodata        0x00000000     0xfbc0 bg_berylsroom_bn_gfx.o
 .text          0x00000000        0x0 bg_conbini_bn_gfx.o
 .data          0x00000000        0x0 bg_conbini_bn_gfx.o
 .bss           0x00000000        0x0 bg_conbini_bn_gfx.o
 .rodata        0x00000000     0xfd80 bg_conbini_bn_gfx.o
 .text          0x00000000        0x0 bg_grass_bn_gfx.o
 .data          0x00000000        0x0 bg_grass_bn_gfx.o
 .bss           0x00000000        0x0 bg_grass_bn_gfx.o
 .rodata        0x00000000     0xd140 bg_grass_bn_gfx.o
 .text          0x00000000        0x0 bg_theatre_bn_gfx.o
 .data          0x00000000        0x0 bg_theatre_bn_gfx.o
 .bss           0x00000000        0x0 bg_theatre_bn_gfx.o
 .text          0x00000000        0x0 c0101_bn_gfx.o
 .data          0x00000000        0x0 c0101_bn_gfx.o
 .bss           0x00000000        0x0 c0101_bn_gfx.o
 .rodata        0x00000000     0xd440 c0101_bn_gfx.o
 .text          0x00000000        0x0 c0102_bn_gfx.o
 .data          0x00000000        0x0 c0102_bn_gfx.o
 .bss           0x00000000        0x0 c0102_bn_gfx.o
 .rodata        0x00000000     0xab40 c0102_bn_gfx.o
 .text          0x00000000        0x0 c0103_bn_gfx.o
 .data          0x00000000        0x0 c0103_bn_gfx.o
 .bss           0x00000000        0x0 c0103_bn_gfx.o
 .rodata        0x00000000     0x8cc0 c0103_bn_gfx.o
 .text          0x00000000        0x0 c0201_bn_gfx.o
 .data          0x00000000        0x0 c0201_bn_gfx.o
 .bss           0x00000000        0x0 c0201_bn_gfx.o
 .rodata        0x00000000     0xa220 c0201_bn_gfx.o
 .text          0x00000000        0x0 c0202_bn_gfx.o
 .data          0x00000000        0x0 c0202_bn_gfx.o
 .bss           0x00000000        0x0 c0202_bn_gfx.o
 .rodata        0x00000000     0xa060 c0202_bn_gfx.o
 .text          0x00000000        0x0 c0203_bn_gfx.o
 .data          0x00000000        0x0 c0203_bn_gfx.o
 .bss           0x00000000        0x0 c0203_bn_gfx.o
 .rodata        0x00000000     0x8ac0 c0203_bn_gfx.o
 .text          0x00000000        0x0 castor_bn_gfx.o
 .data          0x00000000        0x0 castor_bn_gfx.o
[...]
Memory Configuration

Name             Origin             Length             Attributes
rom              0x08000000         0x02000000
iwram            0x03000000         0x00008000
ewram            0x02000000         0x00040000
*default*        0x00000000         0xffffffff

Linker script and memory map

                0x00000000                        __sync_synchronize = __sync_synchronize_none
                0x08000000                        __text_start = ORIGIN (rom)
                0x02040000                        __eheap_end = (ORIGIN (ewram) + LENGTH (ewram))
                0x03000000                        __iwram_start = ORIGIN (iwram)
                0x03008000                        __iwram_top = (ORIGIN (iwram) + LENGTH (iwram))
                0x03007fa0                        __sp_irq = (__iwram_top - 0x60)
                0x03007f00                        __sp_usr = (__sp_irq - 0xa0)
                0x03007ff8                        __irq_flags = 0x3007ff8
                0x08000000                        . = __text_start

.crt0           0x08000000      0x210
 *(.crt0)
 .crt0          0x08000000      0x210 /opt/devkitpro/devkitARM/bin/../lib/gcc/arm-none-eabi/14.2.0/../../../../arm-none-eabi/lib/thumb/gba_crt0.o
                0x08000000                _start
                0x080000c4                __boot_method
                0x080000c5                __slave_number
                0x080000e0                start_vector
                0x08000210                        . = ALIGN (0x4)

.init           0x08000210        0xc
 *(SORT_NONE(.init))
 .init          0x08000210        0x4 /opt/devkitpro/devkitARM/bin/../lib/gcc/arm-none-eabi/14.2.0/thumb/crti.o
                0x08000210                _init
 .init          0x08000214        0x8 /opt/devkitpro/devkitARM/bin/../lib/gcc/arm-none-eabi/14.2.0/thumb/crtn.o

.plt            0x0800021c        0x0
 *(.plt)
                0x0800021c                        . = ALIGN (0x4)

.text           0x08000220    0x15e30
 *(EXCLUDE_FILE(*.iwram*) .text*)
 .text.__do_global_dtors_aux
                0x08000220       0x2c /opt/devkitpro/devkitARM/bin/../lib/gcc/arm-none-eabi/14.2.0/thumb/crtbegin.o
 .text.frame_dummy
                0x0800024c       0x24 /opt/devkitpro/devkitARM/bin/../lib/gcc/arm-none-eabi/14.2.0/thumb/crtbegin.o
 .text          0x08000270     0x8c80 /tmp/ccAqBwqX.ltrans0.ltrans.o
                0x08000734                char_map(char)
                0x08000a7c                Beryl::set_x(bn::fixed_t<12>)
                0x08000ab8                _ZN2bn7ivectorINS_10sprite_ptrEE5clearEvQnt27is_trivially_destructible_vIT_E.lto_priv.0
                0x08000ae4                void bn::ostringstream::append_args<char [4], int>(char const (&) [4], int const&)
                0x08000afc                bn::audio_manager::(anonymous namespace)::static_data::~static_data() [clone .lto_priv.0]
                0x08000afc                bn::audio_manager::(anonymous namespace)::static_data::~static_data() [clone .lto_priv.0]
                0x08000b00                bn::regular_bg_tiles_item::valid_tiles_count(int, bn::bpp_mode)
                0x08000b3c                bn::bg_blocks_manager::log_status()
                0x0800169c                bn::bg_blocks_manager::decrease_usages(int)
                0x08001744                bn::bg_blocks_manager::(anonymous namespace)::static_data::~static_data() [clone .lto_priv.0]
                0x08001744                bn::bg_blocks_manager::(anonymous namespace)::static_data::~static_data() [clone .lto_priv.0]
                0x080017a4                bn::bgs_manager::(anonymous namespace)::item_type::update_regular_hw_position() [clone .lto_priv.0]
                0x08001804                bn::camera_ptr::position() const
                0x08001818                bn::bgs_manager::update_regular_map_tiles_cbb(int, int)
                0x080018d8                bn::bgs_manager::update_regular_map_palette_bpp(int, bn::bpp_mode)
                0x080019a8                _bn::assert::show(char const*, char const*, char const*, int, bn::istring_base const&)
                0x080019c0                void _bn::assert::show_args<char [38]>(char const*, char const*, char const*, int, char const (&) [38])
                0x080019c0                void _bn::assert::show_args<char [32]>(char const*, char const*, char const*, int, char const (&) [32])
                0x080019c0                void _bn::assert::show_args<char [16]>(char const*, char const*, char const*, int, char const (&) [16])
                0x080019c0                void _bn::assert::show_args<char [33]>(char const*, char const*, char const*, int, char const (&) [33])
                0x080019c0                void _bn::assert::show_args<char [17]>(char const*, char const*, char const*, int, char const (&) [17])
                0x080019c0                void _bn::assert::show_args<char [23]>(char const*, char const*, char const*, int, char const (&) [23])
                0x080019c0                void _bn::assert::show_args<char [37]>(char const*, char const*, char const*, int, char const (&) [37])
                0x080019c0                void _bn::assert::show_args<char [22]>(char const*, char const*, char const*, int, char const (&) [22])
                0x080019c0                void _bn::assert::show_args<char [27]>(char const*, char const*, char const*, int, char const (&) [27])
                0x080019c0                void _bn::assert::show_args<char [14]>(char const*, char const*, char const*, int, char const (&) [14])
                0x080019c0                void _bn::assert::show_args<char [35]>(char const*, char const*, char const*, int, char const (&) [35])
                0x080019c0                void _bn::assert::show_args<char [19]>(char const*, char const*, char const*, int, char const (&) [19])
                0x080019c0                void _bn::assert::show_args<char [26]>(char const*, char const*, char const*, int, char const (&) [26])
                0x080019c0                void _bn::assert::show_args<char [13]>(char const*, char const*, char const*, int, char const (&) [13])
                0x080019c0                void _bn::assert::show_args<char [18]>(char const*, char const*, char const*, int, char const (&) [18])
                0x080019c0                void _bn::assert::show_args<char [46]>(char const*, char const*, char const*, int, char const (&) [46])
                0x080019c0                void _bn::assert::show_args<char [31]>(char const*, char const*, char const*, int, char const (&) [31])
                0x080019c0                void _bn::assert::show_args<char [15]>(char const*, char const*, char const*, int, char const (&) [15])
                0x080019c0                void _bn::assert::show_args<char [54]>(char const*, char const*, char const*, int, char const (&) [54])
                0x08001a00                bn::bgs_manager::(anonymous namespace)::static_data::~static_data() [clone .lto_priv.0]
                0x08001a00                bn::bgs_manager::(anonymous namespace)::static_data::~static_data() [clone .lto_priv.0]
                0x08001a30                bn::bgs_manager::decrease_usages(void*)
                0x08001c2c                _ZN2bn7ivectorINS_14regular_bg_ptrEE5clearEvQnt27is_trivially_destructible_vIT_E.lto_priv.0
                0x08001f70                _bn::assert::show(char const*, char const*, char const*, int)
                0x08001f88                void bn::ostringstream::append<12>(bn::fixed_t<12>)
                0x08002050                bn::ivector<bn::sprite_ptr>::push_back(bn::sprite_ptr const&) [clone .part.0] [clone .lto_priv.0]
                0x08002050                bn::ivector<bn::regular_bg_ptr>::push_back(bn::regular_bg_ptr const&) [clone .part.0] [clone .lto_priv.0]
                0x08002078                bn::optional<TextElement>::value() [clone .part.0] [clone .lto_priv.0]
                0x08002078                bn::optional<Rake>::value() [clone .part.0] [clone .lto_priv.0]
                0x080020a0                bn::optional<bn::bg_palette_ptr>::operator->() const [clone .part.0] [clone .lto_priv.0]
                0x080020a0                bn::optional<bn::affine_bg_tiles_ptr>::operator->() const [clone .part.0] [clone .lto_priv.0]
                0x080020c8                bn::bg_blocks_manager::(anonymous namespace)::item_type::regular_tiles_offset() const [clone .lto_priv.0]
                0x08002944                bn::optional<bn::bg_palette_ptr>::operator->() [clone .part.0] [clone .lto_priv.0]
                0x08002944                bn::optional<bn::regular_bg_tiles_ptr>::operator->() [clone .part.0] [clone .lto_priv.0]
                0x0800296c                bn::optional<bn::regular_bg_map_ptr>::operator*() [clone .part.0] [clone .lto_priv.0]
                0x08002994                void _bn::assert::show_args<char [27], int>(char const*, char const*, char const*, int, char const (&) [27], int const&)
                0x08002994                void _bn::assert::show_args<char [24], int>(char const*, char const*, char const*, int, char const (&) [24], int const&)
                0x08002994                void _bn::assert::show_args<char [17], int>(char const*, char const*, char const*, int, char const (&) [17], int const&)
                0x08002994                void _bn::assert::show_args<char [15], int>(char const*, char const*, char const*, int, char const (&) [15], int const&)
                0x08002994                void _bn::assert::show_args<char [22], int>(char const*, char const*, char const*, int, char const (&) [22], int const&)
                0x08002994                void _bn::assert::show_args<char [39], int>(char const*, char const*, char const*, int, char const (&) [39], int const&)
                0x08002994                void _bn::assert::show_args<char [25], int>(char const*, char const*, char const*, int, char const (&) [25], int const&)
                0x08002994                void _bn::assert::show_args<char [16], int>(char const*, char const*, char const*, int, char const (&) [16], int const&)
                0x08002994                void _bn::assert::show_args<char [26], int>(char const*, char const*, char const*, int, char const (&) [26], int const&)
                0x08002f58                bn::bg_blocks_manager::(anonymous namespace)::_create_impl(bn::bg_blocks_manager::(anonymous namespace)::create_data&&) [clone .lto_priv.0]
                0x08008280                bn::core::update()
                0x080082fc                void _bn::assert::show_args<char [27], bn::fixed_t<12> >(char const*, char const*, char const*, int, char const (&) [27], bn::fixed_t<12> const&)
                0x080082fc                void _bn::assert::show_args<char [25], bn::fixed_t<12> >(char const*, char const*, char const*, int, char const (&) [25], bn::fixed_t<12> const&)
                0x08008464                Beryl::update()
                0x08008d7c                bn::blending::set_transparency_alpha(bn::fixed_t<12>)
                0x08008e10                bn::display_manager::(anonymous namespace)::static_data::~static_data() [clone .lto_priv.0]
                0x08008e10                bn::display_manager::(anonymous namespace)::static_data::~static_data() [clone .lto_priv.0]
                0x08008e5c                bn::span<bn::color const>::_build_end(bn::color const*, int)
                0x08008ebc                operator new(unsigned int)
 .text.startup  0x08008ef0      0x7cc /tmp/ccAqBwqX.ltrans0.ltrans.o
                0x08008ef0                main
 .text          0x080096bc     0x82cc /tmp/ccAqBwqX.ltrans1.ltrans.o
                0x080096bc                bn::hw::link::(anonymous namespace)::_resetStateCallback() [clone .lto_priv.0]
                0x0800a324                operator delete(void*)
                0x0800a330                operator delete(void*, unsigned int)
                0x0800a33c                operator delete[](void*)
                0x0800a348                operator delete[](void*, unsigned int)
                0x0800a354                bn::ostringstream::ostringstream(bn::istring_base&)
                0x0800a354                bn::ostringstream::ostringstream(bn::istring_base&)
                0x0800a35c                bn::palettes_bank::_apply_global_effects(int, bn::color*) const
                0x0800a4a8                bn::palettes_bank::palette::apply_effects(int, bn::color*) const
                0x0800a5f8                bn::palettes_bank::update()
                0x0800a72c                bn::palettes_manager::(anonymous namespace)::static_data::~static_data() [clone .lto_priv.0]
                0x0800a72c                bn::palettes_manager::(anonymous namespace)::static_data::~static_data() [clone .lto_priv.0]
                0x0800a730                bool bn::sprite_affine_mats_manager::(anonymous namespace)::_sprite_double_size<32, 16>(int, int, int, int, int) [clone .lto_priv.0]
                0x0800a7b4                bool bn::sprite_affine_mats_manager::(anonymous namespace)::_sprite_double_size<16, 32>(int, int, int, int, int) [clone .lto_priv.0]
                0x0800a838                bn::sprite_affine_mats_manager::(anonymous namespace)::static_data::~static_data() [clone .lto_priv.0]
                0x0800a838                bn::sprite_affine_mats_manager::(anonymous namespace)::static_data::~static_data() [clone .lto_priv.0]
                0x0800a874                bn::sprites_manager::(anonymous namespace)::_always_update_indexes_to_commit(bn::sprites_manager_item const&) [clone .lto_priv.0]
                0x0800a8bc                bn::sprites_manager::(anonymous namespace)::_update_item_dimensions(bn::sprites_manager_item&) [clone .lto_priv.0]
                0x0800a994                VgmStop()
                0x0800aa54                gbt_refresh_pattern_ptr.lto_priv.0
                0x0800aad8                gbt_run_startup_commands.part.0.lto_priv.0
                0x0800ab6c                bn::hw::audio::(anonymous namespace)::_commit() [clone .lto_priv.0]
                0x0800b2cc                bn::hw::audio::(anonymous namespace)::_vblank_handler() [clone .lto_priv.0]
                0x0800b41c                bn::memory_manager::(anonymous namespace)::static_data::~static_data() [clone .lto_priv.0]
                0x0800b41c                bn::memory_manager::(anonymous namespace)::static_data::~static_data() [clone .lto_priv.0]
                0x0800b450                bn::istring::push_back(char)
                0x0800b494                bn::sprite_affine_mats_manager::decrease_usages(int)
                0x0800b578                bn::hw::link::_timer_intr()
                0x0800b66c                bn::hw::link::_serial_intr()
                0x0800b8f0                bn::iunordered_map<unsigned int, bn::audio_manager::sound_data_type, bn::identity_hasher, bn::equal_to<unsigned int> >::operator()(unsigned int, unsigned int const&) [clone .constprop.0]
                0x0800bb0c                bn::sprite_tiles_manager::update()
                0x0800bdbc                bn::hw::audio::(anonymous namespace)::_add_sound_to_queue(int, unsigned short) [clone .lto_priv.0]
                0x0800c260                bn::hw::audio::(anonymous namespace)::_erase_sound_from_queue(unsigned short) [clone .lto_priv.0]
                0x0800c2f8                bn::hw::audio::(anonymous namespace)::_check_sounds_queue() [clone .part.0] [clone .lto_priv.0]
                0x0800c398                bn::hw::link::(anonymous namespace)::_sendDataCallback() [clone .lto_priv.0]
                0x0800c47c                bn::hw::link::(anonymous namespace)::_receiveResponseCallback(bn::lc::LinkResponse const&) [clone .lto_priv.0]
                0x0800c5d8                bn::sprites_manager::(anonymous namespace)::static_data::~static_data() [clone .lto_priv.0]
                0x0800c5d8                bn::sprites_manager::(anonymous namespace)::static_data::~static_data() [clone .lto_priv.0]
                0x0800c63c                bn::hw::audio::(anonymous namespace)::static_data::~static_data() [clone .lto_priv.0]
                0x0800c63c                bn::hw::audio::(anonymous namespace)::static_data::~static_data() [clone .lto_priv.0]
                0x0800c640                bn::sprite_tiles_manager::(anonymous namespace)::_hw_commit(bn::tile const*, bn::compression_type, int, int) [clone .lto_priv.0]
                0x0800c6d8                bn::ostringstream::append(int)
                0x0800c920                void _bn::assert::show_args<char [27], unsigned char>(char const*, char const*, char const*, int, char const (&) [27], unsigned char const&) [clone .constprop.0]
                0x0800c974                void _bn::assert::show_args<char [16], int, char [4], int>(char const*, char const*, char const*, int, char const (&) [16], int const&, char const (&) [4], int const&) [clone .constprop.0]
                0x0800c9d4                bn::ostringstream::append(char const*)
                0x0800d554                bn::hw::show::error(bn::system_font const&, bn::string_view const&, bn::string_view const&, bn::string_view const&, int, bn::string_view const&, bn::string_view const&) [clone .constprop.0]
                0x0800d874                bn::ostringstream::append(unsigned int)
                0x0800d988                void _bn::assert::show_args<char [35], unsigned int>(char const*, char const*, char const*, int, char const (&) [35], unsigned int const&) [clone .constprop.0]
                0x0800d9d8                bn::ostringstream::append(void const*)
                0x0800daf8                bn::sprite_tiles_manager::log_status()
                0x0800e28c                void _bn::assert::show_args<char [28], char [15], bn::tile const*, char [16], int, char [34], bn::string_view>(char const*, char const*, char const*, int, char const (&) [28], char const (&) [15], bn::tile const* const&, char const (&) [16], int const&, char const (&) [34], bn::string_view const&) [clone .constprop.0]
                0x0800e30c                bn::ostringstream::_append_fraction(unsigned int, int)
                0x0800e41c                bn::palettes_bank::decrease_usages(int)
                0x0800e6a8                bn::sprites_manager::decrease_usages(void*)
                0x0800e9a8                bn::bg_blocks_manager::(anonymous namespace)::items_list::insert_after(int, bn::bg_blocks_manager::(anonymous namespace)::item_type const&) [clone .constprop.0]
                0x0800ec7c                bn::sprite_tiles_manager::(anonymous namespace)::_find_impl(bn::tile const*, bn::compression_type, int) [clone .lto_priv.0]
                0x0800f12c                bn::sprite_tiles_manager::(anonymous namespace)::_create_impl(bn::tile const*, bn::compression_type, int) [clone .lto_priv.0]
                0x0800f500                bn::sprite_ptr::set_tiles(bn::sprite_tiles_item const&, int)
                0x0800f644                bn::best_fit_allocator::alloc(int) [clone .constprop.0]
                0x0800f7a8                operator new[](unsigned int)
                0x0800f7d8                malloc
                0x080106c4                play_room(int) [clone .constprop.0]
 .text          0x08011988     0x1bec /tmp/ccAqBwqX.ltrans2.ltrans.o
                0x08011988                bn::lc::LinkConnection::stop() [clone .constprop.0]
                0x080119b4                bn::hw::bgs::commit_data::commit_data() [clone .constprop.0] [clone .isra.0]
                0x08011a10                bn::bg_blocks_manager::(anonymous namespace)::items_list::items_list() [clone .constprop.0] [clone .isra.0]
                0x08011a5c                bn::sprite_affine_mats_manager::(anonymous namespace)::static_data::static_data() [clone .constprop.0] [clone .isra.0]
                0x08011b00                bn::sprite_tiles_manager::(anonymous namespace)::static_data::static_data() [clone .constprop.0] [clone .isra.0]
                0x08011c2c                bn::display_manager::(anonymous namespace)::static_data::static_data() [clone .constprop.0] [clone .isra.0]
                0x08011cbc                bn::hdma_manager::(anonymous namespace)::static_data::static_data() [clone .constprop.0] [clone .isra.0]
                0x08011cf0                bn::hblank_effects_manager::(anonymous namespace)::static_external_data::static_external_data() [clone .constprop.0] [clone .isra.0]
                0x08011dc8                tte_write.isra.0
                0x08011f38                bn::hw::log(bn::istring_base const&) [clone .isra.0]
                0x08011f8c                bn::istring::append(char const*) [clone .isra.0]
                0x0801200c                bn::string_view::string_view(char const*) [clone .isra.0]
                0x08012028                bn::core::(anonymous namespace)::static_data::static_data() [clone .constprop.0] [clone .isra.0]
                0x08012090                bn::sprite_ptr::~sprite_ptr() [clone .isra.0]
                0x080120a0                bn::sprite_ptr::set_camera(bn::camera_ptr const&) [clone .isra.0]
                0x08012174                bn::camera_ptr::~camera_ptr() [clone .isra.0]
                0x080121a0                bn::sprite_ptr::set_x(bn::fixed_t<12>) [clone .isra.0]
                0x080121e8                bn::sprite_affine_mats_manager::(anonymous namespace)::item_type::sprite_double_size(int, bn::sprite_shape_size const&) const [clone .isra.0]
                0x08012394                bn::bg_palette_ptr::~bg_palette_ptr() [clone .isra.0]
                0x080123ac                bn::palettes_bank::palettes_bank() [clone .isra.0]
                0x08012480                bn::bg_blocks_manager::(anonymous namespace)::create_data::~create_data() [clone .isra.0]
                0x080124c4                bn::bg_blocks_manager::(anonymous namespace)::item_type::~item_type() [clone .isra.0]
                0x08012510                TextElement::~TextElement() [clone .isra.0]
                0x08012578                bn::istring::append(char const*, int) [clone .isra.0]
                0x08012608                void bn::ostringstream::append_args<int, char [34], bn::string_view>(int const&, char const (&) [34], bn::string_view const&) [clone .constprop.0] [clone .isra.0]
                0x08012630                bn::sprite_shape_size::tiles_count(bn::bpp_mode) const [clone .part.0] [clone .isra.0]
                0x08012710                bn::sprite_shape_size::tiles_count(bn::bpp_mode) const [clone .isra.0]
                0x080127f8                bn::sprite_tiles_manager::create(bn::span<bn::tile const> const&, bn::compression_type) [clone .isra.0]
                0x080128f4                bn::iunordered_map<bn::tile const*, int, bn::hash<bn::tile const*>, bn::equal_to<bn::tile const*> >::erase(bn::iunordered_map<bn::tile const*, int, bn::hash<bn::tile const*>, bn::equal_to<bn::tile const*> >::const_iterator const&) [clone .constprop.0] [clone .isra.0]
                0x08012b00                bn::sprite_ptr::set_scale(bn::fixed_t<12>, bn::fixed_t<12>) [clone .isra.0]
                0x08013238                bn::sprite_tiles_ptr::~sprite_tiles_ptr() [clone .isra.0]
                0x08013478                bn::palettes_bank::colors_hash(bn::span<bn::color const> const&) [clone .isra.0]
                0x080134bc                bn::sound_item::play() const [clone .isra.0]
 .text.startup  0x08013574      0x318 /tmp/ccAqBwqX.ltrans2.ltrans.o
 .text.__libc_init_array
                0x0801388c       0x50 bn_hw_common.bn_noflto.o
                0x0801388c                __libc_init_array
 .text.__aeabi_atexit
                0x080138dc        0x4 bn_hw_common.bn_noflto.o
                0x080138dc                __aeabi_atexit
 .text._ZN3_bn6assert9show_argsIA40_cEEvPKcS4_S4_iRKT_
                0x080138e0       0x48 bn_hw_common.bn_noflto.o
                0x080138e0                void _bn::assert::show_args<char [40]>(char const*, char const*, char const*, int, char const (&) [40])
 .text.__aeabi_idiv0
                0x08013928       0x24 bn_hw_common.bn_noflto.o
                0x08013928                __aeabi_idiv0
 .text.VBlankIntrWait
                0x0801394c        0x4 tonc_bios.o
                0x0801394c                VBlankIntrWait
 .text.memset16
                0x08013950       0x3c tonc_memset.o
                0x08013950                memset16
 .text          0x0801398c      0x26c posprintf.o
                0x08013990                posprintf
 .text          0x08013bf8      0x314 mm_effect.o
                0x08013bf8                mmResetEffects
                0x08013c24                mmEffect
                0x08013c3a                mmEffectEx
                0x08013d3a                mmEffectActive
                0x08013d6e                mmEffectVolume
                0x08013d8a                mmEffectPanning
                0x08013d9e                mmEffectRate
                0x08013db2                mmEffectCancel
                0x08013dec                mmEffectRelease
                0x08013e12                mmEffectScaleRate
                0x08013e26                mmSetEffectsVolume
                0x08013e34                mmEffectCancelAll
                0x08013e74                mmUpdateEffects
 .text          0x08013f0c       0x14 mm_main.o
                0x08013f0c                mpp_call_r7
                0x08013f0e                mpp_call_r1
                0x08013f10                mpp_call_r2
                0x08013f12                mpp_call_r3
                0x08013f14                mmSetEventHandler
 .text          0x08013f20     0x1570 mm_mas.o
                0x08013f94                mmStart
                0x08013fb4                mmJingle
                0x08013fba                mmPlayModule
                0x08014084                mmPause
                0x080140a0                mmResume
                0x080140b0                mmActive
                0x080140b6                mmActiveSub
                0x080140bc                mmSetModuleVolume
                0x080140cc                mmSetJingleVolume
                0x08014108                mmGetPositionTick
                0x0801410e                mmGetPositionRow
                0x08014114                mmGetPosition
                0x0801411a                mmPosition
                0x08014134                mmSetModuleTempo
                0x08014166                mmSetModulePitch
                0x080141a8                mmStop
                0x0801426e                mppUpdateSub
                0x080143ca                mpp_Process_VolumeCommand
                0x08014602                mpp_Process_Effect
                0x08014d50                ST3_FREQTABLE
                0x08015170                IT_PitchTable
 .text          0x08015490      0x12c mm_main_gba.o
                0x08015490                mmInit
                0x080154e4                mmSetVBlankHandler
                0x080154ea                mmFrame
 .text          0x080155bc      0x1e0 mm_mixer_gba.o
                0x080155bc                mmMixerSetSource
                0x080155d0                mmMixerSetRead
                0x080155de                mmMixerSetFreq
                0x080155ee                mmMixerMulFreq
                0x08015602                mmMixerStopChannel
                0x08015614                mmMixerChannelActive
                0x08015626                mmMixerSetVolume
                0x08015634                mmMixerSetPan
                0x08015642                mmMixerInit
 .text          0x0801579c       0x3c /opt/devkitpro/devkitARM/bin/../lib/gcc/arm-none-eabi/14.2.0/thumb/libgcc.a(_call_via_rX.o)
                0x0801579c                _call_via_r0
                0x080157a0                _call_via_r1
                0x080157a4                _call_via_r2
                0x080157a8                _call_via_r3
                0x080157ac                _call_via_r4
                0x080157b0                _call_via_r5
                0x080157b4                _call_via_r6
                0x080157b8                _call_via_r7
                0x080157bc                _call_via_r8
                0x080157c0                _call_via_r9
                0x080157c4                _call_via_sl
                0x080157c8                _call_via_fp
                0x080157cc                _call_via_ip
                0x080157d0                _call_via_sp
                0x080157d4                _call_via_lr
 .text          0x080157d8      0x290 /opt/devkitpro/devkitARM/bin/../lib/gcc/arm-none-eabi/14.2.0/thumb/libgcc.a(_arm_muldf3.o)
                0x080157d8                __aeabi_dmul
                0x080157d8                __muldf3
 .text          0x08015a68      0x424 /opt/devkitpro/devkitARM/bin/../lib/gcc/arm-none-eabi/14.2.0/thumb/libgcc.a(_arm_addsubdf3.o)
                0x08015a68                __aeabi_drsub
                0x08015a70                __aeabi_dsub
                0x08015a70                __subdf3
                0x08015a74                __adddf3
                0x08015a74                __aeabi_dadd
                0x08015d84                __aeabi_ui2d
                0x08015d84                __floatunsidf
                0x08015da8                __aeabi_i2d
                0x08015da8                __floatsidf
                0x08015dd0                __extendsfdf2
                0x08015dd0                __aeabi_f2d
                0x08015e18                __aeabi_ul2d
                0x08015e18                __floatundidf
                0x08015e2c                __floatdidf
                0x08015e2c                __aeabi_l2d
 .text          0x08015e8c       0x5c /opt/devkitpro/devkitARM/bin/../lib/gcc/arm-none-eabi/14.2.0/thumb/libgcc.a(_arm_fixdfsi.o)
                0x08015e8c                __aeabi_d2iz
                0x08015e8c                __fixdfsi
 .text.__stub   0x08015ee8      0x118 linker stubs
 *(.gnu.linkonce.t.*)
 *(.text.*personality*)
 *(.gnu.warning)
 *(.glue_7t)
 .glue_7t       0x08016050        0x0 linker stubs
 *(.glue_7)
 .glue_7        0x08016050        0x0 linker stubs
 *(.vfp11_veneer)
 .vfp11_veneer  0x08016050        0x0 linker stubs
                0x08016050                        . = ALIGN (0x4)
                0x08016050                        __text_end = .

.v4_bx          0x08016050        0x0
 .v4_bx         0x08016050        0x0 linker stubs

.iplt           0x08016050        0x0
 .iplt          0x08016050        0x0 /opt/devkitpro/devkitARM/bin/../lib/gcc/arm-none-eabi/14.2.0/../../../../arm-none-eabi/lib/thumb/gba_crt0.o

.fini           0x08016050        0xc
 *(.fini)
 .fini          0x08016050        0x4 /opt/devkitpro/devkitARM/bin/../lib/gcc/arm-none-eabi/14.2.0/thumb/crti.o
                0x08016050                _fini
 .fini          0x08016054        0x8 /opt/devkitpro/devkitARM/bin/../lib/gcc/arm-none-eabi/14.2.0/thumb/crtn.o
                0x0801605c                        . = ALIGN (0x4)

.rodata         0x0801605c   0x53d634
 *(.rodata)
 .rodata        0x0801605c    0x4a020 beryl_bn_gfx.o
                0x0801605c                beryl_bn_gfxTiles
                0x0806005c                beryl_bn_gfxPal
 .rodata        0x0806007c    0x10020 bg_theatre_bn_gfx.o
                0x0806007c                bg_theatre_bn_gfxTiles
                0x0806807c                bg_theatre_bn_gfxMap
                0x0807007c                bg_theatre_bn_gfxPal
 .rodata        0x0807009c     0x7420 font_bn_gfx.o
                0x0807009c                font_bn_gfxTiles
                0x0807749c                font_bn_gfxPal
 .rodata        0x080774bc     0x7760 starsbackground_bn_gfx.o
                0x080774bc                starsbackground_bn_gfxTiles
                0x0807e3fc                starsbackground_bn_gfxMap
                0x0807ebfc                starsbackground_bn_gfxPal
 .rodata        0x0807ec1c      0x820 ui_bubble_bn_gfx.o
                0x0807ec1c                ui_bubble_bn_gfxTiles
                0x0807f41c                ui_bubble_bn_gfxPal
 .rodata        0x0807f43c      0x5d6 /tmp/ccAqBwqX.ltrans0.ltrans.o
                0x0807f9d8                bn::sprite_items::beryl
 *fill*         0x0807fa12        0x2 ff
 .rodata        0x0807fa14    0x15008 /tmp/ccAqBwqX.ltrans1.ltrans.o
                0x0807fc0c                _ZN2bn20sprite_tiles_manager12_GLOBAL__N_1L19_status_log_messageE.lto_priv.0
 .rodata        0x08094a1c      0x82a /tmp/ccAqBwqX.ltrans2.ltrans.o
 *fill*         0x08095246        0x2 ff
 .rodata        0x08095248      0xef8 verdana9.o
                0x08095248                verdana9Font
                0x08095260                verdana9Glyphs
                0x08096060                verdana9Widths
 *all.rodata*(*)
 *(.roda)
 *(.rodata.*)
 .rodata._bn_audio_soundbank_bin
                0x08096140   0x4ba318 _bn_audio_soundbank.bin.o
                0x08096140                _bn_audio_soundbank_bin
                0x08550458                _bn_audio_soundbank_bin_end
 .rodata.str1.4
                0x08550458      0xb99 /tmp/ccAqBwqX.ltrans0.ltrans.o
 .rodata.str1.4
                0x08550458     0x28cf /tmp/ccAqBwqX.ltrans1.ltrans.o
 .rodata.str1.4
                0x08550458      0x3c4 /tmp/ccAqBwqX.ltrans2.ltrans.o
 .rodata.__cxa_pure_virtual.str1.4
                0x08550458     0x322c bn_hw_common.bn_noflto.o
                                 0x4f (size before relaxing)
 .rodata.__aeabi_idiv0.str1.4
                0x08553684       0x38 bn_hw_common.bn_noflto.o
 .rodata._ZN2bn2hw8game_pak12_GLOBAL__N_1L8rom_dataE
                0x08553684        0xc bn_hw_game_pak.bn_ewram.o
 *(.gnu.linkonce.r*)
                0x085536bc                        . = ALIGN (0x4)

.ARM.extab
 *(.ARM.extab* .gnu.linkonce.armextab.*)
                0x08553690                        __exidx_start = .

.ARM.exidx
 *(.ARM.exidx* .gnu.linkonce.armexidx.*)
                0x08553690                        __exidx_end = .

.ctors          0x08553690        0x0
 *crtbegin.o(.ctors)
 *(EXCLUDE_FILE(*crtend.o) .ctors)
 *(SORT_BY_NAME(.ctors.*))
 *(.ctors)
                0x08553690                        . = ALIGN (0x4)

.dtors          0x08553690        0x0
 *crtbegin.o(.dtors)
 *(EXCLUDE_FILE(*crtend.o) .dtors)
 *(SORT_BY_NAME(.dtors.*))
 *(.dtors)
                0x08553690                        . = ALIGN (0x4)

.eh_frame       0x08553690        0x4
 *(.eh_frame)
 .eh_frame      0x08553690        0x0 /opt/devkitpro/devkitARM/bin/../lib/gcc/arm-none-eabi/14.2.0/thumb/crtbegin.o
 .eh_frame      0x08553690        0x4 /opt/devkitpro/devkitARM/bin/../lib/gcc/arm-none-eabi/14.2.0/thumb/crtend.o
                0x08553694                        . = ALIGN (0x4)

.gcc_except_table
                0x08553694        0x0
 *(.gcc_except_table)
                0x08553694                        . = ALIGN (0x4)
                0x08553694                        __iwram_lma = .

.iwram          0x03000000     0x2320 load address 0x08553694
                0x03000000                        __iwram_start__ = ABSOLUTE (.)
 *(.iwram .iwram*)
 .iwram         0x03000000      0x290 bn_sprites_manager.bn_iwram.o
                0x03000000                bn::sprites_manager::_check_items_on_screen(bn::intrusive_list<bn::sorted_sprites::layer>&)
                0x03000104                bn::sprites_manager::_rebuild_handles_impl(int, void*, bn::intrusive_list<bn::sorted_sprites::layer>&)
                0x0300019c                bn::sprites_manager::_update_cameras_impl(bn::intrusive_list<bn::sorted_sprites::layer>&)
 .iwram         0x03000290       0xc4 bn_hw_palettes.bn_iwram.o
                0x03000290                bn::hw::palettes::brightness(bn::color const*, int, int, bn::color*)
                0x030002f8                bn::hw::palettes::_lut_effect(bn::color const*, unsigned char const*, int, bn::color*)
 .iwram         0x03000354       0x6c bn_hw_bg_blocks.o
                0x03000354                bn_hw_bg_blocks_commit_half_words
                0x0300036c                bn_hw_bg_blocks_commit_words
                0x03000384                bn_hw_bg_blocks_commit_blocks
 .iwram         0x030003c0       0xd0 bn_hw_hblank_effects.o
                0x030003c0                bn::hw::hblank_effects::_intr()
                0x0300048c                bn::hw::hblank_effects::data
 .iwram         0x03000490       0x30 bn_hw_palettes_asm.o
                0x03000490                bn_hw_palettes_different_words
 .iwram.clr_blend_fast
                0x030004c0       0x70 clr_blend_fast.o
                0x030004c0                clr_blend_fast
 .iwram         0x03000530       0x70 clr_fade_fast.o
                0x03000530                clr_fade_fast
 .iwram.memset32
                0x030005a0       0x4c tonc_memset.o
                0x030005a0                memset32
 .iwram         0x030005ec      0x134 irq_handler.o
                0x030005ec                IRQ_GlobalInterruptHandler
 .iwram.__aeabi_lmul
                0x03000720       0x14 lmul.o
                0x03000720                __aeabi_lmul
 .iwram.__aeabi_memcpy
                0x03000734       0xc8 memcpy.o
                0x03000734                __aeabi_memcpy
                0x0300076c                __aeabi_memcpy4
                0x0300076c                __aeabi_memcpy8
                0x030007d8                __agbabi_memcpy2
 .iwram.__agbabi_memcpy1
                0x030007fc       0x14 memcpy.o
                0x030007fc                __agbabi_memcpy1
 .iwram.memcpy  0x03000810       0x10 memcpy.o
                0x03000810                memcpy
 .iwram.__aeabi_memmove
                0x03000820        0xc memmove.o
                0x03000820                __aeabi_memmove
 .iwram.memmove
                0x0300082c       0x10 memmove.o
                0x0300082c                memmove
 .iwram.__aeabi_memset
                0x0300083c       0x9c memset.o
                0x0300083c                __aeabi_memset
                0x03000860                __aeabi_memset4
                0x03000860                __aeabi_memset8
                0x0300086c                __agbabi_wordset4
                0x03000870                __agbabi_lwordset4
 .iwram.__agbabi_memset1
                0x030008d8       0x10 memset.o
                0x030008d8                __agbabi_memset1
 .iwram.memset  0x030008e8       0x1c memset.o
                0x030008e8                memset
 .iwram.__agbabi_rmemcpy
                0x03000904       0xcc rmemcpy.o
                0x03000904                __agbabi_rmemcpy
 .iwram.__agbabi_rmemcpy1
                0x030009d0       0x14 rmemcpy.o
                0x030009d0                __agbabi_rmemcpy1
 .iwram         0x030009e4       0x3c sdiv32.o
                0x030009e4                __aeabi_idivmod
                0x030009e4                __aeabi_idiv
 .iwram         0x03000a20      0x1e0 udiv32.o
                0x03000a20                __aeabi_uidivmod
                0x03000a20                __aeabi_uidiv
                0x03000a28                udiv32pastzero
                0x03000a7c                div32Iteration
 .iwram         0x03000c00       0x98 huffman.o
                0x03000c00                swi_HuffUnCompReadNormal
 .iwram         0x03000c98      0x1ac lz77.o
                0x03000c98                swi_LZ77UnCompWrite8bit
                0x03000c98                swi_LZ77UnCompWrite16bit
 .iwram         0x03000e44       0xec running_length.o
                0x03000e44                swi_RLUnCompReadNormalWrite8bit
                0x03000ea4                swi_RLUnCompReadNormalWrite16bit
 .iwram         0x03000f30      0x554 mm_mas.o
                0x03000f30                mppProcessTick
                0x03001014                mpp_Channel_NewNote
                0x030010f4                mpp_Update_ACHN_notest
 .iwram         0x03001484      0x648 mm_mas_arm.o
                0x03001484                mmAllocChannel
                0x030014f8                mmReadPattern
                0x030015e4                mmUpdateChannel_T0
                0x03001824                mmUpdateChannel_TN
                0x030019c4                mmGetPeriod
                0x03001a08                note_table_oct
                0x03001a26                note_table_mod
 .iwram         0x03001acc        0x8 mm_main_gba.o
                0x03001acc                mpp_call_r7i
                0x03001ace                mpp_call_r2i
                0x03001ad0                mpp_call_r1i
 .iwram         0x03001ad4      0x838 mm_mixer_gba.o
                0x03001ad8                mmVBlank
                0x03001b5c                mmMixerMix
 *fill*         0x0300230c        0x4 ff
 .iwram.__stub  0x03002310        0xc linker stubs
 *iwram.*(.text* .data*)
                0x0300231c                        . = ALIGN (0x4)
                0x03002320                        __iwram_end__ = ABSOLUTE (.)
                0x085559b4                        __data_lma = (__iwram_lma + SIZEOF (.iwram))

.bss            0x03002320      0x870
                0x03002320                        __bss_start = ABSOLUTE (.)
                0x03002320                        __bss_start__ = ABSOLUTE (.)
 *(.dynbss)
 *(.gnu.linkonce.b*)
 *(.bss*)
 .bss.completed.1
                0x03002320        0x1 /opt/devkitpro/devkitARM/bin/../lib/gcc/arm-none-eabi/14.2.0/thumb/crtbegin.o
 *fill*         0x03002321        0x3 
 .bss.object.0  0x03002324       0x18 /opt/devkitpro/devkitARM/bin/../lib/gcc/arm-none-eabi/14.2.0/thumb/crtbegin.o
 .bss           0x0300233c      0x50c /tmp/ccAqBwqX.ltrans0.ltrans.o
                0x0300233c                globals
                0x03002340                IRQ_VectorTable
                0x03002798                _ZN2bn22hblank_effects_manager12_GLOBAL__N_113internal_dataE.lto_priv.0
 .bss           0x03002848        0x4 /tmp/ccAqBwqX.ltrans2.ltrans.o
                0x03002848                fake_heap_end
 .bss           0x0300284c       0x2d mm_effect.o
                0x03002870                mm_sfx_bitmask
                0x03002874                mm_sfx_clearmask
 *fill*         0x03002879        0x3 
 .bss           0x0300287c        0x8 mm_main.o
                0x0300287c                mmCallback
                0x03002880                mm_ch_mask
 .bss           0x03002884      0x148 mm_mas.o
                0x03002884                mmLayerMain
                0x030028bc                mmLayerSub
                0x030028f4                mpp_vars
                0x03002904                mpp_layerp
                0x03002908                mpp_channels
                0x03002918                mpp_nchannels
                0x03002919                mpp_clayer
                0x0300291c                mm_achannels
                0x03002920                mm_pchannels
                0x03002924                mm_num_mch
                0x03002928                mm_num_ach
                0x0300292c                mm_schannels
 .bss           0x030029cc        0x8 mm_main_gba.o
                0x030029cc                mm_vblank_function
                0x030029d0                mp_solution
 .bss           0x030029d4      0x1bc mm_mixer_gba.o
                0x030029d4                mp_writepos
                0x030029dc                mm_mixchannels
                0x030029e4                mm_mixlen
                0x030029f8                mm_bpmdv
                0x030029fc                mp_mix_seg
 *(COMMON)
                0x03002b90                        . = ALIGN (0x4)
                0x03002b90                        __bss_end__ = ABSOLUTE (.)

.data           0x03002b90        0x4 load address 0x085559b4
                0x03002b90                        __data_start__ = ABSOLUTE (.)
 *(.data*)
 .data.__dso_handle
                0x03002b90        0x4 /opt/devkitpro/devkitARM/bin/../lib/gcc/arm-none-eabi/14.2.0/thumb/crtbegin.o
                0x03002b90                __dso_handle
 *(.gnu.linkonce.d*)
                0x03002b94                        . = ALIGN (0x4)
                0x085559b8                        __preinit_lma = (__data_lma + SIZEOF (.data))

.igot.plt       0x03002b94        0x0 load address 0x085559b8
 .igot.plt      0x03002b94        0x0 /opt/devkitpro/devkitARM/bin/../lib/gcc/arm-none-eabi/14.2.0/../../../../arm-none-eabi/lib/thumb/gba_crt0.o

.preinit_array  0x03002b94        0x0 load address 0x085559b8
                0x03002b94                        __preinit_array_start = ABSOLUTE (.)
 *(.preinit_array)
                0x03002b94                        __preinit_array_end = ABSOLUTE (.)
                0x085559b8                        __init_lma = (__preinit_lma + SIZEOF (.preinit_array))

.init_array     0x03002b94        0x8 load address 0x085559b8
                0x03002b94                        __init_array_start = ABSOLUTE (.)
 *(SORT_BY_NAME(.init_array.*))
 *(.init_array)
 .init_array    0x03002b94        0x4 /opt/devkitpro/devkitARM/bin/../lib/gcc/arm-none-eabi/14.2.0/thumb/crtbegin.o
 .init_array    0x03002b98        0x4 /tmp/ccAqBwqX.ltrans2.ltrans.o
                0x03002b9c                        __init_array_end = ABSOLUTE (.)
                0x085559c0                        __fini_lma = (__init_lma + SIZEOF (.init_array))

.fini_array     0x03002b9c        0x4 load address 0x085559c0
                0x03002b9c                        __fini_array_start = ABSOLUTE (.)
 *(SORT_BY_NAME(.fini_array.*))
 *(.fini_array)
 .fini_array    0x03002b9c        0x4 /opt/devkitpro/devkitARM/bin/../lib/gcc/arm-none-eabi/14.2.0/thumb/crtbegin.o
                0x03002ba0                        __fini_array_end = ABSOLUTE (.)
                0x085559c4                        __jcr_lma = (__fini_lma + SIZEOF (.fini_array))

.jcr
 *(.jcr)
                0x03002ba0                        __data_end__ = ABSOLUTE (.)
                0x085559c4                        __iwram_overlay_lma = (__jcr_lma + SIZEOF (.jcr))
                0x03002ba0                        __iwram_overlay_start = .

.iwram0         0x03002ba0        0x0 load address 0x085559c4
 *(.iwram0)
                0x03002ba0                        . = ALIGN (0x4)
                0x085559c4                        PROVIDE (__load_start_iwram0 = LOADADDR (.iwram0))
                0x085559c4                        PROVIDE (__load_stop_iwram0 = (LOADADDR (.iwram0) + SIZEOF (.iwram0)))

.iwram1         0x03002ba0        0x0
 *(.iwram1)
                0x03002ba0                        . = ALIGN (0x4)
                [!provide]                        PROVIDE (__load_start_iwram1 = LOADADDR (.iwram1))
                [!provide]                        PROVIDE (__load_stop_iwram1 = (LOADADDR (.iwram1) + SIZEOF (.iwram1)))

.iwram2         0x03002ba0        0x0
 *(.iwram2)
                0x03002ba0                        . = ALIGN (0x4)
                [!provide]                        PROVIDE (__load_start_iwram2 = LOADADDR (.iwram2))
                [!provide]                        PROVIDE (__load_stop_iwram2 = (LOADADDR (.iwram2) + SIZEOF (.iwram2)))

.iwram3         0x03002ba0        0x0
 *(.iwram3)
                0x03002ba0                        . = ALIGN (0x4)
                [!provide]                        PROVIDE (__load_start_iwram3 = LOADADDR (.iwram3))
                [!provide]                        PROVIDE (__load_stop_iwram3 = (LOADADDR (.iwram3) + SIZEOF (.iwram3)))

.iwram4         0x03002ba0        0x0
 *(.iwram4)
                0x03002ba0                        . = ALIGN (0x4)
                [!provide]                        PROVIDE (__load_start_iwram4 = LOADADDR (.iwram4))
                [!provide]                        PROVIDE (__load_stop_iwram4 = (LOADADDR (.iwram4) + SIZEOF (.iwram4)))

.iwram5         0x03002ba0        0x0
 *(.iwram5)
                0x03002ba0                        . = ALIGN (0x4)
                [!provide]                        PROVIDE (__load_start_iwram5 = LOADADDR (.iwram5))
                [!provide]                        PROVIDE (__load_stop_iwram5 = (LOADADDR (.iwram5) + SIZEOF (.iwram5)))

.iwram6         0x03002ba0        0x0
 *(.iwram6)
                0x03002ba0                        . = ALIGN (0x4)
                [!provide]                        PROVIDE (__load_start_iwram6 = LOADADDR (.iwram6))
                [!provide]                        PROVIDE (__load_stop_iwram6 = (LOADADDR (.iwram6) + SIZEOF (.iwram6)))

.iwram7         0x03002ba0        0x0
 *(.iwram7)
                0x03002ba0                        . = ALIGN (0x4)
                [!provide]                        PROVIDE (__load_start_iwram7 = LOADADDR (.iwram7))
                [!provide]                        PROVIDE (__load_stop_iwram7 = (LOADADDR (.iwram7) + SIZEOF (.iwram7)))

.iwram8         0x03002ba0        0x0
 *(.iwram8)
                0x03002ba0                        . = ALIGN (0x4)
                [!provide]                        PROVIDE (__load_start_iwram8 = LOADADDR (.iwram8))
                [!provide]                        PROVIDE (__load_stop_iwram8 = (LOADADDR (.iwram8) + SIZEOF (.iwram8)))

.iwram9         0x03002ba0        0x0
 *(.iwram9)
                0x03002ba0                        . = ALIGN (0x4)
                [!provide]                        PROVIDE (__load_start_iwram9 = LOADADDR (.iwram9))
                [!provide]                        PROVIDE (__load_stop_iwram9 = (LOADADDR (.iwram9) + SIZEOF (.iwram9)))
                0x03002ba0                        __iwram_overlay_end = .
                0x085559c4                        __ewram_lma = (__iwram_overlay_lma + (__iwram_overlay_end - __iwram_overlay_start))
                0x03002ba0                        __iheap_start = .
                0x02000000                        __ewram_start = ORIGIN (ewram)

.ewram          0x02000000       0xf4 load address 0x085559c4
 *(.ewram*)
 .ewram         0x02000000       0x10 /tmp/ccAqBwqX.ltrans0.ltrans.o
                0x02000004                Vgm
 .ewram         0x02000010       0x48 /tmp/ccAqBwqX.ltrans1.ltrans.o
                0x02000010                __tte_main_context
 .ewram         0x02000058       0x9c bn_hw_game_pak.bn_ewram.o
                0x02000058                bn::hw::game_pak::_slow_game_pak()
                0x020000f4                        . = ALIGN (0x4)
                0x020000f4                        __ewram_end = ABSOLUTE (.)
                0x08555ab8                        __pad_lma = (__ewram_lma + SIZEOF (.ewram))

.sbss           0x020000f4     0x8204
                0x020000f4                        __sbss_start__ = ABSOLUTE (.)
 *(.sbss*)
 .sbss          0x020000f4     0x8204 /tmp/ccAqBwqX.ltrans0.ltrans.o
                0x020000f4                _ZN2bn15cameras_manager12_GLOBAL__N_14dataE.lto_priv.0
                0x0200012c                _ZN2bn14keypad_manager12_GLOBAL__N_14dataE.lto_priv.0
                0x02000144                _ZN2bn4core12_GLOBAL__N_14dataE.lto_priv.0
                0x0200018c                _ZN2bn2hw5audio12_GLOBAL__N_14dataE.lto_priv.0
                0x020001d8                _ZN2bn12hdma_manager12_GLOBAL__N_14dataE.lto_priv.0
                0x02000210                _ZN2bn14memory_manager12_GLOBAL__N_14dataE.lto_priv.0
                0x02000220                gbt.lto_priv.0
                0x020002b8                _ZN2bn11bgs_manager12_GLOBAL__N_14dataE.lto_priv.0
                0x02000564                _ZN2bn17bg_blocks_manager12_GLOBAL__N_14dataE.lto_priv.0
                0x02000748                _ZN2bn20sprite_tiles_manager12_GLOBAL__N_14dataE.lto_priv.0
                0x02001dbc                _ZN2bn16palettes_manager12_GLOBAL__N_14dataE.lto_priv.0
                0x02002b04                _ZN2bn15display_manager12_GLOBAL__N_14dataE.lto_priv.0
                0x020036f8                _ZN2bn13audio_manager12_GLOBAL__N_14dataE.lto_priv.0
                0x0200386c                _ZN2bn2hw4link12_GLOBAL__N_14dataE.lto_priv.0
                0x0200399c                _ZN2bn22hblank_effects_manager12_GLOBAL__N_113external_dataE.lto_priv.0
                0x020053e0                _ZN2bn15sprites_manager12_GLOBAL__N_14dataE.lto_priv.0
                0x02007a30                _ZN2bn26sprite_affine_mats_manager12_GLOBAL__N_14dataE.lto_priv.0
                0x020082f8                        . = ALIGN (0x4)
                0x020082f8                        __sbss_end__ = ABSOLUTE (.)
                0x020082f8                        __end__ = ABSOLUTE (.)
                0x020082f8                        __eheap_start = ABSOLUTE (.)

.pad            0x020082f8        0x8 load address 0x08555ab8
                0x020082f8        0x4 LONG 0x52416b64
                0x020082fc        0x4 LONG 0x4d
                0x02008300                        . = ALIGN (0x4)
                0x08555ac0                        __rom_end__ = (__pad_lma + SIZEOF (.pad))

.rel.dyn        0x02008300        0x0 load address 0x08555ac0
 .rel.iplt      0x02008300        0x0 /opt/devkitpro/devkitARM/bin/../lib/gcc/arm-none-eabi/14.2.0/../../../../arm-none-eabi/lib/thumb/gba_crt0.o

.stab
 *(.stab)

.stabstr
 *(.stabstr)

.stab.excl
 *(.stab.excl)

.stab.exclstr
 *(.stab.exclstr)

.stab.index
 *(.stab.index)

.stab.indexstr
 *(.stab.indexstr)

.comment        0x00000000       0x23
 *(.comment)
 .comment       0x00000000       0x23 /opt/devkitpro/devkitARM/bin/../lib/gcc/arm-none-eabi/14.2.0/thumb/crtbegin.o
                                 0x24 (size before relaxing)
 .comment       0x00000023       0x24 /tmp/ccAqBwqX.ltrans0.ltrans.o
 .comment       0x00000023       0x24 /tmp/ccAqBwqX.ltrans1.ltrans.o
 .comment       0x00000023       0x24 /tmp/ccAqBwqX.ltrans2.ltrans.o
 .comment       0x00000023       0x24 bn_sprites_manager.bn_iwram.o
 .comment       0x00000023       0x24 bn_hw_common.bn_noflto.o
 .comment       0x00000023       0x24 bn_hw_game_pak.bn_ewram.o
 .comment       0x00000023       0x24 bn_hw_palettes.bn_iwram.o
 .comment       0x00000023       0x24 /opt/devkitpro/devkitARM/bin/../lib/gcc/arm-none-eabi/14.2.0/thumb/crtend.o

.debug
 *(.debug)

.line
 *(.line)

.debug_srcinfo
 *(.debug_srcinfo)

.debug_sfnames
 *(.debug_sfnames)

.debug_aranges  0x00000000      0x5e8
 *(.debug_aranges)
 .debug_aranges
                0x00000000       0x28 /tmp/ccAqBwqX.ltrans0.ltrans.o
 .debug_aranges
                0x00000028       0x20 /tmp/ccAqBwqX.ltrans1.ltrans.o
 .debug_aranges
                0x00000048       0x20 /tmp/ccAqBwqX.ltrans2.ltrans.o
 .debug_aranges
                0x00000068       0x30 bn_sprites_manager.bn_iwram.o
 .debug_aranges
                0x00000098       0x58 bn_hw_common.bn_noflto.o
 .debug_aranges
                0x000000f0       0x20 bn_hw_game_pak.bn_ewram.o
 .debug_aranges
                0x00000110       0x28 bn_hw_palettes.bn_iwram.o
 .debug_aranges
                0x00000138       0x20 bn_hw_bg_blocks.o
 .debug_aranges
                0x00000158       0x20 bn_hw_hblank_effects.o
 .debug_aranges
                0x00000178       0x20 bn_hw_palettes_asm.o
 .debug_aranges
                0x00000198       0x20 clr_blend_fast.o
 .debug_aranges
                0x000001b8       0x20 clr_fade_fast.o
 .debug_aranges
                0x000001d8      0x130 tonc_bios.o
 .debug_aranges
                0x00000308       0x28 tonc_memset.o
 .debug_aranges
                0x00000330       0x20 irq_handler.o
 .debug_aranges
                0x00000350       0x20 posprintf.o
 .debug_aranges
                0x00000370       0x38 lmul.o
 .debug_aranges
                0x000003a8       0x30 memcpy.o
 .debug_aranges
                0x000003d8       0x38 memmove.o
 .debug_aranges
                0x00000410       0x38 memset.o
 .debug_aranges
                0x00000448       0x28 rmemcpy.o
 .debug_aranges
                0x00000470       0x20 sdiv32.o
 .debug_aranges
                0x00000490       0x20 udiv32.o
 .debug_aranges
                0x000004b0       0x20 huffman.o
 .debug_aranges
                0x000004d0       0x20 lz77.o
 .debug_aranges
                0x000004f0       0x20 running_length.o
 .debug_aranges
                0x00000510       0x20 mm_effect.o
 .debug_aranges
                0x00000530       0x20 mm_main.o
 .debug_aranges
                0x00000550       0x28 mm_mas.o
 .debug_aranges
                0x00000578       0x20 mm_mas_arm.o
 .debug_aranges
                0x00000598       0x28 mm_main_gba.o
 .debug_aranges
                0x000005c0       0x28 mm_mixer_gba.o

.debug_pubnames
 *(.debug_pubnames)

.debug_info     0x00000000   0x1c73f0
 *(.debug_info)
 .debug_info    0x00000000    0x23c25 /tmp/ccAqBwqX.ltrans0.ltrans.o
 .debug_info    0x00023c25    0x1f999 /tmp/ccAqBwqX.ltrans1.ltrans.o
 .debug_info    0x000435be     0x4b35 /tmp/ccAqBwqX.ltrans2.ltrans.o
 .debug_info    0x000480f3    0x13930 /tmp/ccDCjl6y.debug.temp.o
                0x000480f3                main.cpp.de74ae84
 .debug_info    0x0005ba23     0x96a3 /tmp/ccQroW2m.debug.temp.o
                0x0005ba23                bn_affine_bg_animate_actions.cpp.b5e2c8b9
 .debug_info    0x000650c6     0xdb21 /tmp/ccJHBQ1R.debug.temp.o
                0x000650c6                bn_audio_manager.cpp.89bc560f
 .debug_info    0x00072be7     0x45a8 /tmp/ccrjJ3I6.debug.temp.o
                0x00072be7                bn_best_fit_allocator.cpp.36ff329c
 .debug_info    0x0007718f    0x1c99a /tmp/ccAoviCJ.debug.temp.o
                0x0007718f                bn_bg_blocks_manager.cpp.315772da
 .debug_info    0x00093b29    0x1e88a /tmp/ccAk92bF.debug.temp.o
                0x00093b29                bn_bgs_manager.cpp.2896f2e4
 .debug_info    0x000b23b3     0x4d11 /tmp/ccyRjwgT.debug.temp.o
                0x000b23b3                bn_cameras_manager.cpp.8f724f12
 .debug_info    0x000b70c4     0x64b3 /tmp/cctGFybm.debug.temp.o
                0x000b70c4                bn_core.cpp.bb23befe
 .debug_info    0x000bd577    0x13e13 /tmp/ccl2Iy9Q.debug.temp.o
                0x000bd577                bn_display_manager.cpp.b8828ff9
 .debug_info    0x000d138a     0x4c6f /tmp/ccfmfzcI.debug.temp.o
                0x000d138a                bn_gpio_manager.cpp.3fdd2ce1
 .debug_info    0x000d5ff9    0x39148 /tmp/cctNC956.debug.temp.o
                0x000d5ff9                bn_hblank_effects_manager.cpp.09b542e7
 .debug_info    0x0010f141     0x1d27 /tmp/cc1pLX0N.debug.temp.o
                0x0010f141                bn_hdma_manager.cpp.a6285ce1
 .debug_info    0x00110e68     0x4a03 /tmp/cc9XmlvM.debug.temp.o
                0x00110e68                bn_keypad_manager.cpp.a9f2be93
 .debug_info    0x0011586b     0x4dbc /tmp/cc7ehcZW.debug.temp.o
                0x0011586b                bn_link_manager.cpp.811020bf
 .debug_info    0x0011a627     0x4cb7 /tmp/ccN4Zhgu.debug.temp.o
                0x0011a627                bn_memory_manager.cpp.deabf9b4
 .debug_info    0x0011f2de     0xf0a6 /tmp/ccDiWhgD.debug.temp.o
                0x0011f2de                bn_palettes_manager.cpp.e0e03341
 .debug_info    0x0012e384     0xf973 /tmp/ccwLOx2C.debug.temp.o
                0x0012e384                bn_sprite_affine_mats_manager.cpp.06629dd2
 .debug_info    0x0013dcf7     0x8e56 /tmp/ccvASZKS.debug.temp.o
                0x0013dcf7                bn_sprite_animate_actions.cpp.51c0c25f
 .debug_info    0x00146b4d    0x145e9 /tmp/ccHDWTig.debug.temp.o
                0x00146b4d                bn_sprite_text_generator.cpp.db265e72
 .debug_info    0x0015b136     0xde85 /tmp/cckYZm5F.debug.temp.o
                0x0015b136                bn_sprite_tiles_manager.cpp.535fb3fd
 .debug_info    0x00168fbb    0x1a647 /tmp/ccXA9nmJ.debug.temp.o
                0x00168fbb                bn_sprites_manager.cpp.7b02a43a
 .debug_info    0x00183602     0x5df9 /tmp/ccudY0rI.debug.temp.o
                0x00183602                bn_sstream.cpp.ee7996c3
 .debug_info    0x001893fb    0x10961 /tmp/cclpnoXV.debug.temp.o
                0x001893fb                bn_translation_unit.cpp.f744d1cb
 .debug_info    0x00199d5c     0x59a1 /tmp/ccPtZph8.debug.temp.o
                0x00199d5c                bn_hw_audio.cpp.5922584d
 .debug_info    0x0019f6fd     0x155e /tmp/ccOpKO4a.debug.temp.o
                0x0019f6fd                bn_hw_cstdlib.cpp.16f60d95
 .debug_info    0x001a0c5b     0x5b63 /tmp/ccqJ3cEG.debug.temp.o
                0x001a0c5b                bn_hw_link.cpp.a3c4f2b2
 .debug_info    0x001a67be     0x49b3 /tmp/cc6CnmLR.debug.temp.o
                0x001a67be                bn_hw_palettes.cpp.4be6ba20
 .debug_info    0x001ab171     0x5f99 /tmp/cckAa1OX.debug.temp.o
                0x001ab171                bn_hw_show.cpp.f89484b9
 .debug_info    0x001b110a      0x549 /tmp/ccT9Y9gI.debug.temp.o
                0x001b110a                bn_hw_sram.cpp.39d7767c
 .debug_info    0x001b1653      0x6c7 /tmp/cc31V4KD.debug.temp.o
                0x001b1653                bn_hw_system_font.cpp.849f8ae3
 .debug_info    0x001b1d1a     0x41c0 /tmp/cck2J2HP.debug.temp.o
                0x001b1d1a                bn_hw_text.cpp.44c530c1
 .debug_info    0x001b5eda      0x64e /tmp/ccPUQRj2.debug.temp.o
                0x001b5eda                vgm.cpp.d559327b
 .debug_info    0x001b6528      0x594 /tmp/ccbj7B2j.debug.temp.o
                0x001b6528                tonc_color.c.b3762d91
 .debug_info    0x001b6abc      0x5e1 /tmp/ccqkvAWu.debug.temp.o
                0x001b6abc                tonc_sbmp16.c.f2ae494c
 .debug_info    0x001b709d      0x596 /tmp/ccmYvHJV.debug.temp.o
                0x001b709d                bmp16_drawg_b1cs.c.c2c5ef08
 .debug_info    0x001b7633      0x4cf /tmp/cccr5m0O.debug.temp.o
                0x001b7633                tte_init_bmp.c.9b0c580c
 .debug_info    0x001b7b02      0x9be /tmp/ccSjhBHw.debug.temp.o
                0x001b7b02                tte_main.c.eb02a301
 .debug_info    0x001b84c0      0x1b3 /tmp/cc5SXVOx.debug.temp.o
                0x001b84c0                interrupts_gba.c.629263ff
 .debug_info    0x001b8673     0x119b /tmp/ccMbzMaq.debug.temp.o
                0x001b8673                gbt_player.c.0480fa31
 .debug_info    0x001b980e     0xa5b1 bn_sprites_manager.bn_iwram.o
 .debug_info    0x001c3dbf     0x19e4 bn_hw_common.bn_noflto.o
 .debug_info    0x001c57a3      0x614 bn_hw_game_pak.bn_ewram.o
 .debug_info    0x001c5db7     0x1104 bn_hw_palettes.bn_iwram.o
 .debug_info    0x001c6ebb       0x23 bn_hw_bg_blocks.o
 .debug_info    0x001c6ede       0x24 bn_hw_hblank_effects.o
 .debug_info    0x001c6f02       0x23 bn_hw_palettes_asm.o
 .debug_info    0x001c6f25       0x30 clr_blend_fast.o
 .debug_info    0x001c6f55       0x23 clr_fade_fast.o
 .debug_info    0x001c6f78      0x1c8 tonc_bios.o
 .debug_info    0x001c7140       0x3a tonc_memset.o
 .debug_info    0x001c717a       0x24 irq_handler.o
 .debug_info    0x001c719e       0x24 posprintf.o
 .debug_info    0x001c71c2       0x22 lmul.o
 .debug_info    0x001c71e4       0x22 memcpy.o
 .debug_info    0x001c7206       0x22 memmove.o
 .debug_info    0x001c7228       0x22 memset.o
 .debug_info    0x001c724a       0x22 rmemcpy.o
 .debug_info    0x001c726c       0x23 sdiv32.o
 .debug_info    0x001c728f       0x24 udiv32.o
 .debug_info    0x001c72b3       0x24 huffman.o
 .debug_info    0x001c72d7       0x24 lz77.o
 .debug_info    0x001c72fb       0x24 running_length.o
 .debug_info    0x001c731f       0x24 mm_effect.o
 .debug_info    0x001c7343       0x23 mm_main.o
 .debug_info    0x001c7366       0x22 mm_mas.o
 .debug_info    0x001c7388       0x24 mm_mas_arm.o
 .debug_info    0x001c73ac       0x22 mm_main_gba.o
 .debug_info    0x001c73ce       0x22 mm_mixer_gba.o

.debug_abbrev   0x00000000    0x1746b
 *(.debug_abbrev)
 .debug_abbrev  0x00000000      0x359 /tmp/ccAqBwqX.ltrans0.ltrans.o
 .debug_abbrev  0x00000359      0x396 /tmp/ccAqBwqX.ltrans1.ltrans.o
 .debug_abbrev  0x000006ef      0x1fa /tmp/ccAqBwqX.ltrans2.ltrans.o
 .debug_abbrev  0x000008e9      0xe99 /tmp/ccDCjl6y.debug.temp.o
 .debug_abbrev  0x00001782      0xa09 /tmp/ccQroW2m.debug.temp.o
 .debug_abbrev  0x0000218b      0xde4 /tmp/ccJHBQ1R.debug.temp.o
 .debug_abbrev  0x00002f6f      0x882 /tmp/ccrjJ3I6.debug.temp.o
 .debug_abbrev  0x000037f1      0xdd0 /tmp/ccAoviCJ.debug.temp.o
 .debug_abbrev  0x000045c1     0x10f6 /tmp/ccAk92bF.debug.temp.o
 .debug_abbrev  0x000056b7      0x9f8 /tmp/ccyRjwgT.debug.temp.o
 .debug_abbrev  0x000060af      0xb46 /tmp/cctGFybm.debug.temp.o
 .debug_abbrev  0x00006bf5      0xcb1 /tmp/ccl2Iy9Q.debug.temp.o
 .debug_abbrev  0x000078a6      0x921 /tmp/ccfmfzcI.debug.temp.o
 .debug_abbrev  0x000081c7     0x1054 /tmp/cctNC956.debug.temp.o
 .debug_abbrev  0x0000921b      0x606 /tmp/cc1pLX0N.debug.temp.o
 .debug_abbrev  0x00009821      0x8b3 /tmp/cc9XmlvM.debug.temp.o
 .debug_abbrev  0x0000a0d4      0x991 /tmp/cc7ehcZW.debug.temp.o
 .debug_abbrev  0x0000aa65      0x910 /tmp/ccN4Zhgu.debug.temp.o
 .debug_abbrev  0x0000b375      0xdc2 /tmp/ccDiWhgD.debug.temp.o
 .debug_abbrev  0x0000c137      0xead /tmp/ccwLOx2C.debug.temp.o
 .debug_abbrev  0x0000cfe4      0x9c1 /tmp/ccvASZKS.debug.temp.o
 .debug_abbrev  0x0000d9a5      0xcab /tmp/ccHDWTig.debug.temp.o
 .debug_abbrev  0x0000e650      0xdee /tmp/cckYZm5F.debug.temp.o
 .debug_abbrev  0x0000f43e      0xeea /tmp/ccXA9nmJ.debug.temp.o
 .debug_abbrev  0x00010328      0x79e /tmp/ccudY0rI.debug.temp.o
 .debug_abbrev  0x00010ac6      0xcbf /tmp/cclpnoXV.debug.temp.o
 .debug_abbrev  0x00011785      0xb98 /tmp/ccPtZph8.debug.temp.o
 .debug_abbrev  0x0001231d      0x519 /tmp/ccOpKO4a.debug.temp.o
 .debug_abbrev  0x00012836      0x9dc /tmp/ccqJ3cEG.debug.temp.o
 .debug_abbrev  0x00013212      0x7d4 /tmp/cc6CnmLR.debug.temp.o
 .debug_abbrev  0x000139e6      0x9c8 /tmp/cckAa1OX.debug.temp.o
 .debug_abbrev  0x000143ae      0x192 /tmp/ccT9Y9gI.debug.temp.o
 .debug_abbrev  0x00014540      0x228 /tmp/cc31V4KD.debug.temp.o
 .debug_abbrev  0x00014768      0x70d /tmp/cck2J2HP.debug.temp.o
 .debug_abbrev  0x00014e75      0x1a4 /tmp/ccPUQRj2.debug.temp.o
 .debug_abbrev  0x00015019       0xf4 /tmp/ccbj7B2j.debug.temp.o
 .debug_abbrev  0x0001510d      0x1c6 /tmp/ccqkvAWu.debug.temp.o
 .debug_abbrev  0x000152d3      0x174 /tmp/ccmYvHJV.debug.temp.o
 .debug_abbrev  0x00015447      0x1b1 /tmp/cccr5m0O.debug.temp.o
 .debug_abbrev  0x000155f8      0x266 /tmp/ccSjhBHw.debug.temp.o
 .debug_abbrev  0x0001585e       0xed /tmp/cc5SXVOx.debug.temp.o
 .debug_abbrev  0x0001594b      0x187 /tmp/ccMbzMaq.debug.temp.o
 .debug_abbrev  0x00015ad2      0xabc bn_sprites_manager.bn_iwram.o
 .debug_abbrev  0x0001658e      0x606 bn_hw_common.bn_noflto.o
 .debug_abbrev  0x00016b94      0x1e0 bn_hw_game_pak.bn_ewram.o
 .debug_abbrev  0x00016d74      0x4db bn_hw_palettes.bn_iwram.o
 .debug_abbrev  0x0001724f       0x14 bn_hw_bg_blocks.o
 .debug_abbrev  0x00017263       0x14 bn_hw_hblank_effects.o
 .debug_abbrev  0x00017277       0x14 bn_hw_palettes_asm.o
 .debug_abbrev  0x0001728b       0x28 clr_blend_fast.o
 .debug_abbrev  0x000172b3       0x14 clr_fade_fast.o
 .debug_abbrev  0x000172c7       0x26 tonc_bios.o
 .debug_abbrev  0x000172ed       0x26 tonc_memset.o
 .debug_abbrev  0x00017313       0x14 irq_handler.o
 .debug_abbrev  0x00017327       0x14 posprintf.o
 .debug_abbrev  0x0001733b       0x12 lmul.o
 .debug_abbrev  0x0001734d       0x12 memcpy.o
 .debug_abbrev  0x0001735f       0x12 memmove.o
 .debug_abbrev  0x00017371       0x12 memset.o
 .debug_abbrev  0x00017383       0x12 rmemcpy.o
 .debug_abbrev  0x00017395       0x14 sdiv32.o
 .debug_abbrev  0x000173a9       0x14 udiv32.o
 .debug_abbrev  0x000173bd       0x14 huffman.o
 .debug_abbrev  0x000173d1       0x14 lz77.o
 .debug_abbrev  0x000173e5       0x14 running_length.o
 .debug_abbrev  0x000173f9       0x14 mm_effect.o
 .debug_abbrev  0x0001740d       0x14 mm_main.o
 .debug_abbrev  0x00017421       0x12 mm_mas.o
 .debug_abbrev  0x00017433       0x14 mm_mas_arm.o
 .debug_abbrev  0x00017447       0x12 mm_main_gba.o
 .debug_abbrev  0x00017459       0x12 mm_mixer_gba.o

.debug_line     0x00000000    0x3d476
 *(.debug_line)
 .debug_line    0x00000000    0x14d41 /tmp/ccAqBwqX.ltrans0.ltrans.o
 .debug_line    0x00014d41     0xedeb /tmp/ccAqBwqX.ltrans1.ltrans.o
 .debug_line    0x00023b2c     0x28b0 /tmp/ccAqBwqX.ltrans2.ltrans.o
 .debug_line    0x000263dc      0xcb1 /tmp/ccDCjl6y.debug.temp.o
 .debug_line    0x0002708d      0x73e /tmp/ccQroW2m.debug.temp.o
 .debug_line    0x000277cb      0x9a0 /tmp/ccJHBQ1R.debug.temp.o
 .debug_line    0x0002816b      0x615 /tmp/ccrjJ3I6.debug.temp.o
 .debug_line    0x00028780      0xb96 /tmp/ccAoviCJ.debug.temp.o
 .debug_line    0x00029316      0xda4 /tmp/ccAk92bF.debug.temp.o
 .debug_line    0x0002a0ba      0x701 /tmp/ccyRjwgT.debug.temp.o
 .debug_line    0x0002a7bb      0xaae /tmp/cctGFybm.debug.temp.o
 .debug_line    0x0002b269      0xcdb /tmp/ccl2Iy9Q.debug.temp.o
 .debug_line    0x0002bf44      0x727 /tmp/ccfmfzcI.debug.temp.o
 .debug_line    0x0002c66b     0x1f37 /tmp/cctNC956.debug.temp.o
 .debug_line    0x0002e5a2      0x5df /tmp/cc1pLX0N.debug.temp.o
 .debug_line    0x0002eb81      0x6b4 /tmp/cc9XmlvM.debug.temp.o
 .debug_line    0x0002f235      0x7c9 /tmp/cc7ehcZW.debug.temp.o
 .debug_line    0x0002f9fe      0x85e /tmp/ccN4Zhgu.debug.temp.o
 .debug_line    0x0003025c      0xace /tmp/ccDiWhgD.debug.temp.o
 .debug_line    0x00030d2a      0xad5 /tmp/ccwLOx2C.debug.temp.o
 .debug_line    0x000317ff      0x6d7 /tmp/ccvASZKS.debug.temp.o
 .debug_line    0x00031ed6      0x9e9 /tmp/ccHDWTig.debug.temp.o
 .debug_line    0x000328bf      0x944 /tmp/cckYZm5F.debug.temp.o
 .debug_line    0x00033203      0xc8b /tmp/ccXA9nmJ.debug.temp.o
 .debug_line    0x00033e8e      0x635 /tmp/ccudY0rI.debug.temp.o
 .debug_line    0x000344c3      0xb2e /tmp/cclpnoXV.debug.temp.o
 .debug_line    0x00034ff1      0x8ff /tmp/ccPtZph8.debug.temp.o
 .debug_line    0x000358f0      0x462 /tmp/ccOpKO4a.debug.temp.o
 .debug_line    0x00035d52      0x75c /tmp/ccqJ3cEG.debug.temp.o
 .debug_line    0x000364ae      0x6c5 /tmp/cc6CnmLR.debug.temp.o
 .debug_line    0x00036b73      0x85f /tmp/cckAa1OX.debug.temp.o
 .debug_line    0x000373d2      0x35d /tmp/ccT9Y9gI.debug.temp.o
 .debug_line    0x0003772f      0x31a /tmp/cc31V4KD.debug.temp.o
 .debug_line    0x00037a49      0x68e /tmp/cck2J2HP.debug.temp.o
 .debug_line    0x000380d7      0x24f /tmp/ccPUQRj2.debug.temp.o
 .debug_line    0x00038326      0x10b /tmp/ccbj7B2j.debug.temp.o
 .debug_line    0x00038431      0x10e /tmp/ccqkvAWu.debug.temp.o
 .debug_line    0x0003853f      0x116 /tmp/ccmYvHJV.debug.temp.o
 .debug_line    0x00038655      0x112 /tmp/cccr5m0O.debug.temp.o
 .debug_line    0x00038767      0x157 /tmp/ccSjhBHw.debug.temp.o
 .debug_line    0x000388be      0x180 /tmp/cc5SXVOx.debug.temp.o
 .debug_line    0x00038a3e      0x184 /tmp/ccMbzMaq.debug.temp.o
 .debug_line    0x00038bc2     0x1000 bn_sprites_manager.bn_iwram.o
 .debug_line    0x00039bc2      0x689 bn_hw_common.bn_noflto.o
 .debug_line    0x0003a24b      0x507 bn_hw_game_pak.bn_ewram.o
 .debug_line    0x0003a752      0x748 bn_hw_palettes.bn_iwram.o
 .debug_line    0x0003ae9a       0xa3 bn_hw_bg_blocks.o
 .debug_line    0x0003af3d       0xbc bn_hw_hblank_effects.o
 .debug_line    0x0003aff9       0x93 bn_hw_palettes_asm.o
 .debug_line    0x0003b08c       0xb3 clr_blend_fast.o
 .debug_line    0x0003b13f       0xb2 clr_fade_fast.o
 .debug_line    0x0003b1f1      0x2ce tonc_bios.o
 .debug_line    0x0003b4bf       0xd1 tonc_memset.o
 .debug_line    0x0003b590       0xee irq_handler.o
 .debug_line    0x0003b67e      0x1c8 posprintf.o
 .debug_line    0x0003b846       0xce lmul.o
 .debug_line    0x0003b914       0xe4 memcpy.o
 .debug_line    0x0003b9f8       0xc4 memmove.o
 .debug_line    0x0003babc       0xee memset.o
 .debug_line    0x0003bbaa       0xd1 rmemcpy.o
 .debug_line    0x0003bc7b       0x9f sdiv32.o
 .debug_line    0x0003bd1a      0x108 udiv32.o
 .debug_line    0x0003be22       0xbb huffman.o
 .debug_line    0x0003bedd      0x101 lz77.o
 .debug_line    0x0003bfde       0xd9 running_length.o
 .debug_line    0x0003c0b7      0x22a mm_effect.o
 .debug_line    0x0003c2e1       0x9b mm_main.o
 .debug_line    0x0003c37c      0xa8a mm_mas.o
 .debug_line    0x0003ce06      0x210 mm_mas_arm.o
 .debug_line    0x0003d016      0x12e mm_main_gba.o
 .debug_line    0x0003d144      0x332 mm_mixer_gba.o

.debug_frame    0x00000000     0x1b8c
 *(.debug_frame)
 .debug_frame   0x00000000      0x740 /tmp/ccAqBwqX.ltrans0.ltrans.o
 .debug_frame   0x00000740      0xe64 /tmp/ccAqBwqX.ltrans1.ltrans.o
 .debug_frame   0x000015a4      0x3ec /tmp/ccAqBwqX.ltrans2.ltrans.o
 .debug_frame   0x00001990       0x94 bn_sprites_manager.bn_iwram.o
 .debug_frame   0x00001a24       0xec bn_hw_common.bn_noflto.o
 .debug_frame   0x00001b10       0x34 bn_hw_game_pak.bn_ewram.o
 .debug_frame   0x00001b44       0x48 bn_hw_palettes.bn_iwram.o

.debug_str      0x00000000    0x965d7
 *(.debug_str)
 .debug_str     0x00000000      0x617 /tmp/ccAqBwqX.ltrans0.ltrans.o
 .debug_str     0x00000000      0x731 /tmp/ccAqBwqX.ltrans1.ltrans.o
 .debug_str     0x00000000      0x9ec /tmp/ccAqBwqX.ltrans2.ltrans.o
 .debug_str     0x00000000    0x13f6a /tmp/ccDCjl6y.debug.temp.o
 .debug_str     0x00000000     0x942e /tmp/ccQroW2m.debug.temp.o
 .debug_str     0x00000000     0xbcc7 /tmp/ccJHBQ1R.debug.temp.o
 .debug_str     0x00000000     0x2a33 /tmp/ccrjJ3I6.debug.temp.o
 .debug_str     0x00000000    0x16417 /tmp/ccAoviCJ.debug.temp.o
 .debug_str     0x00000000    0x1b581 /tmp/ccAk92bF.debug.temp.o
 .debug_str     0x00000000     0x3d1e /tmp/ccyRjwgT.debug.temp.o
 .debug_str     0x00000000     0x551b /tmp/cctGFybm.debug.temp.o
 .debug_str     0x00000000    0x16bd5 /tmp/ccl2Iy9Q.debug.temp.o
 .debug_str     0x00000000     0x329a /tmp/ccfmfzcI.debug.temp.o
 .debug_str     0x00000000    0x4a0ee /tmp/cctNC956.debug.temp.o
 .debug_str     0x00000000     0x164a /tmp/cc1pLX0N.debug.temp.o
 .debug_str     0x00000000     0x37f9 /tmp/cc9XmlvM.debug.temp.o
 .debug_str     0x00000000     0x3b1e /tmp/cc7ehcZW.debug.temp.o
 .debug_str     0x00000000     0x31f2 /tmp/ccN4Zhgu.debug.temp.o
 .debug_str     0x00000000     0xc466 /tmp/ccDiWhgD.debug.temp.o
 .debug_str     0x00000000     0xf50b /tmp/ccwLOx2C.debug.temp.o
 .debug_str     0x00000000     0x82ba /tmp/ccvASZKS.debug.temp.o
 .debug_str     0x00000000    0x1029b /tmp/ccHDWTig.debug.temp.o
 .debug_str     0x00000000     0xb50f /tmp/cckYZm5F.debug.temp.o
 .debug_str     0x00000000    0x184fe /tmp/ccXA9nmJ.debug.temp.o
 .debug_str     0x00000000     0x3dc7 /tmp/ccudY0rI.debug.temp.o
 .debug_str     0x00000000     0xc004 /tmp/cclpnoXV.debug.temp.o
 .debug_str     0x00000000     0x3426 /tmp/ccPtZph8.debug.temp.o
 .debug_str     0x00000000     0x10ef /tmp/ccOpKO4a.debug.temp.o
 .debug_str     0x00000000     0x45da /tmp/ccqJ3cEG.debug.temp.o
 .debug_str     0x00000000     0x2bfa /tmp/cc6CnmLR.debug.temp.o
 .debug_str     0x00000000     0x4032 /tmp/cckAa1OX.debug.temp.o
 .debug_str     0x00000000      0x59f /tmp/ccT9Y9gI.debug.temp.o
 .debug_str     0x00000000      0x605 /tmp/cc31V4KD.debug.temp.o
 .debug_str     0x00000000     0x29f5 /tmp/cck2J2HP.debug.temp.o
 .debug_str     0x00000000      0x5f3 /tmp/ccPUQRj2.debug.temp.o
 .debug_str     0x00000000      0x2e3 /tmp/ccbj7B2j.debug.temp.o
 .debug_str     0x00000000      0x329 /tmp/ccqkvAWu.debug.temp.o
 .debug_str     0x00000000      0x372 /tmp/ccmYvHJV.debug.temp.o
 .debug_str     0x00000000      0x3a0 /tmp/cccr5m0O.debug.temp.o
 .debug_str     0x00000000      0x5a3 /tmp/ccSjhBHw.debug.temp.o
 .debug_str     0x00000000      0x34e /tmp/cc5SXVOx.debug.temp.o
 .debug_str     0x00000000      0xade /tmp/ccMbzMaq.debug.temp.o
 .debug_str     0x00000000    0x965d7 bn_sprites_manager.bn_iwram.o
                               0xb5b3 (size before relaxing)
 .debug_str     0x000965d7     0x11b2 bn_hw_common.bn_noflto.o
 .debug_str     0x000965d7      0x5e7 bn_hw_game_pak.bn_ewram.o
 .debug_str     0x000965d7      0x971 bn_hw_palettes.bn_iwram.o
 .debug_str     0x000965d7       0x9e bn_hw_bg_blocks.o
 .debug_str     0x000965d7       0xa3 bn_hw_hblank_effects.o
 .debug_str     0x000965d7       0xa1 bn_hw_palettes_asm.o
 .debug_str     0x000965d7       0xbe clr_blend_fast.o
 .debug_str     0x000965d7       0xae clr_fade_fast.o
 .debug_str     0x000965d7      0x262 tonc_bios.o
 .debug_str     0x000965d7       0xbe tonc_memset.o
 .debug_str     0x000965d7       0xac irq_handler.o
 .debug_str     0x000965d7       0xac posprintf.o
 .debug_str     0x000965d7       0xa4 lmul.o
 .debug_str     0x000965d7       0xa6 memcpy.o
 .debug_str     0x000965d7       0xa7 memmove.o
 .debug_str     0x000965d7       0xa6 memset.o
 .debug_str     0x000965d7       0xa7 rmemcpy.o
 .debug_str     0x000965d7       0xaa sdiv32.o
 .debug_str     0x000965d7       0xaa udiv32.o
 .debug_str     0x000965d7       0xb1 huffman.o
 .debug_str     0x000965d7       0xae lz77.o
 .debug_str     0x000965d7       0xb8 running_length.o
 .debug_str     0x000965d7       0xac mm_effect.o
 .debug_str     0x000965d7       0xaa mm_main.o
 .debug_str     0x000965d7       0xa9 mm_mas.o
 .debug_str     0x000965d7       0xad mm_mas_arm.o
 .debug_str     0x000965d7       0xb2 mm_main_gba.o
 .debug_str     0x000965d7       0xb3 mm_mixer_gba.o

.debug_loc      0x00000000    0x5f0b1
 *(.debug_loc)
 .debug_loc     0x00000000    0x330c2 /tmp/ccAqBwqX.ltrans0.ltrans.o
 .debug_loc     0x000330c2    0x25ac3 /tmp/ccAqBwqX.ltrans1.ltrans.o
 .debug_loc     0x00058b85     0x51ef /tmp/ccAqBwqX.ltrans2.ltrans.o
 .debug_loc     0x0005dd74      0xbc1 bn_sprites_manager.bn_iwram.o
 .debug_loc     0x0005e935      0x309 bn_hw_common.bn_noflto.o
 .debug_loc     0x0005ec3e      0x102 bn_hw_game_pak.bn_ewram.o
 .debug_loc     0x0005ed40      0x371 bn_hw_palettes.bn_iwram.o

.debug_macinfo
 *(.debug_macinfo)

.debug_weaknames
 *(.debug_weaknames)

.debug_funcnames
 *(.debug_funcnames)

.debug_typenames
 *(.debug_typenames)

.debug_varnames
 *(.debug_varnames)

.stack          0x00080000        0x0
                0x00080000                        _stack = .
 *(.stack)

.note.gnu.arm.ident
 *(.note.gnu.arm.ident)

.ARM.attributes
                0x00000000       0x2c
 *(.ARM.attributes)
 .ARM.attributes
                0x00000000       0x20 /opt/devkitpro/devkitARM/bin/../lib/gcc/arm-none-eabi/14.2.0/../../../../arm-none-eabi/lib/thumb/gba_crt0.o
 .ARM.attributes
                0x00000020       0x1c /opt/devkitpro/devkitARM/bin/../lib/gcc/arm-none-eabi/14.2.0/thumb/crti.o
 .ARM.attributes
                0x0000003c       0x2a /opt/devkitpro/devkitARM/bin/../lib/gcc/arm-none-eabi/14.2.0/thumb/crtbegin.o
 .ARM.attributes
                0x00000066       0x1a _bn_audio_soundbank.bin.o
 .ARM.attributes
                0x00000080       0x1a answers_bn_gfx.o
 .ARM.attributes
                0x0000009a       0x1a beryl_bn_gfx.o
 .ARM.attributes
                0x000000b4       0x1a bg_berylsroom_bn_gfx.o
 .ARM.attributes
                0x000000ce       0x1a bg_conbini_bn_gfx.o
 .ARM.attributes
                0x000000e8       0x1a bg_grass_bn_gfx.o
 .ARM.attributes
                0x00000102       0x1a bg_theatre_bn_gfx.o
 .ARM.attributes
                0x0000011c       0x1a c0101_bn_gfx.o
 .ARM.attributes
                0x00000136       0x1a c0102_bn_gfx.o
 .ARM.attributes
                0x00000150       0x1a c0103_bn_gfx.o
 .ARM.attributes
                0x0000016a       0x1a c0201_bn_gfx.o
 .ARM.attributes
                0x00000184       0x1a c0202_bn_gfx.o
 .ARM.attributes
                0x0000019e       0x1a c0203_bn_gfx.o
 .ARM.attributes
                0x000001b8       0x1a castor_bn_gfx.o
 .ARM.attributes
                0x000001d2       0x1a dialogue_back_bn_gfx.o
 .ARM.attributes
                0x000001ec       0x1a font_bn_gfx.o
 .ARM.attributes
                0x00000206       0x1a gas_station_bn_gfx.o
 .ARM.attributes
                0x00000220       0x1a grass_bn_gfx.o
 .ARM.attributes
                0x0000023a       0x1a rake01_bn_gfx.o
 .ARM.attributes
                0x00000254       0x1a sign_bn_gfx.o
 .ARM.attributes
                0x0000026e       0x1a spr_conbini_bn_gfx.o
 .ARM.attributes
                0x00000288       0x1a spr_text_bn_gfx.o
 .ARM.attributes
                0x000002a2       0x1a star_bn_gfx.o
 .ARM.attributes
                0x000002bc       0x1a starsbackground_bn_gfx.o
 .ARM.attributes
                0x000002d6       0x1a thx_bn_gfx.o
 .ARM.attributes
                0x000002f0       0x1a ui_bubble_bn_gfx.o
 .ARM.attributes
                0x0000030a       0x28 /tmp/ccAqBwqX.ltrans0.ltrans.o
 .ARM.attributes
                0x00000332       0x28 /tmp/ccAqBwqX.ltrans1.ltrans.o
 .ARM.attributes
                0x0000035a       0x28 /tmp/ccAqBwqX.ltrans2.ltrans.o
 .ARM.attributes
                0x00000382       0x26 bn_sprites_manager.bn_iwram.o
 .ARM.attributes
                0x000003a8       0x26 bn_hw_common.bn_noflto.o
 .ARM.attributes
                0x000003ce       0x26 bn_hw_game_pak.bn_ewram.o
 .ARM.attributes
                0x000003f4       0x26 bn_hw_palettes.bn_iwram.o
 .ARM.attributes
                0x0000041a       0x26 bn_hw_sprite_tiles.bn_iwram.o
 .ARM.attributes
                0x00000440       0x26 bn_hw_sram.bn_ewram.o
 .ARM.attributes
                0x00000466       0x1a bn_hw_bg_blocks.o
 .ARM.attributes
                0x00000480       0x1a bn_hw_core.o
 .ARM.attributes
                0x0000049a       0x1a bn_hw_hblank_effects.o
 .ARM.attributes
                0x000004b4       0x1a bn_hw_palettes_asm.o
 .ARM.attributes
                0x000004ce       0x1a clr_blend_fast.o
 .ARM.attributes
                0x000004e8       0x1a clr_fade_fast.o
 .ARM.attributes
                0x00000502       0x1a tonc_bios.o
 .ARM.attributes
                0x0000051c       0x1a tonc_memset.o
 .ARM.attributes
                0x00000536       0x1a tonc_nocash.o
 .ARM.attributes
                0x00000550       0x1a verdana9.o
 .ARM.attributes
                0x0000056a       0x1a irq_handler.o
 .ARM.attributes
                0x00000584       0x1a posprintf.o
 .ARM.attributes
                0x0000059e       0x1a atan2.o
 .ARM.attributes
                0x000005b8       0x1a coroutine_asm.o
 .ARM.attributes
                0x000005d2       0x1a fiq_memcpy.o
 .ARM.attributes
                0x000005ec       0x1a lmul.o
 .ARM.attributes
                0x00000606       0x1a memcpy.o
 .ARM.attributes
                0x00000620       0x1a memmove.o
 .ARM.attributes
                0x0000063a       0x1a memset.o
 .ARM.attributes
                0x00000654       0x1a rmemcpy.o
 .ARM.attributes
                0x0000066e       0x1a clz.o
 .ARM.attributes
                0x00000688       0x1a sdiv32.o
 .ARM.attributes
                0x000006a2       0x1a sqrt32.o
 .ARM.attributes
                0x000006bc       0x1a udiv32.o
 .ARM.attributes
                0x000006d6       0x1a huffman.o
 .ARM.attributes
                0x000006f0       0x1a lz77.o
 .ARM.attributes
                0x0000070a       0x1a running_length.o
 .ARM.attributes
                0x00000724       0x1a mm_effect.o
 .ARM.attributes
                0x0000073e       0x1a mm_main.o
 .ARM.attributes
                0x00000758       0x1a mm_mas.o
 .ARM.attributes
                0x00000772       0x1a mm_mas_arm.o
 .ARM.attributes
                0x0000078c       0x1a mm_init_default.o
 .ARM.attributes
                0x000007a6       0x1a mm_main_gba.o
 .ARM.attributes
                0x000007c0       0x1a mm_mixer_gba.o
 .ARM.attributes
                0x000007da       0x1c /opt/devkitpro/devkitARM/bin/../lib/gcc/arm-none-eabi/14.2.0/thumb/libgcc.a(_call_via_rX.o)
 .ARM.attributes
                0x000007f6       0x1c /opt/devkitpro/devkitARM/bin/../lib/gcc/arm-none-eabi/14.2.0/thumb/libgcc.a(_sync_none.o)
 .ARM.attributes
                0x00000812       0x1c /opt/devkitpro/devkitARM/bin/../lib/gcc/arm-none-eabi/14.2.0/thumb/libgcc.a(_arm_muldf3.o)
 .ARM.attributes
                0x0000082e       0x1c /opt/devkitpro/devkitARM/bin/../lib/gcc/arm-none-eabi/14.2.0/thumb/libgcc.a(_arm_addsubdf3.o)
 .ARM.attributes
                0x0000084a       0x1c /opt/devkitpro/devkitARM/bin/../lib/gcc/arm-none-eabi/14.2.0/thumb/libgcc.a(_arm_fixdfsi.o)
 .ARM.attributes
                0x00000866       0x2a /opt/devkitpro/devkitARM/bin/../lib/gcc/arm-none-eabi/14.2.0/thumb/crtend.o
 .ARM.attributes
                0x00000890       0x1c /opt/devkitpro/devkitARM/bin/../lib/gcc/arm-none-eabi/14.2.0/thumb/crtn.o

/DISCARD/
 *(.note.GNU-stack)
LOAD /opt/devkitpro/devkitARM/bin/../lib/gcc/arm-none-eabi/14.2.0/../../../../arm-none-eabi/lib/thumb/gba_crt0.o
LOAD /opt/devkitpro/devkitARM/bin/../lib/gcc/arm-none-eabi/14.2.0/thumb/crti.o
LOAD /opt/devkitpro/devkitARM/bin/../lib/gcc/arm-none-eabi/14.2.0/thumb/crtbegin.o
LOAD _bn_audio_soundbank.bin.o
LOAD answers_bn_gfx.o
LOAD beryl_bn_gfx.o
LOAD bg_berylsroom_bn_gfx.o
LOAD bg_conbini_bn_gfx.o
LOAD bg_grass_bn_gfx.o
LOAD bg_theatre_bn_gfx.o
LOAD c0101_bn_gfx.o
LOAD c0102_bn_gfx.o
LOAD c0103_bn_gfx.o
LOAD c0201_bn_gfx.o
LOAD c0202_bn_gfx.o
LOAD c0203_bn_gfx.o
LOAD castor_bn_gfx.o
LOAD dialogue_back_bn_gfx.o
LOAD font_bn_gfx.o
LOAD gas_station_bn_gfx.o
LOAD grass_bn_gfx.o
LOAD rake01_bn_gfx.o
LOAD sign_bn_gfx.o
LOAD spr_conbini_bn_gfx.o
LOAD spr_text_bn_gfx.o
LOAD star_bn_gfx.o
LOAD starsbackground_bn_gfx.o
LOAD thx_bn_gfx.o
LOAD ui_bubble_bn_gfx.o
LOAD main.o
LOAD /tmp/ccAqBwqX.ltrans0.ltrans.o
LOAD /tmp/ccAqBwqX.ltrans1.ltrans.o
LOAD /tmp/ccAqBwqX.ltrans2.ltrans.o
LOAD /tmp/ccDCjl6y.debug.temp.o
LOAD /tmp/ccQroW2m.debug.temp.o
LOAD /tmp/ccJHBQ1R.debug.temp.o
LOAD /tmp/ccrjJ3I6.debug.temp.o
LOAD /tmp/ccAoviCJ.debug.temp.o
LOAD /tmp/ccAk92bF.debug.temp.o
LOAD /tmp/ccyRjwgT.debug.temp.o
LOAD /tmp/cctGFybm.debug.temp.o
LOAD /tmp/ccl2Iy9Q.debug.temp.o
LOAD /tmp/ccfmfzcI.debug.temp.o
LOAD /tmp/cctNC956.debug.temp.o
LOAD /tmp/cc1pLX0N.debug.temp.o
LOAD /tmp/cc9XmlvM.debug.temp.o
LOAD /tmp/cc7ehcZW.debug.temp.o
LOAD /tmp/ccN4Zhgu.debug.temp.o
LOAD /tmp/ccDiWhgD.debug.temp.o
LOAD /tmp/ccahwK1E.debug.temp.o
LOAD /tmp/ccB6rrXA.debug.temp.o
LOAD /tmp/ccwLOx2C.debug.temp.o
LOAD /tmp/ccvASZKS.debug.temp.o
LOAD /tmp/ccHDWTig.debug.temp.o
LOAD /tmp/cckYZm5F.debug.temp.o
LOAD /tmp/ccXA9nmJ.debug.temp.o
LOAD /tmp/ccudY0rI.debug.temp.o
LOAD /tmp/cclpnoXV.debug.temp.o
LOAD /tmp/ccPtZph8.debug.temp.o
LOAD /tmp/ccOpKO4a.debug.temp.o
LOAD /tmp/ccYB0uNx.debug.temp.o
LOAD /tmp/ccqJ3cEG.debug.temp.o
LOAD /tmp/cc8daFgb.debug.temp.o
LOAD /tmp/cc6CnmLR.debug.temp.o
LOAD /tmp/cckAa1OX.debug.temp.o
LOAD /tmp/ccT9Y9gI.debug.temp.o
LOAD /tmp/cc31V4KD.debug.temp.o
LOAD /tmp/cck2J2HP.debug.temp.o
LOAD /tmp/ccPUQRj2.debug.temp.o
LOAD /tmp/ccbj7B2j.debug.temp.o
LOAD /tmp/ccqkvAWu.debug.temp.o
LOAD /tmp/ccsWjCo7.debug.temp.o
LOAD /tmp/ccmJWZkw.debug.temp.o
LOAD /tmp/ccqANPNc.debug.temp.o
LOAD /tmp/ccmYvHJV.debug.temp.o
LOAD /tmp/cccr5m0O.debug.temp.o
LOAD /tmp/ccSjhBHw.debug.temp.o
LOAD /tmp/cc5SXVOx.debug.temp.o
LOAD /tmp/ccOl99nd.debug.temp.o
LOAD /tmp/ccd3Klcj.debug.temp.o
LOAD /tmp/ccMbzMaq.debug.temp.o
LOAD bn_affine_bg_animate_actions.o
LOAD bn_audio_manager.o
LOAD bn_best_fit_allocator.o
LOAD bn_bg_blocks_manager.o
LOAD bn_bgs_manager.o
LOAD bn_cameras_manager.o
LOAD bn_core.o
LOAD bn_display_manager.o
LOAD bn_gpio_manager.o
LOAD bn_hblank_effects_manager.o
LOAD bn_hdma_manager.o
LOAD bn_keypad_manager.o
LOAD bn_link_manager.o
LOAD bn_memory_manager.o
LOAD bn_palettes_manager.o
LOAD bn_profiler.o
LOAD bn_regular_bg_animate_actions.o
LOAD bn_sprite_affine_mats_manager.o
LOAD bn_sprite_animate_actions.o
LOAD bn_sprite_text_generator.o
LOAD bn_sprite_tiles_manager.o
LOAD bn_sprites_manager.bn_iwram.o
LOAD bn_sprites_manager.o
LOAD bn_sstream.o
LOAD bn_translation_unit.o
LOAD bn_hw_audio.o
LOAD bn_hw_common.bn_noflto.o
LOAD bn_hw_cstdlib.o
LOAD bn_hw_cstring.o
LOAD bn_hw_game_pak.bn_ewram.o
LOAD bn_hw_link.o
LOAD bn_hw_memory.o
LOAD bn_hw_palettes.bn_iwram.o
LOAD bn_hw_palettes.o
LOAD bn_hw_show.o
LOAD bn_hw_sprite_tiles.bn_iwram.o
LOAD bn_hw_sram.bn_ewram.o
LOAD bn_hw_sram.o
LOAD bn_hw_system_font.o
LOAD bn_hw_text.o
LOAD vgm.o
LOAD tonc_color.o
LOAD tonc_sbmp16.o
LOAD tonc_schr4c.o
LOAD tonc_schr4r.o
LOAD tonc_surface.o
LOAD bmp16_drawg_b1cs.o
LOAD tte_init_bmp.o
LOAD tte_main.o
LOAD interrupts_gba.o
LOAD coroutine.o
LOAD rtc.o
LOAD gbt_player.o
LOAD bn_hw_bg_blocks.o
LOAD bn_hw_core.o
LOAD bn_hw_hblank_effects.o
LOAD bn_hw_palettes_asm.o
LOAD clr_blend_fast.o
LOAD clr_fade_fast.o
LOAD tonc_bios.o
LOAD tonc_memset.o
LOAD tonc_nocash.o
LOAD verdana9.o
LOAD irq_handler.o
LOAD posprintf.o
LOAD atan2.o
LOAD coroutine_asm.o
LOAD fiq_memcpy.o
LOAD lmul.o
LOAD memcpy.o
LOAD memmove.o
LOAD memset.o
LOAD rmemcpy.o
LOAD clz.o
LOAD sdiv32.o
LOAD sqrt32.o
LOAD udiv32.o
LOAD huffman.o
LOAD lz77.o
LOAD running_length.o
LOAD mm_effect.o
LOAD mm_main.o
LOAD mm_mas.o
LOAD mm_mas_arm.o
LOAD mm_init_default.o
LOAD mm_main_gba.o
LOAD mm_mixer_gba.o
LOAD /opt/devkitpro/devkitARM/bin/../lib/gcc/arm-none-eabi/14.2.0/thumb/libgcc.a
LOAD /opt/devkitpro/devkitARM/bin/../lib/gcc/arm-none-eabi/14.2.0/thumb/crtend.o
LOAD /opt/devkitpro/devkitARM/bin/../lib/gcc/arm-none-eabi/14.2.0/thumb/crtn.o
OUTPUT(/mnt/c/users/ethan/documents/github/Starlight-Street/Starlight-Street.elf elf32-littlearm)
LOAD linker stubs

.debug_ranges   0x00000000    0x16d68
 .debug_ranges  0x00000000     0xc560 /tmp/ccAqBwqX.ltrans0.ltrans.o
 .debug_ranges  0x0000c560     0x89b8 /tmp/ccAqBwqX.ltrans1.ltrans.o
 .debug_ranges  0x00014f18     0x1518 /tmp/ccAqBwqX.ltrans2.ltrans.o
 .debug_ranges  0x00016430      0x490 bn_sprites_manager.bn_iwram.o
 .debug_ranges  0x000168c0       0x98 bn_hw_common.bn_noflto.o
 .debug_ranges  0x00016958       0x48 bn_hw_game_pak.bn_ewram.o
 .debug_ranges  0x000169a0      0x148 bn_hw_palettes.bn_iwram.o
 .debug_ranges  0x00016ae8      0x128 tonc_bios.o
 .debug_ranges  0x00016c10       0x20 tonc_memset.o
 .debug_ranges  0x00016c30       0x30 lmul.o
 .debug_ranges  0x00016c60       0x28 memcpy.o
 .debug_ranges  0x00016c88       0x30 memmove.o
 .debug_ranges  0x00016cb8       0x30 memset.o
 .debug_ranges  0x00016ce8       0x20 rmemcpy.o
 .debug_ranges  0x00016d08       0x20 mm_mas.o
 .debug_ranges  0x00016d28       0x20 mm_main_gba.o
 .debug_ranges  0x00016d48       0x20 mm_mixer_gba.o
