Archive member included to satisfy reference by file (symbol)

/opt/devkitpro/devkitARM/bin/../lib/gcc/arm-none-eabi/14.2.0/thumb/libgcc.a(_call_via_rX.o)
                              mm_main_gba.o (_call_via_r1)
/opt/devkitpro/devkitARM/bin/../lib/gcc/arm-none-eabi/14.2.0/thumb/libgcc.a(_sync_none.o)
                              (__sync_synchronize_none)
/opt/devkitpro/devkitARM/bin/../lib/gcc/arm-none-eabi/14.2.0/thumb/libgcc.a(_arm_muldf3.o)
                              /tmp/ccYE22nW.ltrans0.ltrans.o (__aeabi_dmul)
/opt/devkitpro/devkitARM/bin/../lib/gcc/arm-none-eabi/14.2.0/thumb/libgcc.a(_arm_addsubdf3.o)
                              /tmp/ccYE22nW.ltrans0.ltrans.o (__aeabi_i2d)
/opt/devkitpro/devkitARM/bin/../lib/gcc/arm-none-eabi/14.2.0/thumb/libgcc.a(_arm_fixdfsi.o)
                              /tmp/ccYE22nW.ltrans0.ltrans.o (__aeabi_d2iz)

Discarded input sections

 .text          0x00000000        0x0 /opt/devkitpro/devkitARM/bin/../lib/gcc/arm-none-eabi/14.2.0/../../../../arm-none-eabi/lib/thumb/gba_crt0.o
 .data          0x00000000        0x0 /opt/devkitpro/devkitARM/bin/../lib/gcc/arm-none-eabi/14.2.0/../../../../arm-none-eabi/lib/thumb/gba_crt0.o
 .bss           0x00000000        0x0 /opt/devkitpro/devkitARM/bin/../lib/gcc/arm-none-eabi/14.2.0/../../../../arm-none-eabi/lib/thumb/gba_crt0.o
 .text          0x00000000        0x0 /opt/devkitpro/devkitARM/bin/../lib/gcc/arm-none-eabi/14.2.0/thumb/crti.o
 .data          0x00000000        0x0 /opt/devkitpro/devkitARM/bin/../lib/gcc/arm-none-eabi/14.2.0/thumb/crti.o
 .bss           0x00000000        0x0 /opt/devkitpro/devkitARM/bin/../lib/gcc/arm-none-eabi/14.2.0/thumb/crti.o
 .text          0x00000000        0x0 /opt/devkitpro/devkitARM/bin/../lib/gcc/arm-none-eabi/14.2.0/thumb/crtbegin.o
 .data          0x00000000        0x0 /opt/devkitpro/devkitARM/bin/../lib/gcc/arm-none-eabi/14.2.0/thumb/crtbegin.o
 .bss           0x00000000        0x0 /opt/devkitpro/devkitARM/bin/../lib/gcc/arm-none-eabi/14.2.0/thumb/crtbegin.o
 .rodata.all_implied_fbits
                0x00000000       0x24 /opt/devkitpro/devkitARM/bin/../lib/gcc/arm-none-eabi/14.2.0/thumb/crtbegin.o
 .text          0x00000000        0x0 _bn_audio_soundbank.bin.o
 .data          0x00000000        0x0 _bn_audio_soundbank.bin.o
 .bss           0x00000000        0x0 _bn_audio_soundbank.bin.o
 .text          0x00000000        0x0 beryl_bn_gfx.o
 .data          0x00000000        0x0 beryl_bn_gfx.o
 .bss           0x00000000        0x0 beryl_bn_gfx.o
 .text          0x00000000        0x0 bg_berylsroom_bn_gfx.o
 .data          0x00000000        0x0 bg_berylsroom_bn_gfx.o
 .bss           0x00000000        0x0 bg_berylsroom_bn_gfx.o
 .text          0x00000000        0x0 dialogue_back_bn_gfx.o
 .data          0x00000000        0x0 dialogue_back_bn_gfx.o
 .bss           0x00000000        0x0 dialogue_back_bn_gfx.o
 .text          0x00000000        0x0 font_bn_gfx.o
 .data          0x00000000        0x0 font_bn_gfx.o
 .bss           0x00000000        0x0 font_bn_gfx.o
 .text          0x00000000        0x0 starsbackground_bn_gfx.o
 .data          0x00000000        0x0 starsbackground_bn_gfx.o
 .bss           0x00000000        0x0 starsbackground_bn_gfx.o
 .text          0x00000000        0x0 ui_bubble_bn_gfx.o
 .data          0x00000000        0x0 ui_bubble_bn_gfx.o
 .bss           0x00000000        0x0 ui_bubble_bn_gfx.o
 .data          0x00000000        0x0 /tmp/ccYE22nW.ltrans0.ltrans.o
 .data          0x00000000        0x0 /tmp/ccYE22nW.ltrans1.ltrans.o
 .debug_info    0x00000000       0xf8 /tmp/ccyD8HnS.debug.temp.o
 .debug_abbrev  0x00000000       0x79 /tmp/ccyD8HnS.debug.temp.o
 .debug_line    0x00000000       0x66 /tmp/ccyD8HnS.debug.temp.o
 .debug_str     0x00000000      0x238 /tmp/ccyD8HnS.debug.temp.o
 .comment       0x00000000       0x24 /tmp/ccyD8HnS.debug.temp.o
 .comment       0x00000000       0x24 /tmp/ccXv3z1R.debug.temp.o
 .comment       0x00000000       0x24 /tmp/ccdhqrsg.debug.temp.o
 .comment       0x00000000       0x24 /tmp/ccK6SnnY.debug.temp.o
 .comment       0x00000000       0x24 /tmp/ccuI3sO8.debug.temp.o
 .comment       0x00000000       0x24 /tmp/cchwMjce.debug.temp.o
 .comment       0x00000000       0x24 /tmp/cc8buz4a.debug.temp.o
 .comment       0x00000000       0x24 /tmp/cc7oyBL5.debug.temp.o
 .comment       0x00000000       0x24 /tmp/cc5IwUfK.debug.temp.o
 .comment       0x00000000       0x24 /tmp/cccjTxTN.debug.temp.o
 .comment       0x00000000       0x24 /tmp/cc4XMtTA.debug.temp.o
 .comment       0x00000000       0x24 /tmp/ccJNg3RW.debug.temp.o
 .comment       0x00000000       0x24 /tmp/ccHdlH9b.debug.temp.o
 .comment       0x00000000       0x24 /tmp/ccROrdDm.debug.temp.o
 .comment       0x00000000       0x24 /tmp/ccHyT0pD.debug.temp.o
 .comment       0x00000000       0x24 /tmp/cchAlpJT.debug.temp.o
 .comment       0x00000000       0x24 /tmp/ccduGbWU.debug.temp.o
 .debug_info    0x00000000      0x45f /tmp/ccrqDrGZ.debug.temp.o
[...]
Memory Configuration

Name             Origin             Length             Attributes
rom              0x08000000         0x02000000
iwram            0x03000000         0x00008000
ewram            0x02000000         0x00040000
*default*        0x00000000         0xffffffff

Linker script and memory map

                0x00000000                        __sync_synchronize = __sync_synchronize_none
                0x08000000                        __text_start = ORIGIN (rom)
                0x02040000                        __eheap_end = (ORIGIN (ewram) + LENGTH (ewram))
                0x03000000                        __iwram_start = ORIGIN (iwram)
                0x03008000                        __iwram_top = (ORIGIN (iwram) + LENGTH (iwram))
                0x03007fa0                        __sp_irq = (__iwram_top - 0x60)
                0x03007f00                        __sp_usr = (__sp_irq - 0xa0)
                0x03007ff8                        __irq_flags = 0x3007ff8
                0x08000000                        . = __text_start

.crt0           0x08000000      0x210
 *(.crt0)
 .crt0          0x08000000      0x210 /opt/devkitpro/devkitARM/bin/../lib/gcc/arm-none-eabi/14.2.0/../../../../arm-none-eabi/lib/thumb/gba_crt0.o
                0x08000000                _start
                0x080000c4                __boot_method
                0x080000c5                __slave_number
                0x080000e0                start_vector
                0x08000210                        . = ALIGN (0x4)

.init           0x08000210        0xc
 *(SORT_NONE(.init))
 .init          0x08000210        0x4 /opt/devkitpro/devkitARM/bin/../lib/gcc/arm-none-eabi/14.2.0/thumb/crti.o
                0x08000210                _init
 .init          0x08000214        0x8 /opt/devkitpro/devkitARM/bin/../lib/gcc/arm-none-eabi/14.2.0/thumb/crtn.o

.plt            0x0800021c        0x0
 *(.plt)
                0x0800021c                        . = ALIGN (0x4)

.text           0x08000220    0x15070
 *(EXCLUDE_FILE(*.iwram*) .text*)
 .text.__do_global_dtors_aux
                0x08000220       0x2c /opt/devkitpro/devkitARM/bin/../lib/gcc/arm-none-eabi/14.2.0/thumb/crtbegin.o
 .text.frame_dummy
                0x0800024c       0x24 /opt/devkitpro/devkitARM/bin/../lib/gcc/arm-none-eabi/14.2.0/thumb/crtbegin.o
 .text          0x08000270     0x815c /tmp/ccYE22nW.ltrans0.ltrans.o
                0x08000ab4                bn::camera_ptr::position() const
                0x08000ac8                void bn::ostringstream::append_args<char [4], int>(char const (&) [4], int const&)
                0x08000ae0                bn::audio_manager::(anonymous namespace)::static_data::~static_data() [clone .lto_priv.0]
                0x08000ae0                bn::audio_manager::(anonymous namespace)::static_data::~static_data() [clone .lto_priv.0]
                0x08000ae4                bn::regular_bg_tiles_item::valid_tiles_count(int, bn::bpp_mode)
                0x08000b20                bn::bg_blocks_manager::log_status()
                0x08001680                bn::bg_blocks_manager::decrease_usages(int)
                0x08001728                bn::bg_blocks_manager::(anonymous namespace)::static_data::~static_data() [clone .lto_priv.0]
                0x08001728                bn::bg_blocks_manager::(anonymous namespace)::static_data::~static_data() [clone .lto_priv.0]
                0x08001788                bn::bgs_manager::(anonymous namespace)::item_type::update_regular_hw_position() [clone .lto_priv.0]
                0x080017e8                bn::bgs_manager::update_regular_map_tiles_cbb(int, int)
                0x080018a8                bn::bgs_manager::update_regular_map_palette_bpp(int, bn::bpp_mode)
                0x08001978                _bn::assert::show(char const*, char const*, char const*, int, bn::istring_base const&)
                0x08001990                void _bn::assert::show_args<char [38]>(char const*, char const*, char const*, int, char const (&) [38])
                0x08001990                void _bn::assert::show_args<char [32]>(char const*, char const*, char const*, int, char const (&) [32])
                0x08001990                void _bn::assert::show_args<char [16]>(char const*, char const*, char const*, int, char const (&) [16])
                0x08001990                void _bn::assert::show_args<char [33]>(char const*, char const*, char const*, int, char const (&) [33])
                0x08001990                void _bn::assert::show_args<char [17]>(char const*, char const*, char const*, int, char const (&) [17])
                0x08001990                void _bn::assert::show_args<char [23]>(char const*, char const*, char const*, int, char const (&) [23])
                0x08001990                void _bn::assert::show_args<char [37]>(char const*, char const*, char const*, int, char const (&) [37])
                0x08001990                void _bn::assert::show_args<char [22]>(char const*, char const*, char const*, int, char const (&) [22])
                0x08001990                void _bn::assert::show_args<char [27]>(char const*, char const*, char const*, int, char const (&) [27])
                0x08001990                void _bn::assert::show_args<char [14]>(char const*, char const*, char const*, int, char const (&) [14])
                0x08001990                void _bn::assert::show_args<char [35]>(char const*, char const*, char const*, int, char const (&) [35])
                0x08001990                void _bn::assert::show_args<char [19]>(char const*, char const*, char const*, int, char const (&) [19])
                0x08001990                void _bn::assert::show_args<char [26]>(char const*, char const*, char const*, int, char const (&) [26])
                0x08001990                void _bn::assert::show_args<char [13]>(char const*, char const*, char const*, int, char const (&) [13])
                0x08001990                void _bn::assert::show_args<char [18]>(char const*, char const*, char const*, int, char const (&) [18])
                0x08001990                void _bn::assert::show_args<char [46]>(char const*, char const*, char const*, int, char const (&) [46])
                0x08001990                void _bn::assert::show_args<char [31]>(char const*, char const*, char const*, int, char const (&) [31])
                0x08001990                void _bn::assert::show_args<char [15]>(char const*, char const*, char const*, int, char const (&) [15])
                0x08001990                void _bn::assert::show_args<char [54]>(char const*, char const*, char const*, int, char const (&) [54])
                0x080019d0                bn::bgs_manager::(anonymous namespace)::static_data::~static_data() [clone .lto_priv.0]
                0x080019d0                bn::bgs_manager::(anonymous namespace)::static_data::~static_data() [clone .lto_priv.0]
                0x08001d14                _bn::assert::show(char const*, char const*, char const*, int)
                0x08001df4                bn::optional<bn::bg_palette_ptr>::operator->() const [clone .part.0] [clone .lto_priv.0]
                0x08001df4                bn::optional<bn::affine_bg_tiles_ptr>::operator->() const [clone .part.0] [clone .lto_priv.0]
                0x08001e1c                bn::bg_blocks_manager::(anonymous namespace)::item_type::regular_tiles_offset() const [clone .lto_priv.0]
                0x08002698                bn::optional<bn::bg_palette_ptr>::operator->() [clone .part.0] [clone .lto_priv.0]
                0x08002698                bn::optional<bn::regular_bg_tiles_ptr>::operator->() [clone .part.0] [clone .lto_priv.0]
                0x080026c0                bn::optional<bn::regular_bg_map_ptr>::operator*() [clone .part.0] [clone .lto_priv.0]
                0x080026e8                void _bn::assert::show_args<char [27], int>(char const*, char const*, char const*, int, char const (&) [27], int const&)
                0x080026e8                void _bn::assert::show_args<char [24], int>(char const*, char const*, char const*, int, char const (&) [24], int const&)
                0x080026e8                void _bn::assert::show_args<char [17], int>(char const*, char const*, char const*, int, char const (&) [17], int const&)
                0x080026e8                void _bn::assert::show_args<char [15], int>(char const*, char const*, char const*, int, char const (&) [15], int const&)
                0x080026e8                void _bn::assert::show_args<char [22], int>(char const*, char const*, char const*, int, char const (&) [22], int const&)
                0x080026e8                void _bn::assert::show_args<char [39], int>(char const*, char const*, char const*, int, char const (&) [39], int const&)
                0x080026e8                void _bn::assert::show_args<char [25], int>(char const*, char const*, char const*, int, char const (&) [25], int const&)
                0x080026e8                void _bn::assert::show_args<char [16], int>(char const*, char const*, char const*, int, char const (&) [16], int const&)
                0x080026e8                void _bn::assert::show_args<char [26], int>(char const*, char const*, char const*, int, char const (&) [26], int const&)
                0x08002e88                bn::bg_blocks_manager::(anonymous namespace)::_create_impl(bn::bg_blocks_manager::(anonymous namespace)::create_data&&) [clone .lto_priv.0]
                0x08008214                void _bn::assert::show_args<char [27], bn::fixed_t<12> >(char const*, char const*, char const*, int, char const (&) [27], bn::fixed_t<12> const&)
                0x08008214                void _bn::assert::show_args<char [25], bn::fixed_t<12> >(char const*, char const*, char const*, int, char const (&) [25], bn::fixed_t<12> const&)
                0x0800837c                bn::display_manager::(anonymous namespace)::static_data::~static_data() [clone .lto_priv.0]
                0x0800837c                bn::display_manager::(anonymous namespace)::static_data::~static_data() [clone .lto_priv.0]
 .text.startup  0x080083cc     0x1954 /tmp/ccYE22nW.ltrans0.ltrans.o
                0x080083cc                main
 .text          0x08009d20     0x8a90 /tmp/ccYE22nW.ltrans1.ltrans.o
                0x08009e68                bn::hw::link::(anonymous namespace)::_resetStateCallback() [clone .lto_priv.0]
                0x0800ac40                bn::hblank_effects_manager::(anonymous namespace)::item_type::_output_values_ptr() [clone .lto_priv.0]
                0x0800ac80                operator delete(void*)
                0x0800ac8c                operator delete(void*, unsigned int)
                0x0800ac98                operator delete[](void*)
                0x0800aca4                operator delete[](void*, unsigned int)
                0x0800acb0                bn::hw::log(bn::istring_base const&) [clone .isra.0]
                0x0800ad04                bn::ostringstream::ostringstream(bn::istring_base&)
                0x0800ad04                bn::ostringstream::ostringstream(bn::istring_base&)
                0x0800ad0c                bn::string_view::string_view(char const*) [clone .isra.0]
                0x0800ad28                bn::palettes_bank::_apply_global_effects(int, bn::color*) const
                0x0800ae74                bn::palettes_bank::palette::apply_effects(int, bn::color*) const
                0x0800afc4                bn::palettes_bank::update()
                0x0800b0f8                bn::sprites_manager::(anonymous namespace)::_always_update_indexes_to_commit(bn::sprites_manager_item const&) [clone .lto_priv.0]
                0x0800b140                bn::sprites_manager::(anonymous namespace)::_update_item_dimensions(bn::sprites_manager_item&) [clone .lto_priv.0]
                0x0800b218                bn::camera_ptr::~camera_ptr() [clone .isra.0]
                0x0800b244                bn::lc::LinkConnection::stop() [clone .constprop.0]
                0x0800b270                VgmStop()
                0x0800b330                gbt_refresh_pattern_ptr.lto_priv.0
                0x0800b3b4                gbt_run_startup_commands.part.0.lto_priv.0
                0x0800b448                bn::hw::audio::(anonymous namespace)::_commit() [clone .lto_priv.0]
                0x0800bba8                bn::hw::audio::(anonymous namespace)::_vblank_handler() [clone .lto_priv.0]
                0x0800bcf8                bn::hw::bgs::commit_data::commit_data() [clone .constprop.0] [clone .isra.0]
                0x0800bd54                bn::bg_blocks_manager::(anonymous namespace)::items_list::items_list() [clone .constprop.0] [clone .isra.0]
                0x0800bda0                bn::sprite_affine_mats_manager::(anonymous namespace)::static_data::static_data() [clone .constprop.0] [clone .isra.0]
                0x0800be44                bn::sprite_tiles_manager::(anonymous namespace)::static_data::static_data() [clone .constprop.0] [clone .isra.0]
                0x0800bf70                bn::display_manager::(anonymous namespace)::static_data::static_data() [clone .constprop.0] [clone .isra.0]
                0x0800c000                bn::hdma_manager::(anonymous namespace)::static_data::static_data() [clone .constprop.0] [clone .isra.0]
                0x0800c034                bn::hblank_effects_manager::(anonymous namespace)::static_external_data::static_external_data() [clone .constprop.0] [clone .isra.0]
                0x0800c10c                bn::core::(anonymous namespace)::static_data::static_data() [clone .constprop.0] [clone .isra.0]
                0x0800c174                bn::sprite_ptr::set_camera(bn::camera_ptr const&) [clone .isra.0]
                0x0800c224                bn::sprite_affine_mats_manager::(anonymous namespace)::item_type::sprite_double_size(int, bn::sprite_shape_size const&) const [clone .isra.0]
                0x0800c3d0                bn::palettes_bank::palettes_bank() [clone .isra.0]
                0x0800c51c                bn::istring::push_back(char)
                0x0800c560                bn::sprite_affine_mats_manager::decrease_usages(int)
                0x0800c644                bn::hw::link::_timer_intr()
                0x0800c738                bn::hw::link::_serial_intr()
                0x0800c9bc                bn::iunordered_map<unsigned int, bn::audio_manager::sound_data_type, bn::identity_hasher, bn::equal_to<unsigned int> >::operator()(unsigned int, unsigned int const&) [clone .constprop.0]
                0x0800cbd8                bn::sprite_tiles_ptr::~sprite_tiles_ptr() [clone .isra.0]
                0x0800ce18                bn::hw::audio::(anonymous namespace)::_add_sound_to_queue(int, unsigned short) [clone .lto_priv.0]
                0x0800cee4                bn::sorted_sprites::sorter::insert(bn::sprites_manager_item&) [clone .constprop.0]
                0x0800d0ec                bn::sprites_manager::set_blending_enabled(void*, bool) [clone .constprop.0]
                0x0800d16c                bn::hw::audio::(anonymous namespace)::_erase_sound_from_queue(unsigned short) [clone .lto_priv.0]
                0x0800d204                bn::hw::audio::(anonymous namespace)::_check_sounds_queue() [clone .part.0] [clone .lto_priv.0]
                0x0800d2a4                bn::hw::link::(anonymous namespace)::_sendDataCallback() [clone .lto_priv.0]
                0x0800d388                bn::hw::link::(anonymous namespace)::_receiveResponseCallback(bn::lc::LinkResponse const&) [clone .lto_priv.0]
                0x0800d54c                bn::sound_item::play() const [clone .constprop.0] [clone .isra.0]
                0x0800d65c                bn::ostringstream::append(int)
                0x0800d7e8                void _bn::assert::show_args<char [19], int, char [4], int>(char const*, char const*, char const*, int, char const (&) [19], int const&, char const (&) [4], int const&) [clone .constprop.0]
                0x0800d848                bn::keypad_manager::update()
                0x0800d978                bn::ostringstream::append(char const*)
                0x0800ddfc                bn::hw::show::error(bn::system_font const&, bn::string_view const&, bn::string_view const&, bn::string_view const&, int, bn::string_view const&, bn::string_view const&) [clone .constprop.0]
                0x0800e11c                bn::istring::append(char const*) [clone .isra.0]
                0x0800e244                bn::sprite_ptr::set_scale(bn::fixed_t<12>, bn::fixed_t<12>) [clone .isra.0]
                0x0800e97c                void _bn::assert::show_args<char [20], int, char [4], unsigned short>(char const*, char const*, char const*, int, char const (&) [20], int const&, char const (&) [4], unsigned short const&) [clone .constprop.0]
                0x0800ecd0                bn::ostringstream::append(unsigned int)
                0x0800ede4                void _bn::assert::show_args<char [35], unsigned int>(char const*, char const*, char const*, int, char const (&) [35], unsigned int const&) [clone .constprop.0]
                0x0800ee34                bn::ostringstream::append(void const*)
                0x0800f768                bn::ostringstream::_append_fraction(unsigned int, int)
                0x0800f878                bn::palettes_bank::decrease_usages(int)
                0x0800fb04                bn::sprites_manager::decrease_usages(void*)
                0x0800fcfc                bn::bg_palette_ptr::~bg_palette_ptr() [clone .isra.0]
                0x0800fd14                bn::bg_blocks_manager::(anonymous namespace)::items_list::insert_after(int, bn::bg_blocks_manager::(anonymous namespace)::item_type const&) [clone .constprop.0]
                0x0801002c                bn::bg_blocks_manager::(anonymous namespace)::item_type::~item_type() [clone .isra.0]
                0x08010284                bn::sprite_tiles_manager::update()
                0x080104b0                bn::sprite_tiles_manager::(anonymous namespace)::_find_impl(bn::tile const*, bn::compression_type, int) [clone .lto_priv.0]
                0x080106fc                bn::sprite_tiles_manager::(anonymous namespace)::_hw_commit(bn::tile const*, bn::compression_type, int, int) [clone .lto_priv.0]
                0x08010bf8                bn::sprite_tiles_manager::create(bn::span<bn::tile const> const&, bn::compression_type) [clone .isra.0]
                0x08011004                bn::sprite_ptr::create(bn::fixed_t<12>, bn::fixed_t<12>, bn::sprite_item const&, int)
                0x080114c4                operator new(unsigned int)
                0x080114f4                operator new[](unsigned int)
                0x08011524                malloc
                0x08011530                bn::sprite_shape_size::tiles_count(bn::bpp_mode) const [clone .part.0] [clone .isra.0]
                0x08011610                bn::sprite_shape_size::tiles_count(bn::bpp_mode) const [clone .isra.0]
                0x080116f8                bn::sprites_manager::set_tiles(void*, bn::sprite_tiles_ptr&&)
                0x080118cc                bn::regular_bg_ptr::create(bn::fixed_t<12>, bn::fixed_t<12>, bn::regular_bg_item const&) [clone .constprop.0]
 .text.startup  0x080127b0      0x318 /tmp/ccYE22nW.ltrans1.ltrans.o
 .text.__libc_init_array
                0x08012ac8       0x50 bn_hw_common.bn_noflto.o
                0x08012ac8                __libc_init_array
 .text.__aeabi_atexit
                0x08012b18        0x4 bn_hw_common.bn_noflto.o
                0x08012b18                __aeabi_atexit
 .text._ZN3_bn6assert9show_argsIA40_cEEvPKcS4_S4_iRKT_
                0x08012b1c       0x48 bn_hw_common.bn_noflto.o
                0x08012b1c                void _bn::assert::show_args<char [40]>(char const*, char const*, char const*, int, char const (&) [40])
 .text.__aeabi_idiv0
                0x08012b64       0x24 bn_hw_common.bn_noflto.o
                0x08012b64                __aeabi_idiv0
 .text.VBlankIntrWait
                0x08012b88        0x4 tonc_bios.o
                0x08012b88                VBlankIntrWait
 .text.memset16
                0x08012b8c       0x3c tonc_memset.o
                0x08012b8c                memset16
 .text          0x08012bc8      0x26c posprintf.o
                0x08012bcc                posprintf
 .text          0x08012e34      0x314 mm_effect.o
                0x08012e34                mmResetEffects
                0x08012e60                mmEffect
                0x08012e76                mmEffectEx
                0x08012f76                mmEffectActive
                0x08012faa                mmEffectVolume
                0x08012fc6                mmEffectPanning
                0x08012fda                mmEffectRate
                0x08012fee                mmEffectCancel
                0x08013028                mmEffectRelease
                0x0801304e                mmEffectScaleRate
                0x08013062                mmSetEffectsVolume
                0x08013070                mmEffectCancelAll
                0x080130b0                mmUpdateEffects
 .text          0x08013148       0x14 mm_main.o
                0x08013148                mpp_call_r7
                0x0801314a                mpp_call_r1
                0x0801314c                mpp_call_r2
                0x0801314e                mpp_call_r3
                0x08013150                mmSetEventHandler
 .text          0x0801315c     0x1570 mm_mas.o
                0x080131d0                mmStart
                0x080131f0                mmJingle
                0x080131f6                mmPlayModule
                0x080132c0                mmPause
                0x080132dc                mmResume
                0x080132ec                mmActive
                0x080132f2                mmActiveSub
                0x080132f8                mmSetModuleVolume
                0x08013308                mmSetJingleVolume
                0x08013344                mmGetPositionTick
                0x0801334a                mmGetPositionRow
                0x08013350                mmGetPosition
                0x08013356                mmPosition
                0x08013370                mmSetModuleTempo
                0x080133a2                mmSetModulePitch
                0x080133e4                mmStop
                0x080134aa                mppUpdateSub
                0x08013606                mpp_Process_VolumeCommand
                0x0801383e                mpp_Process_Effect
                0x08013f8c                ST3_FREQTABLE
                0x080143ac                IT_PitchTable
 .text          0x080146cc      0x12c mm_main_gba.o
                0x080146cc                mmInit
                0x08014720                mmSetVBlankHandler
                0x08014726                mmFrame
 .text          0x080147f8      0x1e0 mm_mixer_gba.o
                0x080147f8                mmMixerSetSource
                0x0801480c                mmMixerSetRead
                0x0801481a                mmMixerSetFreq
                0x0801482a                mmMixerMulFreq
                0x0801483e                mmMixerStopChannel
                0x08014850                mmMixerChannelActive
                0x08014862                mmMixerSetVolume
                0x08014870                mmMixerSetPan
                0x0801487e                mmMixerInit
 .text          0x080149d8       0x3c /opt/devkitpro/devkitARM/bin/../lib/gcc/arm-none-eabi/14.2.0/thumb/libgcc.a(_call_via_rX.o)
                0x080149d8                _call_via_r0
                0x080149dc                _call_via_r1
                0x080149e0                _call_via_r2
                0x080149e4                _call_via_r3
                0x080149e8                _call_via_r4
                0x080149ec                _call_via_r5
                0x080149f0                _call_via_r6
                0x080149f4                _call_via_r7
                0x080149f8                _call_via_r8
                0x080149fc                _call_via_r9
                0x08014a00                _call_via_sl
                0x08014a04                _call_via_fp
                0x08014a08                _call_via_ip
                0x08014a0c                _call_via_sp
                0x08014a10                _call_via_lr
 .text          0x08014a14      0x290 /opt/devkitpro/devkitARM/bin/../lib/gcc/arm-none-eabi/14.2.0/thumb/libgcc.a(_arm_muldf3.o)
                0x08014a14                __aeabi_dmul
                0x08014a14                __muldf3
 .text          0x08014ca4      0x424 /opt/devkitpro/devkitARM/bin/../lib/gcc/arm-none-eabi/14.2.0/thumb/libgcc.a(_arm_addsubdf3.o)
                0x08014ca4                __aeabi_drsub
                0x08014cac                __aeabi_dsub
                0x08014cac                __subdf3
                0x08014cb0                __adddf3
                0x08014cb0                __aeabi_dadd
                0x08014fc0                __aeabi_ui2d
                0x08014fc0                __floatunsidf
                0x08014fe4                __aeabi_i2d
                0x08014fe4                __floatsidf
                0x0801500c                __extendsfdf2
                0x0801500c                __aeabi_f2d
                0x08015054                __aeabi_ul2d
                0x08015054                __floatundidf
                0x08015068                __floatdidf
                0x08015068                __aeabi_l2d
 .text          0x080150c8       0x5c /opt/devkitpro/devkitARM/bin/../lib/gcc/arm-none-eabi/14.2.0/thumb/libgcc.a(_arm_fixdfsi.o)
                0x080150c8                __aeabi_d2iz
                0x080150c8                __fixdfsi
 *fill*         0x08015124        0x4 ff
 .text.__stub   0x08015128      0x118 linker stubs
 *(.gnu.linkonce.t.*)
 *(.text.*personality*)
 *(.gnu.warning)
 *(.glue_7t)
 .glue_7t       0x08015290        0x0 linker stubs
 *(.glue_7)
 .glue_7        0x08015290        0x0 linker stubs
 *(.vfp11_veneer)
 .vfp11_veneer  0x08015290        0x0 linker stubs
                0x08015290                        . = ALIGN (0x4)
                0x08015290                        __text_end = .

.v4_bx          0x08015290        0x0
 .v4_bx         0x08015290        0x0 linker stubs

.iplt           0x08015290        0x0
 .iplt          0x08015290        0x0 /opt/devkitpro/devkitARM/bin/../lib/gcc/arm-none-eabi/14.2.0/../../../../arm-none-eabi/lib/thumb/gba_crt0.o

.fini           0x08015290        0xc
 *(.fini)
 .fini          0x08015290        0x4 /opt/devkitpro/devkitARM/bin/../lib/gcc/arm-none-eabi/14.2.0/thumb/crti.o
                0x08015290                _fini
 .fini          0x08015294        0x8 /opt/devkitpro/devkitARM/bin/../lib/gcc/arm-none-eabi/14.2.0/thumb/crtn.o
                0x0801529c                        . = ALIGN (0x4)

.rodata         0x0801529c   0x2c76f4
 *(.rodata)
 .rodata        0x0801529c    0x1a020 beryl_bn_gfx.o
                0x0801529c                beryl_bn_gfxTiles
                0x0802f29c                beryl_bn_gfxPal
 .rodata        0x0802f2bc     0xefe0 bg_berylsroom_bn_gfx.o
                0x0802f2bc                bg_berylsroom_bn_gfxTiles
                0x0803627c                bg_berylsroom_bn_gfxMap
                0x0803e27c                bg_berylsroom_bn_gfxPal
 .rodata        0x0803e29c      0x820 dialogue_back_bn_gfx.o
                0x0803e29c                dialogue_back_bn_gfxTiles
                0x0803ea9c                dialogue_back_bn_gfxPal
 .rodata        0x0803eabc     0x7420 font_bn_gfx.o
                0x0803eabc                font_bn_gfxTiles
                0x08045ebc                font_bn_gfxPal
 .rodata        0x08045edc     0x7760 starsbackground_bn_gfx.o
                0x08045edc                starsbackground_bn_gfxTiles
                0x0804ce1c                starsbackground_bn_gfxMap
                0x0804d61c                starsbackground_bn_gfxPal
 .rodata        0x0804d63c      0x820 ui_bubble_bn_gfx.o
                0x0804d63c                ui_bubble_bn_gfxTiles
                0x0804de3c                ui_bubble_bn_gfxPal
 .rodata        0x0804de5c    0x1467c /tmp/ccYE22nW.ltrans0.ltrans.o
 .rodata        0x080624d8     0x177c /tmp/ccYE22nW.ltrans1.ltrans.o
 .rodata        0x08063c54      0xef8 verdana9.o
                0x08063c54                verdana9Font
                0x08063c6c                verdana9Glyphs
                0x08064a6c                verdana9Widths
 *all.rodata*(*)
 *(.roda)
 *(.rodata.*)
 .rodata._bn_audio_soundbank_bin
                0x08064b4c   0x276500 _bn_audio_soundbank.bin.o
                0x08064b4c                _bn_audio_soundbank_bin
                0x082db04c                _bn_audio_soundbank_bin_end
 .rodata.str1.4
                0x082db04c      0xb04 /tmp/ccYE22nW.ltrans0.ltrans.o
 .rodata.str1.4
                0x082db04c     0x11d1 /tmp/ccYE22nW.ltrans1.ltrans.o
 .rodata.__cxa_pure_virtual.str1.4
                0x082db04c     0x1935 bn_hw_common.bn_noflto.o
                                 0x4f (size before relaxing)
 .rodata.__aeabi_idiv0.str1.4
                0x082dc981       0x38 bn_hw_common.bn_noflto.o
 *fill*         0x082dc981        0x3 ff
 .rodata._ZN2bn2hw8game_pak12_GLOBAL__N_1L8rom_dataE
                0x082dc984        0xc bn_hw_game_pak.bn_ewram.o
 *(.gnu.linkonce.r*)
                0x082dc990                        . = ALIGN (0x4)

.ARM.extab
 *(.ARM.extab* .gnu.linkonce.armextab.*)
                0x082dc990                        __exidx_start = .

.ARM.exidx
 *(.ARM.exidx* .gnu.linkonce.armexidx.*)
                0x082dc990                        __exidx_end = .

.ctors          0x082dc990        0x0
 *crtbegin.o(.ctors)
 *(EXCLUDE_FILE(*crtend.o) .ctors)
 *(SORT_BY_NAME(.ctors.*))
 *(.ctors)
                0x082dc990                        . = ALIGN (0x4)

.dtors          0x082dc990        0x0
 *crtbegin.o(.dtors)
 *(EXCLUDE_FILE(*crtend.o) .dtors)
 *(SORT_BY_NAME(.dtors.*))
 *(.dtors)
                0x082dc990                        . = ALIGN (0x4)

.eh_frame       0x082dc990        0x4
 *(.eh_frame)
 .eh_frame      0x082dc990        0x0 /opt/devkitpro/devkitARM/bin/../lib/gcc/arm-none-eabi/14.2.0/thumb/crtbegin.o
 .eh_frame      0x082dc990        0x4 /opt/devkitpro/devkitARM/bin/../lib/gcc/arm-none-eabi/14.2.0/thumb/crtend.o
                0x082dc994                        . = ALIGN (0x4)

.gcc_except_table
                0x082dc994        0x0
 *(.gcc_except_table)
                0x082dc994                        . = ALIGN (0x4)
                0x082dc994                        __iwram_lma = .

.iwram          0x03000000     0x2320 load address 0x082dc994
                0x03000000                        __iwram_start__ = ABSOLUTE (.)
 *(.iwram .iwram*)
 .iwram         0x03000000      0x290 bn_sprites_manager.bn_iwram.o
                0x03000000                bn::sprites_manager::_check_items_on_screen(bn::intrusive_list<bn::sorted_sprites::layer>&)
                0x03000104                bn::sprites_manager::_rebuild_handles_impl(int, void*, bn::intrusive_list<bn::sorted_sprites::layer>&)
                0x0300019c                bn::sprites_manager::_update_cameras_impl(bn::intrusive_list<bn::sorted_sprites::layer>&)
 .iwram         0x03000290       0xc4 bn_hw_palettes.bn_iwram.o
                0x03000290                bn::hw::palettes::brightness(bn::color const*, int, int, bn::color*)
                0x030002f8                bn::hw::palettes::_lut_effect(bn::color const*, unsigned char const*, int, bn::color*)
 .iwram         0x03000354       0x6c bn_hw_bg_blocks.o
                0x03000354                bn_hw_bg_blocks_commit_half_words
                0x0300036c                bn_hw_bg_blocks_commit_words
                0x03000384                bn_hw_bg_blocks_commit_blocks
 .iwram         0x030003c0       0xd0 bn_hw_hblank_effects.o
                0x030003c0                bn::hw::hblank_effects::_intr()
                0x0300048c                bn::hw::hblank_effects::data
 .iwram         0x03000490       0x30 bn_hw_palettes_asm.o
                0x03000490                bn_hw_palettes_different_words
 .iwram.clr_blend_fast
                0x030004c0       0x70 clr_blend_fast.o
                0x030004c0                clr_blend_fast
 .iwram         0x03000530       0x70 clr_fade_fast.o
                0x03000530                clr_fade_fast
 .iwram.memset32
                0x030005a0       0x4c tonc_memset.o
                0x030005a0                memset32
 .iwram         0x030005ec      0x134 irq_handler.o
                0x030005ec                IRQ_GlobalInterruptHandler
 .iwram.__aeabi_lmul
                0x03000720       0x14 lmul.o
                0x03000720                __aeabi_lmul
 .iwram.__aeabi_memcpy
                0x03000734       0xc8 memcpy.o
                0x03000734                __aeabi_memcpy
                0x0300076c                __aeabi_memcpy4
                0x0300076c                __aeabi_memcpy8
                0x030007d8                __agbabi_memcpy2
 .iwram.__agbabi_memcpy1
                0x030007fc       0x14 memcpy.o
                0x030007fc                __agbabi_memcpy1
 .iwram.memcpy  0x03000810       0x10 memcpy.o
                0x03000810                memcpy
 .iwram.__aeabi_memmove
                0x03000820        0xc memmove.o
                0x03000820                __aeabi_memmove
 .iwram.memmove
                0x0300082c       0x10 memmove.o
                0x0300082c                memmove
 .iwram.__aeabi_memset
                0x0300083c       0x9c memset.o
                0x0300083c                __aeabi_memset
                0x03000860                __aeabi_memset4
                0x03000860                __aeabi_memset8
                0x0300086c                __agbabi_wordset4
                0x03000870                __agbabi_lwordset4
 .iwram.__agbabi_memset1
                0x030008d8       0x10 memset.o
                0x030008d8                __agbabi_memset1
 .iwram.memset  0x030008e8       0x1c memset.o
                0x030008e8                memset
 .iwram.__agbabi_rmemcpy
                0x03000904       0xcc rmemcpy.o
                0x03000904                __agbabi_rmemcpy
 .iwram.__agbabi_rmemcpy1
                0x030009d0       0x14 rmemcpy.o
                0x030009d0                __agbabi_rmemcpy1
 .iwram         0x030009e4       0x3c sdiv32.o
                0x030009e4                __aeabi_idivmod
                0x030009e4                __aeabi_idiv
 .iwram         0x03000a20      0x1e0 udiv32.o
                0x03000a20                __aeabi_uidivmod
                0x03000a20                __aeabi_uidiv
                0x03000a28                udiv32pastzero
                0x03000a7c                div32Iteration
 .iwram         0x03000c00       0x98 huffman.o
                0x03000c00                swi_HuffUnCompReadNormal
 .iwram         0x03000c98      0x1ac lz77.o
                0x03000c98                swi_LZ77UnCompWrite8bit
                0x03000c98                swi_LZ77UnCompWrite16bit
 .iwram         0x03000e44       0xec running_length.o
                0x03000e44                swi_RLUnCompReadNormalWrite8bit
                0x03000ea4                swi_RLUnCompReadNormalWrite16bit
 .iwram         0x03000f30      0x554 mm_mas.o
                0x03000f30                mppProcessTick
                0x03001014                mpp_Channel_NewNote
                0x030010f4                mpp_Update_ACHN_notest
 .iwram         0x03001484      0x648 mm_mas_arm.o
                0x03001484                mmAllocChannel
                0x030014f8                mmReadPattern
                0x030015e4                mmUpdateChannel_T0
                0x03001824                mmUpdateChannel_TN
                0x030019c4                mmGetPeriod
                0x03001a08                note_table_oct
                0x03001a26                note_table_mod
 .iwram         0x03001acc        0x8 mm_main_gba.o
                0x03001acc                mpp_call_r7i
                0x03001ace                mpp_call_r2i
                0x03001ad0                mpp_call_r1i
 .iwram         0x03001ad4      0x838 mm_mixer_gba.o
                0x03001ad8                mmVBlank
                0x03001b5c                mmMixerMix
 *fill*         0x0300230c        0x4 ff
 .iwram.__stub  0x03002310        0xc linker stubs
 *iwram.*(.text* .data*)
                0x0300231c                        . = ALIGN (0x4)
                0x03002320                        __iwram_end__ = ABSOLUTE (.)
                0x082decb4                        __data_lma = (__iwram_lma + SIZEOF (.iwram))

.bss            0x03002320      0x870
                0x03002320                        __bss_start = ABSOLUTE (.)
                0x03002320                        __bss_start__ = ABSOLUTE (.)
 *(.dynbss)
 *(.gnu.linkonce.b*)
 *(.bss*)
 .bss.completed.1
                0x03002320        0x1 /opt/devkitpro/devkitARM/bin/../lib/gcc/arm-none-eabi/14.2.0/thumb/crtbegin.o
 *fill*         0x03002321        0x3 
 .bss.object.0  0x03002324       0x18 /opt/devkitpro/devkitARM/bin/../lib/gcc/arm-none-eabi/14.2.0/thumb/crtbegin.o
 .bss           0x0300233c      0x50c /tmp/ccYE22nW.ltrans0.ltrans.o
                0x0300233c                IRQ_VectorTable
                0x03002798                _ZN2bn22hblank_effects_manager12_GLOBAL__N_113internal_dataE.lto_priv.0
 .bss           0x03002848        0x4 /tmp/ccYE22nW.ltrans1.ltrans.o
                0x03002848                fake_heap_end
 .bss           0x0300284c       0x2d mm_effect.o
                0x03002870                mm_sfx_bitmask
                0x03002874                mm_sfx_clearmask
 *fill*         0x03002879        0x3 
 .bss           0x0300287c        0x8 mm_main.o
                0x0300287c                mmCallback
                0x03002880                mm_ch_mask
 .bss           0x03002884      0x148 mm_mas.o
                0x03002884                mmLayerMain
                0x030028bc                mmLayerSub
                0x030028f4                mpp_vars
                0x03002904                mpp_layerp
                0x03002908                mpp_channels
                0x03002918                mpp_nchannels
                0x03002919                mpp_clayer
                0x0300291c                mm_achannels
                0x03002920                mm_pchannels
                0x03002924                mm_num_mch
                0x03002928                mm_num_ach
                0x0300292c                mm_schannels
 .bss           0x030029cc        0x8 mm_main_gba.o
                0x030029cc                mm_vblank_function
                0x030029d0                mp_solution
 .bss           0x030029d4      0x1bc mm_mixer_gba.o
                0x030029d4                mp_writepos
                0x030029dc                mm_mixchannels
                0x030029e4                mm_mixlen
                0x030029f8                mm_bpmdv
                0x030029fc                mp_mix_seg
 *(COMMON)
                0x03002b90                        . = ALIGN (0x4)
                0x03002b90                        __bss_end__ = ABSOLUTE (.)

.data           0x03002b90        0x4 load address 0x082decb4
                0x03002b90                        __data_start__ = ABSOLUTE (.)
 *(.data*)
 .data.__dso_handle
                0x03002b90        0x4 /opt/devkitpro/devkitARM/bin/../lib/gcc/arm-none-eabi/14.2.0/thumb/crtbegin.o
                0x03002b90                __dso_handle
 *(.gnu.linkonce.d*)
                0x03002b94                        . = ALIGN (0x4)
                0x082decb8                        __preinit_lma = (__data_lma + SIZEOF (.data))

.igot.plt       0x03002b94        0x0 load address 0x082decb8
 .igot.plt      0x03002b94        0x0 /opt/devkitpro/devkitARM/bin/../lib/gcc/arm-none-eabi/14.2.0/../../../../arm-none-eabi/lib/thumb/gba_crt0.o

.preinit_array  0x03002b94        0x0 load address 0x082decb8
                0x03002b94                        __preinit_array_start = ABSOLUTE (.)
 *(.preinit_array)
                0x03002b94                        __preinit_array_end = ABSOLUTE (.)
                0x082decb8                        __init_lma = (__preinit_lma + SIZEOF (.preinit_array))

.init_array     0x03002b94        0x8 load address 0x082decb8
                0x03002b94                        __init_array_start = ABSOLUTE (.)
 *(SORT_BY_NAME(.init_array.*))
 *(.init_array)
 .init_array    0x03002b94        0x4 /opt/devkitpro/devkitARM/bin/../lib/gcc/arm-none-eabi/14.2.0/thumb/crtbegin.o
 .init_array    0x03002b98        0x4 /tmp/ccYE22nW.ltrans1.ltrans.o
                0x03002b9c                        __init_array_end = ABSOLUTE (.)
                0x082decc0                        __fini_lma = (__init_lma + SIZEOF (.init_array))

.fini_array     0x03002b9c        0x4 load address 0x082decc0
                0x03002b9c                        __fini_array_start = ABSOLUTE (.)
 *(SORT_BY_NAME(.fini_array.*))
 *(.fini_array)
 .fini_array    0x03002b9c        0x4 /opt/devkitpro/devkitARM/bin/../lib/gcc/arm-none-eabi/14.2.0/thumb/crtbegin.o
                0x03002ba0                        __fini_array_end = ABSOLUTE (.)
                0x082decc4                        __jcr_lma = (__fini_lma + SIZEOF (.fini_array))

.jcr
 *(.jcr)
                0x03002ba0                        __data_end__ = ABSOLUTE (.)
                0x082decc4                        __iwram_overlay_lma = (__jcr_lma + SIZEOF (.jcr))
                0x03002ba0                        __iwram_overlay_start = .

.iwram0         0x03002ba0        0x0 load address 0x082decc4
 *(.iwram0)
                0x03002ba0                        . = ALIGN (0x4)
                0x082decc4                        PROVIDE (__load_start_iwram0 = LOADADDR (.iwram0))
                0x082decc4                        PROVIDE (__load_stop_iwram0 = (LOADADDR (.iwram0) + SIZEOF (.iwram0)))

.iwram1         0x03002ba0        0x0
 *(.iwram1)
                0x03002ba0                        . = ALIGN (0x4)
                [!provide]                        PROVIDE (__load_start_iwram1 = LOADADDR (.iwram1))
                [!provide]                        PROVIDE (__load_stop_iwram1 = (LOADADDR (.iwram1) + SIZEOF (.iwram1)))

.iwram2         0x03002ba0        0x0
 *(.iwram2)
                0x03002ba0                        . = ALIGN (0x4)
                [!provide]                        PROVIDE (__load_start_iwram2 = LOADADDR (.iwram2))
                [!provide]                        PROVIDE (__load_stop_iwram2 = (LOADADDR (.iwram2) + SIZEOF (.iwram2)))

.iwram3         0x03002ba0        0x0
 *(.iwram3)
                0x03002ba0                        . = ALIGN (0x4)
                [!provide]                        PROVIDE (__load_start_iwram3 = LOADADDR (.iwram3))
                [!provide]                        PROVIDE (__load_stop_iwram3 = (LOADADDR (.iwram3) + SIZEOF (.iwram3)))

.iwram4         0x03002ba0        0x0
 *(.iwram4)
                0x03002ba0                        . = ALIGN (0x4)
                [!provide]                        PROVIDE (__load_start_iwram4 = LOADADDR (.iwram4))
                [!provide]                        PROVIDE (__load_stop_iwram4 = (LOADADDR (.iwram4) + SIZEOF (.iwram4)))

.iwram5         0x03002ba0        0x0
 *(.iwram5)
                0x03002ba0                        . = ALIGN (0x4)
                [!provide]                        PROVIDE (__load_start_iwram5 = LOADADDR (.iwram5))
                [!provide]                        PROVIDE (__load_stop_iwram5 = (LOADADDR (.iwram5) + SIZEOF (.iwram5)))

.iwram6         0x03002ba0        0x0
 *(.iwram6)
                0x03002ba0                        . = ALIGN (0x4)
                [!provide]                        PROVIDE (__load_start_iwram6 = LOADADDR (.iwram6))
                [!provide]                        PROVIDE (__load_stop_iwram6 = (LOADADDR (.iwram6) + SIZEOF (.iwram6)))

.iwram7         0x03002ba0        0x0
 *(.iwram7)
                0x03002ba0                        . = ALIGN (0x4)
                [!provide]                        PROVIDE (__load_start_iwram7 = LOADADDR (.iwram7))
                [!provide]                        PROVIDE (__load_stop_iwram7 = (LOADADDR (.iwram7) + SIZEOF (.iwram7)))

.iwram8         0x03002ba0        0x0
 *(.iwram8)
                0x03002ba0                        . = ALIGN (0x4)
                [!provide]                        PROVIDE (__load_start_iwram8 = LOADADDR (.iwram8))
                [!provide]                        PROVIDE (__load_stop_iwram8 = (LOADADDR (.iwram8) + SIZEOF (.iwram8)))

.iwram9         0x03002ba0        0x0
 *(.iwram9)
                0x03002ba0                        . = ALIGN (0x4)
                [!provide]                        PROVIDE (__load_start_iwram9 = LOADADDR (.iwram9))
                [!provide]                        PROVIDE (__load_stop_iwram9 = (LOADADDR (.iwram9) + SIZEOF (.iwram9)))
                0x03002ba0                        __iwram_overlay_end = .
                0x082decc4                        __ewram_lma = (__iwram_overlay_lma + (__iwram_overlay_end - __iwram_overlay_start))
                0x03002ba0                        __iheap_start = .
                0x02000000                        __ewram_start = ORIGIN (ewram)

.ewram          0x02000000       0xf4 load address 0x082decc4
 *(.ewram*)
 .ewram         0x02000000       0x10 /tmp/ccYE22nW.ltrans0.ltrans.o
                0x02000004                Vgm
 .ewram         0x02000010       0x48 /tmp/ccYE22nW.ltrans1.ltrans.o
 .ewram         0x02000058       0x9c bn_hw_game_pak.bn_ewram.o
                0x02000058                bn::hw::game_pak::_slow_game_pak()
                0x020000f4                        . = ALIGN (0x4)
                0x020000f4                        __ewram_end = ABSOLUTE (.)
                0x082dedb8                        __pad_lma = (__ewram_lma + SIZEOF (.ewram))

.sbss           0x020000f4     0x8204
                0x020000f4                        __sbss_start__ = ABSOLUTE (.)
 *(.sbss*)
 .sbss          0x020000f4     0x8204 /tmp/ccYE22nW.ltrans0.ltrans.o
                0x020000f4                _ZN2bn15cameras_manager12_GLOBAL__N_14dataE.lto_priv.0
                0x0200012c                _ZN2bn4core12_GLOBAL__N_14dataE.lto_priv.0
                0x02000174                _ZN2bn2hw5audio12_GLOBAL__N_14dataE.lto_priv.0
                0x020001c0                _ZN2bn12hdma_manager12_GLOBAL__N_14dataE.lto_priv.0
                0x020001f8                _ZN2bn14memory_manager12_GLOBAL__N_14dataE.lto_priv.0
                0x02000208                _ZN2bn14keypad_manager12_GLOBAL__N_14dataE.lto_priv.0
                0x02000220                gbt.lto_priv.0
                0x020002b8                _ZN2bn17bg_blocks_manager12_GLOBAL__N_14dataE.lto_priv.0
                0x0200049c                _ZN2bn20sprite_tiles_manager12_GLOBAL__N_14dataE.lto_priv.0
                0x02001b10                _ZN2bn16palettes_manager12_GLOBAL__N_14dataE.lto_priv.0
                0x020033a8                _ZN2bn13audio_manager12_GLOBAL__N_14dataE.lto_priv.0
                0x0200351c                _ZN2bn2hw4link12_GLOBAL__N_14dataE.lto_priv.0
                0x0200364c                _ZN2bn22hblank_effects_manager12_GLOBAL__N_113external_dataE.lto_priv.0
                0x02005090                _ZN2bn11bgs_manager12_GLOBAL__N_14dataE.lto_priv.0
                0x0200533c                _ZN2bn15display_manager12_GLOBAL__N_14dataE.lto_priv.0
                0x020053e0                _ZN2bn26sprite_affine_mats_manager12_GLOBAL__N_14dataE.lto_priv.0
                0x02005ca8                _ZN2bn15sprites_manager12_GLOBAL__N_14dataE.lto_priv.0
                0x020082f8                        . = ALIGN (0x4)
                0x020082f8                        __sbss_end__ = ABSOLUTE (.)
                0x020082f8                        __end__ = ABSOLUTE (.)
                0x020082f8                        __eheap_start = ABSOLUTE (.)

.pad            0x020082f8        0x8 load address 0x082dedb8
                0x020082f8        0x4 LONG 0x52416b64
                0x020082fc        0x4 LONG 0x4d
                0x02008300                        . = ALIGN (0x4)
                0x082dedc0                        __rom_end__ = (__pad_lma + SIZEOF (.pad))

.rel.dyn        0x02008300        0x0 load address 0x082dedc0
 .rel.iplt      0x02008300        0x0 /opt/devkitpro/devkitARM/bin/../lib/gcc/arm-none-eabi/14.2.0/../../../../arm-none-eabi/lib/thumb/gba_crt0.o

.stab
 *(.stab)

.stabstr
 *(.stabstr)

.stab.excl
 *(.stab.excl)

.stab.exclstr
 *(.stab.exclstr)

.stab.index
 *(.stab.index)

.stab.indexstr
 *(.stab.indexstr)

.comment        0x00000000       0x23
 *(.comment)
 .comment       0x00000000       0x23 /opt/devkitpro/devkitARM/bin/../lib/gcc/arm-none-eabi/14.2.0/thumb/crtbegin.o
                                 0x24 (size before relaxing)
 .comment       0x00000023       0x24 /tmp/ccYE22nW.ltrans0.ltrans.o
 .comment       0x00000023       0x24 /tmp/ccYE22nW.ltrans1.ltrans.o
 .comment       0x00000023       0x24 bn_sprites_manager.bn_iwram.o
 .comment       0x00000023       0x24 bn_hw_common.bn_noflto.o
 .comment       0x00000023       0x24 bn_hw_game_pak.bn_ewram.o
 .comment       0x00000023       0x24 bn_hw_palettes.bn_iwram.o
 .comment       0x00000023       0x24 /opt/devkitpro/devkitARM/bin/../lib/gcc/arm-none-eabi/14.2.0/thumb/crtend.o

.debug
 *(.debug)

.line
 *(.line)

.debug_srcinfo
 *(.debug_srcinfo)

.debug_sfnames
 *(.debug_sfnames)

.debug_aranges  0x00000000      0x5c8
 *(.debug_aranges)
 .debug_aranges
                0x00000000       0x28 /tmp/ccYE22nW.ltrans0.ltrans.o
 .debug_aranges
                0x00000028       0x20 /tmp/ccYE22nW.ltrans1.ltrans.o
 .debug_aranges
                0x00000048       0x30 bn_sprites_manager.bn_iwram.o
 .debug_aranges
                0x00000078       0x58 bn_hw_common.bn_noflto.o
 .debug_aranges
                0x000000d0       0x20 bn_hw_game_pak.bn_ewram.o
 .debug_aranges
                0x000000f0       0x28 bn_hw_palettes.bn_iwram.o
 .debug_aranges
                0x00000118       0x20 bn_hw_bg_blocks.o
 .debug_aranges
                0x00000138       0x20 bn_hw_hblank_effects.o
 .debug_aranges
                0x00000158       0x20 bn_hw_palettes_asm.o
 .debug_aranges
                0x00000178       0x20 clr_blend_fast.o
 .debug_aranges
                0x00000198       0x20 clr_fade_fast.o
 .debug_aranges
                0x000001b8      0x130 tonc_bios.o
 .debug_aranges
                0x000002e8       0x28 tonc_memset.o
 .debug_aranges
                0x00000310       0x20 irq_handler.o
 .debug_aranges
                0x00000330       0x20 posprintf.o
 .debug_aranges
                0x00000350       0x38 lmul.o
 .debug_aranges
                0x00000388       0x30 memcpy.o
 .debug_aranges
                0x000003b8       0x38 memmove.o
 .debug_aranges
                0x000003f0       0x38 memset.o
 .debug_aranges
                0x00000428       0x28 rmemcpy.o
 .debug_aranges
                0x00000450       0x20 sdiv32.o
 .debug_aranges
                0x00000470       0x20 udiv32.o
 .debug_aranges
                0x00000490       0x20 huffman.o
 .debug_aranges
                0x000004b0       0x20 lz77.o
 .debug_aranges
                0x000004d0       0x20 running_length.o
 .debug_aranges
                0x000004f0       0x20 mm_effect.o
 .debug_aranges
                0x00000510       0x20 mm_main.o
 .debug_aranges
                0x00000530       0x28 mm_mas.o
 .debug_aranges
                0x00000558       0x20 mm_mas_arm.o
 .debug_aranges
                0x00000578       0x28 mm_main_gba.o
 .debug_aranges
                0x000005a0       0x28 mm_mixer_gba.o

.debug_pubnames
 *(.debug_pubnames)

.debug_info     0x00000000   0x1beee0
 *(.debug_info)
 .debug_info    0x00000000    0x26e6f /tmp/ccYE22nW.ltrans0.ltrans.o
 .debug_info    0x00026e6f    0x1e9dd /tmp/ccYE22nW.ltrans1.ltrans.o
 .debug_info    0x0004584c     0xdcc7 /tmp/ccXv3z1R.debug.temp.o
                0x0004584c                main.cpp.2911cb98
 .debug_info    0x00053513     0x96a3 /tmp/ccdhqrsg.debug.temp.o
                0x00053513                bn_affine_bg_animate_actions.cpp.b5e2c8b9
 .debug_info    0x0005cbb6     0xdb21 /tmp/ccK6SnnY.debug.temp.o
                0x0005cbb6                bn_audio_manager.cpp.89bc560f
 .debug_info    0x0006a6d7     0x45a8 /tmp/ccuI3sO8.debug.temp.o
                0x0006a6d7                bn_best_fit_allocator.cpp.36ff329c
 .debug_info    0x0006ec7f    0x1c99a /tmp/cchwMjce.debug.temp.o
                0x0006ec7f                bn_bg_blocks_manager.cpp.315772da
 .debug_info    0x0008b619    0x1e88a /tmp/cc8buz4a.debug.temp.o
                0x0008b619                bn_bgs_manager.cpp.2896f2e4
 .debug_info    0x000a9ea3     0x4d11 /tmp/cc7oyBL5.debug.temp.o
                0x000a9ea3                bn_cameras_manager.cpp.8f724f12
 .debug_info    0x000aebb4     0x64b3 /tmp/cc5IwUfK.debug.temp.o
                0x000aebb4                bn_core.cpp.bb23befe
 .debug_info    0x000b5067    0x13e13 /tmp/cccjTxTN.debug.temp.o
                0x000b5067                bn_display_manager.cpp.b8828ff9
 .debug_info    0x000c8e7a     0x4c6f /tmp/cc4XMtTA.debug.temp.o
                0x000c8e7a                bn_gpio_manager.cpp.3fdd2ce1
 .debug_info    0x000cdae9    0x39148 /tmp/ccJNg3RW.debug.temp.o
                0x000cdae9                bn_hblank_effects_manager.cpp.09b542e7
 .debug_info    0x00106c31     0x1d27 /tmp/ccHdlH9b.debug.temp.o
                0x00106c31                bn_hdma_manager.cpp.a6285ce1
 .debug_info    0x00108958     0x4a03 /tmp/ccROrdDm.debug.temp.o
                0x00108958                bn_keypad_manager.cpp.a9f2be93
 .debug_info    0x0010d35b     0x4dbc /tmp/ccHyT0pD.debug.temp.o
                0x0010d35b                bn_link_manager.cpp.811020bf
 .debug_info    0x00112117     0x4cb7 /tmp/cchAlpJT.debug.temp.o
                0x00112117                bn_memory_manager.cpp.deabf9b4
 .debug_info    0x00116dce     0xf0a6 /tmp/ccduGbWU.debug.temp.o
                0x00116dce                bn_palettes_manager.cpp.e0e03341
 .debug_info    0x00125e74     0xf973 /tmp/cclKhYLc.debug.temp.o
                0x00125e74                bn_sprite_affine_mats_manager.cpp.06629dd2
 .debug_info    0x001357e7     0x8e56 /tmp/ccHLodPd.debug.temp.o
                0x001357e7                bn_sprite_animate_actions.cpp.51c0c25f
 .debug_info    0x0013e63d    0x145e9 /tmp/ccniznOf.debug.temp.o
                0x0013e63d                bn_sprite_text_generator.cpp.db265e72
 .debug_info    0x00152c26     0xde85 /tmp/cci4fFy9.debug.temp.o
                0x00152c26                bn_sprite_tiles_manager.cpp.535fb3fd
 .debug_info    0x00160aab    0x1a647 /tmp/ccmMP40S.debug.temp.o
                0x00160aab                bn_sprites_manager.cpp.7b02a43a
 .debug_info    0x0017b0f2     0x5df9 /tmp/ccRKnvLP.debug.temp.o
                0x0017b0f2                bn_sstream.cpp.ee7996c3
 .debug_info    0x00180eeb    0x10961 /tmp/ccgWdeND.debug.temp.o
                0x00180eeb                bn_translation_unit.cpp.f744d1cb
 .debug_info    0x0019184c     0x59a1 /tmp/ccSdliCt.debug.temp.o
                0x0019184c                bn_hw_audio.cpp.5922584d
 .debug_info    0x001971ed     0x155e /tmp/ccCZSoLh.debug.temp.o
                0x001971ed                bn_hw_cstdlib.cpp.16f60d95
 .debug_info    0x0019874b     0x5b63 /tmp/cce3Oavh.debug.temp.o
                0x0019874b                bn_hw_link.cpp.a3c4f2b2
 .debug_info    0x0019e2ae     0x49b3 /tmp/ccT0a4GD.debug.temp.o
                0x0019e2ae                bn_hw_palettes.cpp.4be6ba20
 .debug_info    0x001a2c61     0x5f99 /tmp/cckLaGGA.debug.temp.o
                0x001a2c61                bn_hw_show.cpp.f89484b9
 .debug_info    0x001a8bfa      0x549 /tmp/ccsus712.debug.temp.o
                0x001a8bfa                bn_hw_sram.cpp.39d7767c
 .debug_info    0x001a9143      0x6c7 /tmp/cce8ntHG.debug.temp.o
                0x001a9143                bn_hw_system_font.cpp.849f8ae3
 .debug_info    0x001a980a     0x41c0 /tmp/ccPXuo4J.debug.temp.o
                0x001a980a                bn_hw_text.cpp.44c530c1
 .debug_info    0x001ad9ca      0x64e /tmp/ccaJFPzn.debug.temp.o
                0x001ad9ca                vgm.cpp.d559327b
 .debug_info    0x001ae018      0x594 /tmp/ccEzuyJG.debug.temp.o
                0x001ae018                tonc_color.c.b3762d91
 .debug_info    0x001ae5ac      0x5e1 /tmp/ccj2reSk.debug.temp.o
                0x001ae5ac                tonc_sbmp16.c.f2ae494c
 .debug_info    0x001aeb8d      0x596 /tmp/ccNyt08z.debug.temp.o
                0x001aeb8d                bmp16_drawg_b1cs.c.c2c5ef08
 .debug_info    0x001af123      0x4cf /tmp/ccxn2KbQ.debug.temp.o
                0x001af123                tte_init_bmp.c.9b0c580c
 .debug_info    0x001af5f2      0x9be /tmp/ccSeCTme.debug.temp.o
                0x001af5f2                tte_main.c.eb02a301
 .debug_info    0x001affb0      0x1b3 /tmp/ccV5wqgK.debug.temp.o
                0x001affb0                interrupts_gba.c.629263ff
 .debug_info    0x001b0163     0x119b /tmp/ccJuCk8f.debug.temp.o
                0x001b0163                gbt_player.c.0480fa31
 .debug_info    0x001b12fe     0xa5b1 bn_sprites_manager.bn_iwram.o
 .debug_info    0x001bb8af     0x19e4 bn_hw_common.bn_noflto.o
 .debug_info    0x001bd293      0x614 bn_hw_game_pak.bn_ewram.o
 .debug_info    0x001bd8a7     0x1104 bn_hw_palettes.bn_iwram.o
 .debug_info    0x001be9ab       0x23 bn_hw_bg_blocks.o
 .debug_info    0x001be9ce       0x24 bn_hw_hblank_effects.o
 .debug_info    0x001be9f2       0x23 bn_hw_palettes_asm.o
 .debug_info    0x001bea15       0x30 clr_blend_fast.o
 .debug_info    0x001bea45       0x23 clr_fade_fast.o
 .debug_info    0x001bea68      0x1c8 tonc_bios.o
 .debug_info    0x001bec30       0x3a tonc_memset.o
 .debug_info    0x001bec6a       0x24 irq_handler.o
 .debug_info    0x001bec8e       0x24 posprintf.o
 .debug_info    0x001becb2       0x22 lmul.o
 .debug_info    0x001becd4       0x22 memcpy.o
 .debug_info    0x001becf6       0x22 memmove.o
 .debug_info    0x001bed18       0x22 memset.o
 .debug_info    0x001bed3a       0x22 rmemcpy.o
 .debug_info    0x001bed5c       0x23 sdiv32.o
 .debug_info    0x001bed7f       0x24 udiv32.o
 .debug_info    0x001beda3       0x24 huffman.o
 .debug_info    0x001bedc7       0x24 lz77.o
 .debug_info    0x001bedeb       0x24 running_length.o
 .debug_info    0x001bee0f       0x24 mm_effect.o
 .debug_info    0x001bee33       0x23 mm_main.o
 .debug_info    0x001bee56       0x22 mm_mas.o
 .debug_info    0x001bee78       0x24 mm_mas_arm.o
 .debug_info    0x001bee9c       0x22 mm_main_gba.o
 .debug_info    0x001beebe       0x22 mm_mixer_gba.o

.debug_abbrev   0x00000000    0x17186
 *(.debug_abbrev)
 .debug_abbrev  0x00000000      0x37c /tmp/ccYE22nW.ltrans0.ltrans.o
 .debug_abbrev  0x0000037c      0x38c /tmp/ccYE22nW.ltrans1.ltrans.o
 .debug_abbrev  0x00000708      0xd95 /tmp/ccXv3z1R.debug.temp.o
 .debug_abbrev  0x0000149d      0xa09 /tmp/ccdhqrsg.debug.temp.o
 .debug_abbrev  0x00001ea6      0xde4 /tmp/ccK6SnnY.debug.temp.o
 .debug_abbrev  0x00002c8a      0x882 /tmp/ccuI3sO8.debug.temp.o
 .debug_abbrev  0x0000350c      0xdd0 /tmp/cchwMjce.debug.temp.o
 .debug_abbrev  0x000042dc     0x10f6 /tmp/cc8buz4a.debug.temp.o
 .debug_abbrev  0x000053d2      0x9f8 /tmp/cc7oyBL5.debug.temp.o
 .debug_abbrev  0x00005dca      0xb46 /tmp/cc5IwUfK.debug.temp.o
 .debug_abbrev  0x00006910      0xcb1 /tmp/cccjTxTN.debug.temp.o
 .debug_abbrev  0x000075c1      0x921 /tmp/cc4XMtTA.debug.temp.o
 .debug_abbrev  0x00007ee2     0x1054 /tmp/ccJNg3RW.debug.temp.o
 .debug_abbrev  0x00008f36      0x606 /tmp/ccHdlH9b.debug.temp.o
 .debug_abbrev  0x0000953c      0x8b3 /tmp/ccROrdDm.debug.temp.o
 .debug_abbrev  0x00009def      0x991 /tmp/ccHyT0pD.debug.temp.o
 .debug_abbrev  0x0000a780      0x910 /tmp/cchAlpJT.debug.temp.o
 .debug_abbrev  0x0000b090      0xdc2 /tmp/ccduGbWU.debug.temp.o
 .debug_abbrev  0x0000be52      0xead /tmp/cclKhYLc.debug.temp.o
 .debug_abbrev  0x0000ccff      0x9c1 /tmp/ccHLodPd.debug.temp.o
 .debug_abbrev  0x0000d6c0      0xcab /tmp/ccniznOf.debug.temp.o
 .debug_abbrev  0x0000e36b      0xdee /tmp/cci4fFy9.debug.temp.o
 .debug_abbrev  0x0000f159      0xeea /tmp/ccmMP40S.debug.temp.o
 .debug_abbrev  0x00010043      0x79e /tmp/ccRKnvLP.debug.temp.o
 .debug_abbrev  0x000107e1      0xcbf /tmp/ccgWdeND.debug.temp.o
 .debug_abbrev  0x000114a0      0xb98 /tmp/ccSdliCt.debug.temp.o
 .debug_abbrev  0x00012038      0x519 /tmp/ccCZSoLh.debug.temp.o
 .debug_abbrev  0x00012551      0x9dc /tmp/cce3Oavh.debug.temp.o
 .debug_abbrev  0x00012f2d      0x7d4 /tmp/ccT0a4GD.debug.temp.o
 .debug_abbrev  0x00013701      0x9c8 /tmp/cckLaGGA.debug.temp.o
 .debug_abbrev  0x000140c9      0x192 /tmp/ccsus712.debug.temp.o
 .debug_abbrev  0x0001425b      0x228 /tmp/cce8ntHG.debug.temp.o
 .debug_abbrev  0x00014483      0x70d /tmp/ccPXuo4J.debug.temp.o
 .debug_abbrev  0x00014b90      0x1a4 /tmp/ccaJFPzn.debug.temp.o
 .debug_abbrev  0x00014d34       0xf4 /tmp/ccEzuyJG.debug.temp.o
 .debug_abbrev  0x00014e28      0x1c6 /tmp/ccj2reSk.debug.temp.o
 .debug_abbrev  0x00014fee      0x174 /tmp/ccNyt08z.debug.temp.o
 .debug_abbrev  0x00015162      0x1b1 /tmp/ccxn2KbQ.debug.temp.o
 .debug_abbrev  0x00015313      0x266 /tmp/ccSeCTme.debug.temp.o
 .debug_abbrev  0x00015579       0xed /tmp/ccV5wqgK.debug.temp.o
 .debug_abbrev  0x00015666      0x187 /tmp/ccJuCk8f.debug.temp.o
 .debug_abbrev  0x000157ed      0xabc bn_sprites_manager.bn_iwram.o
 .debug_abbrev  0x000162a9      0x606 bn_hw_common.bn_noflto.o
 .debug_abbrev  0x000168af      0x1e0 bn_hw_game_pak.bn_ewram.o
 .debug_abbrev  0x00016a8f      0x4db bn_hw_palettes.bn_iwram.o
 .debug_abbrev  0x00016f6a       0x14 bn_hw_bg_blocks.o
 .debug_abbrev  0x00016f7e       0x14 bn_hw_hblank_effects.o
 .debug_abbrev  0x00016f92       0x14 bn_hw_palettes_asm.o
 .debug_abbrev  0x00016fa6       0x28 clr_blend_fast.o
 .debug_abbrev  0x00016fce       0x14 clr_fade_fast.o
 .debug_abbrev  0x00016fe2       0x26 tonc_bios.o
 .debug_abbrev  0x00017008       0x26 tonc_memset.o
 .debug_abbrev  0x0001702e       0x14 irq_handler.o
 .debug_abbrev  0x00017042       0x14 posprintf.o
 .debug_abbrev  0x00017056       0x12 lmul.o
 .debug_abbrev  0x00017068       0x12 memcpy.o
 .debug_abbrev  0x0001707a       0x12 memmove.o
 .debug_abbrev  0x0001708c       0x12 memset.o
 .debug_abbrev  0x0001709e       0x12 rmemcpy.o
 .debug_abbrev  0x000170b0       0x14 sdiv32.o
 .debug_abbrev  0x000170c4       0x14 udiv32.o
 .debug_abbrev  0x000170d8       0x14 huffman.o
 .debug_abbrev  0x000170ec       0x14 lz77.o
 .debug_abbrev  0x00017100       0x14 running_length.o
 .debug_abbrev  0x00017114       0x14 mm_effect.o
 .debug_abbrev  0x00017128       0x14 mm_main.o
 .debug_abbrev  0x0001713c       0x12 mm_mas.o
 .debug_abbrev  0x0001714e       0x14 mm_mas_arm.o
 .debug_abbrev  0x00017162       0x12 mm_main_gba.o
 .debug_abbrev  0x00017174       0x12 mm_mixer_gba.o

.debug_line     0x00000000    0x3b77f
 *(.debug_line)
 .debug_line    0x00000000    0x15a2f /tmp/ccYE22nW.ltrans0.ltrans.o
 .debug_line    0x00015a2f     0xeee7 /tmp/ccYE22nW.ltrans1.ltrans.o
 .debug_line    0x00024916      0xa80 /tmp/ccXv3z1R.debug.temp.o
 .debug_line    0x00025396      0x73e /tmp/ccdhqrsg.debug.temp.o
 .debug_line    0x00025ad4      0x9a0 /tmp/ccK6SnnY.debug.temp.o
 .debug_line    0x00026474      0x615 /tmp/ccuI3sO8.debug.temp.o
 .debug_line    0x00026a89      0xb96 /tmp/cchwMjce.debug.temp.o
 .debug_line    0x0002761f      0xda4 /tmp/cc8buz4a.debug.temp.o
 .debug_line    0x000283c3      0x701 /tmp/cc7oyBL5.debug.temp.o
 .debug_line    0x00028ac4      0xaae /tmp/cc5IwUfK.debug.temp.o
 .debug_line    0x00029572      0xcdb /tmp/cccjTxTN.debug.temp.o
 .debug_line    0x0002a24d      0x727 /tmp/cc4XMtTA.debug.temp.o
 .debug_line    0x0002a974     0x1f37 /tmp/ccJNg3RW.debug.temp.o
 .debug_line    0x0002c8ab      0x5df /tmp/ccHdlH9b.debug.temp.o
 .debug_line    0x0002ce8a      0x6b4 /tmp/ccROrdDm.debug.temp.o
 .debug_line    0x0002d53e      0x7c9 /tmp/ccHyT0pD.debug.temp.o
 .debug_line    0x0002dd07      0x85e /tmp/cchAlpJT.debug.temp.o
 .debug_line    0x0002e565      0xace /tmp/ccduGbWU.debug.temp.o
 .debug_line    0x0002f033      0xad5 /tmp/cclKhYLc.debug.temp.o
 .debug_line    0x0002fb08      0x6d7 /tmp/ccHLodPd.debug.temp.o
 .debug_line    0x000301df      0x9e9 /tmp/ccniznOf.debug.temp.o
 .debug_line    0x00030bc8      0x944 /tmp/cci4fFy9.debug.temp.o
 .debug_line    0x0003150c      0xc8b /tmp/ccmMP40S.debug.temp.o
 .debug_line    0x00032197      0x635 /tmp/ccRKnvLP.debug.temp.o
 .debug_line    0x000327cc      0xb2e /tmp/ccgWdeND.debug.temp.o
 .debug_line    0x000332fa      0x8ff /tmp/ccSdliCt.debug.temp.o
 .debug_line    0x00033bf9      0x462 /tmp/ccCZSoLh.debug.temp.o
 .debug_line    0x0003405b      0x75c /tmp/cce3Oavh.debug.temp.o
 .debug_line    0x000347b7      0x6c5 /tmp/ccT0a4GD.debug.temp.o
 .debug_line    0x00034e7c      0x85f /tmp/cckLaGGA.debug.temp.o
 .debug_line    0x000356db      0x35d /tmp/ccsus712.debug.temp.o
 .debug_line    0x00035a38      0x31a /tmp/cce8ntHG.debug.temp.o
 .debug_line    0x00035d52      0x68e /tmp/ccPXuo4J.debug.temp.o
 .debug_line    0x000363e0      0x24f /tmp/ccaJFPzn.debug.temp.o
 .debug_line    0x0003662f      0x10b /tmp/ccEzuyJG.debug.temp.o
 .debug_line    0x0003673a      0x10e /tmp/ccj2reSk.debug.temp.o
 .debug_line    0x00036848      0x116 /tmp/ccNyt08z.debug.temp.o
 .debug_line    0x0003695e      0x112 /tmp/ccxn2KbQ.debug.temp.o
 .debug_line    0x00036a70      0x157 /tmp/ccSeCTme.debug.temp.o
 .debug_line    0x00036bc7      0x180 /tmp/ccV5wqgK.debug.temp.o
 .debug_line    0x00036d47      0x184 /tmp/ccJuCk8f.debug.temp.o
 .debug_line    0x00036ecb     0x1000 bn_sprites_manager.bn_iwram.o
 .debug_line    0x00037ecb      0x689 bn_hw_common.bn_noflto.o
 .debug_line    0x00038554      0x507 bn_hw_game_pak.bn_ewram.o
 .debug_line    0x00038a5b      0x748 bn_hw_palettes.bn_iwram.o
 .debug_line    0x000391a3       0xa3 bn_hw_bg_blocks.o
 .debug_line    0x00039246       0xbc bn_hw_hblank_effects.o
 .debug_line    0x00039302       0x93 bn_hw_palettes_asm.o
 .debug_line    0x00039395       0xb3 clr_blend_fast.o
 .debug_line    0x00039448       0xb2 clr_fade_fast.o
 .debug_line    0x000394fa      0x2ce tonc_bios.o
 .debug_line    0x000397c8       0xd1 tonc_memset.o
 .debug_line    0x00039899       0xee irq_handler.o
 .debug_line    0x00039987      0x1c8 posprintf.o
 .debug_line    0x00039b4f       0xce lmul.o
 .debug_line    0x00039c1d       0xe4 memcpy.o
 .debug_line    0x00039d01       0xc4 memmove.o
 .debug_line    0x00039dc5       0xee memset.o
 .debug_line    0x00039eb3       0xd1 rmemcpy.o
 .debug_line    0x00039f84       0x9f sdiv32.o
 .debug_line    0x0003a023      0x108 udiv32.o
 .debug_line    0x0003a12b       0xbb huffman.o
 .debug_line    0x0003a1e6      0x101 lz77.o
 .debug_line    0x0003a2e7       0xd9 running_length.o
 .debug_line    0x0003a3c0      0x22a mm_effect.o
 .debug_line    0x0003a5ea       0x9b mm_main.o
 .debug_line    0x0003a685      0xa8a mm_mas.o
 .debug_line    0x0003b10f      0x210 mm_mas_arm.o
 .debug_line    0x0003b31f      0x12e mm_main_gba.o
 .debug_line    0x0003b44d      0x332 mm_mixer_gba.o

.debug_frame    0x00000000     0x19e4
 *(.debug_frame)
 .debug_frame   0x00000000      0x63c /tmp/ccYE22nW.ltrans0.ltrans.o
 .debug_frame   0x0000063c     0x11ac /tmp/ccYE22nW.ltrans1.ltrans.o
 .debug_frame   0x000017e8       0x94 bn_sprites_manager.bn_iwram.o
 .debug_frame   0x0000187c       0xec bn_hw_common.bn_noflto.o
 .debug_frame   0x00001968       0x34 bn_hw_game_pak.bn_ewram.o
 .debug_frame   0x0000199c       0x48 bn_hw_palettes.bn_iwram.o

.debug_str      0x00000000    0x92145
 *(.debug_str)
 .debug_str     0x00000000      0x697 /tmp/ccYE22nW.ltrans0.ltrans.o
 .debug_str     0x00000000      0xa9f /tmp/ccYE22nW.ltrans1.ltrans.o
 .debug_str     0x00000000     0xec7c /tmp/ccXv3z1R.debug.temp.o
 .debug_str     0x00000000     0x942e /tmp/ccdhqrsg.debug.temp.o
 .debug_str     0x00000000     0xbcc7 /tmp/ccK6SnnY.debug.temp.o
 .debug_str     0x00000000     0x2a33 /tmp/ccuI3sO8.debug.temp.o
 .debug_str     0x00000000    0x16417 /tmp/cchwMjce.debug.temp.o
 .debug_str     0x00000000    0x1b581 /tmp/cc8buz4a.debug.temp.o
 .debug_str     0x00000000     0x3d1e /tmp/cc7oyBL5.debug.temp.o
 .debug_str     0x00000000     0x551b /tmp/cc5IwUfK.debug.temp.o
 .debug_str     0x00000000    0x16bd5 /tmp/cccjTxTN.debug.temp.o
 .debug_str     0x00000000     0x329a /tmp/cc4XMtTA.debug.temp.o
 .debug_str     0x00000000    0x4a0ee /tmp/ccJNg3RW.debug.temp.o
 .debug_str     0x00000000     0x164a /tmp/ccHdlH9b.debug.temp.o
 .debug_str     0x00000000     0x37f9 /tmp/ccROrdDm.debug.temp.o
 .debug_str     0x00000000     0x3b1e /tmp/ccHyT0pD.debug.temp.o
 .debug_str     0x00000000     0x31f2 /tmp/cchAlpJT.debug.temp.o
 .debug_str     0x00000000     0xc466 /tmp/ccduGbWU.debug.temp.o
 .debug_str     0x00000000     0xf50b /tmp/cclKhYLc.debug.temp.o
 .debug_str     0x00000000     0x82ba /tmp/ccHLodPd.debug.temp.o
 .debug_str     0x00000000    0x1029b /tmp/ccniznOf.debug.temp.o
 .debug_str     0x00000000     0xb50f /tmp/cci4fFy9.debug.temp.o
 .debug_str     0x00000000    0x184fe /tmp/ccmMP40S.debug.temp.o
 .debug_str     0x00000000     0x3dc7 /tmp/ccRKnvLP.debug.temp.o
 .debug_str     0x00000000     0xc004 /tmp/ccgWdeND.debug.temp.o
 .debug_str     0x00000000     0x3426 /tmp/ccSdliCt.debug.temp.o
 .debug_str     0x00000000     0x10ef /tmp/ccCZSoLh.debug.temp.o
 .debug_str     0x00000000     0x45da /tmp/cce3Oavh.debug.temp.o
 .debug_str     0x00000000     0x2bfa /tmp/ccT0a4GD.debug.temp.o
 .debug_str     0x00000000     0x4032 /tmp/cckLaGGA.debug.temp.o
 .debug_str     0x00000000      0x59f /tmp/ccsus712.debug.temp.o
 .debug_str     0x00000000      0x605 /tmp/cce8ntHG.debug.temp.o
 .debug_str     0x00000000     0x29f5 /tmp/ccPXuo4J.debug.temp.o
 .debug_str     0x00000000      0x5f3 /tmp/ccaJFPzn.debug.temp.o
 .debug_str     0x00000000      0x2e3 /tmp/ccEzuyJG.debug.temp.o
 .debug_str     0x00000000      0x329 /tmp/ccj2reSk.debug.temp.o
 .debug_str     0x00000000      0x372 /tmp/ccNyt08z.debug.temp.o
 .debug_str     0x00000000      0x3a0 /tmp/ccxn2KbQ.debug.temp.o
 .debug_str     0x00000000      0x5a3 /tmp/ccSeCTme.debug.temp.o
 .debug_str     0x00000000      0x34e /tmp/ccV5wqgK.debug.temp.o
 .debug_str     0x00000000      0xade /tmp/ccJuCk8f.debug.temp.o
 .debug_str     0x00000000    0x92145 bn_sprites_manager.bn_iwram.o
                               0xb5b3 (size before relaxing)
 .debug_str     0x00092145     0x11b2 bn_hw_common.bn_noflto.o
 .debug_str     0x00092145      0x5e7 bn_hw_game_pak.bn_ewram.o
 .debug_str     0x00092145      0x971 bn_hw_palettes.bn_iwram.o
 .debug_str     0x00092145       0x9e bn_hw_bg_blocks.o
 .debug_str     0x00092145       0xa3 bn_hw_hblank_effects.o
 .debug_str     0x00092145       0xa1 bn_hw_palettes_asm.o
 .debug_str     0x00092145       0xbe clr_blend_fast.o
 .debug_str     0x00092145       0xae clr_fade_fast.o
 .debug_str     0x00092145      0x262 tonc_bios.o
 .debug_str     0x00092145       0xbe tonc_memset.o
 .debug_str     0x00092145       0xac irq_handler.o
 .debug_str     0x00092145       0xac posprintf.o
 .debug_str     0x00092145       0xa4 lmul.o
 .debug_str     0x00092145       0xa6 memcpy.o
 .debug_str     0x00092145       0xa7 memmove.o
 .debug_str     0x00092145       0xa6 memset.o
 .debug_str     0x00092145       0xa7 rmemcpy.o
 .debug_str     0x00092145       0xaa sdiv32.o
 .debug_str     0x00092145       0xaa udiv32.o
 .debug_str     0x00092145       0xb1 huffman.o
 .debug_str     0x00092145       0xae lz77.o
 .debug_str     0x00092145       0xb8 running_length.o
 .debug_str     0x00092145       0xac mm_effect.o
 .debug_str     0x00092145       0xaa mm_main.o
 .debug_str     0x00092145       0xa9 mm_mas.o
 .debug_str     0x00092145       0xad mm_mas_arm.o
 .debug_str     0x00092145       0xb2 mm_main_gba.o
 .debug_str     0x00092145       0xb3 mm_mixer_gba.o

.debug_loc      0x00000000    0x5c795
 *(.debug_loc)
 .debug_loc     0x00000000    0x35f48 /tmp/ccYE22nW.ltrans0.ltrans.o
 .debug_loc     0x00035f48    0x25510 /tmp/ccYE22nW.ltrans1.ltrans.o
 .debug_loc     0x0005b458      0xbc1 bn_sprites_manager.bn_iwram.o
 .debug_loc     0x0005c019      0x309 bn_hw_common.bn_noflto.o
 .debug_loc     0x0005c322      0x102 bn_hw_game_pak.bn_ewram.o
 .debug_loc     0x0005c424      0x371 bn_hw_palettes.bn_iwram.o

.debug_macinfo
 *(.debug_macinfo)

.debug_weaknames
 *(.debug_weaknames)

.debug_funcnames
 *(.debug_funcnames)

.debug_typenames
 *(.debug_typenames)

.debug_varnames
 *(.debug_varnames)

.stack          0x00080000        0x0
                0x00080000                        _stack = .
 *(.stack)

.note.gnu.arm.ident
 *(.note.gnu.arm.ident)

.ARM.attributes
                0x00000000       0x2c
 *(.ARM.attributes)
 .ARM.attributes
                0x00000000       0x20 /opt/devkitpro/devkitARM/bin/../lib/gcc/arm-none-eabi/14.2.0/../../../../arm-none-eabi/lib/thumb/gba_crt0.o
 .ARM.attributes
                0x00000020       0x1c /opt/devkitpro/devkitARM/bin/../lib/gcc/arm-none-eabi/14.2.0/thumb/crti.o
 .ARM.attributes
                0x0000003c       0x2a /opt/devkitpro/devkitARM/bin/../lib/gcc/arm-none-eabi/14.2.0/thumb/crtbegin.o
 .ARM.attributes
                0x00000066       0x1a _bn_audio_soundbank.bin.o
 .ARM.attributes
                0x00000080       0x1a beryl_bn_gfx.o
 .ARM.attributes
                0x0000009a       0x1a bg_berylsroom_bn_gfx.o
 .ARM.attributes
                0x000000b4       0x1a dialogue_back_bn_gfx.o
 .ARM.attributes
                0x000000ce       0x1a font_bn_gfx.o
 .ARM.attributes
                0x000000e8       0x1a starsbackground_bn_gfx.o
 .ARM.attributes
                0x00000102       0x1a ui_bubble_bn_gfx.o
 .ARM.attributes
                0x0000011c       0x28 /tmp/ccYE22nW.ltrans0.ltrans.o
 .ARM.attributes
                0x00000144       0x28 /tmp/ccYE22nW.ltrans1.ltrans.o
 .ARM.attributes
                0x0000016c       0x26 bn_sprites_manager.bn_iwram.o
 .ARM.attributes
                0x00000192       0x26 bn_hw_common.bn_noflto.o
 .ARM.attributes
                0x000001b8       0x26 bn_hw_game_pak.bn_ewram.o
 .ARM.attributes
                0x000001de       0x26 bn_hw_palettes.bn_iwram.o
 .ARM.attributes
                0x00000204       0x26 bn_hw_sprite_tiles.bn_iwram.o
 .ARM.attributes
                0x0000022a       0x26 bn_hw_sram.bn_ewram.o
 .ARM.attributes
                0x00000250       0x1a bn_hw_bg_blocks.o
 .ARM.attributes
                0x0000026a       0x1a bn_hw_core.o
 .ARM.attributes
                0x00000284       0x1a bn_hw_hblank_effects.o
 .ARM.attributes
                0x0000029e       0x1a bn_hw_palettes_asm.o
 .ARM.attributes
                0x000002b8       0x1a clr_blend_fast.o
 .ARM.attributes
                0x000002d2       0x1a clr_fade_fast.o
 .ARM.attributes
                0x000002ec       0x1a tonc_bios.o
 .ARM.attributes
                0x00000306       0x1a tonc_memset.o
 .ARM.attributes
                0x00000320       0x1a tonc_nocash.o
 .ARM.attributes
                0x0000033a       0x1a verdana9.o
 .ARM.attributes
                0x00000354       0x1a irq_handler.o
 .ARM.attributes
                0x0000036e       0x1a posprintf.o
 .ARM.attributes
                0x00000388       0x1a atan2.o
 .ARM.attributes
                0x000003a2       0x1a coroutine_asm.o
 .ARM.attributes
                0x000003bc       0x1a fiq_memcpy.o
 .ARM.attributes
                0x000003d6       0x1a lmul.o
 .ARM.attributes
                0x000003f0       0x1a memcpy.o
 .ARM.attributes
                0x0000040a       0x1a memmove.o
 .ARM.attributes
                0x00000424       0x1a memset.o
 .ARM.attributes
                0x0000043e       0x1a rmemcpy.o
 .ARM.attributes
                0x00000458       0x1a clz.o
 .ARM.attributes
                0x00000472       0x1a sdiv32.o
 .ARM.attributes
                0x0000048c       0x1a sqrt32.o
 .ARM.attributes
                0x000004a6       0x1a udiv32.o
 .ARM.attributes
                0x000004c0       0x1a huffman.o
 .ARM.attributes
                0x000004da       0x1a lz77.o
 .ARM.attributes
                0x000004f4       0x1a running_length.o
 .ARM.attributes
                0x0000050e       0x1a mm_effect.o
 .ARM.attributes
                0x00000528       0x1a mm_main.o
 .ARM.attributes
                0x00000542       0x1a mm_mas.o
 .ARM.attributes
                0x0000055c       0x1a mm_mas_arm.o
 .ARM.attributes
                0x00000576       0x1a mm_init_default.o
 .ARM.attributes
                0x00000590       0x1a mm_main_gba.o
 .ARM.attributes
                0x000005aa       0x1a mm_mixer_gba.o
 .ARM.attributes
                0x000005c4       0x1c /opt/devkitpro/devkitARM/bin/../lib/gcc/arm-none-eabi/14.2.0/thumb/libgcc.a(_call_via_rX.o)
 .ARM.attributes
                0x000005e0       0x1c /opt/devkitpro/devkitARM/bin/../lib/gcc/arm-none-eabi/14.2.0/thumb/libgcc.a(_sync_none.o)
 .ARM.attributes
                0x000005fc       0x1c /opt/devkitpro/devkitARM/bin/../lib/gcc/arm-none-eabi/14.2.0/thumb/libgcc.a(_arm_muldf3.o)
 .ARM.attributes
                0x00000618       0x1c /opt/devkitpro/devkitARM/bin/../lib/gcc/arm-none-eabi/14.2.0/thumb/libgcc.a(_arm_addsubdf3.o)
 .ARM.attributes
                0x00000634       0x1c /opt/devkitpro/devkitARM/bin/../lib/gcc/arm-none-eabi/14.2.0/thumb/libgcc.a(_arm_fixdfsi.o)
 .ARM.attributes
                0x00000650       0x2a /opt/devkitpro/devkitARM/bin/../lib/gcc/arm-none-eabi/14.2.0/thumb/crtend.o
 .ARM.attributes
                0x0000067a       0x1c /opt/devkitpro/devkitARM/bin/../lib/gcc/arm-none-eabi/14.2.0/thumb/crtn.o

/DISCARD/
 *(.note.GNU-stack)
LOAD /opt/devkitpro/devkitARM/bin/../lib/gcc/arm-none-eabi/14.2.0/../../../../arm-none-eabi/lib/thumb/gba_crt0.o
LOAD /opt/devkitpro/devkitARM/bin/../lib/gcc/arm-none-eabi/14.2.0/thumb/crti.o
LOAD /opt/devkitpro/devkitARM/bin/../lib/gcc/arm-none-eabi/14.2.0/thumb/crtbegin.o
LOAD _bn_audio_soundbank.bin.o
LOAD beryl_bn_gfx.o
LOAD bg_berylsroom_bn_gfx.o
LOAD dialogue_back_bn_gfx.o
LOAD font_bn_gfx.o
LOAD starsbackground_bn_gfx.o
LOAD ui_bubble_bn_gfx.o
LOAD goodies.o
LOAD /tmp/ccYE22nW.ltrans0.ltrans.o
LOAD /tmp/ccYE22nW.ltrans1.ltrans.o
LOAD /tmp/ccyD8HnS.debug.temp.o
LOAD /tmp/ccXv3z1R.debug.temp.o
LOAD /tmp/ccdhqrsg.debug.temp.o
LOAD /tmp/ccK6SnnY.debug.temp.o
LOAD /tmp/ccuI3sO8.debug.temp.o
LOAD /tmp/cchwMjce.debug.temp.o
LOAD /tmp/cc8buz4a.debug.temp.o
LOAD /tmp/cc7oyBL5.debug.temp.o
LOAD /tmp/cc5IwUfK.debug.temp.o
LOAD /tmp/cccjTxTN.debug.temp.o
LOAD /tmp/cc4XMtTA.debug.temp.o
LOAD /tmp/ccJNg3RW.debug.temp.o
LOAD /tmp/ccHdlH9b.debug.temp.o
LOAD /tmp/ccROrdDm.debug.temp.o
LOAD /tmp/ccHyT0pD.debug.temp.o
LOAD /tmp/cchAlpJT.debug.temp.o
LOAD /tmp/ccduGbWU.debug.temp.o
LOAD /tmp/ccrqDrGZ.debug.temp.o
LOAD /tmp/cclPvxrM.debug.temp.o
LOAD /tmp/cclKhYLc.debug.temp.o
LOAD /tmp/ccHLodPd.debug.temp.o
LOAD /tmp/ccniznOf.debug.temp.o
LOAD /tmp/cci4fFy9.debug.temp.o
LOAD /tmp/ccmMP40S.debug.temp.o
LOAD /tmp/ccRKnvLP.debug.temp.o
LOAD /tmp/ccgWdeND.debug.temp.o
LOAD /tmp/ccSdliCt.debug.temp.o
LOAD /tmp/ccCZSoLh.debug.temp.o
LOAD /tmp/ccGbuPDm.debug.temp.o
LOAD /tmp/cce3Oavh.debug.temp.o
LOAD /tmp/ccMVwv43.debug.temp.o
LOAD /tmp/ccT0a4GD.debug.temp.o
LOAD /tmp/cckLaGGA.debug.temp.o
LOAD /tmp/ccsus712.debug.temp.o
LOAD /tmp/cce8ntHG.debug.temp.o
LOAD /tmp/ccPXuo4J.debug.temp.o
LOAD /tmp/ccaJFPzn.debug.temp.o
LOAD /tmp/ccEzuyJG.debug.temp.o
LOAD /tmp/ccj2reSk.debug.temp.o
LOAD /tmp/ccS2J8PD.debug.temp.o
LOAD /tmp/cc9TC02R.debug.temp.o
LOAD /tmp/ccqtwgtm.debug.temp.o
LOAD /tmp/ccNyt08z.debug.temp.o
LOAD /tmp/ccxn2KbQ.debug.temp.o
LOAD /tmp/ccSeCTme.debug.temp.o
LOAD /tmp/ccV5wqgK.debug.temp.o
LOAD /tmp/ccyGpuQV.debug.temp.o
LOAD /tmp/cc3zbxHI.debug.temp.o
LOAD /tmp/ccJuCk8f.debug.temp.o
LOAD main.o
LOAD bn_affine_bg_animate_actions.o
LOAD bn_audio_manager.o
LOAD bn_best_fit_allocator.o
LOAD bn_bg_blocks_manager.o
LOAD bn_bgs_manager.o
LOAD bn_cameras_manager.o
LOAD bn_core.o
LOAD bn_display_manager.o
LOAD bn_gpio_manager.o
LOAD bn_hblank_effects_manager.o
LOAD bn_hdma_manager.o
LOAD bn_keypad_manager.o
LOAD bn_link_manager.o
LOAD bn_memory_manager.o
LOAD bn_palettes_manager.o
LOAD bn_profiler.o
LOAD bn_regular_bg_animate_actions.o
LOAD bn_sprite_affine_mats_manager.o
LOAD bn_sprite_animate_actions.o
LOAD bn_sprite_text_generator.o
LOAD bn_sprite_tiles_manager.o
LOAD bn_sprites_manager.bn_iwram.o
LOAD bn_sprites_manager.o
LOAD bn_sstream.o
LOAD bn_translation_unit.o
LOAD bn_hw_audio.o
LOAD bn_hw_common.bn_noflto.o
LOAD bn_hw_cstdlib.o
LOAD bn_hw_cstring.o
LOAD bn_hw_game_pak.bn_ewram.o
LOAD bn_hw_link.o
LOAD bn_hw_memory.o
LOAD bn_hw_palettes.bn_iwram.o
LOAD bn_hw_palettes.o
LOAD bn_hw_show.o
LOAD bn_hw_sprite_tiles.bn_iwram.o
LOAD bn_hw_sram.bn_ewram.o
LOAD bn_hw_sram.o
LOAD bn_hw_system_font.o
LOAD bn_hw_text.o
LOAD vgm.o
LOAD tonc_color.o
LOAD tonc_sbmp16.o
LOAD tonc_schr4c.o
LOAD tonc_schr4r.o
LOAD tonc_surface.o
LOAD bmp16_drawg_b1cs.o
LOAD tte_init_bmp.o
LOAD tte_main.o
LOAD interrupts_gba.o
LOAD coroutine.o
LOAD rtc.o
LOAD gbt_player.o
LOAD bn_hw_bg_blocks.o
LOAD bn_hw_core.o
LOAD bn_hw_hblank_effects.o
LOAD bn_hw_palettes_asm.o
LOAD clr_blend_fast.o
LOAD clr_fade_fast.o
LOAD tonc_bios.o
LOAD tonc_memset.o
LOAD tonc_nocash.o
LOAD verdana9.o
LOAD irq_handler.o
LOAD posprintf.o
LOAD atan2.o
LOAD coroutine_asm.o
LOAD fiq_memcpy.o
LOAD lmul.o
LOAD memcpy.o
LOAD memmove.o
LOAD memset.o
LOAD rmemcpy.o
LOAD clz.o
LOAD sdiv32.o
LOAD sqrt32.o
LOAD udiv32.o
LOAD huffman.o
LOAD lz77.o
LOAD running_length.o
LOAD mm_effect.o
LOAD mm_main.o
LOAD mm_mas.o
LOAD mm_mas_arm.o
LOAD mm_init_default.o
LOAD mm_main_gba.o
LOAD mm_mixer_gba.o
LOAD /opt/devkitpro/devkitARM/bin/../lib/gcc/arm-none-eabi/14.2.0/thumb/libgcc.a
LOAD /opt/devkitpro/devkitARM/bin/../lib/gcc/arm-none-eabi/14.2.0/thumb/crtend.o
LOAD /opt/devkitpro/devkitARM/bin/../lib/gcc/arm-none-eabi/14.2.0/thumb/crtn.o
OUTPUT(/mnt/c/users/ethan/documents/github/Starlight-Street/Starlight-Street.elf elf32-littlearm)
LOAD linker stubs

.debug_ranges   0x00000000    0x16228
 .debug_ranges  0x00000000     0xd158 /tmp/ccYE22nW.ltrans0.ltrans.o
 .debug_ranges  0x0000d158     0x8798 /tmp/ccYE22nW.ltrans1.ltrans.o
 .debug_ranges  0x000158f0      0x490 bn_sprites_manager.bn_iwram.o
 .debug_ranges  0x00015d80       0x98 bn_hw_common.bn_noflto.o
 .debug_ranges  0x00015e18       0x48 bn_hw_game_pak.bn_ewram.o
 .debug_ranges  0x00015e60      0x148 bn_hw_palettes.bn_iwram.o
 .debug_ranges  0x00015fa8      0x128 tonc_bios.o
 .debug_ranges  0x000160d0       0x20 tonc_memset.o
 .debug_ranges  0x000160f0       0x30 lmul.o
 .debug_ranges  0x00016120       0x28 memcpy.o
 .debug_ranges  0x00016148       0x30 memmove.o
 .debug_ranges  0x00016178       0x30 memset.o
 .debug_ranges  0x000161a8       0x20 rmemcpy.o
 .debug_ranges  0x000161c8       0x20 mm_mas.o
 .debug_ranges  0x000161e8       0x20 mm_main_gba.o
 .debug_ranges  0x00016208       0x20 mm_mixer_gba.o
