Archive member included to satisfy reference by file (symbol)

/opt/devkitpro/devkitARM/bin/../lib/gcc/arm-none-eabi/14.2.0/thumb/libgcc.a(_call_via_rX.o)
                              mm_main_gba.o (_call_via_r1)
/opt/devkitpro/devkitARM/bin/../lib/gcc/arm-none-eabi/14.2.0/thumb/libgcc.a(_sync_none.o)
                              (__sync_synchronize_none)

Discarded input sections

 .text          0x00000000        0x0 /opt/devkitpro/devkitARM/bin/../lib/gcc/arm-none-eabi/14.2.0/../../../../arm-none-eabi/lib/thumb/gba_crt0.o
 .data          0x00000000        0x0 /opt/devkitpro/devkitARM/bin/../lib/gcc/arm-none-eabi/14.2.0/../../../../arm-none-eabi/lib/thumb/gba_crt0.o
 .bss           0x00000000        0x0 /opt/devkitpro/devkitARM/bin/../lib/gcc/arm-none-eabi/14.2.0/../../../../arm-none-eabi/lib/thumb/gba_crt0.o
 .text          0x00000000        0x0 /opt/devkitpro/devkitARM/bin/../lib/gcc/arm-none-eabi/14.2.0/thumb/crti.o
 .data          0x00000000        0x0 /opt/devkitpro/devkitARM/bin/../lib/gcc/arm-none-eabi/14.2.0/thumb/crti.o
 .bss           0x00000000        0x0 /opt/devkitpro/devkitARM/bin/../lib/gcc/arm-none-eabi/14.2.0/thumb/crti.o
 .text          0x00000000        0x0 /opt/devkitpro/devkitARM/bin/../lib/gcc/arm-none-eabi/14.2.0/thumb/crtbegin.o
 .data          0x00000000        0x0 /opt/devkitpro/devkitARM/bin/../lib/gcc/arm-none-eabi/14.2.0/thumb/crtbegin.o
 .bss           0x00000000        0x0 /opt/devkitpro/devkitARM/bin/../lib/gcc/arm-none-eabi/14.2.0/thumb/crtbegin.o
 .rodata.all_implied_fbits
                0x00000000       0x24 /opt/devkitpro/devkitARM/bin/../lib/gcc/arm-none-eabi/14.2.0/thumb/crtbegin.o
 .text          0x00000000        0x0 _bn_audio_soundbank.bin.o
 .data          0x00000000        0x0 _bn_audio_soundbank.bin.o
 .bss           0x00000000        0x0 _bn_audio_soundbank.bin.o
 .text          0x00000000        0x0 beryl_bn_gfx.o
 .data          0x00000000        0x0 beryl_bn_gfx.o
 .bss           0x00000000        0x0 beryl_bn_gfx.o
 .text          0x00000000        0x0 bg_berylsroom_bn_gfx.o
 .data          0x00000000        0x0 bg_berylsroom_bn_gfx.o
 .bss           0x00000000        0x0 bg_berylsroom_bn_gfx.o
 .text          0x00000000        0x0 dialogue_back_bn_gfx.o
 .data          0x00000000        0x0 dialogue_back_bn_gfx.o
 .bss           0x00000000        0x0 dialogue_back_bn_gfx.o
 .text          0x00000000        0x0 font_bn_gfx.o
 .data          0x00000000        0x0 font_bn_gfx.o
 .bss           0x00000000        0x0 font_bn_gfx.o
 .text          0x00000000        0x0 starsbackground_bn_gfx.o
 .data          0x00000000        0x0 starsbackground_bn_gfx.o
 .bss           0x00000000        0x0 starsbackground_bn_gfx.o
 .text          0x00000000        0x0 ui_bubble_bn_gfx.o
 .data          0x00000000        0x0 ui_bubble_bn_gfx.o
 .bss           0x00000000        0x0 ui_bubble_bn_gfx.o
 .rodata        0x00000000      0x420 ui_bubble_bn_gfx.o
 .data          0x00000000        0x0 /tmp/ccRJ6bNu.ltrans0.ltrans.o
 .data          0x00000000        0x0 /tmp/ccRJ6bNu.ltrans1.ltrans.o
 .debug_info    0x00000000       0x72 /tmp/ccwchCKZ.debug.temp.o
 .debug_abbrev  0x00000000       0x26 /tmp/ccwchCKZ.debug.temp.o
 .debug_line    0x00000000       0x1e /tmp/ccwchCKZ.debug.temp.o
 .debug_str     0x00000000      0x211 /tmp/ccwchCKZ.debug.temp.o
 .comment       0x00000000       0x24 /tmp/ccwchCKZ.debug.temp.o
 .comment       0x00000000       0x24 /tmp/ccGSuwRa.debug.temp.o
 .comment       0x00000000       0x24 /tmp/ccEC7E2j.debug.temp.o
 .comment       0x00000000       0x24 /tmp/ccLUdIUC.debug.temp.o
 .comment       0x00000000       0x24 /tmp/ccA0fQjQ.debug.temp.o
 .comment       0x00000000       0x24 /tmp/ccjtwTio.debug.temp.o
 .comment       0x00000000       0x24 /tmp/ccaq9lP4.debug.temp.o
 .comment       0x00000000       0x24 /tmp/cc1iTXoQ.debug.temp.o
 .comment       0x00000000       0x24 /tmp/ccLzHt8G.debug.temp.o
 .comment       0x00000000       0x24 /tmp/ccWlUM0m.debug.temp.o
 .comment       0x00000000       0x24 /tmp/ccjxm2GN.debug.temp.o
 .comment       0x00000000       0x24 /tmp/cck0fKHV.debug.temp.o
 .comment       0x00000000       0x24 /tmp/ccCZC76Z.debug.temp.o
 .comment       0x00000000       0x24 /tmp/ccZSUXfZ.debug.temp.o
 .comment       0x00000000       0x24 /tmp/ccH3ha4G.debug.temp.o
 .comment       0x00000000       0x24 /tmp/ccMtm4ae.debug.temp.o
 .comment       0x00000000       0x24 /tmp/cctgUISg.debug.temp.o
 .debug_info    0x00000000      0x45f /tmp/cctMpeaB.debug.temp.o
 .debug_abbrev  0x00000000       0xdc /tmp/cctMpeaB.debug.temp.o
 .debug_line    0x00000000      0x23c /tmp/cctMpeaB.debug.temp.o
 .debug_str     0x00000000      0x4ef /tmp/cctMpeaB.debug.temp.o
 .comment       0x00000000       0x24 /tmp/cctMpeaB.debug.temp.o
 .debug_info    0x00000000     0x93c1 /tmp/ccJTT6Rp.debug.temp.o
 .debug_abbrev  0x00000000      0xa09 /tmp/ccJTT6Rp.debug.temp.o
 .debug_line    0x00000000      0x757 /tmp/ccJTT6Rp.debug.temp.o
[...]
Memory Configuration

Name             Origin             Length             Attributes
rom              0x08000000         0x02000000
iwram            0x03000000         0x00008000
ewram            0x02000000         0x00040000
*default*        0x00000000         0xffffffff

Linker script and memory map

                0x00000000                        __sync_synchronize = __sync_synchronize_none
                0x08000000                        __text_start = ORIGIN (rom)
                0x02040000                        __eheap_end = (ORIGIN (ewram) + LENGTH (ewram))
                0x03000000                        __iwram_start = ORIGIN (iwram)
                0x03008000                        __iwram_top = (ORIGIN (iwram) + LENGTH (iwram))
                0x03007fa0                        __sp_irq = (__iwram_top - 0x60)
                0x03007f00                        __sp_usr = (__sp_irq - 0xa0)
                0x03007ff8                        __irq_flags = 0x3007ff8
                0x08000000                        . = __text_start

.crt0           0x08000000      0x210
 *(.crt0)
 .crt0          0x08000000      0x210 /opt/devkitpro/devkitARM/bin/../lib/gcc/arm-none-eabi/14.2.0/../../../../arm-none-eabi/lib/thumb/gba_crt0.o
                0x08000000                _start
                0x080000c4                __boot_method
                0x080000c5                __slave_number
                0x080000e0                start_vector
                0x08000210                        . = ALIGN (0x4)

.init           0x08000210        0xc
 *(SORT_NONE(.init))
 .init          0x08000210        0x4 /opt/devkitpro/devkitARM/bin/../lib/gcc/arm-none-eabi/14.2.0/thumb/crti.o
                0x08000210                _init
 .init          0x08000214        0x8 /opt/devkitpro/devkitARM/bin/../lib/gcc/arm-none-eabi/14.2.0/thumb/crtn.o

.plt            0x0800021c        0x0
 *(.plt)
                0x0800021c                        . = ALIGN (0x4)

.text           0x08000220    0x14360
 *(EXCLUDE_FILE(*.iwram*) .text*)
 .text.__do_global_dtors_aux
                0x08000220       0x2c /opt/devkitpro/devkitARM/bin/../lib/gcc/arm-none-eabi/14.2.0/thumb/crtbegin.o
 .text.frame_dummy
                0x0800024c       0x24 /opt/devkitpro/devkitARM/bin/../lib/gcc/arm-none-eabi/14.2.0/thumb/crtbegin.o
 .text          0x08000270     0x7ff0 /tmp/ccRJ6bNu.ltrans0.ltrans.o
                0x08000b98                bn::camera_ptr::position() const
                0x08000bac                void bn::ostringstream::append_args<char [4], int>(char const (&) [4], int const&)
                0x08000bc4                bn::audio_manager::(anonymous namespace)::static_data::~static_data() [clone .lto_priv.0]
                0x08000bc4                bn::audio_manager::(anonymous namespace)::static_data::~static_data() [clone .lto_priv.0]
                0x08000bc8                bn::regular_bg_tiles_item::valid_tiles_count(int, bn::bpp_mode)
                0x08000c04                bn::bg_blocks_manager::log_status()
                0x08001764                bn::bg_blocks_manager::decrease_usages(int)
                0x0800180c                bn::bg_blocks_manager::(anonymous namespace)::static_data::~static_data() [clone .lto_priv.0]
                0x0800180c                bn::bg_blocks_manager::(anonymous namespace)::static_data::~static_data() [clone .lto_priv.0]
                0x0800186c                bn::bgs_manager::(anonymous namespace)::item_type::update_regular_hw_position() [clone .lto_priv.0]
                0x080018cc                bn::bgs_manager::update_regular_map_tiles_cbb(int, int)
                0x0800198c                bn::bgs_manager::update_regular_map_palette_bpp(int, bn::bpp_mode)
                0x08001a5c                _bn::assert::show(char const*, char const*, char const*, int, bn::istring_base const&)
                0x08001a74                void _bn::assert::show_args<char [38]>(char const*, char const*, char const*, int, char const (&) [38])
                0x08001a74                void _bn::assert::show_args<char [32]>(char const*, char const*, char const*, int, char const (&) [32])
                0x08001a74                void _bn::assert::show_args<char [16]>(char const*, char const*, char const*, int, char const (&) [16])
                0x08001a74                void _bn::assert::show_args<char [33]>(char const*, char const*, char const*, int, char const (&) [33])
                0x08001a74                void _bn::assert::show_args<char [17]>(char const*, char const*, char const*, int, char const (&) [17])
                0x08001a74                void _bn::assert::show_args<char [23]>(char const*, char const*, char const*, int, char const (&) [23])
                0x08001a74                void _bn::assert::show_args<char [37]>(char const*, char const*, char const*, int, char const (&) [37])
                0x08001a74                void _bn::assert::show_args<char [22]>(char const*, char const*, char const*, int, char const (&) [22])
                0x08001a74                void _bn::assert::show_args<char [27]>(char const*, char const*, char const*, int, char const (&) [27])
                0x08001a74                void _bn::assert::show_args<char [14]>(char const*, char const*, char const*, int, char const (&) [14])
                0x08001a74                void _bn::assert::show_args<char [35]>(char const*, char const*, char const*, int, char const (&) [35])
                0x08001a74                void _bn::assert::show_args<char [19]>(char const*, char const*, char const*, int, char const (&) [19])
                0x08001a74                void _bn::assert::show_args<char [26]>(char const*, char const*, char const*, int, char const (&) [26])
                0x08001a74                void _bn::assert::show_args<char [13]>(char const*, char const*, char const*, int, char const (&) [13])
                0x08001a74                void _bn::assert::show_args<char [18]>(char const*, char const*, char const*, int, char const (&) [18])
                0x08001a74                void _bn::assert::show_args<char [46]>(char const*, char const*, char const*, int, char const (&) [46])
                0x08001a74                void _bn::assert::show_args<char [31]>(char const*, char const*, char const*, int, char const (&) [31])
                0x08001a74                void _bn::assert::show_args<char [15]>(char const*, char const*, char const*, int, char const (&) [15])
                0x08001a74                void _bn::assert::show_args<char [54]>(char const*, char const*, char const*, int, char const (&) [54])
                0x08001ab4                bn::bgs_manager::(anonymous namespace)::static_data::~static_data() [clone .lto_priv.0]
                0x08001ab4                bn::bgs_manager::(anonymous namespace)::static_data::~static_data() [clone .lto_priv.0]
                0x08001dfc                _bn::assert::show(char const*, char const*, char const*, int)
                0x08001f04                bn::optional<bn::bg_palette_ptr>::operator->() const [clone .part.0] [clone .lto_priv.0]
                0x08001f04                bn::optional<bn::affine_bg_tiles_ptr>::operator->() const [clone .part.0] [clone .lto_priv.0]
                0x08001f2c                bn::bg_blocks_manager::(anonymous namespace)::item_type::regular_tiles_offset() const [clone .lto_priv.0]
                0x080027a8                bn::optional<bn::bg_palette_ptr>::operator->() [clone .part.0] [clone .lto_priv.0]
                0x080027a8                bn::optional<bn::regular_bg_tiles_ptr>::operator->() [clone .part.0] [clone .lto_priv.0]
                0x080027d0                bn::optional<bn::regular_bg_map_ptr>::operator*() [clone .part.0] [clone .lto_priv.0]
                0x080027f8                void _bn::assert::show_args<char [27], int>(char const*, char const*, char const*, int, char const (&) [27], int const&)
                0x080027f8                void _bn::assert::show_args<char [24], int>(char const*, char const*, char const*, int, char const (&) [24], int const&)
                0x080027f8                void _bn::assert::show_args<char [17], int>(char const*, char const*, char const*, int, char const (&) [17], int const&)
                0x080027f8                void _bn::assert::show_args<char [15], int>(char const*, char const*, char const*, int, char const (&) [15], int const&)
                0x080027f8                void _bn::assert::show_args<char [22], int>(char const*, char const*, char const*, int, char const (&) [22], int const&)
                0x080027f8                void _bn::assert::show_args<char [39], int>(char const*, char const*, char const*, int, char const (&) [39], int const&)
                0x080027f8                void _bn::assert::show_args<char [25], int>(char const*, char const*, char const*, int, char const (&) [25], int const&)
                0x080027f8                void _bn::assert::show_args<char [16], int>(char const*, char const*, char const*, int, char const (&) [16], int const&)
                0x080027f8                void _bn::assert::show_args<char [26], int>(char const*, char const*, char const*, int, char const (&) [26], int const&)
                0x08002dbc                bn::bg_blocks_manager::(anonymous namespace)::_create_impl(bn::bg_blocks_manager::(anonymous namespace)::create_data&&) [clone .lto_priv.0]
                0x08008160                void _bn::assert::show_args<char [27], bn::fixed_t<12> >(char const*, char const*, char const*, int, char const (&) [27], bn::fixed_t<12> const&)
                0x08008160                void _bn::assert::show_args<char [25], bn::fixed_t<12> >(char const*, char const*, char const*, int, char const (&) [25], bn::fixed_t<12> const&)
                0x080081b0                bn::display_manager::(anonymous namespace)::static_data::~static_data() [clone .lto_priv.0]
                0x080081b0                bn::display_manager::(anonymous namespace)::static_data::~static_data() [clone .lto_priv.0]
                0x080081fc                bn::span<bn::color const>::_build_end(bn::color const*, int)
 .text.startup  0x08008260     0x16d0 /tmp/ccRJ6bNu.ltrans0.ltrans.o
                0x08008260                main
 .text          0x08009930     0x8898 /tmp/ccRJ6bNu.ltrans1.ltrans.o
                0x08009ae0                bn::hw::link::(anonymous namespace)::_resetStateCallback() [clone .lto_priv.0]
                0x0800a8b8                operator delete(void*)
                0x0800a8c4                operator delete(void*, unsigned int)
                0x0800a8d0                operator delete[](void*)
                0x0800a8dc                operator delete[](void*, unsigned int)
                0x0800a8e8                bn::hw::log(bn::istring_base const&) [clone .isra.0]
                0x0800a93c                bn::ostringstream::ostringstream(bn::istring_base&)
                0x0800a93c                bn::ostringstream::ostringstream(bn::istring_base&)
                0x0800a944                bn::string_view::string_view(char const*) [clone .isra.0]
                0x0800a960                bn::palettes_bank::_apply_global_effects(int, bn::color*) const
                0x0800aaac                bn::palettes_bank::palette::apply_effects(int, bn::color*) const
                0x0800abfc                bn::palettes_bank::update()
                0x0800ad30                bn::sprites_manager::(anonymous namespace)::_always_update_indexes_to_commit(bn::sprites_manager_item const&) [clone .lto_priv.0]
                0x0800ad78                bn::sprites_manager::(anonymous namespace)::_update_item_dimensions(bn::sprites_manager_item&) [clone .lto_priv.0]
                0x0800ae50                bn::camera_ptr::~camera_ptr() [clone .isra.0]
                0x0800ae7c                bn::sprites_manager::set_horizontal_flip(void*, bool)
                0x0800aee8                bn::lc::LinkConnection::stop() [clone .constprop.0]
                0x0800af14                VgmStop()
                0x0800afd4                gbt_refresh_pattern_ptr.lto_priv.0
                0x0800b058                gbt_run_startup_commands.part.0.lto_priv.0
                0x0800b0ec                bn::hw::audio::(anonymous namespace)::_commit() [clone .lto_priv.0]
                0x0800b84c                bn::hw::audio::(anonymous namespace)::_vblank_handler() [clone .lto_priv.0]
                0x0800b99c                bn::hw::bgs::commit_data::commit_data() [clone .constprop.0] [clone .isra.0]
                0x0800b9f8                bn::bg_blocks_manager::(anonymous namespace)::items_list::items_list() [clone .constprop.0] [clone .isra.0]
                0x0800ba44                bn::sprite_affine_mats_manager::(anonymous namespace)::static_data::static_data() [clone .constprop.0] [clone .isra.0]
                0x0800bae8                bn::sprite_tiles_manager::(anonymous namespace)::static_data::static_data() [clone .constprop.0] [clone .isra.0]
                0x0800bc14                bn::display_manager::(anonymous namespace)::static_data::static_data() [clone .constprop.0] [clone .isra.0]
                0x0800bca4                bn::hdma_manager::(anonymous namespace)::static_data::static_data() [clone .constprop.0] [clone .isra.0]
                0x0800bcd8                bn::hblank_effects_manager::(anonymous namespace)::static_external_data::static_external_data() [clone .constprop.0] [clone .isra.0]
                0x0800bdb0                bn::core::(anonymous namespace)::static_data::static_data() [clone .constprop.0] [clone .isra.0]
                0x0800be18                bn::sprite_ptr::set_camera(bn::camera_ptr const&) [clone .isra.0]
                0x0800bec8                bn::sprite_ptr::set_horizontal_flip(bool) [clone .isra.0]
                0x0800bf34                bn::sprite_affine_mats_manager::(anonymous namespace)::item_type::sprite_double_size(int, bn::sprite_shape_size const&) const [clone .isra.0]
                0x0800c0e0                bn::palettes_bank::palettes_bank() [clone .isra.0]
                0x0800c22c                bn::istring::push_back(char)
                0x0800c270                bn::sprite_affine_mats_manager::decrease_usages(int)
                0x0800c354                bn::hw::link::_timer_intr()
                0x0800c448                bn::hw::link::_serial_intr()
                0x0800c9f0                bn::hw::audio::(anonymous namespace)::_add_sound_to_queue(int, unsigned short) [clone .lto_priv.0]
                0x0800cabc                bn::sorted_sprites::sorter::insert(bn::sprites_manager_item&) [clone .constprop.0]
                0x0800ccc4                bn::sprites_manager::set_blending_enabled(void*, bool) [clone .constprop.0]
                0x0800cd44                bn::hw::audio::(anonymous namespace)::_erase_sound_from_queue(unsigned short) [clone .lto_priv.0]
                0x0800cddc                bn::hw::audio::(anonymous namespace)::_check_sounds_queue() [clone .part.0] [clone .lto_priv.0]
                0x0800ce7c                bn::hw::link::(anonymous namespace)::_sendDataCallback() [clone .lto_priv.0]
                0x0800cf60                bn::hw::link::(anonymous namespace)::_receiveResponseCallback(bn::lc::LinkResponse const&) [clone .lto_priv.0]
                0x0800d124                bn::audio_manager::play_sound(int, bn::sound_item) [clone .constprop.0]
                0x0800d314                bn::ostringstream::append(int)
                0x0800d4a0                void _bn::assert::show_args<char [19], int, char [4], int>(char const*, char const*, char const*, int, char const (&) [19], int const&, char const (&) [4], int const&) [clone .constprop.0]
                0x0800d590                bn::ostringstream::append(char const*)
                0x0800da14                bn::hw::show::error(bn::system_font const&, bn::string_view const&, bn::string_view const&, bn::string_view const&, int, bn::string_view const&, bn::string_view const&) [clone .constprop.0]
                0x0800dd34                bn::istring::append(char const*) [clone .isra.0]
                0x0800de5c                bn::sprite_ptr::set_scale(bn::fixed_t<12>, bn::fixed_t<12>) [clone .constprop.0] [clone .isra.0]
                0x0800e628                bn::ostringstream::append(unsigned int)
                0x0800e73c                void _bn::assert::show_args<char [35], unsigned int>(char const*, char const*, char const*, int, char const (&) [35], unsigned int const&) [clone .constprop.0]
                0x0800e78c                bn::ostringstream::append(void const*)
                0x0800f0c0                bn::ostringstream::_append_fraction(unsigned int, int)
                0x0800f1d0                bn::palettes_bank::decrease_usages(int)
                0x0800f45c                bn::sprites_manager::decrease_usages(void*)
                0x0800f654                bn::bg_palette_ptr::~bg_palette_ptr() [clone .isra.0]
                0x0800f66c                bn::bg_blocks_manager::(anonymous namespace)::items_list::insert_after(int, bn::bg_blocks_manager::(anonymous namespace)::item_type const&) [clone .constprop.0]
                0x0800f984                bn::bg_blocks_manager::(anonymous namespace)::item_type::~item_type() [clone .isra.0]
                0x0800fbdc                bn::sprite_tiles_manager::update()
                0x08010054                bn::sprite_tiles_manager::(anonymous namespace)::_hw_commit(bn::tile const*, bn::compression_type, int, int) [clone .lto_priv.0]
                0x0801095c                bn::sprite_ptr::create(bn::fixed_t<12>, bn::fixed_t<12>, bn::sprite_item const&, int)
                0x08010e1c                operator new(unsigned int)
                0x08010e4c                operator new[](unsigned int)
                0x08010e7c                malloc
                0x08010e88                bn::sprite_shape_size::tiles_count(bn::bpp_mode) const [clone .part.0] [clone .isra.0]
                0x08010f68                bn::sprite_shape_size::tiles_count(bn::bpp_mode) const [clone .isra.0]
                0x08011224                bn::sprite_ptr::set_tiles(bn::sprite_tiles_item const&, int) [clone .constprop.0]
                0x080112e4                bn::regular_bg_ptr::create(bn::fixed_t<12>, bn::fixed_t<12>, bn::regular_bg_item const&) [clone .constprop.0]
 .text.startup  0x080121c8      0x318 /tmp/ccRJ6bNu.ltrans1.ltrans.o
 .text.__libc_init_array
                0x080124e0       0x50 bn_hw_common.bn_noflto.o
                0x080124e0                __libc_init_array
 .text.__aeabi_atexit
                0x08012530        0x4 bn_hw_common.bn_noflto.o
                0x08012530                __aeabi_atexit
 .text._ZN3_bn6assert9show_argsIA40_cEEvPKcS4_S4_iRKT_
                0x08012534       0x48 bn_hw_common.bn_noflto.o
                0x08012534                void _bn::assert::show_args<char [40]>(char const*, char const*, char const*, int, char const (&) [40])
 .text.__aeabi_idiv0
                0x0801257c       0x24 bn_hw_common.bn_noflto.o
                0x0801257c                __aeabi_idiv0
 .text.VBlankIntrWait
                0x080125a0        0x4 tonc_bios.o
                0x080125a0                VBlankIntrWait
 .text.memset16
                0x080125a4       0x3c tonc_memset.o
                0x080125a4                memset16
 .text          0x080125e0      0x26c posprintf.o
                0x080125e4                posprintf
 .text          0x0801284c      0x314 mm_effect.o
                0x0801284c                mmResetEffects
                0x08012878                mmEffect
                0x0801288e                mmEffectEx
                0x0801298e                mmEffectActive
                0x080129c2                mmEffectVolume
                0x080129de                mmEffectPanning
                0x080129f2                mmEffectRate
                0x08012a06                mmEffectCancel
                0x08012a40                mmEffectRelease
                0x08012a66                mmEffectScaleRate
                0x08012a7a                mmSetEffectsVolume
                0x08012a88                mmEffectCancelAll
                0x08012ac8                mmUpdateEffects
 .text          0x08012b60       0x14 mm_main.o
                0x08012b60                mpp_call_r7
                0x08012b62                mpp_call_r1
                0x08012b64                mpp_call_r2
                0x08012b66                mpp_call_r3
                0x08012b68                mmSetEventHandler
 .text          0x08012b74     0x1570 mm_mas.o
                0x08012be8                mmStart
                0x08012c08                mmJingle
                0x08012c0e                mmPlayModule
                0x08012cd8                mmPause
                0x08012cf4                mmResume
                0x08012d04                mmActive
                0x08012d0a                mmActiveSub
                0x08012d10                mmSetModuleVolume
                0x08012d20                mmSetJingleVolume
                0x08012d5c                mmGetPositionTick
                0x08012d62                mmGetPositionRow
                0x08012d68                mmGetPosition
                0x08012d6e                mmPosition
                0x08012d88                mmSetModuleTempo
                0x08012dba                mmSetModulePitch
                0x08012dfc                mmStop
                0x08012ec2                mppUpdateSub
                0x0801301e                mpp_Process_VolumeCommand
                0x08013256                mpp_Process_Effect
                0x080139a4                ST3_FREQTABLE
                0x08013dc4                IT_PitchTable
 .text          0x080140e4      0x12c mm_main_gba.o
                0x080140e4                mmInit
                0x08014138                mmSetVBlankHandler
                0x0801413e                mmFrame
 .text          0x08014210      0x1e0 mm_mixer_gba.o
                0x08014210                mmMixerSetSource
                0x08014224                mmMixerSetRead
                0x08014232                mmMixerSetFreq
                0x08014242                mmMixerMulFreq
                0x08014256                mmMixerStopChannel
                0x08014268                mmMixerChannelActive
                0x0801427a                mmMixerSetVolume
                0x08014288                mmMixerSetPan
                0x08014296                mmMixerInit
 .text          0x080143f0       0x3c /opt/devkitpro/devkitARM/bin/../lib/gcc/arm-none-eabi/14.2.0/thumb/libgcc.a(_call_via_rX.o)
                0x080143f0                _call_via_r0
                0x080143f4                _call_via_r1
                0x080143f8                _call_via_r2
                0x080143fc                _call_via_r3
                0x08014400                _call_via_r4
                0x08014404                _call_via_r5
                0x08014408                _call_via_r6
                0x0801440c                _call_via_r7
                0x08014410                _call_via_r8
                0x08014414                _call_via_r9
                0x08014418                _call_via_sl
                0x0801441c                _call_via_fp
                0x08014420                _call_via_ip
                0x08014424                _call_via_sp
                0x08014428                _call_via_lr
 *fill*         0x0801442c        0x4 ff
 .text.__stub   0x08014430      0x100 linker stubs
 *(.gnu.linkonce.t.*)
 *(.text.*personality*)
 *(.gnu.warning)
 *(.glue_7t)
 .glue_7t       0x08014580        0x0 linker stubs
 *(.glue_7)
 .glue_7        0x08014580        0x0 linker stubs
 *(.vfp11_veneer)
 .vfp11_veneer  0x08014580        0x0 linker stubs
                0x08014580                        . = ALIGN (0x4)
                0x08014580                        __text_end = .

.v4_bx          0x08014580        0x0
 .v4_bx         0x08014580        0x0 linker stubs

.iplt           0x08014580        0x0
 .iplt          0x08014580        0x0 /opt/devkitpro/devkitARM/bin/../lib/gcc/arm-none-eabi/14.2.0/../../../../arm-none-eabi/lib/thumb/gba_crt0.o

.fini           0x08014580        0xc
 *(.fini)
 .fini          0x08014580        0x4 /opt/devkitpro/devkitARM/bin/../lib/gcc/arm-none-eabi/14.2.0/thumb/crti.o
                0x08014580                _fini
 .fini          0x08014584        0x8 /opt/devkitpro/devkitARM/bin/../lib/gcc/arm-none-eabi/14.2.0/thumb/crtn.o
                0x0801458c                        . = ALIGN (0x4)

.rodata         0x0801458c   0x2b23b8
 *(.rodata)
 .rodata        0x0801458c    0x12020 beryl_bn_gfx.o
                0x0801458c                beryl_bn_gfxTiles
                0x0802658c                beryl_bn_gfxPal
 .rodata        0x080265ac     0xefe0 bg_berylsroom_bn_gfx.o
                0x080265ac                bg_berylsroom_bn_gfxTiles
                0x0802d56c                bg_berylsroom_bn_gfxMap
                0x0803556c                bg_berylsroom_bn_gfxPal
 .rodata        0x0803558c      0x820 dialogue_back_bn_gfx.o
                0x0803558c                dialogue_back_bn_gfxTiles
                0x08035d8c                dialogue_back_bn_gfxPal
 .rodata        0x08035dac     0x7420 font_bn_gfx.o
                0x08035dac                font_bn_gfxTiles
                0x0803d1ac                font_bn_gfxPal
 .rodata        0x0803d1cc     0x7760 starsbackground_bn_gfx.o
                0x0803d1cc                starsbackground_bn_gfxTiles
                0x0804410c                starsbackground_bn_gfxMap
                0x0804490c                starsbackground_bn_gfxPal
 .rodata        0x0804492c     0xc660 /tmp/ccRJ6bNu.ltrans0.ltrans.o
                0x08044f28                bn::sprite_items::beryl
 .rodata        0x08050f8c      0xf78 /tmp/ccRJ6bNu.ltrans1.ltrans.o
 .rodata        0x08051f04      0xef8 verdana9.o
                0x08051f04                verdana9Font
                0x08051f1c                verdana9Glyphs
                0x08052d1c                verdana9Widths
 *all.rodata*(*)
 *(.roda)
 *(.rodata.*)
 .rodata._bn_audio_soundbank_bin
                0x08052dfc   0x2722bc _bn_audio_soundbank.bin.o
                0x08052dfc                _bn_audio_soundbank_bin
                0x082c50b8                _bn_audio_soundbank_bin_end
 .rodata.str1.4
                0x082c50b8      0xacd /tmp/ccRJ6bNu.ltrans0.ltrans.o
 .rodata.str1.4
                0x082c50b8     0x1101 /tmp/ccRJ6bNu.ltrans1.ltrans.o
 .rodata.__cxa_pure_virtual.str1.4
                0x082c50b8     0x187d bn_hw_common.bn_noflto.o
                                 0x4f (size before relaxing)
 .rodata.__aeabi_idiv0.str1.4
                0x082c6935       0x38 bn_hw_common.bn_noflto.o
 *fill*         0x082c6935        0x3 ff
 .rodata._ZN2bn2hw8game_pak12_GLOBAL__N_1L8rom_dataE
                0x082c6938        0xc bn_hw_game_pak.bn_ewram.o
 *(.gnu.linkonce.r*)
                0x082c6944                        . = ALIGN (0x4)

.ARM.extab
 *(.ARM.extab* .gnu.linkonce.armextab.*)
                0x082c6944                        __exidx_start = .

.ARM.exidx
 *(.ARM.exidx* .gnu.linkonce.armexidx.*)
                0x082c6944                        __exidx_end = .

.ctors          0x082c6944        0x0
 *crtbegin.o(.ctors)
 *(EXCLUDE_FILE(*crtend.o) .ctors)
 *(SORT_BY_NAME(.ctors.*))
 *(.ctors)
                0x082c6944                        . = ALIGN (0x4)

.dtors          0x082c6944        0x0
 *crtbegin.o(.dtors)
 *(EXCLUDE_FILE(*crtend.o) .dtors)
 *(SORT_BY_NAME(.dtors.*))
 *(.dtors)
                0x082c6944                        . = ALIGN (0x4)

.eh_frame       0x082c6944        0x4
 *(.eh_frame)
 .eh_frame      0x082c6944        0x0 /opt/devkitpro/devkitARM/bin/../lib/gcc/arm-none-eabi/14.2.0/thumb/crtbegin.o
 .eh_frame      0x082c6944        0x4 /opt/devkitpro/devkitARM/bin/../lib/gcc/arm-none-eabi/14.2.0/thumb/crtend.o
                0x082c6948                        . = ALIGN (0x4)

.gcc_except_table
                0x082c6948        0x0
 *(.gcc_except_table)
                0x082c6948                        . = ALIGN (0x4)
                0x082c6948                        __iwram_lma = .

.iwram          0x03000000     0x2320 load address 0x082c6948
                0x03000000                        __iwram_start__ = ABSOLUTE (.)
 *(.iwram .iwram*)
 .iwram         0x03000000      0x290 bn_sprites_manager.bn_iwram.o
                0x03000000                bn::sprites_manager::_check_items_on_screen(bn::intrusive_list<bn::sorted_sprites::layer>&)
                0x03000104                bn::sprites_manager::_rebuild_handles_impl(int, void*, bn::intrusive_list<bn::sorted_sprites::layer>&)
                0x0300019c                bn::sprites_manager::_update_cameras_impl(bn::intrusive_list<bn::sorted_sprites::layer>&)
 .iwram         0x03000290       0xc4 bn_hw_palettes.bn_iwram.o
                0x03000290                bn::hw::palettes::brightness(bn::color const*, int, int, bn::color*)
                0x030002f8                bn::hw::palettes::_lut_effect(bn::color const*, unsigned char const*, int, bn::color*)
 .iwram         0x03000354       0x6c bn_hw_bg_blocks.o
                0x03000354                bn_hw_bg_blocks_commit_half_words
                0x0300036c                bn_hw_bg_blocks_commit_words
                0x03000384                bn_hw_bg_blocks_commit_blocks
 .iwram         0x030003c0       0xd0 bn_hw_hblank_effects.o
                0x030003c0                bn::hw::hblank_effects::_intr()
                0x0300048c                bn::hw::hblank_effects::data
 .iwram         0x03000490       0x30 bn_hw_palettes_asm.o
                0x03000490                bn_hw_palettes_different_words
 .iwram.clr_blend_fast
                0x030004c0       0x70 clr_blend_fast.o
                0x030004c0                clr_blend_fast
 .iwram         0x03000530       0x70 clr_fade_fast.o
                0x03000530                clr_fade_fast
 .iwram.memset32
                0x030005a0       0x4c tonc_memset.o
                0x030005a0                memset32
 .iwram         0x030005ec      0x134 irq_handler.o
                0x030005ec                IRQ_GlobalInterruptHandler
 .iwram.__aeabi_lmul
                0x03000720       0x14 lmul.o
                0x03000720                __aeabi_lmul
 .iwram.__aeabi_memcpy
                0x03000734       0xc8 memcpy.o
                0x03000734                __aeabi_memcpy
                0x0300076c                __aeabi_memcpy4
                0x0300076c                __aeabi_memcpy8
                0x030007d8                __agbabi_memcpy2
 .iwram.__agbabi_memcpy1
                0x030007fc       0x14 memcpy.o
                0x030007fc                __agbabi_memcpy1
 .iwram.memcpy  0x03000810       0x10 memcpy.o
                0x03000810                memcpy
 .iwram.__aeabi_memmove
                0x03000820        0xc memmove.o
                0x03000820                __aeabi_memmove
 .iwram.memmove
                0x0300082c       0x10 memmove.o
                0x0300082c                memmove
 .iwram.__aeabi_memset
                0x0300083c       0x9c memset.o
                0x0300083c                __aeabi_memset
                0x03000860                __aeabi_memset4
                0x03000860                __aeabi_memset8
                0x0300086c                __agbabi_wordset4
                0x03000870                __agbabi_lwordset4
 .iwram.__agbabi_memset1
                0x030008d8       0x10 memset.o
                0x030008d8                __agbabi_memset1
 .iwram.memset  0x030008e8       0x1c memset.o
                0x030008e8                memset
 .iwram.__agbabi_rmemcpy
                0x03000904       0xcc rmemcpy.o
                0x03000904                __agbabi_rmemcpy
 .iwram.__agbabi_rmemcpy1
                0x030009d0       0x14 rmemcpy.o
                0x030009d0                __agbabi_rmemcpy1
 .iwram         0x030009e4       0x3c sdiv32.o
                0x030009e4                __aeabi_idivmod
                0x030009e4                __aeabi_idiv
 .iwram         0x03000a20      0x1e0 udiv32.o
                0x03000a20                __aeabi_uidivmod
                0x03000a20                __aeabi_uidiv
                0x03000a28                udiv32pastzero
                0x03000a7c                div32Iteration
 .iwram         0x03000c00       0x98 huffman.o
                0x03000c00                swi_HuffUnCompReadNormal
 .iwram         0x03000c98      0x1ac lz77.o
                0x03000c98                swi_LZ77UnCompWrite8bit
                0x03000c98                swi_LZ77UnCompWrite16bit
 .iwram         0x03000e44       0xec running_length.o
                0x03000e44                swi_RLUnCompReadNormalWrite8bit
                0x03000ea4                swi_RLUnCompReadNormalWrite16bit
 .iwram         0x03000f30      0x554 mm_mas.o
                0x03000f30                mppProcessTick
                0x03001014                mpp_Channel_NewNote
                0x030010f4                mpp_Update_ACHN_notest
 .iwram         0x03001484      0x648 mm_mas_arm.o
                0x03001484                mmAllocChannel
                0x030014f8                mmReadPattern
                0x030015e4                mmUpdateChannel_T0
                0x03001824                mmUpdateChannel_TN
                0x030019c4                mmGetPeriod
                0x03001a08                note_table_oct
                0x03001a26                note_table_mod
 .iwram         0x03001acc        0x8 mm_main_gba.o
                0x03001acc                mpp_call_r7i
                0x03001ace                mpp_call_r2i
                0x03001ad0                mpp_call_r1i
 .iwram         0x03001ad4      0x838 mm_mixer_gba.o
                0x03001ad8                mmVBlank
                0x03001b5c                mmMixerMix
 *fill*         0x0300230c        0x4 ff
 .iwram.__stub  0x03002310        0xc linker stubs
 *iwram.*(.text* .data*)
                0x0300231c                        . = ALIGN (0x4)
                0x03002320                        __iwram_end__ = ABSOLUTE (.)
                0x082c8c68                        __data_lma = (__iwram_lma + SIZEOF (.iwram))

.bss            0x03002320      0x86c
                0x03002320                        __bss_start = ABSOLUTE (.)
                0x03002320                        __bss_start__ = ABSOLUTE (.)
 *(.dynbss)
 *(.gnu.linkonce.b*)
 *(.bss*)
 .bss.completed.1
                0x03002320        0x1 /opt/devkitpro/devkitARM/bin/../lib/gcc/arm-none-eabi/14.2.0/thumb/crtbegin.o
 *fill*         0x03002321        0x3 
 .bss.object.0  0x03002324       0x18 /opt/devkitpro/devkitARM/bin/../lib/gcc/arm-none-eabi/14.2.0/thumb/crtbegin.o
 .bss           0x0300233c      0x508 /tmp/ccRJ6bNu.ltrans0.ltrans.o
                0x0300233c                IRQ_VectorTable
                0x03002794                _ZN2bn22hblank_effects_manager12_GLOBAL__N_113internal_dataE.lto_priv.0
 .bss           0x03002844        0x4 /tmp/ccRJ6bNu.ltrans1.ltrans.o
                0x03002844                fake_heap_end
 .bss           0x03002848       0x2d mm_effect.o
                0x0300286c                mm_sfx_bitmask
                0x03002870                mm_sfx_clearmask
 *fill*         0x03002875        0x3 
 .bss           0x03002878        0x8 mm_main.o
                0x03002878                mmCallback
                0x0300287c                mm_ch_mask
 .bss           0x03002880      0x148 mm_mas.o
                0x03002880                mmLayerMain
                0x030028b8                mmLayerSub
                0x030028f0                mpp_vars
                0x03002900                mpp_layerp
                0x03002904                mpp_channels
                0x03002914                mpp_nchannels
                0x03002915                mpp_clayer
                0x03002918                mm_achannels
                0x0300291c                mm_pchannels
                0x03002920                mm_num_mch
                0x03002924                mm_num_ach
                0x03002928                mm_schannels
 .bss           0x030029c8        0x8 mm_main_gba.o
                0x030029c8                mm_vblank_function
                0x030029cc                mp_solution
 .bss           0x030029d0      0x1bc mm_mixer_gba.o
                0x030029d0                mp_writepos
                0x030029d8                mm_mixchannels
                0x030029e0                mm_mixlen
                0x030029f4                mm_bpmdv
                0x030029f8                mp_mix_seg
 *(COMMON)
                0x03002b8c                        . = ALIGN (0x4)
                0x03002b8c                        __bss_end__ = ABSOLUTE (.)

.data           0x03002b8c        0x4 load address 0x082c8c68
                0x03002b8c                        __data_start__ = ABSOLUTE (.)
 *(.data*)
 .data.__dso_handle
                0x03002b8c        0x4 /opt/devkitpro/devkitARM/bin/../lib/gcc/arm-none-eabi/14.2.0/thumb/crtbegin.o
                0x03002b8c                __dso_handle
 *(.gnu.linkonce.d*)
                0x03002b90                        . = ALIGN (0x4)
                0x082c8c6c                        __preinit_lma = (__data_lma + SIZEOF (.data))

.igot.plt       0x03002b90        0x0 load address 0x082c8c6c
 .igot.plt      0x03002b90        0x0 /opt/devkitpro/devkitARM/bin/../lib/gcc/arm-none-eabi/14.2.0/../../../../arm-none-eabi/lib/thumb/gba_crt0.o

.preinit_array  0x03002b90        0x0 load address 0x082c8c6c
                0x03002b90                        __preinit_array_start = ABSOLUTE (.)
 *(.preinit_array)
                0x03002b90                        __preinit_array_end = ABSOLUTE (.)
                0x082c8c6c                        __init_lma = (__preinit_lma + SIZEOF (.preinit_array))

.init_array     0x03002b90        0x8 load address 0x082c8c6c
                0x03002b90                        __init_array_start = ABSOLUTE (.)
 *(SORT_BY_NAME(.init_array.*))
 *(.init_array)
 .init_array    0x03002b90        0x4 /opt/devkitpro/devkitARM/bin/../lib/gcc/arm-none-eabi/14.2.0/thumb/crtbegin.o
 .init_array    0x03002b94        0x4 /tmp/ccRJ6bNu.ltrans1.ltrans.o
                0x03002b98                        __init_array_end = ABSOLUTE (.)
                0x082c8c74                        __fini_lma = (__init_lma + SIZEOF (.init_array))

.fini_array     0x03002b98        0x4 load address 0x082c8c74
                0x03002b98                        __fini_array_start = ABSOLUTE (.)
 *(SORT_BY_NAME(.fini_array.*))
 *(.fini_array)
 .fini_array    0x03002b98        0x4 /opt/devkitpro/devkitARM/bin/../lib/gcc/arm-none-eabi/14.2.0/thumb/crtbegin.o
                0x03002b9c                        __fini_array_end = ABSOLUTE (.)
                0x082c8c78                        __jcr_lma = (__fini_lma + SIZEOF (.fini_array))

.jcr
 *(.jcr)
                0x03002b9c                        __data_end__ = ABSOLUTE (.)
                0x082c8c78                        __iwram_overlay_lma = (__jcr_lma + SIZEOF (.jcr))
                0x03002b9c                        __iwram_overlay_start = .

.iwram0         0x03002b9c        0x0 load address 0x082c8c78
 *(.iwram0)
                0x03002b9c                        . = ALIGN (0x4)
                0x082c8c78                        PROVIDE (__load_start_iwram0 = LOADADDR (.iwram0))
                0x082c8c78                        PROVIDE (__load_stop_iwram0 = (LOADADDR (.iwram0) + SIZEOF (.iwram0)))

.iwram1         0x03002b9c        0x0
 *(.iwram1)
                0x03002b9c                        . = ALIGN (0x4)
                [!provide]                        PROVIDE (__load_start_iwram1 = LOADADDR (.iwram1))
                [!provide]                        PROVIDE (__load_stop_iwram1 = (LOADADDR (.iwram1) + SIZEOF (.iwram1)))

.iwram2         0x03002b9c        0x0
 *(.iwram2)
                0x03002b9c                        . = ALIGN (0x4)
                [!provide]                        PROVIDE (__load_start_iwram2 = LOADADDR (.iwram2))
                [!provide]                        PROVIDE (__load_stop_iwram2 = (LOADADDR (.iwram2) + SIZEOF (.iwram2)))

.iwram3         0x03002b9c        0x0
 *(.iwram3)
                0x03002b9c                        . = ALIGN (0x4)
                [!provide]                        PROVIDE (__load_start_iwram3 = LOADADDR (.iwram3))
                [!provide]                        PROVIDE (__load_stop_iwram3 = (LOADADDR (.iwram3) + SIZEOF (.iwram3)))

.iwram4         0x03002b9c        0x0
 *(.iwram4)
                0x03002b9c                        . = ALIGN (0x4)
                [!provide]                        PROVIDE (__load_start_iwram4 = LOADADDR (.iwram4))
                [!provide]                        PROVIDE (__load_stop_iwram4 = (LOADADDR (.iwram4) + SIZEOF (.iwram4)))

.iwram5         0x03002b9c        0x0
 *(.iwram5)
                0x03002b9c                        . = ALIGN (0x4)
                [!provide]                        PROVIDE (__load_start_iwram5 = LOADADDR (.iwram5))
                [!provide]                        PROVIDE (__load_stop_iwram5 = (LOADADDR (.iwram5) + SIZEOF (.iwram5)))

.iwram6         0x03002b9c        0x0
 *(.iwram6)
                0x03002b9c                        . = ALIGN (0x4)
                [!provide]                        PROVIDE (__load_start_iwram6 = LOADADDR (.iwram6))
                [!provide]                        PROVIDE (__load_stop_iwram6 = (LOADADDR (.iwram6) + SIZEOF (.iwram6)))

.iwram7         0x03002b9c        0x0
 *(.iwram7)
                0x03002b9c                        . = ALIGN (0x4)
                [!provide]                        PROVIDE (__load_start_iwram7 = LOADADDR (.iwram7))
                [!provide]                        PROVIDE (__load_stop_iwram7 = (LOADADDR (.iwram7) + SIZEOF (.iwram7)))

.iwram8         0x03002b9c        0x0
 *(.iwram8)
                0x03002b9c                        . = ALIGN (0x4)
                [!provide]                        PROVIDE (__load_start_iwram8 = LOADADDR (.iwram8))
                [!provide]                        PROVIDE (__load_stop_iwram8 = (LOADADDR (.iwram8) + SIZEOF (.iwram8)))

.iwram9         0x03002b9c        0x0
 *(.iwram9)
                0x03002b9c                        . = ALIGN (0x4)
                [!provide]                        PROVIDE (__load_start_iwram9 = LOADADDR (.iwram9))
                [!provide]                        PROVIDE (__load_stop_iwram9 = (LOADADDR (.iwram9) + SIZEOF (.iwram9)))
                0x03002b9c                        __iwram_overlay_end = .
                0x082c8c78                        __ewram_lma = (__iwram_overlay_lma + (__iwram_overlay_end - __iwram_overlay_start))
                0x03002b9c                        __iheap_start = .
                0x02000000                        __ewram_start = ORIGIN (ewram)

.ewram          0x02000000       0xf4 load address 0x082c8c78
 *(.ewram*)
 .ewram         0x02000000       0x10 /tmp/ccRJ6bNu.ltrans0.ltrans.o
                0x02000004                Vgm
 .ewram         0x02000010       0x48 /tmp/ccRJ6bNu.ltrans1.ltrans.o
 .ewram         0x02000058       0x9c bn_hw_game_pak.bn_ewram.o
                0x02000058                bn::hw::game_pak::_slow_game_pak()
                0x020000f4                        . = ALIGN (0x4)
                0x020000f4                        __ewram_end = ABSOLUTE (.)
                0x082c8d6c                        __pad_lma = (__ewram_lma + SIZEOF (.ewram))

.sbss           0x020000f4     0x8204
                0x020000f4                        __sbss_start__ = ABSOLUTE (.)
 *(.sbss*)
 .sbss          0x020000f4     0x8204 /tmp/ccRJ6bNu.ltrans0.ltrans.o
                0x020000f4                _ZN2bn15cameras_manager12_GLOBAL__N_14dataE.lto_priv.0
                0x02000144                _ZN2bn4core12_GLOBAL__N_14dataE.lto_priv.0
                0x0200018c                _ZN2bn2hw5audio12_GLOBAL__N_14dataE.lto_priv.0
                0x020001d8                _ZN2bn12hdma_manager12_GLOBAL__N_14dataE.lto_priv.0
                0x02000210                _ZN2bn14memory_manager12_GLOBAL__N_14dataE.lto_priv.0
                0x02000220                gbt.lto_priv.0
                0x020002b8                _ZN2bn17bg_blocks_manager12_GLOBAL__N_14dataE.lto_priv.0
                0x0200049c                _ZN2bn26sprite_affine_mats_manager12_GLOBAL__N_14dataE.lto_priv.0
                0x02000d64                _ZN2bn20sprite_tiles_manager12_GLOBAL__N_14dataE.lto_priv.0
                0x020023d8                _ZN2bn16palettes_manager12_GLOBAL__N_14dataE.lto_priv.0
                0x02003c70                _ZN2bn2hw4link12_GLOBAL__N_14dataE.lto_priv.0
                0x02003da0                _ZN2bn22hblank_effects_manager12_GLOBAL__N_113external_dataE.lto_priv.0
                0x020057e4                _ZN2bn13audio_manager12_GLOBAL__N_14dataE.lto_priv.0
                0x02005958                _ZN2bn11bgs_manager12_GLOBAL__N_14dataE.lto_priv.0
                0x02005c04                _ZN2bn15display_manager12_GLOBAL__N_14dataE.lto_priv.0
                0x02005ca8                _ZN2bn15sprites_manager12_GLOBAL__N_14dataE.lto_priv.0
                0x020082f8                        . = ALIGN (0x4)
                0x020082f8                        __sbss_end__ = ABSOLUTE (.)
                0x020082f8                        __end__ = ABSOLUTE (.)
                0x020082f8                        __eheap_start = ABSOLUTE (.)

.pad            0x020082f8        0x8 load address 0x082c8d6c
                0x020082f8        0x4 LONG 0x52416b64
                0x020082fc        0x4 LONG 0x4d
                0x02008300                        . = ALIGN (0x4)
                0x082c8d74                        __rom_end__ = (__pad_lma + SIZEOF (.pad))

.rel.dyn        0x02008300        0x0 load address 0x082c8d74
 .rel.iplt      0x02008300        0x0 /opt/devkitpro/devkitARM/bin/../lib/gcc/arm-none-eabi/14.2.0/../../../../arm-none-eabi/lib/thumb/gba_crt0.o

.stab
 *(.stab)

.stabstr
 *(.stabstr)

.stab.excl
 *(.stab.excl)

.stab.exclstr
 *(.stab.exclstr)

.stab.index
 *(.stab.index)

.stab.indexstr
 *(.stab.indexstr)

.comment        0x00000000       0x23
 *(.comment)
 .comment       0x00000000       0x23 /opt/devkitpro/devkitARM/bin/../lib/gcc/arm-none-eabi/14.2.0/thumb/crtbegin.o
                                 0x24 (size before relaxing)
 .comment       0x00000023       0x24 /tmp/ccRJ6bNu.ltrans0.ltrans.o
 .comment       0x00000023       0x24 /tmp/ccRJ6bNu.ltrans1.ltrans.o
 .comment       0x00000023       0x24 bn_sprites_manager.bn_iwram.o
 .comment       0x00000023       0x24 bn_hw_common.bn_noflto.o
 .comment       0x00000023       0x24 bn_hw_game_pak.bn_ewram.o
 .comment       0x00000023       0x24 bn_hw_palettes.bn_iwram.o
 .comment       0x00000023       0x24 /opt/devkitpro/devkitARM/bin/../lib/gcc/arm-none-eabi/14.2.0/thumb/crtend.o

.debug
 *(.debug)

.line
 *(.line)

.debug_srcinfo
 *(.debug_srcinfo)

.debug_sfnames
 *(.debug_sfnames)

.debug_aranges  0x00000000      0x5c8
 *(.debug_aranges)
 .debug_aranges
                0x00000000       0x28 /tmp/ccRJ6bNu.ltrans0.ltrans.o
 .debug_aranges
                0x00000028       0x20 /tmp/ccRJ6bNu.ltrans1.ltrans.o
 .debug_aranges
                0x00000048       0x30 bn_sprites_manager.bn_iwram.o
 .debug_aranges
                0x00000078       0x58 bn_hw_common.bn_noflto.o
 .debug_aranges
                0x000000d0       0x20 bn_hw_game_pak.bn_ewram.o
 .debug_aranges
                0x000000f0       0x28 bn_hw_palettes.bn_iwram.o
 .debug_aranges
                0x00000118       0x20 bn_hw_bg_blocks.o
 .debug_aranges
                0x00000138       0x20 bn_hw_hblank_effects.o
 .debug_aranges
                0x00000158       0x20 bn_hw_palettes_asm.o
 .debug_aranges
                0x00000178       0x20 clr_blend_fast.o
 .debug_aranges
                0x00000198       0x20 clr_fade_fast.o
 .debug_aranges
                0x000001b8      0x130 tonc_bios.o
 .debug_aranges
                0x000002e8       0x28 tonc_memset.o
 .debug_aranges
                0x00000310       0x20 irq_handler.o
 .debug_aranges
                0x00000330       0x20 posprintf.o
 .debug_aranges
                0x00000350       0x38 lmul.o
 .debug_aranges
                0x00000388       0x30 memcpy.o
 .debug_aranges
                0x000003b8       0x38 memmove.o
 .debug_aranges
                0x000003f0       0x38 memset.o
 .debug_aranges
                0x00000428       0x28 rmemcpy.o
 .debug_aranges
                0x00000450       0x20 sdiv32.o
 .debug_aranges
                0x00000470       0x20 udiv32.o
 .debug_aranges
                0x00000490       0x20 huffman.o
 .debug_aranges
                0x000004b0       0x20 lz77.o
 .debug_aranges
                0x000004d0       0x20 running_length.o
 .debug_aranges
                0x000004f0       0x20 mm_effect.o
 .debug_aranges
                0x00000510       0x20 mm_main.o
 .debug_aranges
                0x00000530       0x28 mm_mas.o
 .debug_aranges
                0x00000558       0x20 mm_mas_arm.o
 .debug_aranges
                0x00000578       0x28 mm_main_gba.o
 .debug_aranges
                0x000005a0       0x28 mm_mixer_gba.o

.debug_pubnames
 *(.debug_pubnames)

.debug_info     0x00000000   0x1bca02
 *(.debug_info)
 .debug_info    0x00000000    0x24e47 /tmp/ccRJ6bNu.ltrans0.ltrans.o
 .debug_info    0x00024e47    0x1ebec /tmp/ccRJ6bNu.ltrans1.ltrans.o
 .debug_info    0x00043a33     0xd602 /tmp/ccGSuwRa.debug.temp.o
                0x00043a33                main.cpp.07f49784
 .debug_info    0x00051035     0x96a3 /tmp/ccEC7E2j.debug.temp.o
                0x00051035                bn_affine_bg_animate_actions.cpp.e1ebcd15
 .debug_info    0x0005a6d8     0xdb21 /tmp/ccLUdIUC.debug.temp.o
                0x0005a6d8                bn_audio_manager.cpp.d8463610
 .debug_info    0x000681f9     0x45a8 /tmp/ccA0fQjQ.debug.temp.o
                0x000681f9                bn_best_fit_allocator.cpp.4c895319
 .debug_info    0x0006c7a1    0x1c99a /tmp/ccjtwTio.debug.temp.o
                0x0006c7a1                bn_bg_blocks_manager.cpp.449bc6e7
 .debug_info    0x0008913b    0x1e88a /tmp/ccaq9lP4.debug.temp.o
                0x0008913b                bn_bgs_manager.cpp.9cc695b6
 .debug_info    0x000a79c5     0x4d11 /tmp/cc1iTXoQ.debug.temp.o
                0x000a79c5                bn_cameras_manager.cpp.2e68df10
 .debug_info    0x000ac6d6     0x64b3 /tmp/ccLzHt8G.debug.temp.o
                0x000ac6d6                bn_core.cpp.01c4dfcf
 .debug_info    0x000b2b89    0x13e13 /tmp/ccWlUM0m.debug.temp.o
                0x000b2b89                bn_display_manager.cpp.160b6434
 .debug_info    0x000c699c     0x4c6f /tmp/ccjxm2GN.debug.temp.o
                0x000c699c                bn_gpio_manager.cpp.6b3cccd0
 .debug_info    0x000cb60b    0x39148 /tmp/cck0fKHV.debug.temp.o
                0x000cb60b                bn_hblank_effects_manager.cpp.5074e45f
 .debug_info    0x00104753     0x1d27 /tmp/ccCZC76Z.debug.temp.o
                0x00104753                bn_hdma_manager.cpp.9c14807c
 .debug_info    0x0010647a     0x4a03 /tmp/ccZSUXfZ.debug.temp.o
                0x0010647a                bn_keypad_manager.cpp.d9fa5225
 .debug_info    0x0010ae7d     0x4dbc /tmp/ccH3ha4G.debug.temp.o
                0x0010ae7d                bn_link_manager.cpp.9d3f81b9
 .debug_info    0x0010fc39     0x4cb7 /tmp/ccMtm4ae.debug.temp.o
                0x0010fc39                bn_memory_manager.cpp.c7a42dd5
 .debug_info    0x001148f0     0xf0a6 /tmp/cctgUISg.debug.temp.o
                0x001148f0                bn_palettes_manager.cpp.1be70b67
 .debug_info    0x00123996     0xf973 /tmp/ccBq5fG2.debug.temp.o
                0x00123996                bn_sprite_affine_mats_manager.cpp.606d27e4
 .debug_info    0x00133309     0x8e56 /tmp/cciFF1sM.debug.temp.o
                0x00133309                bn_sprite_animate_actions.cpp.f1d930ef
 .debug_info    0x0013c15f    0x145e9 /tmp/cci7AS4Q.debug.temp.o
                0x0013c15f                bn_sprite_text_generator.cpp.5f45f4ef
 .debug_info    0x00150748     0xde85 /tmp/ccrF3Vay.debug.temp.o
                0x00150748                bn_sprite_tiles_manager.cpp.d6bc4bd9
 .debug_info    0x0015e5cd    0x1a647 /tmp/ccEXpHN7.debug.temp.o
                0x0015e5cd                bn_sprites_manager.cpp.b6893cb2
 .debug_info    0x00178c14     0x5df9 /tmp/ccgPELkK.debug.temp.o
                0x00178c14                bn_sstream.cpp.defbfde6
 .debug_info    0x0017ea0d    0x10961 /tmp/ccds4PJg.debug.temp.o
                0x0017ea0d                bn_translation_unit.cpp.a0c82621
 .debug_info    0x0018f36e     0x59a1 /tmp/ccoG4vSS.debug.temp.o
                0x0018f36e                bn_hw_audio.cpp.51001c92
 .debug_info    0x00194d0f     0x155e /tmp/ccMnuqQr.debug.temp.o
                0x00194d0f                bn_hw_cstdlib.cpp.b0a933ea
 .debug_info    0x0019626d     0x5b63 /tmp/ccBoSKHm.debug.temp.o
                0x0019626d                bn_hw_link.cpp.8ae56b01
 .debug_info    0x0019bdd0     0x49b3 /tmp/cc202is6.debug.temp.o
                0x0019bdd0                bn_hw_palettes.cpp.1719f721
 .debug_info    0x001a0783     0x5f99 /tmp/ccHJ16dm.debug.temp.o
                0x001a0783                bn_hw_show.cpp.77e2c905
 .debug_info    0x001a671c      0x549 /tmp/ccxgGGAa.debug.temp.o
                0x001a671c                bn_hw_sram.cpp.a744c008
 .debug_info    0x001a6c65      0x6c7 /tmp/ccJG6QAB.debug.temp.o
                0x001a6c65                bn_hw_system_font.cpp.a7933c99
 .debug_info    0x001a732c     0x41c0 /tmp/ccDXT7IZ.debug.temp.o
                0x001a732c                bn_hw_text.cpp.214ae997
 .debug_info    0x001ab4ec      0x64e /tmp/ccJo7ihk.debug.temp.o
                0x001ab4ec                vgm.cpp.8aa00353
 .debug_info    0x001abb3a      0x594 /tmp/ccB3eRFv.debug.temp.o
                0x001abb3a                tonc_color.c.c6c09fad
 .debug_info    0x001ac0ce      0x5e1 /tmp/ccL8slhS.debug.temp.o
                0x001ac0ce                tonc_sbmp16.c.368d15ac
 .debug_info    0x001ac6af      0x596 /tmp/ccOhM3p0.debug.temp.o
                0x001ac6af                bmp16_drawg_b1cs.c.23632fef
 .debug_info    0x001acc45      0x4cf /tmp/ccpk9vYl.debug.temp.o
                0x001acc45                tte_init_bmp.c.c41d6359
 .debug_info    0x001ad114      0x9be /tmp/ccG9qCug.debug.temp.o
                0x001ad114                tte_main.c.dac0e2d2
 .debug_info    0x001adad2      0x1b3 /tmp/ccnGeXTm.debug.temp.o
                0x001adad2                interrupts_gba.c.36e555e8
 .debug_info    0x001adc85     0x119b /tmp/ccryJvEw.debug.temp.o
                0x001adc85                gbt_player.c.f4a2d17b
 .debug_info    0x001aee20     0xa5b1 bn_sprites_manager.bn_iwram.o
 .debug_info    0x001b93d1     0x19e4 bn_hw_common.bn_noflto.o
 .debug_info    0x001badb5      0x614 bn_hw_game_pak.bn_ewram.o
 .debug_info    0x001bb3c9     0x1104 bn_hw_palettes.bn_iwram.o
 .debug_info    0x001bc4cd       0x23 bn_hw_bg_blocks.o
 .debug_info    0x001bc4f0       0x24 bn_hw_hblank_effects.o
 .debug_info    0x001bc514       0x23 bn_hw_palettes_asm.o
 .debug_info    0x001bc537       0x30 clr_blend_fast.o
 .debug_info    0x001bc567       0x23 clr_fade_fast.o
 .debug_info    0x001bc58a      0x1c8 tonc_bios.o
 .debug_info    0x001bc752       0x3a tonc_memset.o
 .debug_info    0x001bc78c       0x24 irq_handler.o
 .debug_info    0x001bc7b0       0x24 posprintf.o
 .debug_info    0x001bc7d4       0x22 lmul.o
 .debug_info    0x001bc7f6       0x22 memcpy.o
 .debug_info    0x001bc818       0x22 memmove.o
 .debug_info    0x001bc83a       0x22 memset.o
 .debug_info    0x001bc85c       0x22 rmemcpy.o
 .debug_info    0x001bc87e       0x23 sdiv32.o
 .debug_info    0x001bc8a1       0x24 udiv32.o
 .debug_info    0x001bc8c5       0x24 huffman.o
 .debug_info    0x001bc8e9       0x24 lz77.o
 .debug_info    0x001bc90d       0x24 running_length.o
 .debug_info    0x001bc931       0x24 mm_effect.o
 .debug_info    0x001bc955       0x23 mm_main.o
 .debug_info    0x001bc978       0x22 mm_mas.o
 .debug_info    0x001bc99a       0x24 mm_mas_arm.o
 .debug_info    0x001bc9be       0x22 mm_main_gba.o
 .debug_info    0x001bc9e0       0x22 mm_mixer_gba.o

.debug_abbrev   0x00000000    0x170e1
 *(.debug_abbrev)
 .debug_abbrev  0x00000000      0x35c /tmp/ccRJ6bNu.ltrans0.ltrans.o
 .debug_abbrev  0x0000035c      0x386 /tmp/ccRJ6bNu.ltrans1.ltrans.o
 .debug_abbrev  0x000006e2      0xd16 /tmp/ccGSuwRa.debug.temp.o
 .debug_abbrev  0x000013f8      0xa09 /tmp/ccEC7E2j.debug.temp.o
 .debug_abbrev  0x00001e01      0xde4 /tmp/ccLUdIUC.debug.temp.o
 .debug_abbrev  0x00002be5      0x882 /tmp/ccA0fQjQ.debug.temp.o
 .debug_abbrev  0x00003467      0xdd0 /tmp/ccjtwTio.debug.temp.o
 .debug_abbrev  0x00004237     0x10f6 /tmp/ccaq9lP4.debug.temp.o
 .debug_abbrev  0x0000532d      0x9f8 /tmp/cc1iTXoQ.debug.temp.o
 .debug_abbrev  0x00005d25      0xb46 /tmp/ccLzHt8G.debug.temp.o
 .debug_abbrev  0x0000686b      0xcb1 /tmp/ccWlUM0m.debug.temp.o
 .debug_abbrev  0x0000751c      0x921 /tmp/ccjxm2GN.debug.temp.o
 .debug_abbrev  0x00007e3d     0x1054 /tmp/cck0fKHV.debug.temp.o
 .debug_abbrev  0x00008e91      0x606 /tmp/ccCZC76Z.debug.temp.o
 .debug_abbrev  0x00009497      0x8b3 /tmp/ccZSUXfZ.debug.temp.o
 .debug_abbrev  0x00009d4a      0x991 /tmp/ccH3ha4G.debug.temp.o
 .debug_abbrev  0x0000a6db      0x910 /tmp/ccMtm4ae.debug.temp.o
 .debug_abbrev  0x0000afeb      0xdc2 /tmp/cctgUISg.debug.temp.o
 .debug_abbrev  0x0000bdad      0xead /tmp/ccBq5fG2.debug.temp.o
 .debug_abbrev  0x0000cc5a      0x9c1 /tmp/cciFF1sM.debug.temp.o
 .debug_abbrev  0x0000d61b      0xcab /tmp/cci7AS4Q.debug.temp.o
 .debug_abbrev  0x0000e2c6      0xdee /tmp/ccrF3Vay.debug.temp.o
 .debug_abbrev  0x0000f0b4      0xeea /tmp/ccEXpHN7.debug.temp.o
 .debug_abbrev  0x0000ff9e      0x79e /tmp/ccgPELkK.debug.temp.o
 .debug_abbrev  0x0001073c      0xcbf /tmp/ccds4PJg.debug.temp.o
 .debug_abbrev  0x000113fb      0xb98 /tmp/ccoG4vSS.debug.temp.o
 .debug_abbrev  0x00011f93      0x519 /tmp/ccMnuqQr.debug.temp.o
 .debug_abbrev  0x000124ac      0x9dc /tmp/ccBoSKHm.debug.temp.o
 .debug_abbrev  0x00012e88      0x7d4 /tmp/cc202is6.debug.temp.o
 .debug_abbrev  0x0001365c      0x9c8 /tmp/ccHJ16dm.debug.temp.o
 .debug_abbrev  0x00014024      0x192 /tmp/ccxgGGAa.debug.temp.o
 .debug_abbrev  0x000141b6      0x228 /tmp/ccJG6QAB.debug.temp.o
 .debug_abbrev  0x000143de      0x70d /tmp/ccDXT7IZ.debug.temp.o
 .debug_abbrev  0x00014aeb      0x1a4 /tmp/ccJo7ihk.debug.temp.o
 .debug_abbrev  0x00014c8f       0xf4 /tmp/ccB3eRFv.debug.temp.o
 .debug_abbrev  0x00014d83      0x1c6 /tmp/ccL8slhS.debug.temp.o
 .debug_abbrev  0x00014f49      0x174 /tmp/ccOhM3p0.debug.temp.o
 .debug_abbrev  0x000150bd      0x1b1 /tmp/ccpk9vYl.debug.temp.o
 .debug_abbrev  0x0001526e      0x266 /tmp/ccG9qCug.debug.temp.o
 .debug_abbrev  0x000154d4       0xed /tmp/ccnGeXTm.debug.temp.o
 .debug_abbrev  0x000155c1      0x187 /tmp/ccryJvEw.debug.temp.o
 .debug_abbrev  0x00015748      0xabc bn_sprites_manager.bn_iwram.o
 .debug_abbrev  0x00016204      0x606 bn_hw_common.bn_noflto.o
 .debug_abbrev  0x0001680a      0x1e0 bn_hw_game_pak.bn_ewram.o
 .debug_abbrev  0x000169ea      0x4db bn_hw_palettes.bn_iwram.o
 .debug_abbrev  0x00016ec5       0x14 bn_hw_bg_blocks.o
 .debug_abbrev  0x00016ed9       0x14 bn_hw_hblank_effects.o
 .debug_abbrev  0x00016eed       0x14 bn_hw_palettes_asm.o
 .debug_abbrev  0x00016f01       0x28 clr_blend_fast.o
 .debug_abbrev  0x00016f29       0x14 clr_fade_fast.o
 .debug_abbrev  0x00016f3d       0x26 tonc_bios.o
 .debug_abbrev  0x00016f63       0x26 tonc_memset.o
 .debug_abbrev  0x00016f89       0x14 irq_handler.o
 .debug_abbrev  0x00016f9d       0x14 posprintf.o
 .debug_abbrev  0x00016fb1       0x12 lmul.o
 .debug_abbrev  0x00016fc3       0x12 memcpy.o
 .debug_abbrev  0x00016fd5       0x12 memmove.o
 .debug_abbrev  0x00016fe7       0x12 memset.o
 .debug_abbrev  0x00016ff9       0x12 rmemcpy.o
 .debug_abbrev  0x0001700b       0x14 sdiv32.o
 .debug_abbrev  0x0001701f       0x14 udiv32.o
 .debug_abbrev  0x00017033       0x14 huffman.o
 .debug_abbrev  0x00017047       0x14 lz77.o
 .debug_abbrev  0x0001705b       0x14 running_length.o
 .debug_abbrev  0x0001706f       0x14 mm_effect.o
 .debug_abbrev  0x00017083       0x14 mm_main.o
 .debug_abbrev  0x00017097       0x12 mm_mas.o
 .debug_abbrev  0x000170a9       0x14 mm_mas_arm.o
 .debug_abbrev  0x000170bd       0x12 mm_main_gba.o
 .debug_abbrev  0x000170cf       0x12 mm_mixer_gba.o

.debug_line     0x00000000    0x3b161
 *(.debug_line)
 .debug_line    0x00000000    0x14f6d /tmp/ccRJ6bNu.ltrans0.ltrans.o
 .debug_line    0x00014f6d     0xecb9 /tmp/ccRJ6bNu.ltrans1.ltrans.o
 .debug_line    0x00023c26      0xa80 /tmp/ccGSuwRa.debug.temp.o
 .debug_line    0x000246a6      0x750 /tmp/ccEC7E2j.debug.temp.o
 .debug_line    0x00024df6      0x9cd /tmp/ccLUdIUC.debug.temp.o
 .debug_line    0x000257c3      0x627 /tmp/ccA0fQjQ.debug.temp.o
 .debug_line    0x00025dea      0xbc3 /tmp/ccjtwTio.debug.temp.o
 .debug_line    0x000269ad      0xdda /tmp/ccaq9lP4.debug.temp.o
 .debug_line    0x00027787      0x713 /tmp/cc1iTXoQ.debug.temp.o
 .debug_line    0x00027e9a      0xae4 /tmp/ccLzHt8G.debug.temp.o
 .debug_line    0x0002897e      0xd08 /tmp/ccWlUM0m.debug.temp.o
 .debug_line    0x00029686      0x74b /tmp/ccjxm2GN.debug.temp.o
 .debug_line    0x00029dd1     0x1f6d /tmp/cck0fKHV.debug.temp.o
 .debug_line    0x0002bd3e      0x60c /tmp/ccCZC76Z.debug.temp.o
 .debug_line    0x0002c34a      0x6d8 /tmp/ccZSUXfZ.debug.temp.o
 .debug_line    0x0002ca22      0x7f6 /tmp/ccH3ha4G.debug.temp.o
 .debug_line    0x0002d218      0x894 /tmp/ccMtm4ae.debug.temp.o
 .debug_line    0x0002daac      0xb04 /tmp/cctgUISg.debug.temp.o
 .debug_line    0x0002e5b0      0xb02 /tmp/ccBq5fG2.debug.temp.o
 .debug_line    0x0002f0b2      0x6e9 /tmp/cciFF1sM.debug.temp.o
 .debug_line    0x0002f79b      0xa16 /tmp/cci7AS4Q.debug.temp.o
 .debug_line    0x000301b1      0x971 /tmp/ccrF3Vay.debug.temp.o
 .debug_line    0x00030b22      0xcc1 /tmp/ccEXpHN7.debug.temp.o
 .debug_line    0x000317e3      0x650 /tmp/ccgPELkK.debug.temp.o
 .debug_line    0x00031e33      0xb6d /tmp/ccds4PJg.debug.temp.o
 .debug_line    0x000329a0      0x950 /tmp/ccoG4vSS.debug.temp.o
 .debug_line    0x000332f0      0x474 /tmp/ccMnuqQr.debug.temp.o
 .debug_line    0x00033764      0x792 /tmp/ccBoSKHm.debug.temp.o
 .debug_line    0x00033ef6      0x6e9 /tmp/cc202is6.debug.temp.o
 .debug_line    0x000345df      0x88c /tmp/ccHJ16dm.debug.temp.o
 .debug_line    0x00034e6b      0x381 /tmp/ccxgGGAa.debug.temp.o
 .debug_line    0x000351ec      0x335 /tmp/ccJG6QAB.debug.temp.o
 .debug_line    0x00035521      0x6b2 /tmp/ccDXT7IZ.debug.temp.o
 .debug_line    0x00035bd3      0x258 /tmp/ccJo7ihk.debug.temp.o
 .debug_line    0x00035e2b      0x11d /tmp/ccB3eRFv.debug.temp.o
 .debug_line    0x00035f48      0x120 /tmp/ccL8slhS.debug.temp.o
 .debug_line    0x00036068      0x128 /tmp/ccOhM3p0.debug.temp.o
 .debug_line    0x00036190      0x124 /tmp/ccpk9vYl.debug.temp.o
 .debug_line    0x000362b4      0x169 /tmp/ccG9qCug.debug.temp.o
 .debug_line    0x0003641d      0x192 /tmp/ccnGeXTm.debug.temp.o
 .debug_line    0x000365af      0x196 /tmp/ccryJvEw.debug.temp.o
 .debug_line    0x00036745     0x102d bn_sprites_manager.bn_iwram.o
 .debug_line    0x00037772      0x69b bn_hw_common.bn_noflto.o
 .debug_line    0x00037e0d      0x52b bn_hw_game_pak.bn_ewram.o
 .debug_line    0x00038338      0x76c bn_hw_palettes.bn_iwram.o
 .debug_line    0x00038aa4       0xac bn_hw_bg_blocks.o
 .debug_line    0x00038b50       0xc5 bn_hw_hblank_effects.o
 .debug_line    0x00038c15       0x9c bn_hw_palettes_asm.o
 .debug_line    0x00038cb1       0xbc clr_blend_fast.o
 .debug_line    0x00038d6d       0xbb clr_fade_fast.o
 .debug_line    0x00038e28      0x2d7 tonc_bios.o
 .debug_line    0x000390ff       0xda tonc_memset.o
 .debug_line    0x000391d9       0xf7 irq_handler.o
 .debug_line    0x000392d0      0x1d1 posprintf.o
 .debug_line    0x000394a1       0xd7 lmul.o
 .debug_line    0x00039578       0xed memcpy.o
 .debug_line    0x00039665       0xcd memmove.o
 .debug_line    0x00039732       0xf7 memset.o
 .debug_line    0x00039829       0xda rmemcpy.o
 .debug_line    0x00039903       0xa8 sdiv32.o
 .debug_line    0x000399ab      0x111 udiv32.o
 .debug_line    0x00039abc       0xc4 huffman.o
 .debug_line    0x00039b80      0x10a lz77.o
 .debug_line    0x00039c8a       0xe2 running_length.o
 .debug_line    0x00039d6c      0x233 mm_effect.o
 .debug_line    0x00039f9f       0xa4 mm_main.o
 .debug_line    0x0003a043      0xa93 mm_mas.o
 .debug_line    0x0003aad6      0x219 mm_mas_arm.o
 .debug_line    0x0003acef      0x137 mm_main_gba.o
 .debug_line    0x0003ae26      0x33b mm_mixer_gba.o

.debug_frame    0x00000000     0x19fc
 *(.debug_frame)
 .debug_frame   0x00000000      0x644 /tmp/ccRJ6bNu.ltrans0.ltrans.o
 .debug_frame   0x00000644     0x11bc /tmp/ccRJ6bNu.ltrans1.ltrans.o
 .debug_frame   0x00001800       0x94 bn_sprites_manager.bn_iwram.o
 .debug_frame   0x00001894       0xec bn_hw_common.bn_noflto.o
 .debug_frame   0x00001980       0x34 bn_hw_game_pak.bn_ewram.o
 .debug_frame   0x000019b4       0x48 bn_hw_palettes.bn_iwram.o

.debug_str      0x00000000    0x91e2f
 *(.debug_str)
 .debug_str     0x00000000      0x649 /tmp/ccRJ6bNu.ltrans0.ltrans.o
 .debug_str     0x00000000      0xa02 /tmp/ccRJ6bNu.ltrans1.ltrans.o
 .debug_str     0x00000000     0xe7ee /tmp/ccGSuwRa.debug.temp.o
 .debug_str     0x00000000     0x9440 /tmp/ccEC7E2j.debug.temp.o
 .debug_str     0x00000000     0xbcd9 /tmp/ccLUdIUC.debug.temp.o
 .debug_str     0x00000000     0x2a45 /tmp/ccA0fQjQ.debug.temp.o
 .debug_str     0x00000000    0x16429 /tmp/ccjtwTio.debug.temp.o
 .debug_str     0x00000000    0x1b593 /tmp/ccaq9lP4.debug.temp.o
 .debug_str     0x00000000     0x3d30 /tmp/cc1iTXoQ.debug.temp.o
 .debug_str     0x00000000     0x552d /tmp/ccLzHt8G.debug.temp.o
 .debug_str     0x00000000    0x16be7 /tmp/ccWlUM0m.debug.temp.o
 .debug_str     0x00000000     0x32ac /tmp/ccjxm2GN.debug.temp.o
 .debug_str     0x00000000    0x4a100 /tmp/cck0fKHV.debug.temp.o
 .debug_str     0x00000000     0x165c /tmp/ccCZC76Z.debug.temp.o
 .debug_str     0x00000000     0x380b /tmp/ccZSUXfZ.debug.temp.o
 .debug_str     0x00000000     0x3b30 /tmp/ccH3ha4G.debug.temp.o
 .debug_str     0x00000000     0x3204 /tmp/ccMtm4ae.debug.temp.o
 .debug_str     0x00000000     0xc478 /tmp/cctgUISg.debug.temp.o
 .debug_str     0x00000000     0xf51d /tmp/ccBq5fG2.debug.temp.o
 .debug_str     0x00000000     0x82cc /tmp/cciFF1sM.debug.temp.o
 .debug_str     0x00000000    0x102ad /tmp/cci7AS4Q.debug.temp.o
 .debug_str     0x00000000     0xb521 /tmp/ccrF3Vay.debug.temp.o
 .debug_str     0x00000000    0x18510 /tmp/ccEXpHN7.debug.temp.o
 .debug_str     0x00000000     0x3dd9 /tmp/ccgPELkK.debug.temp.o
 .debug_str     0x00000000     0xc016 /tmp/ccds4PJg.debug.temp.o
 .debug_str     0x00000000     0x3438 /tmp/ccoG4vSS.debug.temp.o
 .debug_str     0x00000000     0x1101 /tmp/ccMnuqQr.debug.temp.o
 .debug_str     0x00000000     0x45ec /tmp/ccBoSKHm.debug.temp.o
 .debug_str     0x00000000     0x2c0c /tmp/cc202is6.debug.temp.o
 .debug_str     0x00000000     0x4044 /tmp/ccHJ16dm.debug.temp.o
 .debug_str     0x00000000      0x5b1 /tmp/ccxgGGAa.debug.temp.o
 .debug_str     0x00000000      0x617 /tmp/ccJG6QAB.debug.temp.o
 .debug_str     0x00000000     0x2a07 /tmp/ccDXT7IZ.debug.temp.o
 .debug_str     0x00000000      0x605 /tmp/ccJo7ihk.debug.temp.o
 .debug_str     0x00000000      0x2f5 /tmp/ccB3eRFv.debug.temp.o
 .debug_str     0x00000000      0x33b /tmp/ccL8slhS.debug.temp.o
 .debug_str     0x00000000      0x384 /tmp/ccOhM3p0.debug.temp.o
 .debug_str     0x00000000      0x3b2 /tmp/ccpk9vYl.debug.temp.o
 .debug_str     0x00000000      0x5b5 /tmp/ccG9qCug.debug.temp.o
 .debug_str     0x00000000      0x360 /tmp/ccnGeXTm.debug.temp.o
 .debug_str     0x00000000      0xaf0 /tmp/ccryJvEw.debug.temp.o
 .debug_str     0x00000000    0x91e2f bn_sprites_manager.bn_iwram.o
                               0xb5c5 (size before relaxing)
 .debug_str     0x00091e2f     0x11c4 bn_hw_common.bn_noflto.o
 .debug_str     0x00091e2f      0x5f9 bn_hw_game_pak.bn_ewram.o
 .debug_str     0x00091e2f      0x983 bn_hw_palettes.bn_iwram.o
 .debug_str     0x00091e2f       0xb0 bn_hw_bg_blocks.o
 .debug_str     0x00091e2f       0xb5 bn_hw_hblank_effects.o
 .debug_str     0x00091e2f       0xb3 bn_hw_palettes_asm.o
 .debug_str     0x00091e2f       0xd0 clr_blend_fast.o
 .debug_str     0x00091e2f       0xc0 clr_fade_fast.o
 .debug_str     0x00091e2f      0x274 tonc_bios.o
 .debug_str     0x00091e2f       0xd0 tonc_memset.o
 .debug_str     0x00091e2f       0xbe irq_handler.o
 .debug_str     0x00091e2f       0xbe posprintf.o
 .debug_str     0x00091e2f       0xb6 lmul.o
 .debug_str     0x00091e2f       0xb8 memcpy.o
 .debug_str     0x00091e2f       0xb9 memmove.o
 .debug_str     0x00091e2f       0xb8 memset.o
 .debug_str     0x00091e2f       0xb9 rmemcpy.o
 .debug_str     0x00091e2f       0xbc sdiv32.o
 .debug_str     0x00091e2f       0xbc udiv32.o
 .debug_str     0x00091e2f       0xc3 huffman.o
 .debug_str     0x00091e2f       0xc0 lz77.o
 .debug_str     0x00091e2f       0xca running_length.o
 .debug_str     0x00091e2f       0xbe mm_effect.o
 .debug_str     0x00091e2f       0xbc mm_main.o
 .debug_str     0x00091e2f       0xbb mm_mas.o
 .debug_str     0x00091e2f       0xbf mm_mas_arm.o
 .debug_str     0x00091e2f       0xc4 mm_main_gba.o
 .debug_str     0x00091e2f       0xc5 mm_mixer_gba.o

.debug_loc      0x00000000    0x5a315
 *(.debug_loc)
 .debug_loc     0x00000000    0x33cc5 /tmp/ccRJ6bNu.ltrans0.ltrans.o
 .debug_loc     0x00033cc5    0x25313 /tmp/ccRJ6bNu.ltrans1.ltrans.o
 .debug_loc     0x00058fd8      0xbc1 bn_sprites_manager.bn_iwram.o
 .debug_loc     0x00059b99      0x309 bn_hw_common.bn_noflto.o
 .debug_loc     0x00059ea2      0x102 bn_hw_game_pak.bn_ewram.o
 .debug_loc     0x00059fa4      0x371 bn_hw_palettes.bn_iwram.o

.debug_macinfo
 *(.debug_macinfo)

.debug_weaknames
 *(.debug_weaknames)

.debug_funcnames
 *(.debug_funcnames)

.debug_typenames
 *(.debug_typenames)

.debug_varnames
 *(.debug_varnames)

.stack          0x00080000        0x0
                0x00080000                        _stack = .
 *(.stack)

.note.gnu.arm.ident
 *(.note.gnu.arm.ident)

.ARM.attributes
                0x00000000       0x2c
 *(.ARM.attributes)
 .ARM.attributes
                0x00000000       0x20 /opt/devkitpro/devkitARM/bin/../lib/gcc/arm-none-eabi/14.2.0/../../../../arm-none-eabi/lib/thumb/gba_crt0.o
 .ARM.attributes
                0x00000020       0x1c /opt/devkitpro/devkitARM/bin/../lib/gcc/arm-none-eabi/14.2.0/thumb/crti.o
 .ARM.attributes
                0x0000003c       0x2a /opt/devkitpro/devkitARM/bin/../lib/gcc/arm-none-eabi/14.2.0/thumb/crtbegin.o
 .ARM.attributes
                0x00000066       0x1a _bn_audio_soundbank.bin.o
 .ARM.attributes
                0x00000080       0x1a beryl_bn_gfx.o
 .ARM.attributes
                0x0000009a       0x1a bg_berylsroom_bn_gfx.o
 .ARM.attributes
                0x000000b4       0x1a dialogue_back_bn_gfx.o
 .ARM.attributes
                0x000000ce       0x1a font_bn_gfx.o
 .ARM.attributes
                0x000000e8       0x1a starsbackground_bn_gfx.o
 .ARM.attributes
                0x00000102       0x1a ui_bubble_bn_gfx.o
 .ARM.attributes
                0x0000011c       0x28 /tmp/ccRJ6bNu.ltrans0.ltrans.o
 .ARM.attributes
                0x00000144       0x28 /tmp/ccRJ6bNu.ltrans1.ltrans.o
 .ARM.attributes
                0x0000016c       0x26 bn_sprites_manager.bn_iwram.o
 .ARM.attributes
                0x00000192       0x26 bn_hw_common.bn_noflto.o
 .ARM.attributes
                0x000001b8       0x26 bn_hw_game_pak.bn_ewram.o
 .ARM.attributes
                0x000001de       0x26 bn_hw_palettes.bn_iwram.o
 .ARM.attributes
                0x00000204       0x26 bn_hw_sprite_tiles.bn_iwram.o
 .ARM.attributes
                0x0000022a       0x26 bn_hw_sram.bn_ewram.o
 .ARM.attributes
                0x00000250       0x1a bn_hw_bg_blocks.o
 .ARM.attributes
                0x0000026a       0x1a bn_hw_core.o
 .ARM.attributes
                0x00000284       0x1a bn_hw_hblank_effects.o
 .ARM.attributes
                0x0000029e       0x1a bn_hw_palettes_asm.o
 .ARM.attributes
                0x000002b8       0x1a clr_blend_fast.o
 .ARM.attributes
                0x000002d2       0x1a clr_fade_fast.o
 .ARM.attributes
                0x000002ec       0x1a tonc_bios.o
 .ARM.attributes
                0x00000306       0x1a tonc_memset.o
 .ARM.attributes
                0x00000320       0x1a tonc_nocash.o
 .ARM.attributes
                0x0000033a       0x1a verdana9.o
 .ARM.attributes
                0x00000354       0x1a irq_handler.o
 .ARM.attributes
                0x0000036e       0x1a posprintf.o
 .ARM.attributes
                0x00000388       0x1a atan2.o
 .ARM.attributes
                0x000003a2       0x1a coroutine_asm.o
 .ARM.attributes
                0x000003bc       0x1a fiq_memcpy.o
 .ARM.attributes
                0x000003d6       0x1a lmul.o
 .ARM.attributes
                0x000003f0       0x1a memcpy.o
 .ARM.attributes
                0x0000040a       0x1a memmove.o
 .ARM.attributes
                0x00000424       0x1a memset.o
 .ARM.attributes
                0x0000043e       0x1a rmemcpy.o
 .ARM.attributes
                0x00000458       0x1a clz.o
 .ARM.attributes
                0x00000472       0x1a sdiv32.o
 .ARM.attributes
                0x0000048c       0x1a sqrt32.o
 .ARM.attributes
                0x000004a6       0x1a udiv32.o
 .ARM.attributes
                0x000004c0       0x1a huffman.o
 .ARM.attributes
                0x000004da       0x1a lz77.o
 .ARM.attributes
                0x000004f4       0x1a running_length.o
 .ARM.attributes
                0x0000050e       0x1a mm_effect.o
 .ARM.attributes
                0x00000528       0x1a mm_main.o
 .ARM.attributes
                0x00000542       0x1a mm_mas.o
 .ARM.attributes
                0x0000055c       0x1a mm_mas_arm.o
 .ARM.attributes
                0x00000576       0x1a mm_init_default.o
 .ARM.attributes
                0x00000590       0x1a mm_main_gba.o
 .ARM.attributes
                0x000005aa       0x1a mm_mixer_gba.o
 .ARM.attributes
                0x000005c4       0x1c /opt/devkitpro/devkitARM/bin/../lib/gcc/arm-none-eabi/14.2.0/thumb/libgcc.a(_call_via_rX.o)
 .ARM.attributes
                0x000005e0       0x1c /opt/devkitpro/devkitARM/bin/../lib/gcc/arm-none-eabi/14.2.0/thumb/libgcc.a(_sync_none.o)
 .ARM.attributes
                0x000005fc       0x2a /opt/devkitpro/devkitARM/bin/../lib/gcc/arm-none-eabi/14.2.0/thumb/crtend.o
 .ARM.attributes
                0x00000626       0x1c /opt/devkitpro/devkitARM/bin/../lib/gcc/arm-none-eabi/14.2.0/thumb/crtn.o

/DISCARD/
 *(.note.GNU-stack)
LOAD /opt/devkitpro/devkitARM/bin/../lib/gcc/arm-none-eabi/14.2.0/../../../../arm-none-eabi/lib/thumb/gba_crt0.o
LOAD /opt/devkitpro/devkitARM/bin/../lib/gcc/arm-none-eabi/14.2.0/thumb/crti.o
LOAD /opt/devkitpro/devkitARM/bin/../lib/gcc/arm-none-eabi/14.2.0/thumb/crtbegin.o
LOAD _bn_audio_soundbank.bin.o
LOAD beryl_bn_gfx.o
LOAD bg_berylsroom_bn_gfx.o
LOAD dialogue_back_bn_gfx.o
LOAD font_bn_gfx.o
LOAD starsbackground_bn_gfx.o
LOAD ui_bubble_bn_gfx.o
LOAD goodies.o
LOAD /tmp/ccRJ6bNu.ltrans0.ltrans.o
LOAD /tmp/ccRJ6bNu.ltrans1.ltrans.o
LOAD /tmp/ccwchCKZ.debug.temp.o
LOAD /tmp/ccGSuwRa.debug.temp.o
LOAD /tmp/ccEC7E2j.debug.temp.o
LOAD /tmp/ccLUdIUC.debug.temp.o
LOAD /tmp/ccA0fQjQ.debug.temp.o
LOAD /tmp/ccjtwTio.debug.temp.o
LOAD /tmp/ccaq9lP4.debug.temp.o
LOAD /tmp/cc1iTXoQ.debug.temp.o
LOAD /tmp/ccLzHt8G.debug.temp.o
LOAD /tmp/ccWlUM0m.debug.temp.o
LOAD /tmp/ccjxm2GN.debug.temp.o
LOAD /tmp/cck0fKHV.debug.temp.o
LOAD /tmp/ccCZC76Z.debug.temp.o
LOAD /tmp/ccZSUXfZ.debug.temp.o
LOAD /tmp/ccH3ha4G.debug.temp.o
LOAD /tmp/ccMtm4ae.debug.temp.o
LOAD /tmp/cctgUISg.debug.temp.o
LOAD /tmp/cctMpeaB.debug.temp.o
LOAD /tmp/ccJTT6Rp.debug.temp.o
LOAD /tmp/ccBq5fG2.debug.temp.o
LOAD /tmp/cciFF1sM.debug.temp.o
LOAD /tmp/cci7AS4Q.debug.temp.o
LOAD /tmp/ccrF3Vay.debug.temp.o
LOAD /tmp/ccEXpHN7.debug.temp.o
LOAD /tmp/ccgPELkK.debug.temp.o
LOAD /tmp/ccds4PJg.debug.temp.o
LOAD /tmp/ccoG4vSS.debug.temp.o
LOAD /tmp/ccMnuqQr.debug.temp.o
LOAD /tmp/ccyzzigr.debug.temp.o
LOAD /tmp/ccBoSKHm.debug.temp.o
LOAD /tmp/ccnt2G6k.debug.temp.o
LOAD /tmp/cc202is6.debug.temp.o
LOAD /tmp/ccHJ16dm.debug.temp.o
LOAD /tmp/ccxgGGAa.debug.temp.o
LOAD /tmp/ccJG6QAB.debug.temp.o
LOAD /tmp/ccDXT7IZ.debug.temp.o
LOAD /tmp/ccJo7ihk.debug.temp.o
LOAD /tmp/ccB3eRFv.debug.temp.o
LOAD /tmp/ccL8slhS.debug.temp.o
LOAD /tmp/ccx31beQ.debug.temp.o
LOAD /tmp/ccHS7K88.debug.temp.o
LOAD /tmp/ccz0EgN0.debug.temp.o
LOAD /tmp/ccOhM3p0.debug.temp.o
LOAD /tmp/ccpk9vYl.debug.temp.o
LOAD /tmp/ccG9qCug.debug.temp.o
LOAD /tmp/ccnGeXTm.debug.temp.o
LOAD /tmp/ccjH92FK.debug.temp.o
LOAD /tmp/cck4ZTgU.debug.temp.o
LOAD /tmp/ccryJvEw.debug.temp.o
LOAD main.o
LOAD bn_affine_bg_animate_actions.o
LOAD bn_audio_manager.o
LOAD bn_best_fit_allocator.o
LOAD bn_bg_blocks_manager.o
LOAD bn_bgs_manager.o
LOAD bn_cameras_manager.o
LOAD bn_core.o
LOAD bn_display_manager.o
LOAD bn_gpio_manager.o
LOAD bn_hblank_effects_manager.o
LOAD bn_hdma_manager.o
LOAD bn_keypad_manager.o
LOAD bn_link_manager.o
LOAD bn_memory_manager.o
LOAD bn_palettes_manager.o
LOAD bn_profiler.o
LOAD bn_regular_bg_animate_actions.o
LOAD bn_sprite_affine_mats_manager.o
LOAD bn_sprite_animate_actions.o
LOAD bn_sprite_text_generator.o
LOAD bn_sprite_tiles_manager.o
LOAD bn_sprites_manager.bn_iwram.o
LOAD bn_sprites_manager.o
LOAD bn_sstream.o
LOAD bn_translation_unit.o
LOAD bn_hw_audio.o
LOAD bn_hw_common.bn_noflto.o
LOAD bn_hw_cstdlib.o
LOAD bn_hw_cstring.o
LOAD bn_hw_game_pak.bn_ewram.o
LOAD bn_hw_link.o
LOAD bn_hw_memory.o
LOAD bn_hw_palettes.bn_iwram.o
LOAD bn_hw_palettes.o
LOAD bn_hw_show.o
LOAD bn_hw_sprite_tiles.bn_iwram.o
LOAD bn_hw_sram.bn_ewram.o
LOAD bn_hw_sram.o
LOAD bn_hw_system_font.o
LOAD bn_hw_text.o
LOAD vgm.o
LOAD tonc_color.o
LOAD tonc_sbmp16.o
LOAD tonc_schr4c.o
LOAD tonc_schr4r.o
LOAD tonc_surface.o
LOAD bmp16_drawg_b1cs.o
LOAD tte_init_bmp.o
LOAD tte_main.o
LOAD interrupts_gba.o
LOAD coroutine.o
LOAD rtc.o
LOAD gbt_player.o
LOAD bn_hw_bg_blocks.o
LOAD bn_hw_core.o
LOAD bn_hw_hblank_effects.o
LOAD bn_hw_palettes_asm.o
LOAD clr_blend_fast.o
LOAD clr_fade_fast.o
LOAD tonc_bios.o
LOAD tonc_memset.o
LOAD tonc_nocash.o
LOAD verdana9.o
LOAD irq_handler.o
LOAD posprintf.o
LOAD atan2.o
LOAD coroutine_asm.o
LOAD fiq_memcpy.o
LOAD lmul.o
LOAD memcpy.o
LOAD memmove.o
LOAD memset.o
LOAD rmemcpy.o
LOAD clz.o
LOAD sdiv32.o
LOAD sqrt32.o
LOAD udiv32.o
LOAD huffman.o
LOAD lz77.o
LOAD running_length.o
LOAD mm_effect.o
LOAD mm_main.o
LOAD mm_mas.o
LOAD mm_mas_arm.o
LOAD mm_init_default.o
LOAD mm_main_gba.o
LOAD mm_mixer_gba.o
LOAD /opt/devkitpro/devkitARM/bin/../lib/gcc/arm-none-eabi/14.2.0/thumb/libgcc.a
LOAD /opt/devkitpro/devkitARM/bin/../lib/gcc/arm-none-eabi/14.2.0/thumb/crtend.o
LOAD /opt/devkitpro/devkitARM/bin/../lib/gcc/arm-none-eabi/14.2.0/thumb/crtn.o
OUTPUT(/mnt/c/users/ethan/OneDrive/Documents/GitHub/Starlight-Street/Starlight-Street.elf elf32-littlearm)
LOAD linker stubs

.debug_ranges   0x00000000    0x154c0
 .debug_ranges  0x00000000     0xc610 /tmp/ccRJ6bNu.ltrans0.ltrans.o
 .debug_ranges  0x0000c610     0x8578 /tmp/ccRJ6bNu.ltrans1.ltrans.o
 .debug_ranges  0x00014b88      0x490 bn_sprites_manager.bn_iwram.o
 .debug_ranges  0x00015018       0x98 bn_hw_common.bn_noflto.o
 .debug_ranges  0x000150b0       0x48 bn_hw_game_pak.bn_ewram.o
 .debug_ranges  0x000150f8      0x148 bn_hw_palettes.bn_iwram.o
 .debug_ranges  0x00015240      0x128 tonc_bios.o
 .debug_ranges  0x00015368       0x20 tonc_memset.o
 .debug_ranges  0x00015388       0x30 lmul.o
 .debug_ranges  0x000153b8       0x28 memcpy.o
 .debug_ranges  0x000153e0       0x30 memmove.o
 .debug_ranges  0x00015410       0x30 memset.o
 .debug_ranges  0x00015440       0x20 rmemcpy.o
 .debug_ranges  0x00015460       0x20 mm_mas.o
 .debug_ranges  0x00015480       0x20 mm_main_gba.o
 .debug_ranges  0x000154a0       0x20 mm_mixer_gba.o
