Archive member included to satisfy reference by file (symbol)

/opt/devkitpro/devkitARM/bin/../lib/gcc/arm-none-eabi/14.2.0/thumb/libgcc.a(_call_via_rX.o)
                              mm_main_gba.o (_call_via_r1)
/opt/devkitpro/devkitARM/bin/../lib/gcc/arm-none-eabi/14.2.0/thumb/libgcc.a(_sync_none.o)
                              (__sync_synchronize_none)
/opt/devkitpro/devkitARM/bin/../lib/gcc/arm-none-eabi/14.2.0/thumb/libgcc.a(_arm_muldf3.o)
                              /tmp/ccr9lIn1.ltrans0.ltrans.o (__aeabi_dmul)
/opt/devkitpro/devkitARM/bin/../lib/gcc/arm-none-eabi/14.2.0/thumb/libgcc.a(_arm_addsubdf3.o)
                              /tmp/ccr9lIn1.ltrans0.ltrans.o (__aeabi_i2d)
/opt/devkitpro/devkitARM/bin/../lib/gcc/arm-none-eabi/14.2.0/thumb/libgcc.a(_arm_fixdfsi.o)
                              /tmp/ccr9lIn1.ltrans0.ltrans.o (__aeabi_d2iz)

Discarded input sections

 .text          0x00000000        0x0 /opt/devkitpro/devkitARM/bin/../lib/gcc/arm-none-eabi/14.2.0/../../../../arm-none-eabi/lib/thumb/gba_crt0.o
 .data          0x00000000        0x0 /opt/devkitpro/devkitARM/bin/../lib/gcc/arm-none-eabi/14.2.0/../../../../arm-none-eabi/lib/thumb/gba_crt0.o
 .bss           0x00000000        0x0 /opt/devkitpro/devkitARM/bin/../lib/gcc/arm-none-eabi/14.2.0/../../../../arm-none-eabi/lib/thumb/gba_crt0.o
 .text          0x00000000        0x0 /opt/devkitpro/devkitARM/bin/../lib/gcc/arm-none-eabi/14.2.0/thumb/crti.o
 .data          0x00000000        0x0 /opt/devkitpro/devkitARM/bin/../lib/gcc/arm-none-eabi/14.2.0/thumb/crti.o
 .bss           0x00000000        0x0 /opt/devkitpro/devkitARM/bin/../lib/gcc/arm-none-eabi/14.2.0/thumb/crti.o
 .text          0x00000000        0x0 /opt/devkitpro/devkitARM/bin/../lib/gcc/arm-none-eabi/14.2.0/thumb/crtbegin.o
 .data          0x00000000        0x0 /opt/devkitpro/devkitARM/bin/../lib/gcc/arm-none-eabi/14.2.0/thumb/crtbegin.o
 .bss           0x00000000        0x0 /opt/devkitpro/devkitARM/bin/../lib/gcc/arm-none-eabi/14.2.0/thumb/crtbegin.o
 .rodata.all_implied_fbits
                0x00000000       0x24 /opt/devkitpro/devkitARM/bin/../lib/gcc/arm-none-eabi/14.2.0/thumb/crtbegin.o
 .text          0x00000000        0x0 _bn_audio_soundbank.bin.o
 .data          0x00000000        0x0 _bn_audio_soundbank.bin.o
 .bss           0x00000000        0x0 _bn_audio_soundbank.bin.o
 .text          0x00000000        0x0 beryl_bn_gfx.o
 .data          0x00000000        0x0 beryl_bn_gfx.o
 .bss           0x00000000        0x0 beryl_bn_gfx.o
 .text          0x00000000        0x0 bg_berylsroom_bn_gfx.o
 .data          0x00000000        0x0 bg_berylsroom_bn_gfx.o
 .bss           0x00000000        0x0 bg_berylsroom_bn_gfx.o
 .text          0x00000000        0x0 bg_grass_bn_gfx.o
 .data          0x00000000        0x0 bg_grass_bn_gfx.o
 .bss           0x00000000        0x0 bg_grass_bn_gfx.o
 .text          0x00000000        0x0 castor_bn_gfx.o
 .data          0x00000000        0x0 castor_bn_gfx.o
 .bss           0x00000000        0x0 castor_bn_gfx.o
 .text          0x00000000        0x0 dialogue_back_bn_gfx.o
 .data          0x00000000        0x0 dialogue_back_bn_gfx.o
 .bss           0x00000000        0x0 dialogue_back_bn_gfx.o
 .text          0x00000000        0x0 font_bn_gfx.o
 .data          0x00000000        0x0 font_bn_gfx.o
 .bss           0x00000000        0x0 font_bn_gfx.o
 .text          0x00000000        0x0 grass_bn_gfx.o
 .data          0x00000000        0x0 grass_bn_gfx.o
 .bss           0x00000000        0x0 grass_bn_gfx.o
 .text          0x00000000        0x0 rake01_bn_gfx.o
 .data          0x00000000        0x0 rake01_bn_gfx.o
 .bss           0x00000000        0x0 rake01_bn_gfx.o
 .text          0x00000000        0x0 sign_bn_gfx.o
 .data          0x00000000        0x0 sign_bn_gfx.o
 .bss           0x00000000        0x0 sign_bn_gfx.o
 .text          0x00000000        0x0 spr_text_bn_gfx.o
 .data          0x00000000        0x0 spr_text_bn_gfx.o
 .bss           0x00000000        0x0 spr_text_bn_gfx.o
 .text          0x00000000        0x0 star_bn_gfx.o
 .data          0x00000000        0x0 star_bn_gfx.o
 .bss           0x00000000        0x0 star_bn_gfx.o
 .text          0x00000000        0x0 starsbackground_bn_gfx.o
 .data          0x00000000        0x0 starsbackground_bn_gfx.o
 .bss           0x00000000        0x0 starsbackground_bn_gfx.o
 .text          0x00000000        0x0 thx_bn_gfx.o
 .data          0x00000000        0x0 thx_bn_gfx.o
 .bss           0x00000000        0x0 thx_bn_gfx.o
 .text          0x00000000        0x0 ui_bubble_bn_gfx.o
 .data          0x00000000        0x0 ui_bubble_bn_gfx.o
 .bss           0x00000000        0x0 ui_bubble_bn_gfx.o
 .data          0x00000000        0x0 /tmp/ccr9lIn1.ltrans0.ltrans.o
 .data          0x00000000        0x0 /tmp/ccr9lIn1.ltrans1.ltrans.o
 .bss           0x00000000        0x0 /tmp/ccr9lIn1.ltrans1.ltrans.o
 .data          0x00000000        0x0 /tmp/ccr9lIn1.ltrans2.ltrans.o
[...]
Memory Configuration

Name             Origin             Length             Attributes
rom              0x08000000         0x02000000
iwram            0x03000000         0x00008000
ewram            0x02000000         0x00040000
*default*        0x00000000         0xffffffff

Linker script and memory map

                0x00000000                        __sync_synchronize = __sync_synchronize_none
                0x08000000                        __text_start = ORIGIN (rom)
                0x02040000                        __eheap_end = (ORIGIN (ewram) + LENGTH (ewram))
                0x03000000                        __iwram_start = ORIGIN (iwram)
                0x03008000                        __iwram_top = (ORIGIN (iwram) + LENGTH (iwram))
                0x03007fa0                        __sp_irq = (__iwram_top - 0x60)
                0x03007f00                        __sp_usr = (__sp_irq - 0xa0)
                0x03007ff8                        __irq_flags = 0x3007ff8
                0x08000000                        . = __text_start

.crt0           0x08000000      0x210
 *(.crt0)
 .crt0          0x08000000      0x210 /opt/devkitpro/devkitARM/bin/../lib/gcc/arm-none-eabi/14.2.0/../../../../arm-none-eabi/lib/thumb/gba_crt0.o
                0x08000000                _start
                0x080000c4                __boot_method
                0x080000c5                __slave_number
                0x080000e0                start_vector
                0x08000210                        . = ALIGN (0x4)

.init           0x08000210        0xc
 *(SORT_NONE(.init))
 .init          0x08000210        0x4 /opt/devkitpro/devkitARM/bin/../lib/gcc/arm-none-eabi/14.2.0/thumb/crti.o
                0x08000210                _init
 .init          0x08000214        0x8 /opt/devkitpro/devkitARM/bin/../lib/gcc/arm-none-eabi/14.2.0/thumb/crtn.o

.plt            0x0800021c        0x0
 *(.plt)
                0x0800021c                        . = ALIGN (0x4)

.text           0x08000220    0x177a8
 *(EXCLUDE_FILE(*.iwram*) .text*)
 .text.__do_global_dtors_aux
                0x08000220       0x2c /opt/devkitpro/devkitARM/bin/../lib/gcc/arm-none-eabi/14.2.0/thumb/crtbegin.o
 .text.frame_dummy
                0x0800024c       0x24 /opt/devkitpro/devkitARM/bin/../lib/gcc/arm-none-eabi/14.2.0/thumb/crtbegin.o
 .text          0x08000270     0x8df0 /tmp/ccr9lIn1.ltrans0.ltrans.o
                0x080008c4                _ZN2bn7ivectorINS_10sprite_ptrEE5clearEvQnt27is_trivially_destructible_vIT_E.lto_priv.0
                0x08000968                bn::camera_ptr::position() const
                0x0800097c                void bn::ostringstream::append_args<char [4], int>(char const (&) [4], int const&)
                0x08000994                bn::audio_manager::(anonymous namespace)::static_data::~static_data() [clone .lto_priv.0]
                0x08000994                bn::audio_manager::(anonymous namespace)::static_data::~static_data() [clone .lto_priv.0]
                0x08000998                bn::regular_bg_tiles_item::valid_tiles_count(int, bn::bpp_mode)
                0x080009d4                bn::bg_blocks_manager::log_status()
                0x08001534                bn::bg_blocks_manager::decrease_usages(int)
                0x080015dc                bn::bg_blocks_manager::(anonymous namespace)::static_data::~static_data() [clone .lto_priv.0]
                0x080015dc                bn::bg_blocks_manager::(anonymous namespace)::static_data::~static_data() [clone .lto_priv.0]
                0x0800163c                bn::bgs_manager::(anonymous namespace)::item_type::update_regular_hw_position() [clone .lto_priv.0]
                0x0800169c                bn::bgs_manager::update_regular_map_tiles_cbb(int, int)
                0x0800175c                bn::bgs_manager::update_regular_map_palette_bpp(int, bn::bpp_mode)
                0x0800182c                bn::bgs_manager::fill_hblank_effect_regular_positions(int, bn::fixed_t<12> const*, unsigned short*)
                0x08001864                void _bn::assert::show_args<char [38]>(char const*, char const*, char const*, int, char const (&) [38])
                0x08001864                void _bn::assert::show_args<char [32]>(char const*, char const*, char const*, int, char const (&) [32])
                0x08001864                void _bn::assert::show_args<char [16]>(char const*, char const*, char const*, int, char const (&) [16])
                0x08001864                void _bn::assert::show_args<char [66]>(char const*, char const*, char const*, int, char const (&) [66])
                0x08001864                void _bn::assert::show_args<char [33]>(char const*, char const*, char const*, int, char const (&) [33])
                0x08001864                void _bn::assert::show_args<char [17]>(char const*, char const*, char const*, int, char const (&) [17])
                0x08001864                void _bn::assert::show_args<char [23]>(char const*, char const*, char const*, int, char const (&) [23])
                0x08001864                void _bn::assert::show_args<char [37]>(char const*, char const*, char const*, int, char const (&) [37])
                0x08001864                void _bn::assert::show_args<char [21]>(char const*, char const*, char const*, int, char const (&) [21])
                0x08001864                void _bn::assert::show_args<char [22]>(char const*, char const*, char const*, int, char const (&) [22])
                0x08001864                void _bn::assert::show_args<char [27]>(char const*, char const*, char const*, int, char const (&) [27])
                0x08001864                void _bn::assert::show_args<char [14]>(char const*, char const*, char const*, int, char const (&) [14])
                0x08001864                void _bn::assert::show_args<char [24]>(char const*, char const*, char const*, int, char const (&) [24])
                0x08001864                void _bn::assert::show_args<char [35]>(char const*, char const*, char const*, int, char const (&) [35])
                0x08001864                void _bn::assert::show_args<char [19]>(char const*, char const*, char const*, int, char const (&) [19])
                0x08001864                void _bn::assert::show_args<char [26]>(char const*, char const*, char const*, int, char const (&) [26])
                0x08001864                void _bn::assert::show_args<char [13]>(char const*, char const*, char const*, int, char const (&) [13])
                0x08001864                void _bn::assert::show_args<char [18]>(char const*, char const*, char const*, int, char const (&) [18])
                0x08001864                void _bn::assert::show_args<char [46]>(char const*, char const*, char const*, int, char const (&) [46])
                0x08001864                void _bn::assert::show_args<char [31]>(char const*, char const*, char const*, int, char const (&) [31])
                0x08001864                void _bn::assert::show_args<char [15]>(char const*, char const*, char const*, int, char const (&) [15])
                0x08001864                void _bn::assert::show_args<char [54]>(char const*, char const*, char const*, int, char const (&) [54])
                0x080018a4                bn::bgs_manager::(anonymous namespace)::static_data::~static_data() [clone .lto_priv.0]
                0x080018a4                bn::bgs_manager::(anonymous namespace)::static_data::~static_data() [clone .lto_priv.0]
                0x08001d64                bn::optional<bn::bg_palette_ptr>::operator->() const [clone .part.0] [clone .lto_priv.0]
                0x08001d64                bn::optional<bn::affine_bg_tiles_ptr>::operator->() const [clone .part.0] [clone .lto_priv.0]
                0x08001d8c                bn::bg_blocks_manager::(anonymous namespace)::item_type::regular_tiles_offset() const [clone .lto_priv.0]
                0x08002608                bn::optional<bn::bg_palette_ptr>::operator->() [clone .part.0] [clone .lto_priv.0]
                0x08002608                bn::optional<bn::regular_bg_tiles_ptr>::operator->() [clone .part.0] [clone .lto_priv.0]
                0x08002630                bn::optional<bn::regular_bg_map_ptr>::operator*() [clone .part.0] [clone .lto_priv.0]
                0x08002658                void _bn::assert::show_args<char [18], int>(char const*, char const*, char const*, int, char const (&) [18], int const&)
                0x08002658                void _bn::assert::show_args<char [27], int>(char const*, char const*, char const*, int, char const (&) [27], int const&)
                0x08002658                void _bn::assert::show_args<char [24], int>(char const*, char const*, char const*, int, char const (&) [24], int const&)
                0x08002658                void _bn::assert::show_args<char [17], int>(char const*, char const*, char const*, int, char const (&) [17], int const&)
                0x08002658                void _bn::assert::show_args<char [15], int>(char const*, char const*, char const*, int, char const (&) [15], int const&)
                0x08002658                void _bn::assert::show_args<char [22], int>(char const*, char const*, char const*, int, char const (&) [22], int const&)
                0x08002658                void _bn::assert::show_args<char [39], int>(char const*, char const*, char const*, int, char const (&) [39], int const&)
                0x08002658                void _bn::assert::show_args<char [25], int>(char const*, char const*, char const*, int, char const (&) [25], int const&)
                0x08002658                void _bn::assert::show_args<char [16], int>(char const*, char const*, char const*, int, char const (&) [16], int const&)
                0x08002658                void _bn::assert::show_args<char [26], int>(char const*, char const*, char const*, int, char const (&) [26], int const&)
                0x08002c1c                bn::bg_blocks_manager::(anonymous namespace)::_create_impl(bn::bg_blocks_manager::(anonymous namespace)::create_data&&) [clone .lto_priv.0]
                0x08006134                void _bn::assert::show_args<char [29], bn::fixed_t<12> >(char const*, char const*, char const*, int, char const (&) [29], bn::fixed_t<12> const&)
                0x08006134                void _bn::assert::show_args<char [27], bn::fixed_t<12> >(char const*, char const*, char const*, int, char const (&) [27], bn::fixed_t<12> const&)
                0x08006134                void _bn::assert::show_args<char [25], bn::fixed_t<12> >(char const*, char const*, char const*, int, char const (&) [25], bn::fixed_t<12> const&)
                0x08006134                void _bn::assert::show_args<char [38], bn::fixed_t<12> >(char const*, char const*, char const*, int, char const (&) [38], bn::fixed_t<12> const&)
 .text.startup  0x08009060      0x7f8 /tmp/ccr9lIn1.ltrans0.ltrans.o
                0x08009060                main
 .text          0x08009858     0x91ac /tmp/ccr9lIn1.ltrans1.ltrans.o
                0x08009898                bn::hw::link::(anonymous namespace)::_resetStateCallback() [clone .lto_priv.0]
                0x08009aa4                bmp16_drawg_b1cts
                0x08009b64                dummy_drawg
                0x08009b68                dummy_erase
                0x0800a3b4                bmp16_erase
                0x0800a8a0                bn::display_manager::(anonymous namespace)::_update_rect_windows_hw_boundaries(int) [clone .lto_priv.0]
                0x0800a920                bn::display_manager::(anonymous namespace)::static_data::~static_data() [clone .lto_priv.0]
                0x0800a920                bn::display_manager::(anonymous namespace)::static_data::~static_data() [clone .lto_priv.0]
                0x0800a96c                bn::keypad_manager::update()
                0x0800aa0c                operator delete(void*)
                0x0800aa18                operator delete(void*, unsigned int)
                0x0800aa24                operator delete[](void*)
                0x0800aa30                operator delete[](void*, unsigned int)
                0x0800aa3c                bn::ostringstream::ostringstream(bn::istring_base&)
                0x0800aa3c                bn::ostringstream::ostringstream(bn::istring_base&)
                0x0800aa44                bn::ostringstream::append(char const*)
                0x0800aad0                bn::palettes_bank::update()
                0x0800ac04                bn::palettes_manager::(anonymous namespace)::static_data::~static_data() [clone .lto_priv.0]
                0x0800ac04                bn::palettes_manager::(anonymous namespace)::static_data::~static_data() [clone .lto_priv.0]
                0x0800ac08                bn::sprite_affine_mats_manager::(anonymous namespace)::_update_flipped_identity(int) [clone .lto_priv.0]
                0x0800acc4                bool bn::sprite_affine_mats_manager::(anonymous namespace)::_sprite_double_size<32, 16>(int, int, int, int, int) [clone .lto_priv.0]
                0x0800ad48                bool bn::sprite_affine_mats_manager::(anonymous namespace)::_sprite_double_size<16, 32>(int, int, int, int, int) [clone .lto_priv.0]
                0x0800adcc                bn::sprite_affine_mats_manager::(anonymous namespace)::static_data::~static_data() [clone .lto_priv.0]
                0x0800adcc                bn::sprite_affine_mats_manager::(anonymous namespace)::static_data::~static_data() [clone .lto_priv.0]
                0x0800ae08                bn::sprites_manager::(anonymous namespace)::_always_update_indexes_to_commit(bn::sprites_manager_item const&) [clone .lto_priv.0]
                0x0800ae50                bn::sprites_manager::(anonymous namespace)::_update_item_dimensions(bn::sprites_manager_item&) [clone .lto_priv.0]
                0x0800af28                VgmStop()
                0x0800afe8                gbt_refresh_pattern_ptr.lto_priv.0
                0x0800b06c                gbt_run_startup_commands.part.0.lto_priv.0
                0x0800b100                bn::hw::audio::(anonymous namespace)::_commit() [clone .lto_priv.0]
                0x0800b860                bn::hw::audio::(anonymous namespace)::_vblank_handler() [clone .lto_priv.0]
                0x0800bcc8                _bn::assert::show(char const*, char const*, char const*, int)
                0x0800bce0                _bn::assert::show(char const*, char const*, char const*, int, bn::istring_base const&)
                0x0800bcf8                bn::blending::set_transparency_alpha(bn::fixed_t<12>)
                0x0800bd8c                bn::memory_manager::(anonymous namespace)::static_data::~static_data() [clone .lto_priv.0]
                0x0800bd8c                bn::memory_manager::(anonymous namespace)::static_data::~static_data() [clone .lto_priv.0]
                0x0800bdc0                bn::istring::push_back(char)
                0x0800be04                bn::sprite_affine_mats_manager::decrease_usages(int)
                0x0800be7c                bn::hw::link::_timer_intr()
                0x0800bf70                bn::hw::link::_serial_intr()
                0x0800c128                bn::sprites_manager::set_blending_enabled(void*, bool) [clone .constprop.0]
                0x0800c274                bn::iunordered_map<unsigned int, bn::audio_manager::sound_data_type, bn::identity_hasher, bn::equal_to<unsigned int> >::operator()(unsigned int, unsigned int const&) [clone .constprop.0]
                0x0800c490                bn::sprite_tiles_manager::update()
                0x0800c6bc                bn::hw::audio::(anonymous namespace)::_add_sound_to_queue(int, unsigned short) [clone .lto_priv.0]
                0x0800c788                bn::sprites_manager::create(bn::fixed_point_t<12> const&, bn::sprite_shape_size const&, bn::sprite_tiles_ptr&&, bn::sprite_palette_ptr&&)
                0x0800c958                bn::sprites_manager::set_new_affine_mat(void*, bn::affine_mat_attributes&)
                0x0800ccf8                bn::hw::audio::(anonymous namespace)::_erase_sound_from_queue(unsigned short) [clone .lto_priv.0]
                0x0800cd90                bn::hw::audio::(anonymous namespace)::_check_sounds_queue() [clone .part.0] [clone .lto_priv.0]
                0x0800ce30                bn::hw::link::(anonymous namespace)::_sendDataCallback() [clone .lto_priv.0]
                0x0800cf14                bn::hw::link::(anonymous namespace)::_receiveResponseCallback(bn::lc::LinkResponse const&) [clone .lto_priv.0]
                0x0800d070                bn::sprites_manager::(anonymous namespace)::static_data::~static_data() [clone .lto_priv.0]
                0x0800d070                bn::sprites_manager::(anonymous namespace)::static_data::~static_data() [clone .lto_priv.0]
                0x0800d0d4                bn::hw::audio::(anonymous namespace)::static_data::~static_data() [clone .lto_priv.0]
                0x0800d0d4                bn::hw::audio::(anonymous namespace)::static_data::~static_data() [clone .lto_priv.0]
                0x0800d0d8                bn::hblank_effects_manager::(anonymous namespace)::item_type::check_update() [clone .lto_priv.0]
                0x0800f53c                malloc
                0x0800f548                bn::span<bn::color const>::_build_end(bn::color const*, int)
                0x0800f5a8                bn::sprite_tiles_ptr::create(bn::sprite_tiles_item const&)
                0x0800f624                bn::sprite_palette_ptr::create(bn::sprite_palette_item const&)
                0x0800f74c                bn::sprite_tiles_manager::(anonymous namespace)::_hw_commit(bn::tile const*, bn::compression_type, int, int) [clone .lto_priv.0]
                0x0800f7e4                bn::ostringstream::append(int)
                0x0800f970                bn::palettes_bank::log_status() const
                0x0800fe24                bn::ostringstream::append(unsigned int)
                0x0800ff38                void _bn::assert::show_args<char [35], unsigned int>(char const*, char const*, char const*, int, char const (&) [35], unsigned int const&) [clone .constprop.0]
                0x0800ff88                operator new(unsigned int)
                0x0800ffb8                operator new[](unsigned int)
                0x0800ffe8                bn::ostringstream::append(void const*)
                0x08010108                bn::sprite_tiles_manager::log_status()
                0x0801089c                void _bn::assert::show_args<char [28], char [15], bn::tile const*, char [16], int, char [34], bn::string_view>(char const*, char const*, char const*, int, char const (&) [28], char const (&) [15], bn::tile const* const&, char const (&) [16], int const&, char const (&) [34], bn::string_view const&) [clone .constprop.0]
                0x0801091c                bn::ostringstream::_append_fraction(unsigned int, int)
                0x08010a2c                bn::palettes_bank::decrease_usages(int)
                0x08010cb8                bn::sprites_manager::decrease_usages(void*)
                0x08010eb0                bn::sprite_ptr::create(bn::fixed_t<12>, bn::fixed_t<12>, bn::sprite_item const&, int)
                0x08010fb8                bn::bg_blocks_manager::(anonymous namespace)::items_list::insert_after(int, bn::bg_blocks_manager::(anonymous namespace)::item_type const&) [clone .constprop.0]
                0x0801128c                bn::sprite_tiles_manager::(anonymous namespace)::_find_impl(bn::tile const*, bn::compression_type, int) [clone .lto_priv.0]
                0x08011528                bn::sprite_ptr::set_tiles(bn::sprite_tiles_item const&, int)
                0x08011920                bn::sprite_tiles_manager::(anonymous namespace)::_create_impl(bn::tile const*, bn::compression_type, int) [clone .lto_priv.0]
                0x08011b20                bn::regular_bg_ptr::create(bn::fixed_t<12>, bn::fixed_t<12>, bn::regular_bg_item const&) [clone .constprop.0]
 .text          0x08012a04     0x24e8 /tmp/ccr9lIn1.ltrans2.ltrans.o
                0x08012b74                bn::lc::LinkConnection::stop() [clone .constprop.0]
                0x08012ba0                bn::hw::bgs::commit_data::commit_data() [clone .constprop.0] [clone .isra.0]
                0x08012bfc                bn::bg_blocks_manager::(anonymous namespace)::items_list::items_list() [clone .constprop.0] [clone .isra.0]
                0x08012c48                bn::sprite_affine_mats_manager::(anonymous namespace)::static_data::static_data() [clone .constprop.0] [clone .isra.0]
                0x08012cec                bn::sprite_tiles_manager::(anonymous namespace)::static_data::static_data() [clone .constprop.0] [clone .isra.0]
                0x08012e18                bn::display_manager::(anonymous namespace)::static_data::static_data() [clone .constprop.0] [clone .isra.0]
                0x08012ea8                bn::hdma_manager::(anonymous namespace)::static_data::static_data() [clone .constprop.0] [clone .isra.0]
                0x08012edc                bn::hblank_effects_manager::(anonymous namespace)::static_external_data::static_external_data() [clone .constprop.0] [clone .isra.0]
                0x08012fb4                bn::hw::log(bn::istring_base const&) [clone .isra.0]
                0x08013008                bn::string_view::string_view(char const*) [clone .isra.0]
                0x08013024                bn::core::(anonymous namespace)::static_data::static_data() [clone .constprop.0] [clone .isra.0]
                0x0801308c                bn::sprite_ptr::set_scale(bn::fixed_t<12>, bn::fixed_t<12>) [clone .isra.0]
                0x08013368                bn::sprite_ptr::set_rotation_angle(bn::fixed_t<12>) [clone .isra.0]
                0x08013534                bn::sprite_ptr::~sprite_ptr() [clone .isra.0]
                0x08013544                bn::sprite_ptr::set_camera(bn::camera_ptr const&) [clone .isra.0]
                0x08013618                bn::camera_ptr::~camera_ptr() [clone .isra.0]
                0x08013644                bn::sprite_ptr::set_x(bn::fixed_t<12>) [clone .isra.0]
                0x0801368c                bn::sprite_affine_mats_manager::(anonymous namespace)::item_type::sprite_double_size(int, bn::sprite_shape_size const&) const [clone .isra.0]
                0x08013838                bn::bg_palette_ptr::~bg_palette_ptr() [clone .isra.0]
                0x08013850                bn::palettes_bank::palettes_bank() [clone .isra.0]
                0x08013924                bn::bg_blocks_manager::(anonymous namespace)::create_data::~create_data() [clone .isra.0]
                0x08013968                bn::bg_blocks_manager::(anonymous namespace)::item_type::~item_type() [clone .isra.0]
                0x080139b4                bn::ivector<bn::sprite_ptr>::_assign(bn::ivector<bn::sprite_ptr> const&) [clone .isra.0]
                0x080139d8                TextElement::~TextElement() [clone .isra.0]
                0x08013a40                Rake::~Rake() [clone .isra.0]
                0x08013a74                void _bn::assert::show_args<char [16], int, char [4], int>(char const*, char const*, char const*, int, char const (&) [16], int const&, char const (&) [4], int const&) [clone .constprop.0]
                0x08013ad4                bn::istring::append(char const*) [clone .isra.0]
                0x08013bbc                void _bn::assert::show_args<char [27], unsigned char>(char const*, char const*, char const*, int, char const (&) [27], unsigned char const&) [clone .constprop.0]
                0x08013c10                bn::sprite_tiles_manager::create(bn::span<bn::tile const> const&, bn::compression_type) [clone .isra.0]
                0x08013d0c                bn::palettes_bank::create_bpp_4(bn::span<bn::color const> const&, unsigned short, bool) [clone .constprop.0]
                0x08013f68                bn::palettes_bank::colors_hash(bn::span<bn::color const> const&) [clone .isra.0]
                0x08013fac                bn::sorted_sprites::sorter::insert(bn::sprites_manager_item&) [clone .constprop.0]
                0x080141b4                bn::sprite_tiles_ptr::~sprite_tiles_ptr() [clone .isra.0]
                0x080143f4                bn::music_item::play() const [clone .isra.0]
                0x0801447c                bn::sound_item::play() const [clone .isra.0]
                0x08014530                bn::palettes_bank::create_bpp_8(bn::span<bn::color const> const&, bn::compression_type, bool) [clone .constprop.0]
                0x08014738                bn::istring::append(char const*, int) [clone .isra.0]
                0x080147c8                bn::hw::show::error(bn::system_font const&, bn::string_view const&, bn::string_view const&, bn::string_view const&, int, bn::string_view const&, bn::string_view const&) [clone .constprop.0]
                0x08014aec                void bn::ostringstream::append_args<int, char [34], bn::string_view>(int const&, char const (&) [34], bn::string_view const&) [clone .constprop.0] [clone .isra.0]
                0x08014b14                bn::iunordered_map<bn::tile const*, int, bn::hash<bn::tile const*>, bn::equal_to<bn::tile const*> >::erase(bn::iunordered_map<bn::tile const*, int, bn::hash<bn::tile const*>, bn::equal_to<bn::tile const*> >::const_iterator const&) [clone .constprop.0] [clone .isra.0]
                0x08014d20                bn::sprite_shape_size::tiles_count(bn::bpp_mode) const [clone .part.0] [clone .isra.0]
                0x08014e00                bn::sprite_shape_size::tiles_count(bn::bpp_mode) const [clone .isra.0]
 .text.startup  0x08014eec      0x318 /tmp/ccr9lIn1.ltrans2.ltrans.o
 .text.__libc_init_array
                0x08015204       0x50 bn_hw_common.bn_noflto.o
                0x08015204                __libc_init_array
 .text.__aeabi_atexit
                0x08015254        0x4 bn_hw_common.bn_noflto.o
                0x08015254                __aeabi_atexit
 .text._ZN3_bn6assert9show_argsIA40_cEEvPKcS4_S4_iRKT_
                0x08015258       0x48 bn_hw_common.bn_noflto.o
                0x08015258                void _bn::assert::show_args<char [40]>(char const*, char const*, char const*, int, char const (&) [40])
 .text.__aeabi_idiv0
                0x080152a0       0x24 bn_hw_common.bn_noflto.o
                0x080152a0                __aeabi_idiv0
 .text.VBlankIntrWait
                0x080152c4        0x4 tonc_bios.o
                0x080152c4                VBlankIntrWait
 .text.memset16
                0x080152c8       0x3c tonc_memset.o
                0x080152c8                memset16
 .text          0x08015304      0x26c posprintf.o
                0x08015308                posprintf
 .text          0x08015570      0x314 mm_effect.o
                0x08015570                mmResetEffects
                0x0801559c                mmEffect
                0x080155b2                mmEffectEx
                0x080156b2                mmEffectActive
                0x080156e6                mmEffectVolume
                0x08015702                mmEffectPanning
                0x08015716                mmEffectRate
                0x0801572a                mmEffectCancel
                0x08015764                mmEffectRelease
                0x0801578a                mmEffectScaleRate
                0x0801579e                mmSetEffectsVolume
                0x080157ac                mmEffectCancelAll
                0x080157ec                mmUpdateEffects
 .text          0x08015884       0x14 mm_main.o
                0x08015884                mpp_call_r7
                0x08015886                mpp_call_r1
                0x08015888                mpp_call_r2
                0x0801588a                mpp_call_r3
                0x0801588c                mmSetEventHandler
 .text          0x08015898     0x1570 mm_mas.o
                0x0801590c                mmStart
                0x0801592c                mmJingle
                0x08015932                mmPlayModule
                0x080159fc                mmPause
                0x08015a18                mmResume
                0x08015a28                mmActive
                0x08015a2e                mmActiveSub
                0x08015a34                mmSetModuleVolume
                0x08015a44                mmSetJingleVolume
                0x08015a80                mmGetPositionTick
                0x08015a86                mmGetPositionRow
                0x08015a8c                mmGetPosition
                0x08015a92                mmPosition
                0x08015aac                mmSetModuleTempo
                0x08015ade                mmSetModulePitch
                0x08015b20                mmStop
                0x08015be6                mppUpdateSub
                0x08015d42                mpp_Process_VolumeCommand
                0x08015f7a                mpp_Process_Effect
                0x080166c8                ST3_FREQTABLE
                0x08016ae8                IT_PitchTable
 .text          0x08016e08      0x12c mm_main_gba.o
                0x08016e08                mmInit
                0x08016e5c                mmSetVBlankHandler
                0x08016e62                mmFrame
 .text          0x08016f34      0x1e0 mm_mixer_gba.o
                0x08016f34                mmMixerSetSource
                0x08016f48                mmMixerSetRead
                0x08016f56                mmMixerSetFreq
                0x08016f66                mmMixerMulFreq
                0x08016f7a                mmMixerStopChannel
                0x08016f8c                mmMixerChannelActive
                0x08016f9e                mmMixerSetVolume
                0x08016fac                mmMixerSetPan
                0x08016fba                mmMixerInit
 .text          0x08017114       0x3c /opt/devkitpro/devkitARM/bin/../lib/gcc/arm-none-eabi/14.2.0/thumb/libgcc.a(_call_via_rX.o)
                0x08017114                _call_via_r0
                0x08017118                _call_via_r1
                0x0801711c                _call_via_r2
                0x08017120                _call_via_r3
                0x08017124                _call_via_r4
                0x08017128                _call_via_r5
                0x0801712c                _call_via_r6
                0x08017130                _call_via_r7
                0x08017134                _call_via_r8
                0x08017138                _call_via_r9
                0x0801713c                _call_via_sl
                0x08017140                _call_via_fp
                0x08017144                _call_via_ip
                0x08017148                _call_via_sp
                0x0801714c                _call_via_lr
 .text          0x08017150      0x290 /opt/devkitpro/devkitARM/bin/../lib/gcc/arm-none-eabi/14.2.0/thumb/libgcc.a(_arm_muldf3.o)
                0x08017150                __aeabi_dmul
                0x08017150                __muldf3
 .text          0x080173e0      0x424 /opt/devkitpro/devkitARM/bin/../lib/gcc/arm-none-eabi/14.2.0/thumb/libgcc.a(_arm_addsubdf3.o)
                0x080173e0                __aeabi_drsub
                0x080173e8                __aeabi_dsub
                0x080173e8                __subdf3
                0x080173ec                __adddf3
                0x080173ec                __aeabi_dadd
                0x080176fc                __aeabi_ui2d
                0x080176fc                __floatunsidf
                0x08017720                __aeabi_i2d
                0x08017720                __floatsidf
                0x08017748                __extendsfdf2
                0x08017748                __aeabi_f2d
                0x08017790                __aeabi_ul2d
                0x08017790                __floatundidf
                0x080177a4                __floatdidf
                0x080177a4                __aeabi_l2d
 .text          0x08017804       0x5c /opt/devkitpro/devkitARM/bin/../lib/gcc/arm-none-eabi/14.2.0/thumb/libgcc.a(_arm_fixdfsi.o)
                0x08017804                __aeabi_d2iz
                0x08017804                __fixdfsi
 .text.__stub   0x08017860      0x118 linker stubs
 *(.gnu.linkonce.t.*)
 *(.text.*personality*)
 *(.gnu.warning)
 *(.glue_7t)
 .glue_7t       0x080179c8        0x0 linker stubs
 *(.glue_7)
 .glue_7        0x080179c8        0x0 linker stubs
 *(.vfp11_veneer)
 .vfp11_veneer  0x080179c8        0x0 linker stubs
                0x080179c8                        . = ALIGN (0x4)
                0x080179c8                        __text_end = .

.v4_bx          0x080179c8        0x0
 .v4_bx         0x080179c8        0x0 linker stubs

.iplt           0x080179c8        0x0
 .iplt          0x080179c8        0x0 /opt/devkitpro/devkitARM/bin/../lib/gcc/arm-none-eabi/14.2.0/../../../../arm-none-eabi/lib/thumb/gba_crt0.o

.fini           0x080179c8        0xc
 *(.fini)
 .fini          0x080179c8        0x4 /opt/devkitpro/devkitARM/bin/../lib/gcc/arm-none-eabi/14.2.0/thumb/crti.o
                0x080179c8                _fini
 .fini          0x080179cc        0x8 /opt/devkitpro/devkitARM/bin/../lib/gcc/arm-none-eabi/14.2.0/thumb/crtn.o
                0x080179d4                        . = ALIGN (0x4)

.rodata         0x080179d4   0x4c4a88
 *(.rodata)
 .rodata        0x080179d4    0x4a020 beryl_bn_gfx.o
                0x080179d4                beryl_bn_gfxTiles
                0x080619d4                beryl_bn_gfxPal
 .rodata        0x080619f4     0xfbc0 bg_berylsroom_bn_gfx.o
                0x080619f4                bg_berylsroom_bn_gfxTiles
                0x08069594                bg_berylsroom_bn_gfxMap
                0x08071594                bg_berylsroom_bn_gfxPal
 .rodata        0x080715b4     0xd140 bg_grass_bn_gfx.o
                0x080715b4                bg_grass_bn_gfxTiles
                0x080766d4                bg_grass_bn_gfxMap
                0x0807e6d4                bg_grass_bn_gfxPal
 .rodata        0x0807e6f4      0x820 castor_bn_gfx.o
                0x0807e6f4                castor_bn_gfxTiles
                0x0807eef4                castor_bn_gfxPal
 .rodata        0x0807ef14      0x820 dialogue_back_bn_gfx.o
                0x0807ef14                dialogue_back_bn_gfxTiles
                0x0807f714                dialogue_back_bn_gfxPal
 .rodata        0x0807f734     0x7420 font_bn_gfx.o
                0x0807f734                font_bn_gfxTiles
                0x08086b34                font_bn_gfxPal
 .rodata        0x08086b54     0x5020 grass_bn_gfx.o
                0x08086b54                grass_bn_gfxTiles
                0x0808bb54                grass_bn_gfxPal
 .rodata        0x0808bb74     0x2020 rake01_bn_gfx.o
                0x0808bb74                rake01_bn_gfxTiles
                0x0808db74                rake01_bn_gfxPal
 .rodata        0x0808db94     0x1020 sign_bn_gfx.o
                0x0808db94                sign_bn_gfxTiles
                0x0808eb94                sign_bn_gfxPal
 .rodata        0x0808ebb4     0x2820 spr_text_bn_gfx.o
                0x0808ebb4                spr_text_bn_gfxTiles
                0x080913b4                spr_text_bn_gfxPal
 .rodata        0x080913d4      0x820 star_bn_gfx.o
                0x080913d4                star_bn_gfxTiles
                0x08091bd4                star_bn_gfxPal
 .rodata        0x08091bf4     0x7760 starsbackground_bn_gfx.o
                0x08091bf4                starsbackground_bn_gfxTiles
                0x08098b34                starsbackground_bn_gfxMap
                0x08099334                starsbackground_bn_gfxPal
 .rodata        0x08099354     0x1dc0 thx_bn_gfx.o
                0x08099354                thx_bn_gfxTiles
                0x0809a8f4                thx_bn_gfxMap
                0x0809b0f4                thx_bn_gfxPal
 .rodata        0x0809b114      0x820 ui_bubble_bn_gfx.o
                0x0809b114                ui_bubble_bn_gfxTiles
                0x0809b914                ui_bubble_bn_gfxPal
 .rodata        0x0809b934    0x14d14 /tmp/ccr9lIn1.ltrans0.ltrans.o
 .rodata        0x080b0648      0xfe0 /tmp/ccr9lIn1.ltrans1.ltrans.o
                0x080b08ac                _ZN2bn20sprite_tiles_manager12_GLOBAL__N_1L19_status_log_messageE.lto_priv.0
 .rodata        0x080b1628     0x1842 /tmp/ccr9lIn1.ltrans2.ltrans.o
 *fill*         0x080b2e6a        0x2 ff
 .rodata        0x080b2e6c      0xef8 verdana9.o
                0x080b2e6c                verdana9Font
                0x080b2e84                verdana9Glyphs
                0x080b3c84                verdana9Widths
 *all.rodata*(*)
 *(.roda)
 *(.rodata.*)
 .rodata._bn_audio_soundbank_bin
                0x080b3d64   0x4263b4 _bn_audio_soundbank.bin.o
                0x080b3d64                _bn_audio_soundbank_bin
                0x084da118                _bn_audio_soundbank_bin_end
 .rodata.str1.4
                0x084da118     0x10f3 /tmp/ccr9lIn1.ltrans0.ltrans.o
 .rodata.str1.4
                0x084da118     0x1171 /tmp/ccr9lIn1.ltrans1.ltrans.o
 .rodata.str1.4
                0x084da118      0x5fc /tmp/ccr9lIn1.ltrans2.ltrans.o
 .rodata.__cxa_pure_virtual.str1.4
                0x084da118     0x2336 bn_hw_common.bn_noflto.o
                                 0x4f (size before relaxing)
 .rodata.__aeabi_idiv0.str1.4
                0x084dc44e       0x38 bn_hw_common.bn_noflto.o
 *fill*         0x084dc44e        0x2 ff
 .rodata._ZN2bn2hw8game_pak12_GLOBAL__N_1L8rom_dataE
                0x084dc450        0xc bn_hw_game_pak.bn_ewram.o
 *(.gnu.linkonce.r*)
                0x084dc45c                        . = ALIGN (0x4)

.ARM.extab
 *(.ARM.extab* .gnu.linkonce.armextab.*)
                0x084dc45c                        __exidx_start = .

.ARM.exidx
 *(.ARM.exidx* .gnu.linkonce.armexidx.*)
                0x084dc45c                        __exidx_end = .

.ctors          0x084dc45c        0x0
 *crtbegin.o(.ctors)
 *(EXCLUDE_FILE(*crtend.o) .ctors)
 *(SORT_BY_NAME(.ctors.*))
 *(.ctors)
                0x084dc45c                        . = ALIGN (0x4)

.dtors          0x084dc45c        0x0
 *crtbegin.o(.dtors)
 *(EXCLUDE_FILE(*crtend.o) .dtors)
 *(SORT_BY_NAME(.dtors.*))
 *(.dtors)
                0x084dc45c                        . = ALIGN (0x4)

.eh_frame       0x084dc45c        0x4
 *(.eh_frame)
 .eh_frame      0x084dc45c        0x0 /opt/devkitpro/devkitARM/bin/../lib/gcc/arm-none-eabi/14.2.0/thumb/crtbegin.o
 .eh_frame      0x084dc45c        0x4 /opt/devkitpro/devkitARM/bin/../lib/gcc/arm-none-eabi/14.2.0/thumb/crtend.o
                0x084dc460                        . = ALIGN (0x4)

.gcc_except_table
                0x084dc460        0x0
 *(.gcc_except_table)
                0x084dc460                        . = ALIGN (0x4)
                0x084dc460                        __iwram_lma = .

.iwram          0x03000000     0x2320 load address 0x084dc460
                0x03000000                        __iwram_start__ = ABSOLUTE (.)
 *(.iwram .iwram*)
 .iwram         0x03000000      0x290 bn_sprites_manager.bn_iwram.o
                0x03000000                bn::sprites_manager::_check_items_on_screen(bn::intrusive_list<bn::sorted_sprites::layer>&)
                0x03000104                bn::sprites_manager::_rebuild_handles_impl(int, void*, bn::intrusive_list<bn::sorted_sprites::layer>&)
                0x0300019c                bn::sprites_manager::_update_cameras_impl(bn::intrusive_list<bn::sorted_sprites::layer>&)
 .iwram         0x03000290       0xc4 bn_hw_palettes.bn_iwram.o
                0x03000290                bn::hw::palettes::brightness(bn::color const*, int, int, bn::color*)
                0x030002f8                bn::hw::palettes::_lut_effect(bn::color const*, unsigned char const*, int, bn::color*)
 .iwram         0x03000354       0x6c bn_hw_bg_blocks.o
                0x03000354                bn_hw_bg_blocks_commit_half_words
                0x0300036c                bn_hw_bg_blocks_commit_words
                0x03000384                bn_hw_bg_blocks_commit_blocks
 .iwram         0x030003c0       0xd0 bn_hw_hblank_effects.o
                0x030003c0                bn::hw::hblank_effects::_intr()
                0x0300048c                bn::hw::hblank_effects::data
 .iwram         0x03000490       0x30 bn_hw_palettes_asm.o
                0x03000490                bn_hw_palettes_different_words
 .iwram.clr_blend_fast
                0x030004c0       0x70 clr_blend_fast.o
                0x030004c0                clr_blend_fast
 .iwram         0x03000530       0x70 clr_fade_fast.o
                0x03000530                clr_fade_fast
 .iwram.memset32
                0x030005a0       0x4c tonc_memset.o
                0x030005a0                memset32
 .iwram         0x030005ec      0x134 irq_handler.o
                0x030005ec                IRQ_GlobalInterruptHandler
 .iwram.__aeabi_lmul
                0x03000720       0x14 lmul.o
                0x03000720                __aeabi_lmul
 .iwram.__aeabi_memcpy
                0x03000734       0xc8 memcpy.o
                0x03000734                __aeabi_memcpy
                0x0300076c                __aeabi_memcpy4
                0x0300076c                __aeabi_memcpy8
                0x030007d8                __agbabi_memcpy2
 .iwram.__agbabi_memcpy1
                0x030007fc       0x14 memcpy.o
                0x030007fc                __agbabi_memcpy1
 .iwram.memcpy  0x03000810       0x10 memcpy.o
                0x03000810                memcpy
 .iwram.__aeabi_memmove
                0x03000820        0xc memmove.o
                0x03000820                __aeabi_memmove
 .iwram.memmove
                0x0300082c       0x10 memmove.o
                0x0300082c                memmove
 .iwram.__aeabi_memset
                0x0300083c       0x9c memset.o
                0x0300083c                __aeabi_memset
                0x03000860                __aeabi_memset4
                0x03000860                __aeabi_memset8
                0x0300086c                __agbabi_wordset4
                0x03000870                __agbabi_lwordset4
 .iwram.__agbabi_memset1
                0x030008d8       0x10 memset.o
                0x030008d8                __agbabi_memset1
 .iwram.memset  0x030008e8       0x1c memset.o
                0x030008e8                memset
 .iwram.__agbabi_rmemcpy
                0x03000904       0xcc rmemcpy.o
                0x03000904                __agbabi_rmemcpy
 .iwram.__agbabi_rmemcpy1
                0x030009d0       0x14 rmemcpy.o
                0x030009d0                __agbabi_rmemcpy1
 .iwram         0x030009e4       0x3c sdiv32.o
                0x030009e4                __aeabi_idivmod
                0x030009e4                __aeabi_idiv
 .iwram         0x03000a20      0x1e0 udiv32.o
                0x03000a20                __aeabi_uidivmod
                0x03000a20                __aeabi_uidiv
                0x03000a28                udiv32pastzero
                0x03000a7c                div32Iteration
 .iwram         0x03000c00       0x98 huffman.o
                0x03000c00                swi_HuffUnCompReadNormal
 .iwram         0x03000c98      0x1ac lz77.o
                0x03000c98                swi_LZ77UnCompWrite8bit
                0x03000c98                swi_LZ77UnCompWrite16bit
 .iwram         0x03000e44       0xec running_length.o
                0x03000e44                swi_RLUnCompReadNormalWrite8bit
                0x03000ea4                swi_RLUnCompReadNormalWrite16bit
 .iwram         0x03000f30      0x554 mm_mas.o
                0x03000f30                mppProcessTick
                0x03001014                mpp_Channel_NewNote
                0x030010f4                mpp_Update_ACHN_notest
 .iwram         0x03001484      0x648 mm_mas_arm.o
                0x03001484                mmAllocChannel
                0x030014f8                mmReadPattern
                0x030015e4                mmUpdateChannel_T0
                0x03001824                mmUpdateChannel_TN
                0x030019c4                mmGetPeriod
                0x03001a08                note_table_oct
                0x03001a26                note_table_mod
 .iwram         0x03001acc        0x8 mm_main_gba.o
                0x03001acc                mpp_call_r7i
                0x03001ace                mpp_call_r2i
                0x03001ad0                mpp_call_r1i
 .iwram         0x03001ad4      0x838 mm_mixer_gba.o
                0x03001ad8                mmVBlank
                0x03001b5c                mmMixerMix
 *fill*         0x0300230c        0x4 ff
 .iwram.__stub  0x03002310        0xc linker stubs
 *iwram.*(.text* .data*)
                0x0300231c                        . = ALIGN (0x4)
                0x03002320                        __iwram_end__ = ABSOLUTE (.)
                0x084de780                        __data_lma = (__iwram_lma + SIZEOF (.iwram))

.bss            0x03002320      0x870
                0x03002320                        __bss_start = ABSOLUTE (.)
                0x03002320                        __bss_start__ = ABSOLUTE (.)
 *(.dynbss)
 *(.gnu.linkonce.b*)
 *(.bss*)
 .bss.completed.1
                0x03002320        0x1 /opt/devkitpro/devkitARM/bin/../lib/gcc/arm-none-eabi/14.2.0/thumb/crtbegin.o
 *fill*         0x03002321        0x3 
 .bss.object.0  0x03002324       0x18 /opt/devkitpro/devkitARM/bin/../lib/gcc/arm-none-eabi/14.2.0/thumb/crtbegin.o
 .bss           0x0300233c      0x50c /tmp/ccr9lIn1.ltrans0.ltrans.o
                0x03002340                IRQ_VectorTable
                0x03002798                _ZN2bn22hblank_effects_manager12_GLOBAL__N_113internal_dataE.lto_priv.0
 .bss           0x03002848        0x4 /tmp/ccr9lIn1.ltrans2.ltrans.o
                0x03002848                fake_heap_end
 .bss           0x0300284c       0x2d mm_effect.o
                0x03002870                mm_sfx_bitmask
                0x03002874                mm_sfx_clearmask
 *fill*         0x03002879        0x3 
 .bss           0x0300287c        0x8 mm_main.o
                0x0300287c                mmCallback
                0x03002880                mm_ch_mask
 .bss           0x03002884      0x148 mm_mas.o
                0x03002884                mmLayerMain
                0x030028bc                mmLayerSub
                0x030028f4                mpp_vars
                0x03002904                mpp_layerp
                0x03002908                mpp_channels
                0x03002918                mpp_nchannels
                0x03002919                mpp_clayer
                0x0300291c                mm_achannels
                0x03002920                mm_pchannels
                0x03002924                mm_num_mch
                0x03002928                mm_num_ach
                0x0300292c                mm_schannels
 .bss           0x030029cc        0x8 mm_main_gba.o
                0x030029cc                mm_vblank_function
                0x030029d0                mp_solution
 .bss           0x030029d4      0x1bc mm_mixer_gba.o
                0x030029d4                mp_writepos
                0x030029dc                mm_mixchannels
                0x030029e4                mm_mixlen
                0x030029f8                mm_bpmdv
                0x030029fc                mp_mix_seg
 *(COMMON)
                0x03002b90                        . = ALIGN (0x4)
                0x03002b90                        __bss_end__ = ABSOLUTE (.)

.data           0x03002b90        0x4 load address 0x084de780
                0x03002b90                        __data_start__ = ABSOLUTE (.)
 *(.data*)
 .data.__dso_handle
                0x03002b90        0x4 /opt/devkitpro/devkitARM/bin/../lib/gcc/arm-none-eabi/14.2.0/thumb/crtbegin.o
                0x03002b90                __dso_handle
 *(.gnu.linkonce.d*)
                0x03002b94                        . = ALIGN (0x4)
                0x084de784                        __preinit_lma = (__data_lma + SIZEOF (.data))

.igot.plt       0x03002b94        0x0 load address 0x084de784
 .igot.plt      0x03002b94        0x0 /opt/devkitpro/devkitARM/bin/../lib/gcc/arm-none-eabi/14.2.0/../../../../arm-none-eabi/lib/thumb/gba_crt0.o

.preinit_array  0x03002b94        0x0 load address 0x084de784
                0x03002b94                        __preinit_array_start = ABSOLUTE (.)
 *(.preinit_array)
                0x03002b94                        __preinit_array_end = ABSOLUTE (.)
                0x084de784                        __init_lma = (__preinit_lma + SIZEOF (.preinit_array))

.init_array     0x03002b94        0x8 load address 0x084de784
                0x03002b94                        __init_array_start = ABSOLUTE (.)
 *(SORT_BY_NAME(.init_array.*))
 *(.init_array)
 .init_array    0x03002b94        0x4 /opt/devkitpro/devkitARM/bin/../lib/gcc/arm-none-eabi/14.2.0/thumb/crtbegin.o
 .init_array    0x03002b98        0x4 /tmp/ccr9lIn1.ltrans2.ltrans.o
                0x03002b9c                        __init_array_end = ABSOLUTE (.)
                0x084de78c                        __fini_lma = (__init_lma + SIZEOF (.init_array))

.fini_array     0x03002b9c        0x4 load address 0x084de78c
                0x03002b9c                        __fini_array_start = ABSOLUTE (.)
 *(SORT_BY_NAME(.fini_array.*))
 *(.fini_array)
 .fini_array    0x03002b9c        0x4 /opt/devkitpro/devkitARM/bin/../lib/gcc/arm-none-eabi/14.2.0/thumb/crtbegin.o
                0x03002ba0                        __fini_array_end = ABSOLUTE (.)
                0x084de790                        __jcr_lma = (__fini_lma + SIZEOF (.fini_array))

.jcr
 *(.jcr)
                0x03002ba0                        __data_end__ = ABSOLUTE (.)
                0x084de790                        __iwram_overlay_lma = (__jcr_lma + SIZEOF (.jcr))
                0x03002ba0                        __iwram_overlay_start = .

.iwram0         0x03002ba0        0x0 load address 0x084de790
 *(.iwram0)
                0x03002ba0                        . = ALIGN (0x4)
                0x084de790                        PROVIDE (__load_start_iwram0 = LOADADDR (.iwram0))
                0x084de790                        PROVIDE (__load_stop_iwram0 = (LOADADDR (.iwram0) + SIZEOF (.iwram0)))

.iwram1         0x03002ba0        0x0
 *(.iwram1)
                0x03002ba0                        . = ALIGN (0x4)
                [!provide]                        PROVIDE (__load_start_iwram1 = LOADADDR (.iwram1))
                [!provide]                        PROVIDE (__load_stop_iwram1 = (LOADADDR (.iwram1) + SIZEOF (.iwram1)))

.iwram2         0x03002ba0        0x0
 *(.iwram2)
                0x03002ba0                        . = ALIGN (0x4)
                [!provide]                        PROVIDE (__load_start_iwram2 = LOADADDR (.iwram2))
                [!provide]                        PROVIDE (__load_stop_iwram2 = (LOADADDR (.iwram2) + SIZEOF (.iwram2)))

.iwram3         0x03002ba0        0x0
 *(.iwram3)
                0x03002ba0                        . = ALIGN (0x4)
                [!provide]                        PROVIDE (__load_start_iwram3 = LOADADDR (.iwram3))
                [!provide]                        PROVIDE (__load_stop_iwram3 = (LOADADDR (.iwram3) + SIZEOF (.iwram3)))

.iwram4         0x03002ba0        0x0
 *(.iwram4)
                0x03002ba0                        . = ALIGN (0x4)
                [!provide]                        PROVIDE (__load_start_iwram4 = LOADADDR (.iwram4))
                [!provide]                        PROVIDE (__load_stop_iwram4 = (LOADADDR (.iwram4) + SIZEOF (.iwram4)))

.iwram5         0x03002ba0        0x0
 *(.iwram5)
                0x03002ba0                        . = ALIGN (0x4)
                [!provide]                        PROVIDE (__load_start_iwram5 = LOADADDR (.iwram5))
                [!provide]                        PROVIDE (__load_stop_iwram5 = (LOADADDR (.iwram5) + SIZEOF (.iwram5)))

.iwram6         0x03002ba0        0x0
 *(.iwram6)
                0x03002ba0                        . = ALIGN (0x4)
                [!provide]                        PROVIDE (__load_start_iwram6 = LOADADDR (.iwram6))
                [!provide]                        PROVIDE (__load_stop_iwram6 = (LOADADDR (.iwram6) + SIZEOF (.iwram6)))

.iwram7         0x03002ba0        0x0
 *(.iwram7)
                0x03002ba0                        . = ALIGN (0x4)
                [!provide]                        PROVIDE (__load_start_iwram7 = LOADADDR (.iwram7))
                [!provide]                        PROVIDE (__load_stop_iwram7 = (LOADADDR (.iwram7) + SIZEOF (.iwram7)))

.iwram8         0x03002ba0        0x0
 *(.iwram8)
                0x03002ba0                        . = ALIGN (0x4)
                [!provide]                        PROVIDE (__load_start_iwram8 = LOADADDR (.iwram8))
                [!provide]                        PROVIDE (__load_stop_iwram8 = (LOADADDR (.iwram8) + SIZEOF (.iwram8)))

.iwram9         0x03002ba0        0x0
 *(.iwram9)
                0x03002ba0                        . = ALIGN (0x4)
                [!provide]                        PROVIDE (__load_start_iwram9 = LOADADDR (.iwram9))
                [!provide]                        PROVIDE (__load_stop_iwram9 = (LOADADDR (.iwram9) + SIZEOF (.iwram9)))
                0x03002ba0                        __iwram_overlay_end = .
                0x084de790                        __ewram_lma = (__iwram_overlay_lma + (__iwram_overlay_end - __iwram_overlay_start))
                0x03002ba0                        __iheap_start = .
                0x02000000                        __ewram_start = ORIGIN (ewram)

.ewram          0x02000000       0xf4 load address 0x084de790
 *(.ewram*)
 .ewram         0x02000000        0xc /tmp/ccr9lIn1.ltrans0.ltrans.o
                0x02000000                Vgm
 .ewram         0x0200000c       0x4a /tmp/ccr9lIn1.ltrans1.ltrans.o
                0x0200000c                __tte_main_context
 *fill*         0x02000056        0x2 ff
 .ewram         0x02000058       0x9c bn_hw_game_pak.bn_ewram.o
                0x02000058                bn::hw::game_pak::_slow_game_pak()
                0x020000f4                        . = ALIGN (0x4)
                0x020000f4                        __ewram_end = ABSOLUTE (.)
                0x084de884                        __pad_lma = (__ewram_lma + SIZEOF (.ewram))

.sbss           0x020000f4     0x8204
                0x020000f4                        __sbss_start__ = ABSOLUTE (.)
 *(.sbss*)
 .sbss          0x020000f4     0x8204 /tmp/ccr9lIn1.ltrans0.ltrans.o
                0x020000f4                _ZN2bn15cameras_manager12_GLOBAL__N_14dataE.lto_priv.0
                0x0200012c                _ZN2bn2hw5audio12_GLOBAL__N_14dataE.lto_priv.0
                0x02000178                _ZN2bn4core12_GLOBAL__N_14dataE.lto_priv.0
                0x020001c0                _ZN2bn12hdma_manager12_GLOBAL__N_14dataE.lto_priv.0
                0x020001f8                _ZN2bn14keypad_manager12_GLOBAL__N_14dataE.lto_priv.0
                0x02000210                _ZN2bn14memory_manager12_GLOBAL__N_14dataE.lto_priv.0
                0x02000220                gbt.lto_priv.0
                0x020002b8                _ZN2bn17bg_blocks_manager12_GLOBAL__N_14dataE.lto_priv.0
                0x0200049c                _ZN2bn20sprite_tiles_manager12_GLOBAL__N_14dataE.lto_priv.0
                0x02002660                _ZN2bn2hw4link12_GLOBAL__N_14dataE.lto_priv.0
                0x02002790                _ZN2bn22hblank_effects_manager12_GLOBAL__N_113external_dataE.lto_priv.0
                0x020041d4                _ZN2bn15display_manager12_GLOBAL__N_14dataE.lto_priv.0
                0x02004278                _ZN2bn11bgs_manager12_GLOBAL__N_14dataE.lto_priv.0
                0x02004524                _ZN2bn16palettes_manager12_GLOBAL__N_14dataE.lto_priv.0
                0x0200526c                _ZN2bn13audio_manager12_GLOBAL__N_14dataE.lto_priv.0
                0x020053e0                _ZN2bn15sprites_manager12_GLOBAL__N_14dataE.lto_priv.0
                0x02007a30                _ZN2bn26sprite_affine_mats_manager12_GLOBAL__N_14dataE.lto_priv.0
                0x020082f8                        . = ALIGN (0x4)
                0x020082f8                        __sbss_end__ = ABSOLUTE (.)
                0x020082f8                        __end__ = ABSOLUTE (.)
                0x020082f8                        __eheap_start = ABSOLUTE (.)

.pad            0x020082f8        0x8 load address 0x084de884
                0x020082f8        0x4 LONG 0x52416b64
                0x020082fc        0x4 LONG 0x4d
                0x02008300                        . = ALIGN (0x4)
                0x084de88c                        __rom_end__ = (__pad_lma + SIZEOF (.pad))

.rel.dyn        0x02008300        0x0 load address 0x084de88c
 .rel.iplt      0x02008300        0x0 /opt/devkitpro/devkitARM/bin/../lib/gcc/arm-none-eabi/14.2.0/../../../../arm-none-eabi/lib/thumb/gba_crt0.o

.stab
 *(.stab)

.stabstr
 *(.stabstr)

.stab.excl
 *(.stab.excl)

.stab.exclstr
 *(.stab.exclstr)

.stab.index
 *(.stab.index)

.stab.indexstr
 *(.stab.indexstr)

.comment        0x00000000       0x23
 *(.comment)
 .comment       0x00000000       0x23 /opt/devkitpro/devkitARM/bin/../lib/gcc/arm-none-eabi/14.2.0/thumb/crtbegin.o
                                 0x24 (size before relaxing)
 .comment       0x00000023       0x24 /tmp/ccr9lIn1.ltrans0.ltrans.o
 .comment       0x00000023       0x24 /tmp/ccr9lIn1.ltrans1.ltrans.o
 .comment       0x00000023       0x24 /tmp/ccr9lIn1.ltrans2.ltrans.o
 .comment       0x00000023       0x24 bn_sprites_manager.bn_iwram.o
 .comment       0x00000023       0x24 bn_hw_common.bn_noflto.o
 .comment       0x00000023       0x24 bn_hw_game_pak.bn_ewram.o
 .comment       0x00000023       0x24 bn_hw_palettes.bn_iwram.o
 .comment       0x00000023       0x24 /opt/devkitpro/devkitARM/bin/../lib/gcc/arm-none-eabi/14.2.0/thumb/crtend.o

.debug
 *(.debug)

.line
 *(.line)

.debug_srcinfo
 *(.debug_srcinfo)

.debug_sfnames
 *(.debug_sfnames)

.debug_aranges  0x00000000      0x5e8
 *(.debug_aranges)
 .debug_aranges
                0x00000000       0x28 /tmp/ccr9lIn1.ltrans0.ltrans.o
 .debug_aranges
                0x00000028       0x20 /tmp/ccr9lIn1.ltrans1.ltrans.o
 .debug_aranges
                0x00000048       0x20 /tmp/ccr9lIn1.ltrans2.ltrans.o
 .debug_aranges
                0x00000068       0x30 bn_sprites_manager.bn_iwram.o
 .debug_aranges
                0x00000098       0x58 bn_hw_common.bn_noflto.o
 .debug_aranges
                0x000000f0       0x20 bn_hw_game_pak.bn_ewram.o
 .debug_aranges
                0x00000110       0x28 bn_hw_palettes.bn_iwram.o
 .debug_aranges
                0x00000138       0x20 bn_hw_bg_blocks.o
 .debug_aranges
                0x00000158       0x20 bn_hw_hblank_effects.o
 .debug_aranges
                0x00000178       0x20 bn_hw_palettes_asm.o
 .debug_aranges
                0x00000198       0x20 clr_blend_fast.o
 .debug_aranges
                0x000001b8       0x20 clr_fade_fast.o
 .debug_aranges
                0x000001d8      0x130 tonc_bios.o
 .debug_aranges
                0x00000308       0x28 tonc_memset.o
 .debug_aranges
                0x00000330       0x20 irq_handler.o
 .debug_aranges
                0x00000350       0x20 posprintf.o
 .debug_aranges
                0x00000370       0x38 lmul.o
 .debug_aranges
                0x000003a8       0x30 memcpy.o
 .debug_aranges
                0x000003d8       0x38 memmove.o
 .debug_aranges
                0x00000410       0x38 memset.o
 .debug_aranges
                0x00000448       0x28 rmemcpy.o
 .debug_aranges
                0x00000470       0x20 sdiv32.o
 .debug_aranges
                0x00000490       0x20 udiv32.o
 .debug_aranges
                0x000004b0       0x20 huffman.o
 .debug_aranges
                0x000004d0       0x20 lz77.o
 .debug_aranges
                0x000004f0       0x20 running_length.o
 .debug_aranges
                0x00000510       0x20 mm_effect.o
 .debug_aranges
                0x00000530       0x20 mm_main.o
 .debug_aranges
                0x00000550       0x28 mm_mas.o
 .debug_aranges
                0x00000578       0x20 mm_mas_arm.o
 .debug_aranges
                0x00000598       0x28 mm_main_gba.o
 .debug_aranges
                0x000005c0       0x28 mm_mixer_gba.o

.debug_pubnames
 *(.debug_pubnames)

.debug_info     0x00000000   0x1d0139
 *(.debug_info)
 .debug_info    0x00000000    0x2648b /tmp/ccr9lIn1.ltrans0.ltrans.o
 .debug_info    0x0002648b    0x2402c /tmp/ccr9lIn1.ltrans1.ltrans.o
 .debug_info    0x0004a4b7     0x6cf9 /tmp/ccr9lIn1.ltrans2.ltrans.o
 .debug_info    0x000511b0    0x135bc /tmp/ccatdnwI.debug.temp.o
                0x000511b0                main.cpp.e11761e6
 .debug_info    0x0006476c     0x96a3 /tmp/cctXM72R.debug.temp.o
                0x0006476c                bn_affine_bg_animate_actions.cpp.b5e2c8b9
 .debug_info    0x0006de0f     0xdb21 /tmp/cc3R5fbW.debug.temp.o
                0x0006de0f                bn_audio_manager.cpp.89bc560f
 .debug_info    0x0007b930     0x45a8 /tmp/cc0v3PXo.debug.temp.o
                0x0007b930                bn_best_fit_allocator.cpp.36ff329c
 .debug_info    0x0007fed8    0x1c99a /tmp/cciyRGJc.debug.temp.o
                0x0007fed8                bn_bg_blocks_manager.cpp.315772da
 .debug_info    0x0009c872    0x1e88a /tmp/ccrx0QXO.debug.temp.o
                0x0009c872                bn_bgs_manager.cpp.2896f2e4
 .debug_info    0x000bb0fc     0x4d11 /tmp/ccsK710k.debug.temp.o
                0x000bb0fc                bn_cameras_manager.cpp.8f724f12
 .debug_info    0x000bfe0d     0x64b3 /tmp/ccJc2FPy.debug.temp.o
                0x000bfe0d                bn_core.cpp.bb23befe
 .debug_info    0x000c62c0    0x13e13 /tmp/cc7WXbUB.debug.temp.o
                0x000c62c0                bn_display_manager.cpp.b8828ff9
 .debug_info    0x000da0d3     0x4c6f /tmp/ccFqmsIC.debug.temp.o
                0x000da0d3                bn_gpio_manager.cpp.3fdd2ce1
 .debug_info    0x000ded42    0x39148 /tmp/cckBSIAj.debug.temp.o
                0x000ded42                bn_hblank_effects_manager.cpp.09b542e7
 .debug_info    0x00117e8a     0x1d27 /tmp/cci15oSa.debug.temp.o
                0x00117e8a                bn_hdma_manager.cpp.a6285ce1
 .debug_info    0x00119bb1     0x4a03 /tmp/ccsfD1NN.debug.temp.o
                0x00119bb1                bn_keypad_manager.cpp.a9f2be93
 .debug_info    0x0011e5b4     0x4dbc /tmp/ccFqqWNa.debug.temp.o
                0x0011e5b4                bn_link_manager.cpp.811020bf
 .debug_info    0x00123370     0x4cb7 /tmp/ccbIYIiu.debug.temp.o
                0x00123370                bn_memory_manager.cpp.deabf9b4
 .debug_info    0x00128027     0xf0a6 /tmp/ccVz7un9.debug.temp.o
                0x00128027                bn_palettes_manager.cpp.e0e03341
 .debug_info    0x001370cd     0xf973 /tmp/ccmp6Kid.debug.temp.o
                0x001370cd                bn_sprite_affine_mats_manager.cpp.06629dd2
 .debug_info    0x00146a40     0x8e56 /tmp/ccgwVlOx.debug.temp.o
                0x00146a40                bn_sprite_animate_actions.cpp.51c0c25f
 .debug_info    0x0014f896    0x145e9 /tmp/ccOa34bT.debug.temp.o
                0x0014f896                bn_sprite_text_generator.cpp.db265e72
 .debug_info    0x00163e7f     0xde85 /tmp/cctdgz6k.debug.temp.o
                0x00163e7f                bn_sprite_tiles_manager.cpp.535fb3fd
 .debug_info    0x00171d04    0x1a647 /tmp/ccUQdSWE.debug.temp.o
                0x00171d04                bn_sprites_manager.cpp.7b02a43a
 .debug_info    0x0018c34b     0x5df9 /tmp/ccvuv6Y7.debug.temp.o
                0x0018c34b                bn_sstream.cpp.ee7996c3
 .debug_info    0x00192144    0x10961 /tmp/ccUQwoIu.debug.temp.o
                0x00192144                bn_translation_unit.cpp.f744d1cb
 .debug_info    0x001a2aa5     0x59a1 /tmp/cchnbMyC.debug.temp.o
                0x001a2aa5                bn_hw_audio.cpp.5922584d
 .debug_info    0x001a8446     0x155e /tmp/ccpJTLim.debug.temp.o
                0x001a8446                bn_hw_cstdlib.cpp.16f60d95
 .debug_info    0x001a99a4     0x5b63 /tmp/ccbQKm2G.debug.temp.o
                0x001a99a4                bn_hw_link.cpp.a3c4f2b2
 .debug_info    0x001af507     0x49b3 /tmp/cccGzKC0.debug.temp.o
                0x001af507                bn_hw_palettes.cpp.4be6ba20
 .debug_info    0x001b3eba     0x5f99 /tmp/ccUYiLX8.debug.temp.o
                0x001b3eba                bn_hw_show.cpp.f89484b9
 .debug_info    0x001b9e53      0x549 /tmp/ccz099rK.debug.temp.o
                0x001b9e53                bn_hw_sram.cpp.39d7767c
 .debug_info    0x001ba39c      0x6c7 /tmp/ccabZck6.debug.temp.o
                0x001ba39c                bn_hw_system_font.cpp.849f8ae3
 .debug_info    0x001baa63     0x41c0 /tmp/ccUu8WWo.debug.temp.o
                0x001baa63                bn_hw_text.cpp.44c530c1
 .debug_info    0x001bec23      0x64e /tmp/ccogyY6S.debug.temp.o
                0x001bec23                vgm.cpp.d559327b
 .debug_info    0x001bf271      0x594 /tmp/ccbm0waL.debug.temp.o
                0x001bf271                tonc_color.c.b3762d91
 .debug_info    0x001bf805      0x5e1 /tmp/ccnUfmh0.debug.temp.o
                0x001bf805                tonc_sbmp16.c.f2ae494c
 .debug_info    0x001bfde6      0x596 /tmp/cc1I5NdM.debug.temp.o
                0x001bfde6                bmp16_drawg_b1cs.c.c2c5ef08
 .debug_info    0x001c037c      0x4cf /tmp/ccceTdKr.debug.temp.o
                0x001c037c                tte_init_bmp.c.9b0c580c
 .debug_info    0x001c084b      0x9be /tmp/ccCpbNWV.debug.temp.o
                0x001c084b                tte_main.c.eb02a301
 .debug_info    0x001c1209      0x1b3 /tmp/cctfRwcg.debug.temp.o
                0x001c1209                interrupts_gba.c.629263ff
 .debug_info    0x001c13bc     0x119b /tmp/cc8nncXA.debug.temp.o
                0x001c13bc                gbt_player.c.0480fa31
 .debug_info    0x001c2557     0xa5b1 bn_sprites_manager.bn_iwram.o
 .debug_info    0x001ccb08     0x19e4 bn_hw_common.bn_noflto.o
 .debug_info    0x001ce4ec      0x614 bn_hw_game_pak.bn_ewram.o
 .debug_info    0x001ceb00     0x1104 bn_hw_palettes.bn_iwram.o
 .debug_info    0x001cfc04       0x23 bn_hw_bg_blocks.o
 .debug_info    0x001cfc27       0x24 bn_hw_hblank_effects.o
 .debug_info    0x001cfc4b       0x23 bn_hw_palettes_asm.o
 .debug_info    0x001cfc6e       0x30 clr_blend_fast.o
 .debug_info    0x001cfc9e       0x23 clr_fade_fast.o
 .debug_info    0x001cfcc1      0x1c8 tonc_bios.o
 .debug_info    0x001cfe89       0x3a tonc_memset.o
 .debug_info    0x001cfec3       0x24 irq_handler.o
 .debug_info    0x001cfee7       0x24 posprintf.o
 .debug_info    0x001cff0b       0x22 lmul.o
 .debug_info    0x001cff2d       0x22 memcpy.o
 .debug_info    0x001cff4f       0x22 memmove.o
 .debug_info    0x001cff71       0x22 memset.o
 .debug_info    0x001cff93       0x22 rmemcpy.o
 .debug_info    0x001cffb5       0x23 sdiv32.o
 .debug_info    0x001cffd8       0x24 udiv32.o
 .debug_info    0x001cfffc       0x24 huffman.o
 .debug_info    0x001d0020       0x24 lz77.o
 .debug_info    0x001d0044       0x24 running_length.o
 .debug_info    0x001d0068       0x24 mm_effect.o
 .debug_info    0x001d008c       0x23 mm_main.o
 .debug_info    0x001d00af       0x22 mm_mas.o
 .debug_info    0x001d00d1       0x24 mm_mas_arm.o
 .debug_info    0x001d00f5       0x22 mm_main_gba.o
 .debug_info    0x001d0117       0x22 mm_mixer_gba.o

.debug_abbrev   0x00000000    0x17491
 *(.debug_abbrev)
 .debug_abbrev  0x00000000      0x355 /tmp/ccr9lIn1.ltrans0.ltrans.o
 .debug_abbrev  0x00000355      0x39b /tmp/ccr9lIn1.ltrans1.ltrans.o
 .debug_abbrev  0x000006f0      0x21f /tmp/ccr9lIn1.ltrans2.ltrans.o
 .debug_abbrev  0x0000090f      0xe99 /tmp/ccatdnwI.debug.temp.o
 .debug_abbrev  0x000017a8      0xa09 /tmp/cctXM72R.debug.temp.o
 .debug_abbrev  0x000021b1      0xde4 /tmp/cc3R5fbW.debug.temp.o
 .debug_abbrev  0x00002f95      0x882 /tmp/cc0v3PXo.debug.temp.o
 .debug_abbrev  0x00003817      0xdd0 /tmp/cciyRGJc.debug.temp.o
 .debug_abbrev  0x000045e7     0x10f6 /tmp/ccrx0QXO.debug.temp.o
 .debug_abbrev  0x000056dd      0x9f8 /tmp/ccsK710k.debug.temp.o
 .debug_abbrev  0x000060d5      0xb46 /tmp/ccJc2FPy.debug.temp.o
 .debug_abbrev  0x00006c1b      0xcb1 /tmp/cc7WXbUB.debug.temp.o
 .debug_abbrev  0x000078cc      0x921 /tmp/ccFqmsIC.debug.temp.o
 .debug_abbrev  0x000081ed     0x1054 /tmp/cckBSIAj.debug.temp.o
 .debug_abbrev  0x00009241      0x606 /tmp/cci15oSa.debug.temp.o
 .debug_abbrev  0x00009847      0x8b3 /tmp/ccsfD1NN.debug.temp.o
 .debug_abbrev  0x0000a0fa      0x991 /tmp/ccFqqWNa.debug.temp.o
 .debug_abbrev  0x0000aa8b      0x910 /tmp/ccbIYIiu.debug.temp.o
 .debug_abbrev  0x0000b39b      0xdc2 /tmp/ccVz7un9.debug.temp.o
 .debug_abbrev  0x0000c15d      0xead /tmp/ccmp6Kid.debug.temp.o
 .debug_abbrev  0x0000d00a      0x9c1 /tmp/ccgwVlOx.debug.temp.o
 .debug_abbrev  0x0000d9cb      0xcab /tmp/ccOa34bT.debug.temp.o
 .debug_abbrev  0x0000e676      0xdee /tmp/cctdgz6k.debug.temp.o
 .debug_abbrev  0x0000f464      0xeea /tmp/ccUQdSWE.debug.temp.o
 .debug_abbrev  0x0001034e      0x79e /tmp/ccvuv6Y7.debug.temp.o
 .debug_abbrev  0x00010aec      0xcbf /tmp/ccUQwoIu.debug.temp.o
 .debug_abbrev  0x000117ab      0xb98 /tmp/cchnbMyC.debug.temp.o
 .debug_abbrev  0x00012343      0x519 /tmp/ccpJTLim.debug.temp.o
 .debug_abbrev  0x0001285c      0x9dc /tmp/ccbQKm2G.debug.temp.o
 .debug_abbrev  0x00013238      0x7d4 /tmp/cccGzKC0.debug.temp.o
 .debug_abbrev  0x00013a0c      0x9c8 /tmp/ccUYiLX8.debug.temp.o
 .debug_abbrev  0x000143d4      0x192 /tmp/ccz099rK.debug.temp.o
 .debug_abbrev  0x00014566      0x228 /tmp/ccabZck6.debug.temp.o
 .debug_abbrev  0x0001478e      0x70d /tmp/ccUu8WWo.debug.temp.o
 .debug_abbrev  0x00014e9b      0x1a4 /tmp/ccogyY6S.debug.temp.o
 .debug_abbrev  0x0001503f       0xf4 /tmp/ccbm0waL.debug.temp.o
 .debug_abbrev  0x00015133      0x1c6 /tmp/ccnUfmh0.debug.temp.o
 .debug_abbrev  0x000152f9      0x174 /tmp/cc1I5NdM.debug.temp.o
 .debug_abbrev  0x0001546d      0x1b1 /tmp/ccceTdKr.debug.temp.o
 .debug_abbrev  0x0001561e      0x266 /tmp/ccCpbNWV.debug.temp.o
 .debug_abbrev  0x00015884       0xed /tmp/cctfRwcg.debug.temp.o
 .debug_abbrev  0x00015971      0x187 /tmp/cc8nncXA.debug.temp.o
 .debug_abbrev  0x00015af8      0xabc bn_sprites_manager.bn_iwram.o
 .debug_abbrev  0x000165b4      0x606 bn_hw_common.bn_noflto.o
 .debug_abbrev  0x00016bba      0x1e0 bn_hw_game_pak.bn_ewram.o
 .debug_abbrev  0x00016d9a      0x4db bn_hw_palettes.bn_iwram.o
 .debug_abbrev  0x00017275       0x14 bn_hw_bg_blocks.o
 .debug_abbrev  0x00017289       0x14 bn_hw_hblank_effects.o
 .debug_abbrev  0x0001729d       0x14 bn_hw_palettes_asm.o
 .debug_abbrev  0x000172b1       0x28 clr_blend_fast.o
 .debug_abbrev  0x000172d9       0x14 clr_fade_fast.o
 .debug_abbrev  0x000172ed       0x26 tonc_bios.o
 .debug_abbrev  0x00017313       0x26 tonc_memset.o
 .debug_abbrev  0x00017339       0x14 irq_handler.o
 .debug_abbrev  0x0001734d       0x14 posprintf.o
 .debug_abbrev  0x00017361       0x12 lmul.o
 .debug_abbrev  0x00017373       0x12 memcpy.o
 .debug_abbrev  0x00017385       0x12 memmove.o
 .debug_abbrev  0x00017397       0x12 memset.o
 .debug_abbrev  0x000173a9       0x12 rmemcpy.o
 .debug_abbrev  0x000173bb       0x14 sdiv32.o
 .debug_abbrev  0x000173cf       0x14 udiv32.o
 .debug_abbrev  0x000173e3       0x14 huffman.o
 .debug_abbrev  0x000173f7       0x14 lz77.o
 .debug_abbrev  0x0001740b       0x14 running_length.o
 .debug_abbrev  0x0001741f       0x14 mm_effect.o
 .debug_abbrev  0x00017433       0x14 mm_main.o
 .debug_abbrev  0x00017447       0x12 mm_mas.o
 .debug_abbrev  0x00017459       0x14 mm_mas_arm.o
 .debug_abbrev  0x0001746d       0x12 mm_main_gba.o
 .debug_abbrev  0x0001747f       0x12 mm_mixer_gba.o

.debug_line     0x00000000    0x41ff1
 *(.debug_line)
 .debug_line    0x00000000    0x14940 /tmp/ccr9lIn1.ltrans0.ltrans.o
 .debug_line    0x00014940    0x12e2e /tmp/ccr9lIn1.ltrans1.ltrans.o
 .debug_line    0x0002776e     0x38b9 /tmp/ccr9lIn1.ltrans2.ltrans.o
 .debug_line    0x0002b027      0xbe1 /tmp/ccatdnwI.debug.temp.o
 .debug_line    0x0002bc08      0x73e /tmp/cctXM72R.debug.temp.o
 .debug_line    0x0002c346      0x9a0 /tmp/cc3R5fbW.debug.temp.o
 .debug_line    0x0002cce6      0x615 /tmp/cc0v3PXo.debug.temp.o
 .debug_line    0x0002d2fb      0xb96 /tmp/cciyRGJc.debug.temp.o
 .debug_line    0x0002de91      0xda4 /tmp/ccrx0QXO.debug.temp.o
 .debug_line    0x0002ec35      0x701 /tmp/ccsK710k.debug.temp.o
 .debug_line    0x0002f336      0xaae /tmp/ccJc2FPy.debug.temp.o
 .debug_line    0x0002fde4      0xcdb /tmp/cc7WXbUB.debug.temp.o
 .debug_line    0x00030abf      0x727 /tmp/ccFqmsIC.debug.temp.o
 .debug_line    0x000311e6     0x1f37 /tmp/cckBSIAj.debug.temp.o
 .debug_line    0x0003311d      0x5df /tmp/cci15oSa.debug.temp.o
 .debug_line    0x000336fc      0x6b4 /tmp/ccsfD1NN.debug.temp.o
 .debug_line    0x00033db0      0x7c9 /tmp/ccFqqWNa.debug.temp.o
 .debug_line    0x00034579      0x85e /tmp/ccbIYIiu.debug.temp.o
 .debug_line    0x00034dd7      0xace /tmp/ccVz7un9.debug.temp.o
 .debug_line    0x000358a5      0xad5 /tmp/ccmp6Kid.debug.temp.o
 .debug_line    0x0003637a      0x6d7 /tmp/ccgwVlOx.debug.temp.o
 .debug_line    0x00036a51      0x9e9 /tmp/ccOa34bT.debug.temp.o
 .debug_line    0x0003743a      0x944 /tmp/cctdgz6k.debug.temp.o
 .debug_line    0x00037d7e      0xc8b /tmp/ccUQdSWE.debug.temp.o
 .debug_line    0x00038a09      0x635 /tmp/ccvuv6Y7.debug.temp.o
 .debug_line    0x0003903e      0xb2e /tmp/ccUQwoIu.debug.temp.o
 .debug_line    0x00039b6c      0x8ff /tmp/cchnbMyC.debug.temp.o
 .debug_line    0x0003a46b      0x462 /tmp/ccpJTLim.debug.temp.o
 .debug_line    0x0003a8cd      0x75c /tmp/ccbQKm2G.debug.temp.o
 .debug_line    0x0003b029      0x6c5 /tmp/cccGzKC0.debug.temp.o
 .debug_line    0x0003b6ee      0x85f /tmp/ccUYiLX8.debug.temp.o
 .debug_line    0x0003bf4d      0x35d /tmp/ccz099rK.debug.temp.o
 .debug_line    0x0003c2aa      0x31a /tmp/ccabZck6.debug.temp.o
 .debug_line    0x0003c5c4      0x68e /tmp/ccUu8WWo.debug.temp.o
 .debug_line    0x0003cc52      0x24f /tmp/ccogyY6S.debug.temp.o
 .debug_line    0x0003cea1      0x10b /tmp/ccbm0waL.debug.temp.o
 .debug_line    0x0003cfac      0x10e /tmp/ccnUfmh0.debug.temp.o
 .debug_line    0x0003d0ba      0x116 /tmp/cc1I5NdM.debug.temp.o
 .debug_line    0x0003d1d0      0x112 /tmp/ccceTdKr.debug.temp.o
 .debug_line    0x0003d2e2      0x157 /tmp/ccCpbNWV.debug.temp.o
 .debug_line    0x0003d439      0x180 /tmp/cctfRwcg.debug.temp.o
 .debug_line    0x0003d5b9      0x184 /tmp/cc8nncXA.debug.temp.o
 .debug_line    0x0003d73d     0x1000 bn_sprites_manager.bn_iwram.o
 .debug_line    0x0003e73d      0x689 bn_hw_common.bn_noflto.o
 .debug_line    0x0003edc6      0x507 bn_hw_game_pak.bn_ewram.o
 .debug_line    0x0003f2cd      0x748 bn_hw_palettes.bn_iwram.o
 .debug_line    0x0003fa15       0xa3 bn_hw_bg_blocks.o
 .debug_line    0x0003fab8       0xbc bn_hw_hblank_effects.o
 .debug_line    0x0003fb74       0x93 bn_hw_palettes_asm.o
 .debug_line    0x0003fc07       0xb3 clr_blend_fast.o
 .debug_line    0x0003fcba       0xb2 clr_fade_fast.o
 .debug_line    0x0003fd6c      0x2ce tonc_bios.o
 .debug_line    0x0004003a       0xd1 tonc_memset.o
 .debug_line    0x0004010b       0xee irq_handler.o
 .debug_line    0x000401f9      0x1c8 posprintf.o
 .debug_line    0x000403c1       0xce lmul.o
 .debug_line    0x0004048f       0xe4 memcpy.o
 .debug_line    0x00040573       0xc4 memmove.o
 .debug_line    0x00040637       0xee memset.o
 .debug_line    0x00040725       0xd1 rmemcpy.o
 .debug_line    0x000407f6       0x9f sdiv32.o
 .debug_line    0x00040895      0x108 udiv32.o
 .debug_line    0x0004099d       0xbb huffman.o
 .debug_line    0x00040a58      0x101 lz77.o
 .debug_line    0x00040b59       0xd9 running_length.o
 .debug_line    0x00040c32      0x22a mm_effect.o
 .debug_line    0x00040e5c       0x9b mm_main.o
 .debug_line    0x00040ef7      0xa8a mm_mas.o
 .debug_line    0x00041981      0x210 mm_mas_arm.o
 .debug_line    0x00041b91      0x12e mm_main_gba.o
 .debug_line    0x00041cbf      0x332 mm_mixer_gba.o

.debug_frame    0x00000000     0x1ce4
 *(.debug_frame)
 .debug_frame   0x00000000      0x6c0 /tmp/ccr9lIn1.ltrans0.ltrans.o
 .debug_frame   0x000006c0      0xea4 /tmp/ccr9lIn1.ltrans1.ltrans.o
 .debug_frame   0x00001564      0x584 /tmp/ccr9lIn1.ltrans2.ltrans.o
 .debug_frame   0x00001ae8       0x94 bn_sprites_manager.bn_iwram.o
 .debug_frame   0x00001b7c       0xec bn_hw_common.bn_noflto.o
 .debug_frame   0x00001c68       0x34 bn_hw_game_pak.bn_ewram.o
 .debug_frame   0x00001c9c       0x48 bn_hw_palettes.bn_iwram.o

.debug_str      0x00000000    0x963d2
 *(.debug_str)
 .debug_str     0x00000000      0x60b /tmp/ccr9lIn1.ltrans0.ltrans.o
 .debug_str     0x00000000      0x819 /tmp/ccr9lIn1.ltrans1.ltrans.o
 .debug_str     0x00000000      0xbf6 /tmp/ccr9lIn1.ltrans2.ltrans.o
 .debug_str     0x00000000    0x13b2f /tmp/ccatdnwI.debug.temp.o
 .debug_str     0x00000000     0x942e /tmp/cctXM72R.debug.temp.o
 .debug_str     0x00000000     0xbcc7 /tmp/cc3R5fbW.debug.temp.o
 .debug_str     0x00000000     0x2a33 /tmp/cc0v3PXo.debug.temp.o
 .debug_str     0x00000000    0x16417 /tmp/cciyRGJc.debug.temp.o
 .debug_str     0x00000000    0x1b581 /tmp/ccrx0QXO.debug.temp.o
 .debug_str     0x00000000     0x3d1e /tmp/ccsK710k.debug.temp.o
 .debug_str     0x00000000     0x551b /tmp/ccJc2FPy.debug.temp.o
 .debug_str     0x00000000    0x16bd5 /tmp/cc7WXbUB.debug.temp.o
 .debug_str     0x00000000     0x329a /tmp/ccFqmsIC.debug.temp.o
 .debug_str     0x00000000    0x4a0ee /tmp/cckBSIAj.debug.temp.o
 .debug_str     0x00000000     0x164a /tmp/cci15oSa.debug.temp.o
 .debug_str     0x00000000     0x37f9 /tmp/ccsfD1NN.debug.temp.o
 .debug_str     0x00000000     0x3b1e /tmp/ccFqqWNa.debug.temp.o
 .debug_str     0x00000000     0x31f2 /tmp/ccbIYIiu.debug.temp.o
 .debug_str     0x00000000     0xc466 /tmp/ccVz7un9.debug.temp.o
 .debug_str     0x00000000     0xf50b /tmp/ccmp6Kid.debug.temp.o
 .debug_str     0x00000000     0x82ba /tmp/ccgwVlOx.debug.temp.o
 .debug_str     0x00000000    0x1029b /tmp/ccOa34bT.debug.temp.o
 .debug_str     0x00000000     0xb50f /tmp/cctdgz6k.debug.temp.o
 .debug_str     0x00000000    0x184fe /tmp/ccUQdSWE.debug.temp.o
 .debug_str     0x00000000     0x3dc7 /tmp/ccvuv6Y7.debug.temp.o
 .debug_str     0x00000000     0xc004 /tmp/ccUQwoIu.debug.temp.o
 .debug_str     0x00000000     0x3426 /tmp/cchnbMyC.debug.temp.o
 .debug_str     0x00000000     0x10ef /tmp/ccpJTLim.debug.temp.o
 .debug_str     0x00000000     0x45da /tmp/ccbQKm2G.debug.temp.o
 .debug_str     0x00000000     0x2bfa /tmp/cccGzKC0.debug.temp.o
 .debug_str     0x00000000     0x4032 /tmp/ccUYiLX8.debug.temp.o
 .debug_str     0x00000000      0x59f /tmp/ccz099rK.debug.temp.o
 .debug_str     0x00000000      0x605 /tmp/ccabZck6.debug.temp.o
 .debug_str     0x00000000     0x29f5 /tmp/ccUu8WWo.debug.temp.o
 .debug_str     0x00000000      0x5f3 /tmp/ccogyY6S.debug.temp.o
 .debug_str     0x00000000      0x2e3 /tmp/ccbm0waL.debug.temp.o
 .debug_str     0x00000000      0x329 /tmp/ccnUfmh0.debug.temp.o
 .debug_str     0x00000000      0x372 /tmp/cc1I5NdM.debug.temp.o
 .debug_str     0x00000000      0x3a0 /tmp/ccceTdKr.debug.temp.o
 .debug_str     0x00000000      0x5a3 /tmp/ccCpbNWV.debug.temp.o
 .debug_str     0x00000000      0x34e /tmp/cctfRwcg.debug.temp.o
 .debug_str     0x00000000      0xade /tmp/cc8nncXA.debug.temp.o
 .debug_str     0x00000000    0x963d2 bn_sprites_manager.bn_iwram.o
                               0xb5b3 (size before relaxing)
 .debug_str     0x000963d2     0x11b2 bn_hw_common.bn_noflto.o
 .debug_str     0x000963d2      0x5e7 bn_hw_game_pak.bn_ewram.o
 .debug_str     0x000963d2      0x971 bn_hw_palettes.bn_iwram.o
 .debug_str     0x000963d2       0x9e bn_hw_bg_blocks.o
 .debug_str     0x000963d2       0xa3 bn_hw_hblank_effects.o
 .debug_str     0x000963d2       0xa1 bn_hw_palettes_asm.o
 .debug_str     0x000963d2       0xbe clr_blend_fast.o
 .debug_str     0x000963d2       0xae clr_fade_fast.o
 .debug_str     0x000963d2      0x262 tonc_bios.o
 .debug_str     0x000963d2       0xbe tonc_memset.o
 .debug_str     0x000963d2       0xac irq_handler.o
 .debug_str     0x000963d2       0xac posprintf.o
 .debug_str     0x000963d2       0xa4 lmul.o
 .debug_str     0x000963d2       0xa6 memcpy.o
 .debug_str     0x000963d2       0xa7 memmove.o
 .debug_str     0x000963d2       0xa6 memset.o
 .debug_str     0x000963d2       0xa7 rmemcpy.o
 .debug_str     0x000963d2       0xaa sdiv32.o
 .debug_str     0x000963d2       0xaa udiv32.o
 .debug_str     0x000963d2       0xb1 huffman.o
 .debug_str     0x000963d2       0xae lz77.o
 .debug_str     0x000963d2       0xb8 running_length.o
 .debug_str     0x000963d2       0xac mm_effect.o
 .debug_str     0x000963d2       0xaa mm_main.o
 .debug_str     0x000963d2       0xa9 mm_mas.o
 .debug_str     0x000963d2       0xad mm_mas_arm.o
 .debug_str     0x000963d2       0xb2 mm_main_gba.o
 .debug_str     0x000963d2       0xb3 mm_mixer_gba.o

.debug_loc      0x00000000    0x66cc5
 *(.debug_loc)
 .debug_loc     0x00000000    0x3280f /tmp/ccr9lIn1.ltrans0.ltrans.o
 .debug_loc     0x0003280f    0x2ae7d /tmp/ccr9lIn1.ltrans1.ltrans.o
 .debug_loc     0x0005d68c     0x82fc /tmp/ccr9lIn1.ltrans2.ltrans.o
 .debug_loc     0x00065988      0xbc1 bn_sprites_manager.bn_iwram.o
 .debug_loc     0x00066549      0x309 bn_hw_common.bn_noflto.o
 .debug_loc     0x00066852      0x102 bn_hw_game_pak.bn_ewram.o
 .debug_loc     0x00066954      0x371 bn_hw_palettes.bn_iwram.o

.debug_macinfo
 *(.debug_macinfo)

.debug_weaknames
 *(.debug_weaknames)

.debug_funcnames
 *(.debug_funcnames)

.debug_typenames
 *(.debug_typenames)

.debug_varnames
 *(.debug_varnames)

.stack          0x00080000        0x0
                0x00080000                        _stack = .
 *(.stack)

.note.gnu.arm.ident
 *(.note.gnu.arm.ident)

.ARM.attributes
                0x00000000       0x2c
 *(.ARM.attributes)
 .ARM.attributes
                0x00000000       0x20 /opt/devkitpro/devkitARM/bin/../lib/gcc/arm-none-eabi/14.2.0/../../../../arm-none-eabi/lib/thumb/gba_crt0.o
 .ARM.attributes
                0x00000020       0x1c /opt/devkitpro/devkitARM/bin/../lib/gcc/arm-none-eabi/14.2.0/thumb/crti.o
 .ARM.attributes
                0x0000003c       0x2a /opt/devkitpro/devkitARM/bin/../lib/gcc/arm-none-eabi/14.2.0/thumb/crtbegin.o
 .ARM.attributes
                0x00000066       0x1a _bn_audio_soundbank.bin.o
 .ARM.attributes
                0x00000080       0x1a beryl_bn_gfx.o
 .ARM.attributes
                0x0000009a       0x1a bg_berylsroom_bn_gfx.o
 .ARM.attributes
                0x000000b4       0x1a bg_grass_bn_gfx.o
 .ARM.attributes
                0x000000ce       0x1a castor_bn_gfx.o
 .ARM.attributes
                0x000000e8       0x1a dialogue_back_bn_gfx.o
 .ARM.attributes
                0x00000102       0x1a font_bn_gfx.o
 .ARM.attributes
                0x0000011c       0x1a grass_bn_gfx.o
 .ARM.attributes
                0x00000136       0x1a rake01_bn_gfx.o
 .ARM.attributes
                0x00000150       0x1a sign_bn_gfx.o
 .ARM.attributes
                0x0000016a       0x1a spr_text_bn_gfx.o
 .ARM.attributes
                0x00000184       0x1a star_bn_gfx.o
 .ARM.attributes
                0x0000019e       0x1a starsbackground_bn_gfx.o
 .ARM.attributes
                0x000001b8       0x1a thx_bn_gfx.o
 .ARM.attributes
                0x000001d2       0x1a ui_bubble_bn_gfx.o
 .ARM.attributes
                0x000001ec       0x28 /tmp/ccr9lIn1.ltrans0.ltrans.o
 .ARM.attributes
                0x00000214       0x28 /tmp/ccr9lIn1.ltrans1.ltrans.o
 .ARM.attributes
                0x0000023c       0x28 /tmp/ccr9lIn1.ltrans2.ltrans.o
 .ARM.attributes
                0x00000264       0x26 bn_sprites_manager.bn_iwram.o
 .ARM.attributes
                0x0000028a       0x26 bn_hw_common.bn_noflto.o
 .ARM.attributes
                0x000002b0       0x26 bn_hw_game_pak.bn_ewram.o
 .ARM.attributes
                0x000002d6       0x26 bn_hw_palettes.bn_iwram.o
 .ARM.attributes
                0x000002fc       0x26 bn_hw_sprite_tiles.bn_iwram.o
 .ARM.attributes
                0x00000322       0x26 bn_hw_sram.bn_ewram.o
 .ARM.attributes
                0x00000348       0x1a bn_hw_bg_blocks.o
 .ARM.attributes
                0x00000362       0x1a bn_hw_core.o
 .ARM.attributes
                0x0000037c       0x1a bn_hw_hblank_effects.o
 .ARM.attributes
                0x00000396       0x1a bn_hw_palettes_asm.o
 .ARM.attributes
                0x000003b0       0x1a clr_blend_fast.o
 .ARM.attributes
                0x000003ca       0x1a clr_fade_fast.o
 .ARM.attributes
                0x000003e4       0x1a tonc_bios.o
 .ARM.attributes
                0x000003fe       0x1a tonc_memset.o
 .ARM.attributes
                0x00000418       0x1a tonc_nocash.o
 .ARM.attributes
                0x00000432       0x1a verdana9.o
 .ARM.attributes
                0x0000044c       0x1a irq_handler.o
 .ARM.attributes
                0x00000466       0x1a posprintf.o
 .ARM.attributes
                0x00000480       0x1a atan2.o
 .ARM.attributes
                0x0000049a       0x1a coroutine_asm.o
 .ARM.attributes
                0x000004b4       0x1a fiq_memcpy.o
 .ARM.attributes
                0x000004ce       0x1a lmul.o
 .ARM.attributes
                0x000004e8       0x1a memcpy.o
 .ARM.attributes
                0x00000502       0x1a memmove.o
 .ARM.attributes
                0x0000051c       0x1a memset.o
 .ARM.attributes
                0x00000536       0x1a rmemcpy.o
 .ARM.attributes
                0x00000550       0x1a clz.o
 .ARM.attributes
                0x0000056a       0x1a sdiv32.o
 .ARM.attributes
                0x00000584       0x1a sqrt32.o
 .ARM.attributes
                0x0000059e       0x1a udiv32.o
 .ARM.attributes
                0x000005b8       0x1a huffman.o
 .ARM.attributes
                0x000005d2       0x1a lz77.o
 .ARM.attributes
                0x000005ec       0x1a running_length.o
 .ARM.attributes
                0x00000606       0x1a mm_effect.o
 .ARM.attributes
                0x00000620       0x1a mm_main.o
 .ARM.attributes
                0x0000063a       0x1a mm_mas.o
 .ARM.attributes
                0x00000654       0x1a mm_mas_arm.o
 .ARM.attributes
                0x0000066e       0x1a mm_init_default.o
 .ARM.attributes
                0x00000688       0x1a mm_main_gba.o
 .ARM.attributes
                0x000006a2       0x1a mm_mixer_gba.o
 .ARM.attributes
                0x000006bc       0x1c /opt/devkitpro/devkitARM/bin/../lib/gcc/arm-none-eabi/14.2.0/thumb/libgcc.a(_call_via_rX.o)
 .ARM.attributes
                0x000006d8       0x1c /opt/devkitpro/devkitARM/bin/../lib/gcc/arm-none-eabi/14.2.0/thumb/libgcc.a(_sync_none.o)
 .ARM.attributes
                0x000006f4       0x1c /opt/devkitpro/devkitARM/bin/../lib/gcc/arm-none-eabi/14.2.0/thumb/libgcc.a(_arm_muldf3.o)
 .ARM.attributes
                0x00000710       0x1c /opt/devkitpro/devkitARM/bin/../lib/gcc/arm-none-eabi/14.2.0/thumb/libgcc.a(_arm_addsubdf3.o)
 .ARM.attributes
                0x0000072c       0x1c /opt/devkitpro/devkitARM/bin/../lib/gcc/arm-none-eabi/14.2.0/thumb/libgcc.a(_arm_fixdfsi.o)
 .ARM.attributes
                0x00000748       0x2a /opt/devkitpro/devkitARM/bin/../lib/gcc/arm-none-eabi/14.2.0/thumb/crtend.o
 .ARM.attributes
                0x00000772       0x1c /opt/devkitpro/devkitARM/bin/../lib/gcc/arm-none-eabi/14.2.0/thumb/crtn.o

/DISCARD/
 *(.note.GNU-stack)
LOAD /opt/devkitpro/devkitARM/bin/../lib/gcc/arm-none-eabi/14.2.0/../../../../arm-none-eabi/lib/thumb/gba_crt0.o
LOAD /opt/devkitpro/devkitARM/bin/../lib/gcc/arm-none-eabi/14.2.0/thumb/crti.o
LOAD /opt/devkitpro/devkitARM/bin/../lib/gcc/arm-none-eabi/14.2.0/thumb/crtbegin.o
LOAD _bn_audio_soundbank.bin.o
LOAD beryl_bn_gfx.o
LOAD bg_berylsroom_bn_gfx.o
LOAD bg_grass_bn_gfx.o
LOAD castor_bn_gfx.o
LOAD dialogue_back_bn_gfx.o
LOAD font_bn_gfx.o
LOAD grass_bn_gfx.o
LOAD rake01_bn_gfx.o
LOAD sign_bn_gfx.o
LOAD spr_text_bn_gfx.o
LOAD star_bn_gfx.o
LOAD starsbackground_bn_gfx.o
LOAD thx_bn_gfx.o
LOAD ui_bubble_bn_gfx.o
LOAD main.o
LOAD /tmp/ccr9lIn1.ltrans0.ltrans.o
LOAD /tmp/ccr9lIn1.ltrans1.ltrans.o
LOAD /tmp/ccr9lIn1.ltrans2.ltrans.o
LOAD /tmp/ccatdnwI.debug.temp.o
LOAD /tmp/cctXM72R.debug.temp.o
LOAD /tmp/cc3R5fbW.debug.temp.o
LOAD /tmp/cc0v3PXo.debug.temp.o
LOAD /tmp/cciyRGJc.debug.temp.o
LOAD /tmp/ccrx0QXO.debug.temp.o
LOAD /tmp/ccsK710k.debug.temp.o
LOAD /tmp/ccJc2FPy.debug.temp.o
LOAD /tmp/cc7WXbUB.debug.temp.o
LOAD /tmp/ccFqmsIC.debug.temp.o
LOAD /tmp/cckBSIAj.debug.temp.o
LOAD /tmp/cci15oSa.debug.temp.o
LOAD /tmp/ccsfD1NN.debug.temp.o
LOAD /tmp/ccFqqWNa.debug.temp.o
LOAD /tmp/ccbIYIiu.debug.temp.o
LOAD /tmp/ccVz7un9.debug.temp.o
LOAD /tmp/cccxytq1.debug.temp.o
LOAD /tmp/ccrDyPvI.debug.temp.o
LOAD /tmp/ccmp6Kid.debug.temp.o
LOAD /tmp/ccgwVlOx.debug.temp.o
LOAD /tmp/ccOa34bT.debug.temp.o
LOAD /tmp/cctdgz6k.debug.temp.o
LOAD /tmp/ccUQdSWE.debug.temp.o
LOAD /tmp/ccvuv6Y7.debug.temp.o
LOAD /tmp/ccUQwoIu.debug.temp.o
LOAD /tmp/cchnbMyC.debug.temp.o
LOAD /tmp/ccpJTLim.debug.temp.o
LOAD /tmp/ccDmvGQy.debug.temp.o
LOAD /tmp/ccbQKm2G.debug.temp.o
LOAD /tmp/cceymeuz.debug.temp.o
LOAD /tmp/cccGzKC0.debug.temp.o
LOAD /tmp/ccUYiLX8.debug.temp.o
LOAD /tmp/ccz099rK.debug.temp.o
LOAD /tmp/ccabZck6.debug.temp.o
LOAD /tmp/ccUu8WWo.debug.temp.o
LOAD /tmp/ccogyY6S.debug.temp.o
LOAD /tmp/ccbm0waL.debug.temp.o
LOAD /tmp/ccnUfmh0.debug.temp.o
LOAD /tmp/ccIlzR7V.debug.temp.o
LOAD /tmp/ccSKEZHy.debug.temp.o
LOAD /tmp/ccFXawEF.debug.temp.o
LOAD /tmp/cc1I5NdM.debug.temp.o
LOAD /tmp/ccceTdKr.debug.temp.o
LOAD /tmp/ccCpbNWV.debug.temp.o
LOAD /tmp/cctfRwcg.debug.temp.o
LOAD /tmp/ccIvhiIP.debug.temp.o
LOAD /tmp/cc8OvJ0B.debug.temp.o
LOAD /tmp/cc8nncXA.debug.temp.o
LOAD bn_affine_bg_animate_actions.o
LOAD bn_audio_manager.o
LOAD bn_best_fit_allocator.o
LOAD bn_bg_blocks_manager.o
LOAD bn_bgs_manager.o
LOAD bn_cameras_manager.o
LOAD bn_core.o
LOAD bn_display_manager.o
LOAD bn_gpio_manager.o
LOAD bn_hblank_effects_manager.o
LOAD bn_hdma_manager.o
LOAD bn_keypad_manager.o
LOAD bn_link_manager.o
LOAD bn_memory_manager.o
LOAD bn_palettes_manager.o
LOAD bn_profiler.o
LOAD bn_regular_bg_animate_actions.o
LOAD bn_sprite_affine_mats_manager.o
LOAD bn_sprite_animate_actions.o
LOAD bn_sprite_text_generator.o
LOAD bn_sprite_tiles_manager.o
LOAD bn_sprites_manager.bn_iwram.o
LOAD bn_sprites_manager.o
LOAD bn_sstream.o
LOAD bn_translation_unit.o
LOAD bn_hw_audio.o
LOAD bn_hw_common.bn_noflto.o
LOAD bn_hw_cstdlib.o
LOAD bn_hw_cstring.o
LOAD bn_hw_game_pak.bn_ewram.o
LOAD bn_hw_link.o
LOAD bn_hw_memory.o
LOAD bn_hw_palettes.bn_iwram.o
LOAD bn_hw_palettes.o
LOAD bn_hw_show.o
LOAD bn_hw_sprite_tiles.bn_iwram.o
LOAD bn_hw_sram.bn_ewram.o
LOAD bn_hw_sram.o
LOAD bn_hw_system_font.o
LOAD bn_hw_text.o
LOAD vgm.o
LOAD tonc_color.o
LOAD tonc_sbmp16.o
LOAD tonc_schr4c.o
LOAD tonc_schr4r.o
LOAD tonc_surface.o
LOAD bmp16_drawg_b1cs.o
LOAD tte_init_bmp.o
LOAD tte_main.o
LOAD interrupts_gba.o
LOAD coroutine.o
LOAD rtc.o
LOAD gbt_player.o
LOAD bn_hw_bg_blocks.o
LOAD bn_hw_core.o
LOAD bn_hw_hblank_effects.o
LOAD bn_hw_palettes_asm.o
LOAD clr_blend_fast.o
LOAD clr_fade_fast.o
LOAD tonc_bios.o
LOAD tonc_memset.o
LOAD tonc_nocash.o
LOAD verdana9.o
LOAD irq_handler.o
LOAD posprintf.o
LOAD atan2.o
LOAD coroutine_asm.o
LOAD fiq_memcpy.o
LOAD lmul.o
LOAD memcpy.o
LOAD memmove.o
LOAD memset.o
LOAD rmemcpy.o
LOAD clz.o
LOAD sdiv32.o
LOAD sqrt32.o
LOAD udiv32.o
LOAD huffman.o
LOAD lz77.o
LOAD running_length.o
LOAD mm_effect.o
LOAD mm_main.o
LOAD mm_mas.o
LOAD mm_mas_arm.o
LOAD mm_init_default.o
LOAD mm_main_gba.o
LOAD mm_mixer_gba.o
LOAD /opt/devkitpro/devkitARM/bin/../lib/gcc/arm-none-eabi/14.2.0/thumb/libgcc.a
LOAD /opt/devkitpro/devkitARM/bin/../lib/gcc/arm-none-eabi/14.2.0/thumb/crtend.o
LOAD /opt/devkitpro/devkitARM/bin/../lib/gcc/arm-none-eabi/14.2.0/thumb/crtn.o
OUTPUT(/mnt/c/users/ethan/documents/github/Starlight-Street/Starlight-Street.elf elf32-littlearm)
LOAD linker stubs

.debug_ranges   0x00000000    0x19568
 .debug_ranges  0x00000000     0xba70 /tmp/ccr9lIn1.ltrans0.ltrans.o
 .debug_ranges  0x0000ba70     0xb4e0 /tmp/ccr9lIn1.ltrans1.ltrans.o
 .debug_ranges  0x00016f50     0x1ce0 /tmp/ccr9lIn1.ltrans2.ltrans.o
 .debug_ranges  0x00018c30      0x490 bn_sprites_manager.bn_iwram.o
 .debug_ranges  0x000190c0       0x98 bn_hw_common.bn_noflto.o
 .debug_ranges  0x00019158       0x48 bn_hw_game_pak.bn_ewram.o
 .debug_ranges  0x000191a0      0x148 bn_hw_palettes.bn_iwram.o
 .debug_ranges  0x000192e8      0x128 tonc_bios.o
 .debug_ranges  0x00019410       0x20 tonc_memset.o
 .debug_ranges  0x00019430       0x30 lmul.o
 .debug_ranges  0x00019460       0x28 memcpy.o
 .debug_ranges  0x00019488       0x30 memmove.o
 .debug_ranges  0x000194b8       0x30 memset.o
 .debug_ranges  0x000194e8       0x20 rmemcpy.o
 .debug_ranges  0x00019508       0x20 mm_mas.o
 .debug_ranges  0x00019528       0x20 mm_main_gba.o
 .debug_ranges  0x00019548       0x20 mm_mixer_gba.o