Archive member included to satisfy reference by file (symbol)

/opt/devkitpro/devkitARM/bin/../lib/gcc/arm-none-eabi/14.2.0/thumb/libgcc.a(_call_via_rX.o)
                              mm_main_gba.o (_call_via_r1)
/opt/devkitpro/devkitARM/bin/../lib/gcc/arm-none-eabi/14.2.0/thumb/libgcc.a(_sync_none.o)
                              (__sync_synchronize_none)
/opt/devkitpro/devkitARM/bin/../lib/gcc/arm-none-eabi/14.2.0/thumb/libgcc.a(_arm_muldf3.o)
                              /tmp/ccfKKCcl.ltrans0.ltrans.o (__aeabi_dmul)
/opt/devkitpro/devkitARM/bin/../lib/gcc/arm-none-eabi/14.2.0/thumb/libgcc.a(_arm_addsubdf3.o)
                              /tmp/ccfKKCcl.ltrans0.ltrans.o (__aeabi_i2d)
/opt/devkitpro/devkitARM/bin/../lib/gcc/arm-none-eabi/14.2.0/thumb/libgcc.a(_arm_fixdfsi.o)
                              /tmp/ccfKKCcl.ltrans0.ltrans.o (__aeabi_d2iz)

Discarded input sections

 .text          0x00000000        0x0 /opt/devkitpro/devkitARM/bin/../lib/gcc/arm-none-eabi/14.2.0/../../../../arm-none-eabi/lib/thumb/gba_crt0.o
 .data          0x00000000        0x0 /opt/devkitpro/devkitARM/bin/../lib/gcc/arm-none-eabi/14.2.0/../../../../arm-none-eabi/lib/thumb/gba_crt0.o
 .bss           0x00000000        0x0 /opt/devkitpro/devkitARM/bin/../lib/gcc/arm-none-eabi/14.2.0/../../../../arm-none-eabi/lib/thumb/gba_crt0.o
 .text          0x00000000        0x0 /opt/devkitpro/devkitARM/bin/../lib/gcc/arm-none-eabi/14.2.0/thumb/crti.o
 .data          0x00000000        0x0 /opt/devkitpro/devkitARM/bin/../lib/gcc/arm-none-eabi/14.2.0/thumb/crti.o
 .bss           0x00000000        0x0 /opt/devkitpro/devkitARM/bin/../lib/gcc/arm-none-eabi/14.2.0/thumb/crti.o
 .text          0x00000000        0x0 /opt/devkitpro/devkitARM/bin/../lib/gcc/arm-none-eabi/14.2.0/thumb/crtbegin.o
 .data          0x00000000        0x0 /opt/devkitpro/devkitARM/bin/../lib/gcc/arm-none-eabi/14.2.0/thumb/crtbegin.o
 .bss           0x00000000        0x0 /opt/devkitpro/devkitARM/bin/../lib/gcc/arm-none-eabi/14.2.0/thumb/crtbegin.o
 .rodata.all_implied_fbits
                0x00000000       0x24 /opt/devkitpro/devkitARM/bin/../lib/gcc/arm-none-eabi/14.2.0/thumb/crtbegin.o
 .text          0x00000000        0x0 _bn_audio_soundbank.bin.o
 .data          0x00000000        0x0 _bn_audio_soundbank.bin.o
 .bss           0x00000000        0x0 _bn_audio_soundbank.bin.o
 .text          0x00000000        0x0 beryl_bn_gfx.o
 .data          0x00000000        0x0 beryl_bn_gfx.o
 .bss           0x00000000        0x0 beryl_bn_gfx.o
 .text          0x00000000        0x0 bg_berylsroom_bn_gfx.o
 .data          0x00000000        0x0 bg_berylsroom_bn_gfx.o
 .bss           0x00000000        0x0 bg_berylsroom_bn_gfx.o
 .text          0x00000000        0x0 dialogue_back_bn_gfx.o
 .data          0x00000000        0x0 dialogue_back_bn_gfx.o
 .bss           0x00000000        0x0 dialogue_back_bn_gfx.o
 .text          0x00000000        0x0 font_bn_gfx.o
 .data          0x00000000        0x0 font_bn_gfx.o
 .bss           0x00000000        0x0 font_bn_gfx.o
 .text          0x00000000        0x0 starsbackground_bn_gfx.o
 .data          0x00000000        0x0 starsbackground_bn_gfx.o
 .bss           0x00000000        0x0 starsbackground_bn_gfx.o
 .text          0x00000000        0x0 ui_bubble_bn_gfx.o
 .data          0x00000000        0x0 ui_bubble_bn_gfx.o
 .bss           0x00000000        0x0 ui_bubble_bn_gfx.o
 .data          0x00000000        0x0 /tmp/ccfKKCcl.ltrans0.ltrans.o
 .data          0x00000000        0x0 /tmp/ccfKKCcl.ltrans1.ltrans.o
 .debug_info    0x00000000       0x72 /tmp/ccOvNTc5.debug.temp.o
 .debug_abbrev  0x00000000       0x26 /tmp/ccOvNTc5.debug.temp.o
 .debug_line    0x00000000       0x1e /tmp/ccOvNTc5.debug.temp.o
 .debug_str     0x00000000      0x211 /tmp/ccOvNTc5.debug.temp.o
 .comment       0x00000000       0x24 /tmp/ccOvNTc5.debug.temp.o
 .comment       0x00000000       0x24 /tmp/ccJJqd9t.debug.temp.o
 .comment       0x00000000       0x24 /tmp/cclVG910.debug.temp.o
 .comment       0x00000000       0x24 /tmp/ccx2u5IK.debug.temp.o
 .comment       0x00000000       0x24 /tmp/cc4gPXPS.debug.temp.o
 .comment       0x00000000       0x24 /tmp/cce3JkRi.debug.temp.o
 .comment       0x00000000       0x24 /tmp/ccZJnvuX.debug.temp.o
 .comment       0x00000000       0x24 /tmp/ccOPU7Qr.debug.temp.o
 .comment       0x00000000       0x24 /tmp/ccjhJf6K.debug.temp.o
 .comment       0x00000000       0x24 /tmp/ccyd2ver.debug.temp.o
 .comment       0x00000000       0x24 /tmp/cc5x3WGt.debug.temp.o
 .comment       0x00000000       0x24 /tmp/ccDCXsx9.debug.temp.o
 .comment       0x00000000       0x24 /tmp/ccHJj75s.debug.temp.o
 .comment       0x00000000       0x24 /tmp/ccTwbuRi.debug.temp.o
 .comment       0x00000000       0x24 /tmp/ccMFUpOK.debug.temp.o
 .comment       0x00000000       0x24 /tmp/ccOniw1T.debug.temp.o
 .comment       0x00000000       0x24 /tmp/ccLm0ub1.debug.temp.o
 .debug_info    0x00000000      0x45f /tmp/ccoBBKYL.debug.temp.o
[...]
Memory Configuration

Name             Origin             Length             Attributes
rom              0x08000000         0x02000000
iwram            0x03000000         0x00008000
ewram            0x02000000         0x00040000
*default*        0x00000000         0xffffffff

Linker script and memory map

                0x00000000                        __sync_synchronize = __sync_synchronize_none
                0x08000000                        __text_start = ORIGIN (rom)
                0x02040000                        __eheap_end = (ORIGIN (ewram) + LENGTH (ewram))
                0x03000000                        __iwram_start = ORIGIN (iwram)
                0x03008000                        __iwram_top = (ORIGIN (iwram) + LENGTH (iwram))
                0x03007fa0                        __sp_irq = (__iwram_top - 0x60)
                0x03007f00                        __sp_usr = (__sp_irq - 0xa0)
                0x03007ff8                        __irq_flags = 0x3007ff8
                0x08000000                        . = __text_start

.crt0           0x08000000      0x210
 *(.crt0)
 .crt0          0x08000000      0x210 /opt/devkitpro/devkitARM/bin/../lib/gcc/arm-none-eabi/14.2.0/../../../../arm-none-eabi/lib/thumb/gba_crt0.o
                0x08000000                _start
                0x080000c4                __boot_method
                0x080000c5                __slave_number
                0x080000e0                start_vector
                0x08000210                        . = ALIGN (0x4)

.init           0x08000210        0xc
 *(SORT_NONE(.init))
 .init          0x08000210        0x4 /opt/devkitpro/devkitARM/bin/../lib/gcc/arm-none-eabi/14.2.0/thumb/crti.o
                0x08000210                _init
 .init          0x08000214        0x8 /opt/devkitpro/devkitARM/bin/../lib/gcc/arm-none-eabi/14.2.0/thumb/crtn.o

.plt            0x0800021c        0x0
 *(.plt)
                0x0800021c                        . = ALIGN (0x4)

.text           0x08000220    0x153e0
 *(EXCLUDE_FILE(*.iwram*) .text*)
 .text.__do_global_dtors_aux
                0x08000220       0x2c /opt/devkitpro/devkitARM/bin/../lib/gcc/arm-none-eabi/14.2.0/thumb/crtbegin.o
 .text.frame_dummy
                0x0800024c       0x24 /opt/devkitpro/devkitARM/bin/../lib/gcc/arm-none-eabi/14.2.0/thumb/crtbegin.o
 .text          0x08000270     0x81b4 /tmp/ccfKKCcl.ltrans0.ltrans.o
                0x08000a3c                _ZN2bn7ivectorINS_10sprite_ptrEE5clearEvQnt27is_trivially_destructible_vIT_E.lto_priv.0
                0x08000ae0                bn::camera_ptr::position() const
                0x08000af4                bn::audio_manager::(anonymous namespace)::static_data::~static_data() [clone .lto_priv.0]
                0x08000af4                bn::audio_manager::(anonymous namespace)::static_data::~static_data() [clone .lto_priv.0]
                0x08000af8                bn::regular_bg_tiles_item::valid_tiles_count(int, bn::bpp_mode)
                0x08000b34                bn::bg_blocks_manager::log_status()
                0x080016b4                bn::bg_blocks_manager::decrease_usages(int)
                0x0800175c                bn::bg_blocks_manager::(anonymous namespace)::static_data::~static_data() [clone .lto_priv.0]
                0x0800175c                bn::bg_blocks_manager::(anonymous namespace)::static_data::~static_data() [clone .lto_priv.0]
                0x080017bc                bn::bgs_manager::(anonymous namespace)::item_type::update_regular_hw_position() [clone .lto_priv.0]
                0x0800181c                bn::bgs_manager::update_regular_map_tiles_cbb(int, int)
                0x080018dc                bn::bgs_manager::update_regular_map_palette_bpp(int, bn::bpp_mode)
                0x080019ac                _bn::assert::show(char const*, char const*, char const*, int, bn::istring_base const&)
                0x080019c4                void _bn::assert::show_args<char [38]>(char const*, char const*, char const*, int, char const (&) [38])
                0x080019c4                void _bn::assert::show_args<char [16]>(char const*, char const*, char const*, int, char const (&) [16])
                0x080019c4                void _bn::assert::show_args<char [66]>(char const*, char const*, char const*, int, char const (&) [66])
                0x080019c4                void _bn::assert::show_args<char [33]>(char const*, char const*, char const*, int, char const (&) [33])
                0x080019c4                void _bn::assert::show_args<char [17]>(char const*, char const*, char const*, int, char const (&) [17])
                0x080019c4                void _bn::assert::show_args<char [23]>(char const*, char const*, char const*, int, char const (&) [23])
                0x080019c4                void _bn::assert::show_args<char [37]>(char const*, char const*, char const*, int, char const (&) [37])
                0x080019c4                void _bn::assert::show_args<char [22]>(char const*, char const*, char const*, int, char const (&) [22])
                0x080019c4                void _bn::assert::show_args<char [27]>(char const*, char const*, char const*, int, char const (&) [27])
                0x080019c4                void _bn::assert::show_args<char [14]>(char const*, char const*, char const*, int, char const (&) [14])
                0x080019c4                void _bn::assert::show_args<char [35]>(char const*, char const*, char const*, int, char const (&) [35])
                0x080019c4                void _bn::assert::show_args<char [19]>(char const*, char const*, char const*, int, char const (&) [19])
                0x080019c4                void _bn::assert::show_args<char [26]>(char const*, char const*, char const*, int, char const (&) [26])
                0x080019c4                void _bn::assert::show_args<char [13]>(char const*, char const*, char const*, int, char const (&) [13])
                0x080019c4                void _bn::assert::show_args<char [18]>(char const*, char const*, char const*, int, char const (&) [18])
                0x080019c4                void _bn::assert::show_args<char [46]>(char const*, char const*, char const*, int, char const (&) [46])
                0x080019c4                void _bn::assert::show_args<char [31]>(char const*, char const*, char const*, int, char const (&) [31])
                0x080019c4                void _bn::assert::show_args<char [15]>(char const*, char const*, char const*, int, char const (&) [15])
                0x080019c4                void _bn::assert::show_args<char [54]>(char const*, char const*, char const*, int, char const (&) [54])
                0x08001a04                bn::bgs_manager::(anonymous namespace)::static_data::~static_data() [clone .lto_priv.0]
                0x08001a04                bn::bgs_manager::(anonymous namespace)::static_data::~static_data() [clone .lto_priv.0]
                0x08001d48                _bn::assert::show(char const*, char const*, char const*, int)
                0x08001e28                bn::optional<bn::bg_palette_ptr>::operator->() const [clone .part.0] [clone .lto_priv.0]
                0x08001e28                bn::optional<bn::affine_bg_tiles_ptr>::operator->() const [clone .part.0] [clone .lto_priv.0]
                0x08001e50                bn::bg_blocks_manager::(anonymous namespace)::item_type::regular_tiles_offset() const [clone .lto_priv.0]
                0x080026cc                bn::optional<bn::bg_palette_ptr>::operator->() [clone .part.0] [clone .lto_priv.0]
                0x080026cc                bn::optional<bn::regular_bg_tiles_ptr>::operator->() [clone .part.0] [clone .lto_priv.0]
                0x080026f4                bn::optional<bn::regular_bg_map_ptr>::operator*() [clone .part.0] [clone .lto_priv.0]
                0x0800271c                void _bn::assert::show_args<char [27], int>(char const*, char const*, char const*, int, char const (&) [27], int const&)
                0x0800271c                void _bn::assert::show_args<char [24], int>(char const*, char const*, char const*, int, char const (&) [24], int const&)
                0x0800271c                void _bn::assert::show_args<char [17], int>(char const*, char const*, char const*, int, char const (&) [17], int const&)
                0x0800271c                void _bn::assert::show_args<char [15], int>(char const*, char const*, char const*, int, char const (&) [15], int const&)
                0x0800271c                void _bn::assert::show_args<char [22], int>(char const*, char const*, char const*, int, char const (&) [22], int const&)
                0x0800271c                void _bn::assert::show_args<char [39], int>(char const*, char const*, char const*, int, char const (&) [39], int const&)
                0x0800271c                void _bn::assert::show_args<char [25], int>(char const*, char const*, char const*, int, char const (&) [25], int const&)
                0x0800271c                void _bn::assert::show_args<char [16], int>(char const*, char const*, char const*, int, char const (&) [16], int const&)
                0x0800271c                void _bn::assert::show_args<char [26], int>(char const*, char const*, char const*, int, char const (&) [26], int const&)
                0x08002ecc                bn::bg_blocks_manager::(anonymous namespace)::_create_impl(bn::bg_blocks_manager::(anonymous namespace)::create_data&&) [clone .lto_priv.0]
                0x0800826c                void _bn::assert::show_args<char [27], bn::fixed_t<12> >(char const*, char const*, char const*, int, char const (&) [27], bn::fixed_t<12> const&)
                0x0800826c                void _bn::assert::show_args<char [25], bn::fixed_t<12> >(char const*, char const*, char const*, int, char const (&) [25], bn::fixed_t<12> const&)
                0x080083d4                bn::display_manager::(anonymous namespace)::static_data::~static_data() [clone .lto_priv.0]
                0x080083d4                bn::display_manager::(anonymous namespace)::static_data::~static_data() [clone .lto_priv.0]
 .text.startup  0x08008424     0x1a7c /tmp/ccfKKCcl.ltrans0.ltrans.o
                0x08008424                main
 .text          0x08009ea0     0x8c84 /tmp/ccfKKCcl.ltrans1.ltrans.o
                0x08009fe8                bn::hw::link::(anonymous namespace)::_resetStateCallback() [clone .lto_priv.0]
                0x0800adc0                bn::hblank_effects_manager::(anonymous namespace)::item_type::_output_values_ptr() [clone .lto_priv.0]
                0x0800ae00                operator delete(void*)
                0x0800ae0c                operator delete(void*, unsigned int)
                0x0800ae18                operator delete[](void*)
                0x0800ae24                operator delete[](void*, unsigned int)
                0x0800ae30                bn::hw::log(bn::istring_base const&) [clone .isra.0]
                0x0800ae84                bn::ostringstream::ostringstream(bn::istring_base&)
                0x0800ae84                bn::ostringstream::ostringstream(bn::istring_base&)
                0x0800ae8c                bn::string_view::string_view(char const*) [clone .isra.0]
                0x0800aea8                bn::palettes_bank::_apply_global_effects(int, bn::color*) const
                0x0800aff4                bn::palettes_bank::palette::apply_effects(int, bn::color*) const
                0x0800b144                bn::palettes_bank::update()
                0x0800b278                bn::sprites_manager::(anonymous namespace)::_always_update_indexes_to_commit(bn::sprites_manager_item const&) [clone .lto_priv.0]
                0x0800b2c0                bn::sprites_manager::(anonymous namespace)::_update_item_dimensions(bn::sprites_manager_item&) [clone .lto_priv.0]
                0x0800b398                bn::camera_ptr::~camera_ptr() [clone .isra.0]
                0x0800b3c4                bn::lc::LinkConnection::stop() [clone .constprop.0]
                0x0800b3f0                VgmStop()
                0x0800b4b0                gbt_refresh_pattern_ptr.lto_priv.0
                0x0800b534                gbt_run_startup_commands.part.0.lto_priv.0
                0x0800b5c8                bn::hw::audio::(anonymous namespace)::_commit() [clone .lto_priv.0]
                0x0800bd28                bn::hw::audio::(anonymous namespace)::_vblank_handler() [clone .lto_priv.0]
                0x0800be78                bn::hw::bgs::commit_data::commit_data() [clone .constprop.0] [clone .isra.0]
                0x0800bed4                bn::bg_blocks_manager::(anonymous namespace)::items_list::items_list() [clone .constprop.0] [clone .isra.0]
                0x0800bf20                bn::sprite_affine_mats_manager::(anonymous namespace)::static_data::static_data() [clone .constprop.0] [clone .isra.0]
                0x0800bfc4                bn::sprite_tiles_manager::(anonymous namespace)::static_data::static_data() [clone .constprop.0] [clone .isra.0]
                0x0800c0f0                bn::display_manager::(anonymous namespace)::static_data::static_data() [clone .constprop.0] [clone .isra.0]
                0x0800c180                bn::hdma_manager::(anonymous namespace)::static_data::static_data() [clone .constprop.0] [clone .isra.0]
                0x0800c1b4                bn::hblank_effects_manager::(anonymous namespace)::static_external_data::static_external_data() [clone .constprop.0] [clone .isra.0]
                0x0800c28c                bn::core::(anonymous namespace)::static_data::static_data() [clone .constprop.0] [clone .isra.0]
                0x0800c2f4                bn::sprite_ptr::set_camera(bn::camera_ptr const&) [clone .isra.0]
                0x0800c3a4                bn::sprite_affine_mats_manager::(anonymous namespace)::item_type::sprite_double_size(int, bn::sprite_shape_size const&) const [clone .isra.0]
                0x0800c550                bn::palettes_bank::palettes_bank() [clone .isra.0]
                0x0800c624                bn::ivector<bn::sprite_ptr>::_assign(bn::ivector<bn::sprite_ptr> const&) [clone .isra.0]
                0x0800c6c0                bn::istring::push_back(char)
                0x0800c704                bn::sprite_affine_mats_manager::decrease_usages(int)
                0x0800c7e8                bn::hw::link::_timer_intr()
                0x0800c8dc                bn::hw::link::_serial_intr()
                0x0800cb60                bn::iunordered_map<unsigned int, bn::audio_manager::sound_data_type, bn::identity_hasher, bn::equal_to<unsigned int> >::operator()(unsigned int, unsigned int const&) [clone .constprop.0]
                0x0800cd7c                bn::sprite_tiles_ptr::~sprite_tiles_ptr() [clone .isra.0]
                0x0800cfbc                bn::hw::audio::(anonymous namespace)::_add_sound_to_queue(int, unsigned short) [clone .lto_priv.0]
                0x0800d088                bn::sorted_sprites::sorter::insert(bn::sprites_manager_item&) [clone .constprop.0]
                0x0800d310                bn::hw::audio::(anonymous namespace)::_erase_sound_from_queue(unsigned short) [clone .lto_priv.0]
                0x0800d3a8                bn::hw::audio::(anonymous namespace)::_check_sounds_queue() [clone .part.0] [clone .lto_priv.0]
                0x0800d448                bn::hw::link::(anonymous namespace)::_sendDataCallback() [clone .lto_priv.0]
                0x0800d52c                bn::hw::link::(anonymous namespace)::_receiveResponseCallback(bn::lc::LinkResponse const&) [clone .lto_priv.0]
                0x0800d750                bn::ostringstream::append(int)
                0x0800d8dc                void _bn::assert::show_args<char [19], int, char [4], int>(char const*, char const*, char const*, int, char const (&) [19], int const&, char const (&) [4], int const&) [clone .constprop.0]
                0x0800d944                bn::keypad_manager::update()
                0x0800da74                bn::ostringstream::append(char const*)
                0x0800def8                bn::hw::show::error(bn::system_font const&, bn::string_view const&, bn::string_view const&, bn::string_view const&, int, bn::string_view const&, bn::string_view const&) [clone .constprop.0]
                0x0800e218                bn::istring::append(char const*) [clone .isra.0]
                0x0800e340                bn::sprite_ptr::set_scale(bn::fixed_t<12>, bn::fixed_t<12>) [clone .isra.0]
                0x0800ea78                void _bn::assert::show_args<char [20], int, char [4], unsigned short>(char const*, char const*, char const*, int, char const (&) [20], int const&, char const (&) [4], unsigned short const&) [clone .constprop.0]
                0x0800edcc                bn::ostringstream::append(unsigned int)
                0x0800eee0                void _bn::assert::show_args<char [35], unsigned int>(char const*, char const*, char const*, int, char const (&) [35], unsigned int const&) [clone .constprop.0]
                0x0800ef30                bn::ostringstream::append(void const*)
                0x0800f864                bn::ostringstream::_append_fraction(unsigned int, int)
                0x0800f974                bn::palettes_bank::decrease_usages(int)
                0x0800fc00                bn::sprites_manager::decrease_usages(void*)
                0x0800fdf8                bn::bg_palette_ptr::~bg_palette_ptr() [clone .isra.0]
                0x0800fe10                bn::bg_blocks_manager::(anonymous namespace)::items_list::insert_after(int, bn::bg_blocks_manager::(anonymous namespace)::item_type const&) [clone .constprop.0]
                0x08010128                bn::bg_blocks_manager::(anonymous namespace)::item_type::~item_type() [clone .isra.0]
                0x08010380                bn::sprite_tiles_manager::update()
                0x080105b0                bn::sprite_tiles_manager::(anonymous namespace)::_find_impl(bn::tile const*, bn::compression_type, int) [clone .lto_priv.0]
                0x080107fc                bn::sprite_tiles_manager::(anonymous namespace)::_hw_commit(bn::tile const*, bn::compression_type, int, int) [clone .lto_priv.0]
                0x08010cf8                bn::sprite_tiles_manager::create(bn::span<bn::tile const> const&, bn::compression_type) [clone .isra.0]
                0x08011104                bn::sprite_ptr::create(bn::fixed_t<12>, bn::fixed_t<12>, bn::sprite_item const&, int)
                0x08011460                TextElement::setup(int, int, int) [clone .constprop.0]
                0x08011838                operator new(unsigned int)
                0x08011868                operator new[](unsigned int)
                0x08011898                malloc
                0x080118a4                bn::sprite_shape_size::tiles_count(bn::bpp_mode) const [clone .part.0] [clone .isra.0]
                0x08011984                bn::sprite_shape_size::tiles_count(bn::bpp_mode) const [clone .isra.0]
                0x08011a6c                bn::sprites_manager::set_tiles(void*, bn::sprite_tiles_ptr&&)
                0x08011c40                bn::regular_bg_ptr::create(bn::fixed_t<12>, bn::fixed_t<12>, bn::regular_bg_item const&) [clone .constprop.0]
 .text.startup  0x08012b24      0x318 /tmp/ccfKKCcl.ltrans1.ltrans.o
 .text.__libc_init_array
                0x08012e3c       0x50 bn_hw_common.bn_noflto.o
                0x08012e3c                __libc_init_array
 .text.__aeabi_atexit
                0x08012e8c        0x4 bn_hw_common.bn_noflto.o
                0x08012e8c                __aeabi_atexit
 .text._ZN3_bn6assert9show_argsIA40_cEEvPKcS4_S4_iRKT_
                0x08012e90       0x48 bn_hw_common.bn_noflto.o
                0x08012e90                void _bn::assert::show_args<char [40]>(char const*, char const*, char const*, int, char const (&) [40])
 .text.__aeabi_idiv0
                0x08012ed8       0x24 bn_hw_common.bn_noflto.o
                0x08012ed8                __aeabi_idiv0
 .text.VBlankIntrWait
                0x08012efc        0x4 tonc_bios.o
                0x08012efc                VBlankIntrWait
 .text.memset16
                0x08012f00       0x3c tonc_memset.o
                0x08012f00                memset16
 .text          0x08012f3c      0x26c posprintf.o
                0x08012f40                posprintf
 .text          0x080131a8      0x314 mm_effect.o
                0x080131a8                mmResetEffects
                0x080131d4                mmEffect
                0x080131ea                mmEffectEx
                0x080132ea                mmEffectActive
                0x0801331e                mmEffectVolume
                0x0801333a                mmEffectPanning
                0x0801334e                mmEffectRate
                0x08013362                mmEffectCancel
                0x0801339c                mmEffectRelease
                0x080133c2                mmEffectScaleRate
                0x080133d6                mmSetEffectsVolume
                0x080133e4                mmEffectCancelAll
                0x08013424                mmUpdateEffects
 .text          0x080134bc       0x14 mm_main.o
                0x080134bc                mpp_call_r7
                0x080134be                mpp_call_r1
                0x080134c0                mpp_call_r2
                0x080134c2                mpp_call_r3
                0x080134c4                mmSetEventHandler
 .text          0x080134d0     0x1570 mm_mas.o
                0x08013544                mmStart
                0x08013564                mmJingle
                0x0801356a                mmPlayModule
                0x08013634                mmPause
                0x08013650                mmResume
                0x08013660                mmActive
                0x08013666                mmActiveSub
                0x0801366c                mmSetModuleVolume
                0x0801367c                mmSetJingleVolume
                0x080136b8                mmGetPositionTick
                0x080136be                mmGetPositionRow
                0x080136c4                mmGetPosition
                0x080136ca                mmPosition
                0x080136e4                mmSetModuleTempo
                0x08013716                mmSetModulePitch
                0x08013758                mmStop
                0x0801381e                mppUpdateSub
                0x0801397a                mpp_Process_VolumeCommand
                0x08013bb2                mpp_Process_Effect
                0x08014300                ST3_FREQTABLE
                0x08014720                IT_PitchTable
 .text          0x08014a40      0x12c mm_main_gba.o
                0x08014a40                mmInit
                0x08014a94                mmSetVBlankHandler
                0x08014a9a                mmFrame
 .text          0x08014b6c      0x1e0 mm_mixer_gba.o
                0x08014b6c                mmMixerSetSource
                0x08014b80                mmMixerSetRead
                0x08014b8e                mmMixerSetFreq
                0x08014b9e                mmMixerMulFreq
                0x08014bb2                mmMixerStopChannel
                0x08014bc4                mmMixerChannelActive
                0x08014bd6                mmMixerSetVolume
                0x08014be4                mmMixerSetPan
                0x08014bf2                mmMixerInit
 .text          0x08014d4c       0x3c /opt/devkitpro/devkitARM/bin/../lib/gcc/arm-none-eabi/14.2.0/thumb/libgcc.a(_call_via_rX.o)
                0x08014d4c                _call_via_r0
                0x08014d50                _call_via_r1
                0x08014d54                _call_via_r2
                0x08014d58                _call_via_r3
                0x08014d5c                _call_via_r4
                0x08014d60                _call_via_r5
                0x08014d64                _call_via_r6
                0x08014d68                _call_via_r7
                0x08014d6c                _call_via_r8
                0x08014d70                _call_via_r9
                0x08014d74                _call_via_sl
                0x08014d78                _call_via_fp
                0x08014d7c                _call_via_ip
                0x08014d80                _call_via_sp
                0x08014d84                _call_via_lr
 .text          0x08014d88      0x290 /opt/devkitpro/devkitARM/bin/../lib/gcc/arm-none-eabi/14.2.0/thumb/libgcc.a(_arm_muldf3.o)
                0x08014d88                __aeabi_dmul
                0x08014d88                __muldf3
 .text          0x08015018      0x424 /opt/devkitpro/devkitARM/bin/../lib/gcc/arm-none-eabi/14.2.0/thumb/libgcc.a(_arm_addsubdf3.o)
                0x08015018                __aeabi_drsub
                0x08015020                __aeabi_dsub
                0x08015020                __subdf3
                0x08015024                __adddf3
                0x08015024                __aeabi_dadd
                0x08015334                __aeabi_ui2d
                0x08015334                __floatunsidf
                0x08015358                __aeabi_i2d
                0x08015358                __floatsidf
                0x08015380                __extendsfdf2
                0x08015380                __aeabi_f2d
                0x080153c8                __aeabi_ul2d
                0x080153c8                __floatundidf
                0x080153dc                __floatdidf
                0x080153dc                __aeabi_l2d
 .text          0x0801543c       0x5c /opt/devkitpro/devkitARM/bin/../lib/gcc/arm-none-eabi/14.2.0/thumb/libgcc.a(_arm_fixdfsi.o)
                0x0801543c                __aeabi_d2iz
                0x0801543c                __fixdfsi
 .text.__stub   0x08015498      0x118 linker stubs
 *(.gnu.linkonce.t.*)
 *(.text.*personality*)
 *(.gnu.warning)
 *(.glue_7t)
 .glue_7t       0x08015600        0x0 linker stubs
 *(.glue_7)
 .glue_7        0x08015600        0x0 linker stubs
 *(.vfp11_veneer)
 .vfp11_veneer  0x08015600        0x0 linker stubs
                0x08015600                        . = ALIGN (0x4)
                0x08015600                        __text_end = .

.v4_bx          0x08015600        0x0
 .v4_bx         0x08015600        0x0 linker stubs

.iplt           0x08015600        0x0
 .iplt          0x08015600        0x0 /opt/devkitpro/devkitARM/bin/../lib/gcc/arm-none-eabi/14.2.0/../../../../arm-none-eabi/lib/thumb/gba_crt0.o

.fini           0x08015600        0xc
 *(.fini)
 .fini          0x08015600        0x4 /opt/devkitpro/devkitARM/bin/../lib/gcc/arm-none-eabi/14.2.0/thumb/crti.o
                0x08015600                _fini
 .fini          0x08015604        0x8 /opt/devkitpro/devkitARM/bin/../lib/gcc/arm-none-eabi/14.2.0/thumb/crtn.o
                0x0801560c                        . = ALIGN (0x4)

.rodata         0x0801560c   0x38f84c
 *(.rodata)
 .rodata        0x0801560c    0x1a020 beryl_bn_gfx.o
                0x0801560c                beryl_bn_gfxTiles
                0x0802f60c                beryl_bn_gfxPal
 .rodata        0x0802f62c     0xefe0 bg_berylsroom_bn_gfx.o
                0x0802f62c                bg_berylsroom_bn_gfxTiles
                0x080365ec                bg_berylsroom_bn_gfxMap
                0x0803e5ec                bg_berylsroom_bn_gfxPal
 .rodata        0x0803e60c      0x820 dialogue_back_bn_gfx.o
                0x0803e60c                dialogue_back_bn_gfxTiles
                0x0803ee0c                dialogue_back_bn_gfxPal
 .rodata        0x0803ee2c     0x7420 font_bn_gfx.o
                0x0803ee2c                font_bn_gfxTiles
                0x0804622c                font_bn_gfxPal
 .rodata        0x0804624c     0x7760 starsbackground_bn_gfx.o
                0x0804624c                starsbackground_bn_gfxTiles
                0x0804d18c                starsbackground_bn_gfxMap
                0x0804d98c                starsbackground_bn_gfxPal
 .rodata        0x0804d9ac      0x820 ui_bubble_bn_gfx.o
                0x0804d9ac                ui_bubble_bn_gfxTiles
                0x0804e1ac                ui_bubble_bn_gfxPal
 .rodata        0x0804e1cc    0x14960 /tmp/ccfKKCcl.ltrans0.ltrans.o
 .rodata        0x08062b2c     0x1798 /tmp/ccfKKCcl.ltrans1.ltrans.o
 .rodata        0x080642c4      0xef8 verdana9.o
                0x080642c4                verdana9Font
                0x080642dc                verdana9Glyphs
                0x080650dc                verdana9Widths
 *all.rodata*(*)
 *(.roda)
 *(.rodata.*)
 .rodata._bn_audio_soundbank_bin
                0x080651bc   0x33e04c _bn_audio_soundbank.bin.o
                0x080651bc                _bn_audio_soundbank_bin
                0x083a3208                _bn_audio_soundbank_bin_end
 .rodata.str1.4
                0x083a3208      0xdec /tmp/ccfKKCcl.ltrans0.ltrans.o
 .rodata.str1.4
                0x083a3208     0x11d9 /tmp/ccfKKCcl.ltrans1.ltrans.o
 .rodata.__cxa_pure_virtual.str1.4
                0x083a3208     0x1c41 bn_hw_common.bn_noflto.o
                                 0x4f (size before relaxing)
 .rodata.__aeabi_idiv0.str1.4
                0x083a4e49       0x38 bn_hw_common.bn_noflto.o
 *fill*         0x083a4e49        0x3 ff
 .rodata._ZN2bn2hw8game_pak12_GLOBAL__N_1L8rom_dataE
                0x083a4e4c        0xc bn_hw_game_pak.bn_ewram.o
 *(.gnu.linkonce.r*)
                0x083a4e58                        . = ALIGN (0x4)

.ARM.extab
 *(.ARM.extab* .gnu.linkonce.armextab.*)
                0x083a4e58                        __exidx_start = .

.ARM.exidx
 *(.ARM.exidx* .gnu.linkonce.armexidx.*)
                0x083a4e58                        __exidx_end = .

.ctors          0x083a4e58        0x0
 *crtbegin.o(.ctors)
 *(EXCLUDE_FILE(*crtend.o) .ctors)
 *(SORT_BY_NAME(.ctors.*))
 *(.ctors)
                0x083a4e58                        . = ALIGN (0x4)

.dtors          0x083a4e58        0x0
 *crtbegin.o(.dtors)
 *(EXCLUDE_FILE(*crtend.o) .dtors)
 *(SORT_BY_NAME(.dtors.*))
 *(.dtors)
                0x083a4e58                        . = ALIGN (0x4)

.eh_frame       0x083a4e58        0x4
 *(.eh_frame)
 .eh_frame      0x083a4e58        0x0 /opt/devkitpro/devkitARM/bin/../lib/gcc/arm-none-eabi/14.2.0/thumb/crtbegin.o
 .eh_frame      0x083a4e58        0x4 /opt/devkitpro/devkitARM/bin/../lib/gcc/arm-none-eabi/14.2.0/thumb/crtend.o
                0x083a4e5c                        . = ALIGN (0x4)

.gcc_except_table
                0x083a4e5c        0x0
 *(.gcc_except_table)
                0x083a4e5c                        . = ALIGN (0x4)
                0x083a4e5c                        __iwram_lma = .

.iwram          0x03000000     0x2320 load address 0x083a4e5c
                0x03000000                        __iwram_start__ = ABSOLUTE (.)
 *(.iwram .iwram*)
 .iwram         0x03000000      0x290 bn_sprites_manager.bn_iwram.o
                0x03000000                bn::sprites_manager::_check_items_on_screen(bn::intrusive_list<bn::sorted_sprites::layer>&)
                0x03000104                bn::sprites_manager::_rebuild_handles_impl(int, void*, bn::intrusive_list<bn::sorted_sprites::layer>&)
                0x0300019c                bn::sprites_manager::_update_cameras_impl(bn::intrusive_list<bn::sorted_sprites::layer>&)
 .iwram         0x03000290       0xc4 bn_hw_palettes.bn_iwram.o
                0x03000290                bn::hw::palettes::brightness(bn::color const*, int, int, bn::color*)
                0x030002f8                bn::hw::palettes::_lut_effect(bn::color const*, unsigned char const*, int, bn::color*)
 .iwram         0x03000354       0x6c bn_hw_bg_blocks.o
                0x03000354                bn_hw_bg_blocks_commit_half_words
                0x0300036c                bn_hw_bg_blocks_commit_words
                0x03000384                bn_hw_bg_blocks_commit_blocks
 .iwram         0x030003c0       0xd0 bn_hw_hblank_effects.o
                0x030003c0                bn::hw::hblank_effects::_intr()
                0x0300048c                bn::hw::hblank_effects::data
 .iwram         0x03000490       0x30 bn_hw_palettes_asm.o
                0x03000490                bn_hw_palettes_different_words
 .iwram.clr_blend_fast
                0x030004c0       0x70 clr_blend_fast.o
                0x030004c0                clr_blend_fast
 .iwram         0x03000530       0x70 clr_fade_fast.o
                0x03000530                clr_fade_fast
 .iwram.memset32
                0x030005a0       0x4c tonc_memset.o
                0x030005a0                memset32
 .iwram         0x030005ec      0x134 irq_handler.o
                0x030005ec                IRQ_GlobalInterruptHandler
 .iwram.__aeabi_lmul
                0x03000720       0x14 lmul.o
                0x03000720                __aeabi_lmul
 .iwram.__aeabi_memcpy
                0x03000734       0xc8 memcpy.o
                0x03000734                __aeabi_memcpy
                0x0300076c                __aeabi_memcpy4
                0x0300076c                __aeabi_memcpy8
                0x030007d8                __agbabi_memcpy2
 .iwram.__agbabi_memcpy1
                0x030007fc       0x14 memcpy.o
                0x030007fc                __agbabi_memcpy1
 .iwram.memcpy  0x03000810       0x10 memcpy.o
                0x03000810                memcpy
 .iwram.__aeabi_memmove
                0x03000820        0xc memmove.o
                0x03000820                __aeabi_memmove
 .iwram.memmove
                0x0300082c       0x10 memmove.o
                0x0300082c                memmove
 .iwram.__aeabi_memset
                0x0300083c       0x9c memset.o
                0x0300083c                __aeabi_memset
                0x03000860                __aeabi_memset4
                0x03000860                __aeabi_memset8
                0x0300086c                __agbabi_wordset4
                0x03000870                __agbabi_lwordset4
 .iwram.__agbabi_memset1
                0x030008d8       0x10 memset.o
                0x030008d8                __agbabi_memset1
 .iwram.memset  0x030008e8       0x1c memset.o
                0x030008e8                memset
 .iwram.__agbabi_rmemcpy
                0x03000904       0xcc rmemcpy.o
                0x03000904                __agbabi_rmemcpy
 .iwram.__agbabi_rmemcpy1
                0x030009d0       0x14 rmemcpy.o
                0x030009d0                __agbabi_rmemcpy1
 .iwram         0x030009e4       0x3c sdiv32.o
                0x030009e4                __aeabi_idivmod
                0x030009e4                __aeabi_idiv
 .iwram         0x03000a20      0x1e0 udiv32.o
                0x03000a20                __aeabi_uidivmod
                0x03000a20                __aeabi_uidiv
                0x03000a28                udiv32pastzero
                0x03000a7c                div32Iteration
 .iwram         0x03000c00       0x98 huffman.o
                0x03000c00                swi_HuffUnCompReadNormal
 .iwram         0x03000c98      0x1ac lz77.o
                0x03000c98                swi_LZ77UnCompWrite8bit
                0x03000c98                swi_LZ77UnCompWrite16bit
 .iwram         0x03000e44       0xec running_length.o
                0x03000e44                swi_RLUnCompReadNormalWrite8bit
                0x03000ea4                swi_RLUnCompReadNormalWrite16bit
 .iwram         0x03000f30      0x554 mm_mas.o
                0x03000f30                mppProcessTick
                0x03001014                mpp_Channel_NewNote
                0x030010f4                mpp_Update_ACHN_notest
 .iwram         0x03001484      0x648 mm_mas_arm.o
                0x03001484                mmAllocChannel
                0x030014f8                mmReadPattern
                0x030015e4                mmUpdateChannel_T0
                0x03001824                mmUpdateChannel_TN
                0x030019c4                mmGetPeriod
                0x03001a08                note_table_oct
                0x03001a26                note_table_mod
 .iwram         0x03001acc        0x8 mm_main_gba.o
                0x03001acc                mpp_call_r7i
                0x03001ace                mpp_call_r2i
                0x03001ad0                mpp_call_r1i
 .iwram         0x03001ad4      0x838 mm_mixer_gba.o
                0x03001ad8                mmVBlank
                0x03001b5c                mmMixerMix
 *fill*         0x0300230c        0x4 ff
 .iwram.__stub  0x03002310        0xc linker stubs
 *iwram.*(.text* .data*)
                0x0300231c                        . = ALIGN (0x4)
                0x03002320                        __iwram_end__ = ABSOLUTE (.)
                0x083a717c                        __data_lma = (__iwram_lma + SIZEOF (.iwram))

.bss            0x03002320      0x870
                0x03002320                        __bss_start = ABSOLUTE (.)
                0x03002320                        __bss_start__ = ABSOLUTE (.)
 *(.dynbss)
 *(.gnu.linkonce.b*)
 *(.bss*)
 .bss.completed.1
                0x03002320        0x1 /opt/devkitpro/devkitARM/bin/../lib/gcc/arm-none-eabi/14.2.0/thumb/crtbegin.o
 *fill*         0x03002321        0x3 
 .bss.object.0  0x03002324       0x18 /opt/devkitpro/devkitARM/bin/../lib/gcc/arm-none-eabi/14.2.0/thumb/crtbegin.o
 .bss           0x0300233c      0x50c /tmp/ccfKKCcl.ltrans0.ltrans.o
                0x0300233c                IRQ_VectorTable
                0x03002798                _ZN2bn22hblank_effects_manager12_GLOBAL__N_113internal_dataE.lto_priv.0
 .bss           0x03002848        0x4 /tmp/ccfKKCcl.ltrans1.ltrans.o
                0x03002848                fake_heap_end
 .bss           0x0300284c       0x2d mm_effect.o
                0x03002870                mm_sfx_bitmask
                0x03002874                mm_sfx_clearmask
 *fill*         0x03002879        0x3 
 .bss           0x0300287c        0x8 mm_main.o
                0x0300287c                mmCallback
                0x03002880                mm_ch_mask
 .bss           0x03002884      0x148 mm_mas.o
                0x03002884                mmLayerMain
                0x030028bc                mmLayerSub
                0x030028f4                mpp_vars
                0x03002904                mpp_layerp
                0x03002908                mpp_channels
                0x03002918                mpp_nchannels
                0x03002919                mpp_clayer
                0x0300291c                mm_achannels
                0x03002920                mm_pchannels
                0x03002924                mm_num_mch
                0x03002928                mm_num_ach
                0x0300292c                mm_schannels
 .bss           0x030029cc        0x8 mm_main_gba.o
                0x030029cc                mm_vblank_function
                0x030029d0                mp_solution
 .bss           0x030029d4      0x1bc mm_mixer_gba.o
                0x030029d4                mp_writepos
                0x030029dc                mm_mixchannels
                0x030029e4                mm_mixlen
                0x030029f8                mm_bpmdv
                0x030029fc                mp_mix_seg
 *(COMMON)
                0x03002b90                        . = ALIGN (0x4)
                0x03002b90                        __bss_end__ = ABSOLUTE (.)

.data           0x03002b90        0x4 load address 0x083a717c
                0x03002b90                        __data_start__ = ABSOLUTE (.)
 *(.data*)
 .data.__dso_handle
                0x03002b90        0x4 /opt/devkitpro/devkitARM/bin/../lib/gcc/arm-none-eabi/14.2.0/thumb/crtbegin.o
                0x03002b90                __dso_handle
 *(.gnu.linkonce.d*)
                0x03002b94                        . = ALIGN (0x4)
                0x083a7180                        __preinit_lma = (__data_lma + SIZEOF (.data))

.igot.plt       0x03002b94        0x0 load address 0x083a7180
 .igot.plt      0x03002b94        0x0 /opt/devkitpro/devkitARM/bin/../lib/gcc/arm-none-eabi/14.2.0/../../../../arm-none-eabi/lib/thumb/gba_crt0.o

.preinit_array  0x03002b94        0x0 load address 0x083a7180
                0x03002b94                        __preinit_array_start = ABSOLUTE (.)
 *(.preinit_array)
                0x03002b94                        __preinit_array_end = ABSOLUTE (.)
                0x083a7180                        __init_lma = (__preinit_lma + SIZEOF (.preinit_array))

.init_array     0x03002b94        0x8 load address 0x083a7180
                0x03002b94                        __init_array_start = ABSOLUTE (.)
 *(SORT_BY_NAME(.init_array.*))
 *(.init_array)
 .init_array    0x03002b94        0x4 /opt/devkitpro/devkitARM/bin/../lib/gcc/arm-none-eabi/14.2.0/thumb/crtbegin.o
 .init_array    0x03002b98        0x4 /tmp/ccfKKCcl.ltrans1.ltrans.o
                0x03002b9c                        __init_array_end = ABSOLUTE (.)
                0x083a7188                        __fini_lma = (__init_lma + SIZEOF (.init_array))

.fini_array     0x03002b9c        0x4 load address 0x083a7188
                0x03002b9c                        __fini_array_start = ABSOLUTE (.)
 *(SORT_BY_NAME(.fini_array.*))
 *(.fini_array)
 .fini_array    0x03002b9c        0x4 /opt/devkitpro/devkitARM/bin/../lib/gcc/arm-none-eabi/14.2.0/thumb/crtbegin.o
                0x03002ba0                        __fini_array_end = ABSOLUTE (.)
                0x083a718c                        __jcr_lma = (__fini_lma + SIZEOF (.fini_array))

.jcr
 *(.jcr)
                0x03002ba0                        __data_end__ = ABSOLUTE (.)
                0x083a718c                        __iwram_overlay_lma = (__jcr_lma + SIZEOF (.jcr))
                0x03002ba0                        __iwram_overlay_start = .

.iwram0         0x03002ba0        0x0 load address 0x083a718c
 *(.iwram0)
                0x03002ba0                        . = ALIGN (0x4)
                0x083a718c                        PROVIDE (__load_start_iwram0 = LOADADDR (.iwram0))
                0x083a718c                        PROVIDE (__load_stop_iwram0 = (LOADADDR (.iwram0) + SIZEOF (.iwram0)))

.iwram1         0x03002ba0        0x0
 *(.iwram1)
                0x03002ba0                        . = ALIGN (0x4)
                [!provide]                        PROVIDE (__load_start_iwram1 = LOADADDR (.iwram1))
                [!provide]                        PROVIDE (__load_stop_iwram1 = (LOADADDR (.iwram1) + SIZEOF (.iwram1)))

.iwram2         0x03002ba0        0x0
 *(.iwram2)
                0x03002ba0                        . = ALIGN (0x4)
                [!provide]                        PROVIDE (__load_start_iwram2 = LOADADDR (.iwram2))
                [!provide]                        PROVIDE (__load_stop_iwram2 = (LOADADDR (.iwram2) + SIZEOF (.iwram2)))

.iwram3         0x03002ba0        0x0
 *(.iwram3)
                0x03002ba0                        . = ALIGN (0x4)
                [!provide]                        PROVIDE (__load_start_iwram3 = LOADADDR (.iwram3))
                [!provide]                        PROVIDE (__load_stop_iwram3 = (LOADADDR (.iwram3) + SIZEOF (.iwram3)))

.iwram4         0x03002ba0        0x0
 *(.iwram4)
                0x03002ba0                        . = ALIGN (0x4)
                [!provide]                        PROVIDE (__load_start_iwram4 = LOADADDR (.iwram4))
                [!provide]                        PROVIDE (__load_stop_iwram4 = (LOADADDR (.iwram4) + SIZEOF (.iwram4)))

.iwram5         0x03002ba0        0x0
 *(.iwram5)
                0x03002ba0                        . = ALIGN (0x4)
                [!provide]                        PROVIDE (__load_start_iwram5 = LOADADDR (.iwram5))
                [!provide]                        PROVIDE (__load_stop_iwram5 = (LOADADDR (.iwram5) + SIZEOF (.iwram5)))

.iwram6         0x03002ba0        0x0
 *(.iwram6)
                0x03002ba0                        . = ALIGN (0x4)
                [!provide]                        PROVIDE (__load_start_iwram6 = LOADADDR (.iwram6))
                [!provide]                        PROVIDE (__load_stop_iwram6 = (LOADADDR (.iwram6) + SIZEOF (.iwram6)))

.iwram7         0x03002ba0        0x0
 *(.iwram7)
                0x03002ba0                        . = ALIGN (0x4)
                [!provide]                        PROVIDE (__load_start_iwram7 = LOADADDR (.iwram7))
                [!provide]                        PROVIDE (__load_stop_iwram7 = (LOADADDR (.iwram7) + SIZEOF (.iwram7)))

.iwram8         0x03002ba0        0x0
 *(.iwram8)
                0x03002ba0                        . = ALIGN (0x4)
                [!provide]                        PROVIDE (__load_start_iwram8 = LOADADDR (.iwram8))
                [!provide]                        PROVIDE (__load_stop_iwram8 = (LOADADDR (.iwram8) + SIZEOF (.iwram8)))

.iwram9         0x03002ba0        0x0
 *(.iwram9)
                0x03002ba0                        . = ALIGN (0x4)
                [!provide]                        PROVIDE (__load_start_iwram9 = LOADADDR (.iwram9))
                [!provide]                        PROVIDE (__load_stop_iwram9 = (LOADADDR (.iwram9) + SIZEOF (.iwram9)))
                0x03002ba0                        __iwram_overlay_end = .
                0x083a718c                        __ewram_lma = (__iwram_overlay_lma + (__iwram_overlay_end - __iwram_overlay_start))
                0x03002ba0                        __iheap_start = .
                0x02000000                        __ewram_start = ORIGIN (ewram)

.ewram          0x02000000       0xf4 load address 0x083a718c
 *(.ewram*)
 .ewram         0x02000000       0x10 /tmp/ccfKKCcl.ltrans0.ltrans.o
                0x02000004                Vgm
 .ewram         0x02000010       0x48 /tmp/ccfKKCcl.ltrans1.ltrans.o
 .ewram         0x02000058       0x9c bn_hw_game_pak.bn_ewram.o
                0x02000058                bn::hw::game_pak::_slow_game_pak()
                0x020000f4                        . = ALIGN (0x4)
                0x020000f4                        __ewram_end = ABSOLUTE (.)
                0x083a7280                        __pad_lma = (__ewram_lma + SIZEOF (.ewram))

.sbss           0x020000f4     0x8204
                0x020000f4                        __sbss_start__ = ABSOLUTE (.)
 *(.sbss*)
 .sbss          0x020000f4     0x8204 /tmp/ccfKKCcl.ltrans0.ltrans.o
                0x020000f4                _ZN2bn15cameras_manager12_GLOBAL__N_14dataE.lto_priv.0
                0x0200012c                _ZN2bn4core12_GLOBAL__N_14dataE.lto_priv.0
                0x02000174                _ZN2bn2hw5audio12_GLOBAL__N_14dataE.lto_priv.0
                0x020001c0                _ZN2bn12hdma_manager12_GLOBAL__N_14dataE.lto_priv.0
                0x020001f8                _ZN2bn14memory_manager12_GLOBAL__N_14dataE.lto_priv.0
                0x02000208                _ZN2bn14keypad_manager12_GLOBAL__N_14dataE.lto_priv.0
                0x02000220                gbt.lto_priv.0
                0x020002b8                _ZN2bn17bg_blocks_manager12_GLOBAL__N_14dataE.lto_priv.0
                0x0200049c                _ZN2bn20sprite_tiles_manager12_GLOBAL__N_14dataE.lto_priv.0
                0x02001b10                _ZN2bn16palettes_manager12_GLOBAL__N_14dataE.lto_priv.0
                0x02002858                _ZN2bn15display_manager12_GLOBAL__N_14dataE.lto_priv.0
                0x0200344c                _ZN2bn2hw4link12_GLOBAL__N_14dataE.lto_priv.0
                0x0200357c                _ZN2bn22hblank_effects_manager12_GLOBAL__N_113external_dataE.lto_priv.0
                0x02004fc0                _ZN2bn11bgs_manager12_GLOBAL__N_14dataE.lto_priv.0
                0x0200526c                _ZN2bn13audio_manager12_GLOBAL__N_14dataE.lto_priv.0
                0x020053e0                _ZN2bn26sprite_affine_mats_manager12_GLOBAL__N_14dataE.lto_priv.0
                0x02005ca8                _ZN2bn15sprites_manager12_GLOBAL__N_14dataE.lto_priv.0
                0x020082f8                        . = ALIGN (0x4)
                0x020082f8                        __sbss_end__ = ABSOLUTE (.)
                0x020082f8                        __end__ = ABSOLUTE (.)
                0x020082f8                        __eheap_start = ABSOLUTE (.)

.pad            0x020082f8        0x8 load address 0x083a7280
                0x020082f8        0x4 LONG 0x52416b64
                0x020082fc        0x4 LONG 0x4d
                0x02008300                        . = ALIGN (0x4)
                0x083a7288                        __rom_end__ = (__pad_lma + SIZEOF (.pad))

.rel.dyn        0x02008300        0x0 load address 0x083a7288
 .rel.iplt      0x02008300        0x0 /opt/devkitpro/devkitARM/bin/../lib/gcc/arm-none-eabi/14.2.0/../../../../arm-none-eabi/lib/thumb/gba_crt0.o

.stab
 *(.stab)

.stabstr
 *(.stabstr)

.stab.excl
 *(.stab.excl)

.stab.exclstr
 *(.stab.exclstr)

.stab.index
 *(.stab.index)

.stab.indexstr
 *(.stab.indexstr)

.comment        0x00000000       0x23
 *(.comment)
 .comment       0x00000000       0x23 /opt/devkitpro/devkitARM/bin/../lib/gcc/arm-none-eabi/14.2.0/thumb/crtbegin.o
                                 0x24 (size before relaxing)
 .comment       0x00000023       0x24 /tmp/ccfKKCcl.ltrans0.ltrans.o
 .comment       0x00000023       0x24 /tmp/ccfKKCcl.ltrans1.ltrans.o
 .comment       0x00000023       0x24 bn_sprites_manager.bn_iwram.o
 .comment       0x00000023       0x24 bn_hw_common.bn_noflto.o
 .comment       0x00000023       0x24 bn_hw_game_pak.bn_ewram.o
 .comment       0x00000023       0x24 bn_hw_palettes.bn_iwram.o
 .comment       0x00000023       0x24 /opt/devkitpro/devkitARM/bin/../lib/gcc/arm-none-eabi/14.2.0/thumb/crtend.o

.debug
 *(.debug)

.line
 *(.line)

.debug_srcinfo
 *(.debug_srcinfo)

.debug_sfnames
 *(.debug_sfnames)

.debug_aranges  0x00000000      0x5c8
 *(.debug_aranges)
 .debug_aranges
                0x00000000       0x28 /tmp/ccfKKCcl.ltrans0.ltrans.o
 .debug_aranges
                0x00000028       0x20 /tmp/ccfKKCcl.ltrans1.ltrans.o
 .debug_aranges
                0x00000048       0x30 bn_sprites_manager.bn_iwram.o
 .debug_aranges
                0x00000078       0x58 bn_hw_common.bn_noflto.o
 .debug_aranges
                0x000000d0       0x20 bn_hw_game_pak.bn_ewram.o
 .debug_aranges
                0x000000f0       0x28 bn_hw_palettes.bn_iwram.o
 .debug_aranges
                0x00000118       0x20 bn_hw_bg_blocks.o
 .debug_aranges
                0x00000138       0x20 bn_hw_hblank_effects.o
 .debug_aranges
                0x00000158       0x20 bn_hw_palettes_asm.o
 .debug_aranges
                0x00000178       0x20 clr_blend_fast.o
 .debug_aranges
                0x00000198       0x20 clr_fade_fast.o
 .debug_aranges
                0x000001b8      0x130 tonc_bios.o
 .debug_aranges
                0x000002e8       0x28 tonc_memset.o
 .debug_aranges
                0x00000310       0x20 irq_handler.o
 .debug_aranges
                0x00000330       0x20 posprintf.o
 .debug_aranges
                0x00000350       0x38 lmul.o
 .debug_aranges
                0x00000388       0x30 memcpy.o
 .debug_aranges
                0x000003b8       0x38 memmove.o
 .debug_aranges
                0x000003f0       0x38 memset.o
 .debug_aranges
                0x00000428       0x28 rmemcpy.o
 .debug_aranges
                0x00000450       0x20 sdiv32.o
 .debug_aranges
                0x00000470       0x20 udiv32.o
 .debug_aranges
                0x00000490       0x20 huffman.o
 .debug_aranges
                0x000004b0       0x20 lz77.o
 .debug_aranges
                0x000004d0       0x20 running_length.o
 .debug_aranges
                0x000004f0       0x20 mm_effect.o
 .debug_aranges
                0x00000510       0x20 mm_main.o
 .debug_aranges
                0x00000530       0x28 mm_mas.o
 .debug_aranges
                0x00000558       0x20 mm_mas_arm.o
 .debug_aranges
                0x00000578       0x28 mm_main_gba.o
 .debug_aranges
                0x000005a0       0x28 mm_mixer_gba.o

.debug_pubnames
 *(.debug_pubnames)

.debug_info     0x00000000   0x1c0592
 *(.debug_info)
 .debug_info    0x00000000    0x275f5 /tmp/ccfKKCcl.ltrans0.ltrans.o
 .debug_info    0x000275f5    0x1f46d /tmp/ccfKKCcl.ltrans1.ltrans.o
 .debug_info    0x00046a62     0xe163 /tmp/ccJJqd9t.debug.temp.o
                0x00046a62                main.cpp.bbc9eff2
 .debug_info    0x00054bc5     0x96a3 /tmp/cclVG910.debug.temp.o
                0x00054bc5                bn_affine_bg_animate_actions.cpp.e1ebcd15
 .debug_info    0x0005e268     0xdb21 /tmp/ccx2u5IK.debug.temp.o
                0x0005e268                bn_audio_manager.cpp.d8463610
 .debug_info    0x0006bd89     0x45a8 /tmp/cc4gPXPS.debug.temp.o
                0x0006bd89                bn_best_fit_allocator.cpp.4c895319
 .debug_info    0x00070331    0x1c99a /tmp/cce3JkRi.debug.temp.o
                0x00070331                bn_bg_blocks_manager.cpp.449bc6e7
 .debug_info    0x0008cccb    0x1e88a /tmp/ccZJnvuX.debug.temp.o
                0x0008cccb                bn_bgs_manager.cpp.9cc695b6
 .debug_info    0x000ab555     0x4d11 /tmp/ccOPU7Qr.debug.temp.o
                0x000ab555                bn_cameras_manager.cpp.2e68df10
 .debug_info    0x000b0266     0x64b3 /tmp/ccjhJf6K.debug.temp.o
                0x000b0266                bn_core.cpp.01c4dfcf
 .debug_info    0x000b6719    0x13e13 /tmp/ccyd2ver.debug.temp.o
                0x000b6719                bn_display_manager.cpp.160b6434
 .debug_info    0x000ca52c     0x4c6f /tmp/cc5x3WGt.debug.temp.o
                0x000ca52c                bn_gpio_manager.cpp.6b3cccd0
 .debug_info    0x000cf19b    0x39148 /tmp/ccDCXsx9.debug.temp.o
                0x000cf19b                bn_hblank_effects_manager.cpp.5074e45f
 .debug_info    0x001082e3     0x1d27 /tmp/ccHJj75s.debug.temp.o
                0x001082e3                bn_hdma_manager.cpp.9c14807c
 .debug_info    0x0010a00a     0x4a03 /tmp/ccTwbuRi.debug.temp.o
                0x0010a00a                bn_keypad_manager.cpp.d9fa5225
 .debug_info    0x0010ea0d     0x4dbc /tmp/ccMFUpOK.debug.temp.o
                0x0010ea0d                bn_link_manager.cpp.9d3f81b9
 .debug_info    0x001137c9     0x4cb7 /tmp/ccOniw1T.debug.temp.o
                0x001137c9                bn_memory_manager.cpp.c7a42dd5
 .debug_info    0x00118480     0xf0a6 /tmp/ccLm0ub1.debug.temp.o
                0x00118480                bn_palettes_manager.cpp.1be70b67
 .debug_info    0x00127526     0xf973 /tmp/ccf4oCNX.debug.temp.o
                0x00127526                bn_sprite_affine_mats_manager.cpp.606d27e4
 .debug_info    0x00136e99     0x8e56 /tmp/ccPNJVOy.debug.temp.o
                0x00136e99                bn_sprite_animate_actions.cpp.f1d930ef
 .debug_info    0x0013fcef    0x145e9 /tmp/ccnDUDUE.debug.temp.o
                0x0013fcef                bn_sprite_text_generator.cpp.5f45f4ef
 .debug_info    0x001542d8     0xde85 /tmp/ccpIB3O4.debug.temp.o
                0x001542d8                bn_sprite_tiles_manager.cpp.d6bc4bd9
 .debug_info    0x0016215d    0x1a647 /tmp/ccjEMmsU.debug.temp.o
                0x0016215d                bn_sprites_manager.cpp.b6893cb2
 .debug_info    0x0017c7a4     0x5df9 /tmp/ccxDpXXo.debug.temp.o
                0x0017c7a4                bn_sstream.cpp.defbfde6
 .debug_info    0x0018259d    0x10961 /tmp/ccrTra3o.debug.temp.o
                0x0018259d                bn_translation_unit.cpp.a0c82621
 .debug_info    0x00192efe     0x59a1 /tmp/ccEs9TlP.debug.temp.o
                0x00192efe                bn_hw_audio.cpp.51001c92
 .debug_info    0x0019889f     0x155e /tmp/cckDsD76.debug.temp.o
                0x0019889f                bn_hw_cstdlib.cpp.b0a933ea
 .debug_info    0x00199dfd     0x5b63 /tmp/ccv5mam2.debug.temp.o
                0x00199dfd                bn_hw_link.cpp.8ae56b01
 .debug_info    0x0019f960     0x49b3 /tmp/ccb3jIbH.debug.temp.o
                0x0019f960                bn_hw_palettes.cpp.1719f721
 .debug_info    0x001a4313     0x5f99 /tmp/ccR9skDt.debug.temp.o
                0x001a4313                bn_hw_show.cpp.77e2c905
 .debug_info    0x001aa2ac      0x549 /tmp/ccSkrtgd.debug.temp.o
                0x001aa2ac                bn_hw_sram.cpp.a744c008
 .debug_info    0x001aa7f5      0x6c7 /tmp/ccMtMraE.debug.temp.o
                0x001aa7f5                bn_hw_system_font.cpp.a7933c99
 .debug_info    0x001aaebc     0x41c0 /tmp/ccTfvY71.debug.temp.o
                0x001aaebc                bn_hw_text.cpp.214ae997
 .debug_info    0x001af07c      0x64e /tmp/ccApyd5W.debug.temp.o
                0x001af07c                vgm.cpp.8aa00353
 .debug_info    0x001af6ca      0x594 /tmp/cccDfS2J.debug.temp.o
                0x001af6ca                tonc_color.c.c6c09fad
 .debug_info    0x001afc5e      0x5e1 /tmp/ccnTXQbG.debug.temp.o
                0x001afc5e                tonc_sbmp16.c.368d15ac
 .debug_info    0x001b023f      0x596 /tmp/ccKqzBl2.debug.temp.o
                0x001b023f                bmp16_drawg_b1cs.c.23632fef
 .debug_info    0x001b07d5      0x4cf /tmp/cctaOT0s.debug.temp.o
                0x001b07d5                tte_init_bmp.c.c41d6359
 .debug_info    0x001b0ca4      0x9be /tmp/ccj0KWUC.debug.temp.o
                0x001b0ca4                tte_main.c.dac0e2d2
 .debug_info    0x001b1662      0x1b3 /tmp/ccB1Pead.debug.temp.o
                0x001b1662                interrupts_gba.c.36e555e8
 .debug_info    0x001b1815     0x119b /tmp/ccPs9Kh1.debug.temp.o
                0x001b1815                gbt_player.c.f4a2d17b
 .debug_info    0x001b29b0     0xa5b1 bn_sprites_manager.bn_iwram.o
 .debug_info    0x001bcf61     0x19e4 bn_hw_common.bn_noflto.o
 .debug_info    0x001be945      0x614 bn_hw_game_pak.bn_ewram.o
 .debug_info    0x001bef59     0x1104 bn_hw_palettes.bn_iwram.o
 .debug_info    0x001c005d       0x23 bn_hw_bg_blocks.o
 .debug_info    0x001c0080       0x24 bn_hw_hblank_effects.o
 .debug_info    0x001c00a4       0x23 bn_hw_palettes_asm.o
 .debug_info    0x001c00c7       0x30 clr_blend_fast.o
 .debug_info    0x001c00f7       0x23 clr_fade_fast.o
 .debug_info    0x001c011a      0x1c8 tonc_bios.o
 .debug_info    0x001c02e2       0x3a tonc_memset.o
 .debug_info    0x001c031c       0x24 irq_handler.o
 .debug_info    0x001c0340       0x24 posprintf.o
 .debug_info    0x001c0364       0x22 lmul.o
 .debug_info    0x001c0386       0x22 memcpy.o
 .debug_info    0x001c03a8       0x22 memmove.o
 .debug_info    0x001c03ca       0x22 memset.o
 .debug_info    0x001c03ec       0x22 rmemcpy.o
 .debug_info    0x001c040e       0x23 sdiv32.o
 .debug_info    0x001c0431       0x24 udiv32.o
 .debug_info    0x001c0455       0x24 huffman.o
 .debug_info    0x001c0479       0x24 lz77.o
 .debug_info    0x001c049d       0x24 running_length.o
 .debug_info    0x001c04c1       0x24 mm_effect.o
 .debug_info    0x001c04e5       0x23 mm_main.o
 .debug_info    0x001c0508       0x22 mm_mas.o
 .debug_info    0x001c052a       0x24 mm_mas_arm.o
 .debug_info    0x001c054e       0x22 mm_main_gba.o
 .debug_info    0x001c0570       0x22 mm_mixer_gba.o

.debug_abbrev   0x00000000    0x1719c
 *(.debug_abbrev)
 .debug_abbrev  0x00000000      0x377 /tmp/ccfKKCcl.ltrans0.ltrans.o
 .debug_abbrev  0x00000377      0x397 /tmp/ccfKKCcl.ltrans1.ltrans.o
 .debug_abbrev  0x0000070e      0xda5 /tmp/ccJJqd9t.debug.temp.o
 .debug_abbrev  0x000014b3      0xa09 /tmp/cclVG910.debug.temp.o
 .debug_abbrev  0x00001ebc      0xde4 /tmp/ccx2u5IK.debug.temp.o
 .debug_abbrev  0x00002ca0      0x882 /tmp/cc4gPXPS.debug.temp.o
 .debug_abbrev  0x00003522      0xdd0 /tmp/cce3JkRi.debug.temp.o
 .debug_abbrev  0x000042f2     0x10f6 /tmp/ccZJnvuX.debug.temp.o
 .debug_abbrev  0x000053e8      0x9f8 /tmp/ccOPU7Qr.debug.temp.o
 .debug_abbrev  0x00005de0      0xb46 /tmp/ccjhJf6K.debug.temp.o
 .debug_abbrev  0x00006926      0xcb1 /tmp/ccyd2ver.debug.temp.o
 .debug_abbrev  0x000075d7      0x921 /tmp/cc5x3WGt.debug.temp.o
 .debug_abbrev  0x00007ef8     0x1054 /tmp/ccDCXsx9.debug.temp.o
 .debug_abbrev  0x00008f4c      0x606 /tmp/ccHJj75s.debug.temp.o
 .debug_abbrev  0x00009552      0x8b3 /tmp/ccTwbuRi.debug.temp.o
 .debug_abbrev  0x00009e05      0x991 /tmp/ccMFUpOK.debug.temp.o
 .debug_abbrev  0x0000a796      0x910 /tmp/ccOniw1T.debug.temp.o
 .debug_abbrev  0x0000b0a6      0xdc2 /tmp/ccLm0ub1.debug.temp.o
 .debug_abbrev  0x0000be68      0xead /tmp/ccf4oCNX.debug.temp.o
 .debug_abbrev  0x0000cd15      0x9c1 /tmp/ccPNJVOy.debug.temp.o
 .debug_abbrev  0x0000d6d6      0xcab /tmp/ccnDUDUE.debug.temp.o
 .debug_abbrev  0x0000e381      0xdee /tmp/ccpIB3O4.debug.temp.o
 .debug_abbrev  0x0000f16f      0xeea /tmp/ccjEMmsU.debug.temp.o
 .debug_abbrev  0x00010059      0x79e /tmp/ccxDpXXo.debug.temp.o
 .debug_abbrev  0x000107f7      0xcbf /tmp/ccrTra3o.debug.temp.o
 .debug_abbrev  0x000114b6      0xb98 /tmp/ccEs9TlP.debug.temp.o
 .debug_abbrev  0x0001204e      0x519 /tmp/cckDsD76.debug.temp.o
 .debug_abbrev  0x00012567      0x9dc /tmp/ccv5mam2.debug.temp.o
 .debug_abbrev  0x00012f43      0x7d4 /tmp/ccb3jIbH.debug.temp.o
 .debug_abbrev  0x00013717      0x9c8 /tmp/ccR9skDt.debug.temp.o
 .debug_abbrev  0x000140df      0x192 /tmp/ccSkrtgd.debug.temp.o
 .debug_abbrev  0x00014271      0x228 /tmp/ccMtMraE.debug.temp.o
 .debug_abbrev  0x00014499      0x70d /tmp/ccTfvY71.debug.temp.o
 .debug_abbrev  0x00014ba6      0x1a4 /tmp/ccApyd5W.debug.temp.o
 .debug_abbrev  0x00014d4a       0xf4 /tmp/cccDfS2J.debug.temp.o
 .debug_abbrev  0x00014e3e      0x1c6 /tmp/ccnTXQbG.debug.temp.o
 .debug_abbrev  0x00015004      0x174 /tmp/ccKqzBl2.debug.temp.o
 .debug_abbrev  0x00015178      0x1b1 /tmp/cctaOT0s.debug.temp.o
 .debug_abbrev  0x00015329      0x266 /tmp/ccj0KWUC.debug.temp.o
 .debug_abbrev  0x0001558f       0xed /tmp/ccB1Pead.debug.temp.o
 .debug_abbrev  0x0001567c      0x187 /tmp/ccPs9Kh1.debug.temp.o
 .debug_abbrev  0x00015803      0xabc bn_sprites_manager.bn_iwram.o
 .debug_abbrev  0x000162bf      0x606 bn_hw_common.bn_noflto.o
 .debug_abbrev  0x000168c5      0x1e0 bn_hw_game_pak.bn_ewram.o
 .debug_abbrev  0x00016aa5      0x4db bn_hw_palettes.bn_iwram.o
 .debug_abbrev  0x00016f80       0x14 bn_hw_bg_blocks.o
 .debug_abbrev  0x00016f94       0x14 bn_hw_hblank_effects.o
 .debug_abbrev  0x00016fa8       0x14 bn_hw_palettes_asm.o
 .debug_abbrev  0x00016fbc       0x28 clr_blend_fast.o
 .debug_abbrev  0x00016fe4       0x14 clr_fade_fast.o
 .debug_abbrev  0x00016ff8       0x26 tonc_bios.o
 .debug_abbrev  0x0001701e       0x26 tonc_memset.o
 .debug_abbrev  0x00017044       0x14 irq_handler.o
 .debug_abbrev  0x00017058       0x14 posprintf.o
 .debug_abbrev  0x0001706c       0x12 lmul.o
 .debug_abbrev  0x0001707e       0x12 memcpy.o
 .debug_abbrev  0x00017090       0x12 memmove.o
 .debug_abbrev  0x000170a2       0x12 memset.o
 .debug_abbrev  0x000170b4       0x12 rmemcpy.o
 .debug_abbrev  0x000170c6       0x14 sdiv32.o
 .debug_abbrev  0x000170da       0x14 udiv32.o
 .debug_abbrev  0x000170ee       0x14 huffman.o
 .debug_abbrev  0x00017102       0x14 lz77.o
 .debug_abbrev  0x00017116       0x14 running_length.o
 .debug_abbrev  0x0001712a       0x14 mm_effect.o
 .debug_abbrev  0x0001713e       0x14 mm_main.o
 .debug_abbrev  0x00017152       0x12 mm_mas.o
 .debug_abbrev  0x00017164       0x14 mm_mas_arm.o
 .debug_abbrev  0x00017178       0x12 mm_main_gba.o
 .debug_abbrev  0x0001718a       0x12 mm_mixer_gba.o

.debug_line     0x00000000    0x3c6ce
 *(.debug_line)
 .debug_line    0x00000000    0x15f2f /tmp/ccfKKCcl.ltrans0.ltrans.o
 .debug_line    0x00015f2f     0xf221 /tmp/ccfKKCcl.ltrans1.ltrans.o
 .debug_line    0x00025150      0xac3 /tmp/ccJJqd9t.debug.temp.o
 .debug_line    0x00025c13      0x750 /tmp/cclVG910.debug.temp.o
 .debug_line    0x00026363      0x9cd /tmp/ccx2u5IK.debug.temp.o
 .debug_line    0x00026d30      0x627 /tmp/cc4gPXPS.debug.temp.o
 .debug_line    0x00027357      0xbc3 /tmp/cce3JkRi.debug.temp.o
 .debug_line    0x00027f1a      0xdda /tmp/ccZJnvuX.debug.temp.o
 .debug_line    0x00028cf4      0x713 /tmp/ccOPU7Qr.debug.temp.o
 .debug_line    0x00029407      0xae4 /tmp/ccjhJf6K.debug.temp.o
 .debug_line    0x00029eeb      0xd08 /tmp/ccyd2ver.debug.temp.o
 .debug_line    0x0002abf3      0x74b /tmp/cc5x3WGt.debug.temp.o
 .debug_line    0x0002b33e     0x1f6d /tmp/ccDCXsx9.debug.temp.o
 .debug_line    0x0002d2ab      0x60c /tmp/ccHJj75s.debug.temp.o
 .debug_line    0x0002d8b7      0x6d8 /tmp/ccTwbuRi.debug.temp.o
 .debug_line    0x0002df8f      0x7f6 /tmp/ccMFUpOK.debug.temp.o
 .debug_line    0x0002e785      0x894 /tmp/ccOniw1T.debug.temp.o
 .debug_line    0x0002f019      0xb04 /tmp/ccLm0ub1.debug.temp.o
 .debug_line    0x0002fb1d      0xb02 /tmp/ccf4oCNX.debug.temp.o
 .debug_line    0x0003061f      0x6e9 /tmp/ccPNJVOy.debug.temp.o
 .debug_line    0x00030d08      0xa16 /tmp/ccnDUDUE.debug.temp.o
 .debug_line    0x0003171e      0x971 /tmp/ccpIB3O4.debug.temp.o
 .debug_line    0x0003208f      0xcc1 /tmp/ccjEMmsU.debug.temp.o
 .debug_line    0x00032d50      0x650 /tmp/ccxDpXXo.debug.temp.o
 .debug_line    0x000333a0      0xb6d /tmp/ccrTra3o.debug.temp.o
 .debug_line    0x00033f0d      0x950 /tmp/ccEs9TlP.debug.temp.o
 .debug_line    0x0003485d      0x474 /tmp/cckDsD76.debug.temp.o
 .debug_line    0x00034cd1      0x792 /tmp/ccv5mam2.debug.temp.o
 .debug_line    0x00035463      0x6e9 /tmp/ccb3jIbH.debug.temp.o
 .debug_line    0x00035b4c      0x88c /tmp/ccR9skDt.debug.temp.o
 .debug_line    0x000363d8      0x381 /tmp/ccSkrtgd.debug.temp.o
 .debug_line    0x00036759      0x335 /tmp/ccMtMraE.debug.temp.o
 .debug_line    0x00036a8e      0x6b2 /tmp/ccTfvY71.debug.temp.o
 .debug_line    0x00037140      0x258 /tmp/ccApyd5W.debug.temp.o
 .debug_line    0x00037398      0x11d /tmp/cccDfS2J.debug.temp.o
 .debug_line    0x000374b5      0x120 /tmp/ccnTXQbG.debug.temp.o
 .debug_line    0x000375d5      0x128 /tmp/ccKqzBl2.debug.temp.o
 .debug_line    0x000376fd      0x124 /tmp/cctaOT0s.debug.temp.o
 .debug_line    0x00037821      0x169 /tmp/ccj0KWUC.debug.temp.o
 .debug_line    0x0003798a      0x192 /tmp/ccB1Pead.debug.temp.o
 .debug_line    0x00037b1c      0x196 /tmp/ccPs9Kh1.debug.temp.o
 .debug_line    0x00037cb2     0x102d bn_sprites_manager.bn_iwram.o
 .debug_line    0x00038cdf      0x69b bn_hw_common.bn_noflto.o
 .debug_line    0x0003937a      0x52b bn_hw_game_pak.bn_ewram.o
 .debug_line    0x000398a5      0x76c bn_hw_palettes.bn_iwram.o
 .debug_line    0x0003a011       0xac bn_hw_bg_blocks.o
 .debug_line    0x0003a0bd       0xc5 bn_hw_hblank_effects.o
 .debug_line    0x0003a182       0x9c bn_hw_palettes_asm.o
 .debug_line    0x0003a21e       0xbc clr_blend_fast.o
 .debug_line    0x0003a2da       0xbb clr_fade_fast.o
 .debug_line    0x0003a395      0x2d7 tonc_bios.o
 .debug_line    0x0003a66c       0xda tonc_memset.o
 .debug_line    0x0003a746       0xf7 irq_handler.o
 .debug_line    0x0003a83d      0x1d1 posprintf.o
 .debug_line    0x0003aa0e       0xd7 lmul.o
 .debug_line    0x0003aae5       0xed memcpy.o
 .debug_line    0x0003abd2       0xcd memmove.o
 .debug_line    0x0003ac9f       0xf7 memset.o
 .debug_line    0x0003ad96       0xda rmemcpy.o
 .debug_line    0x0003ae70       0xa8 sdiv32.o
 .debug_line    0x0003af18      0x111 udiv32.o
 .debug_line    0x0003b029       0xc4 huffman.o
 .debug_line    0x0003b0ed      0x10a lz77.o
 .debug_line    0x0003b1f7       0xe2 running_length.o
 .debug_line    0x0003b2d9      0x233 mm_effect.o
 .debug_line    0x0003b50c       0xa4 mm_main.o
 .debug_line    0x0003b5b0      0xa93 mm_mas.o
 .debug_line    0x0003c043      0x219 mm_mas_arm.o
 .debug_line    0x0003c25c      0x137 mm_main_gba.o
 .debug_line    0x0003c393      0x33b mm_mixer_gba.o

.debug_frame    0x00000000     0x1a00
 *(.debug_frame)
 .debug_frame   0x00000000      0x640 /tmp/ccfKKCcl.ltrans0.ltrans.o
 .debug_frame   0x00000640     0x11c4 /tmp/ccfKKCcl.ltrans1.ltrans.o
 .debug_frame   0x00001804       0x94 bn_sprites_manager.bn_iwram.o
 .debug_frame   0x00001898       0xec bn_hw_common.bn_noflto.o
 .debug_frame   0x00001984       0x34 bn_hw_game_pak.bn_ewram.o
 .debug_frame   0x000019b8       0x48 bn_hw_palettes.bn_iwram.o

.debug_str      0x00000000    0x9249a
 *(.debug_str)
 .debug_str     0x00000000      0x695 /tmp/ccfKKCcl.ltrans0.ltrans.o
 .debug_str     0x00000000      0xa99 /tmp/ccfKKCcl.ltrans1.ltrans.o
 .debug_str     0x00000000     0xf012 /tmp/ccJJqd9t.debug.temp.o
 .debug_str     0x00000000     0x9440 /tmp/cclVG910.debug.temp.o
 .debug_str     0x00000000     0xbcd9 /tmp/ccx2u5IK.debug.temp.o
 .debug_str     0x00000000     0x2a45 /tmp/cc4gPXPS.debug.temp.o
 .debug_str     0x00000000    0x16429 /tmp/cce3JkRi.debug.temp.o
 .debug_str     0x00000000    0x1b593 /tmp/ccZJnvuX.debug.temp.o
 .debug_str     0x00000000     0x3d30 /tmp/ccOPU7Qr.debug.temp.o
 .debug_str     0x00000000     0x552d /tmp/ccjhJf6K.debug.temp.o
 .debug_str     0x00000000    0x16be7 /tmp/ccyd2ver.debug.temp.o
 .debug_str     0x00000000     0x32ac /tmp/cc5x3WGt.debug.temp.o
 .debug_str     0x00000000    0x4a100 /tmp/ccDCXsx9.debug.temp.o
 .debug_str     0x00000000     0x165c /tmp/ccHJj75s.debug.temp.o
 .debug_str     0x00000000     0x380b /tmp/ccTwbuRi.debug.temp.o
 .debug_str     0x00000000     0x3b30 /tmp/ccMFUpOK.debug.temp.o
 .debug_str     0x00000000     0x3204 /tmp/ccOniw1T.debug.temp.o
 .debug_str     0x00000000     0xc478 /tmp/ccLm0ub1.debug.temp.o
 .debug_str     0x00000000     0xf51d /tmp/ccf4oCNX.debug.temp.o
 .debug_str     0x00000000     0x82cc /tmp/ccPNJVOy.debug.temp.o
 .debug_str     0x00000000    0x102ad /tmp/ccnDUDUE.debug.temp.o
 .debug_str     0x00000000     0xb521 /tmp/ccpIB3O4.debug.temp.o
 .debug_str     0x00000000    0x18510 /tmp/ccjEMmsU.debug.temp.o
 .debug_str     0x00000000     0x3dd9 /tmp/ccxDpXXo.debug.temp.o
 .debug_str     0x00000000     0xc016 /tmp/ccrTra3o.debug.temp.o
 .debug_str     0x00000000     0x3438 /tmp/ccEs9TlP.debug.temp.o
 .debug_str     0x00000000     0x1101 /tmp/cckDsD76.debug.temp.o
 .debug_str     0x00000000     0x45ec /tmp/ccv5mam2.debug.temp.o
 .debug_str     0x00000000     0x2c0c /tmp/ccb3jIbH.debug.temp.o
 .debug_str     0x00000000     0x4044 /tmp/ccR9skDt.debug.temp.o
 .debug_str     0x00000000      0x5b1 /tmp/ccSkrtgd.debug.temp.o
 .debug_str     0x00000000      0x617 /tmp/ccMtMraE.debug.temp.o
 .debug_str     0x00000000     0x2a07 /tmp/ccTfvY71.debug.temp.o
 .debug_str     0x00000000      0x605 /tmp/ccApyd5W.debug.temp.o
 .debug_str     0x00000000      0x2f5 /tmp/cccDfS2J.debug.temp.o
 .debug_str     0x00000000      0x33b /tmp/ccnTXQbG.debug.temp.o
 .debug_str     0x00000000      0x384 /tmp/ccKqzBl2.debug.temp.o
 .debug_str     0x00000000      0x3b2 /tmp/cctaOT0s.debug.temp.o
 .debug_str     0x00000000      0x5b5 /tmp/ccj0KWUC.debug.temp.o
 .debug_str     0x00000000      0x360 /tmp/ccB1Pead.debug.temp.o
 .debug_str     0x00000000      0xaf0 /tmp/ccPs9Kh1.debug.temp.o
 .debug_str     0x00000000    0x9249a bn_sprites_manager.bn_iwram.o
                               0xb5c5 (size before relaxing)
 .debug_str     0x0009249a     0x11c4 bn_hw_common.bn_noflto.o
 .debug_str     0x0009249a      0x5f9 bn_hw_game_pak.bn_ewram.o
 .debug_str     0x0009249a      0x983 bn_hw_palettes.bn_iwram.o
 .debug_str     0x0009249a       0xb0 bn_hw_bg_blocks.o
 .debug_str     0x0009249a       0xb5 bn_hw_hblank_effects.o
 .debug_str     0x0009249a       0xb3 bn_hw_palettes_asm.o
 .debug_str     0x0009249a       0xd0 clr_blend_fast.o
 .debug_str     0x0009249a       0xc0 clr_fade_fast.o
 .debug_str     0x0009249a      0x274 tonc_bios.o
 .debug_str     0x0009249a       0xd0 tonc_memset.o
 .debug_str     0x0009249a       0xbe irq_handler.o
 .debug_str     0x0009249a       0xbe posprintf.o
 .debug_str     0x0009249a       0xb6 lmul.o
 .debug_str     0x0009249a       0xb8 memcpy.o
 .debug_str     0x0009249a       0xb9 memmove.o
 .debug_str     0x0009249a       0xb8 memset.o
 .debug_str     0x0009249a       0xb9 rmemcpy.o
 .debug_str     0x0009249a       0xbc sdiv32.o
 .debug_str     0x0009249a       0xbc udiv32.o
 .debug_str     0x0009249a       0xc3 huffman.o
 .debug_str     0x0009249a       0xc0 lz77.o
 .debug_str     0x0009249a       0xca running_length.o
 .debug_str     0x0009249a       0xbe mm_effect.o
 .debug_str     0x0009249a       0xbc mm_main.o
 .debug_str     0x0009249a       0xbb mm_mas.o
 .debug_str     0x0009249a       0xbf mm_mas_arm.o
 .debug_str     0x0009249a       0xc4 mm_main_gba.o
 .debug_str     0x0009249a       0xc5 mm_mixer_gba.o

.debug_loc      0x00000000    0x5d47a
 *(.debug_loc)
 .debug_loc     0x00000000    0x3617c /tmp/ccfKKCcl.ltrans0.ltrans.o
 .debug_loc     0x0003617c    0x25fc1 /tmp/ccfKKCcl.ltrans1.ltrans.o
 .debug_loc     0x0005c13d      0xbc1 bn_sprites_manager.bn_iwram.o
 .debug_loc     0x0005ccfe      0x309 bn_hw_common.bn_noflto.o
 .debug_loc     0x0005d007      0x102 bn_hw_game_pak.bn_ewram.o
 .debug_loc     0x0005d109      0x371 bn_hw_palettes.bn_iwram.o

.debug_macinfo
 *(.debug_macinfo)

.debug_weaknames
 *(.debug_weaknames)

.debug_funcnames
 *(.debug_funcnames)

.debug_typenames
 *(.debug_typenames)

.debug_varnames
 *(.debug_varnames)

.stack          0x00080000        0x0
                0x00080000                        _stack = .
 *(.stack)

.note.gnu.arm.ident
 *(.note.gnu.arm.ident)

.ARM.attributes
                0x00000000       0x2c
 *(.ARM.attributes)
 .ARM.attributes
                0x00000000       0x20 /opt/devkitpro/devkitARM/bin/../lib/gcc/arm-none-eabi/14.2.0/../../../../arm-none-eabi/lib/thumb/gba_crt0.o
 .ARM.attributes
                0x00000020       0x1c /opt/devkitpro/devkitARM/bin/../lib/gcc/arm-none-eabi/14.2.0/thumb/crti.o
 .ARM.attributes
                0x0000003c       0x2a /opt/devkitpro/devkitARM/bin/../lib/gcc/arm-none-eabi/14.2.0/thumb/crtbegin.o
 .ARM.attributes
                0x00000066       0x1a _bn_audio_soundbank.bin.o
 .ARM.attributes
                0x00000080       0x1a beryl_bn_gfx.o
 .ARM.attributes
                0x0000009a       0x1a bg_berylsroom_bn_gfx.o
 .ARM.attributes
                0x000000b4       0x1a dialogue_back_bn_gfx.o
 .ARM.attributes
                0x000000ce       0x1a font_bn_gfx.o
 .ARM.attributes
                0x000000e8       0x1a starsbackground_bn_gfx.o
 .ARM.attributes
                0x00000102       0x1a ui_bubble_bn_gfx.o
 .ARM.attributes
                0x0000011c       0x28 /tmp/ccfKKCcl.ltrans0.ltrans.o
 .ARM.attributes
                0x00000144       0x28 /tmp/ccfKKCcl.ltrans1.ltrans.o
 .ARM.attributes
                0x0000016c       0x26 bn_sprites_manager.bn_iwram.o
 .ARM.attributes
                0x00000192       0x26 bn_hw_common.bn_noflto.o
 .ARM.attributes
                0x000001b8       0x26 bn_hw_game_pak.bn_ewram.o
 .ARM.attributes
                0x000001de       0x26 bn_hw_palettes.bn_iwram.o
 .ARM.attributes
                0x00000204       0x26 bn_hw_sprite_tiles.bn_iwram.o
 .ARM.attributes
                0x0000022a       0x26 bn_hw_sram.bn_ewram.o
 .ARM.attributes
                0x00000250       0x1a bn_hw_bg_blocks.o
 .ARM.attributes
                0x0000026a       0x1a bn_hw_core.o
 .ARM.attributes
                0x00000284       0x1a bn_hw_hblank_effects.o
 .ARM.attributes
                0x0000029e       0x1a bn_hw_palettes_asm.o
 .ARM.attributes
                0x000002b8       0x1a clr_blend_fast.o
 .ARM.attributes
                0x000002d2       0x1a clr_fade_fast.o
 .ARM.attributes
                0x000002ec       0x1a tonc_bios.o
 .ARM.attributes
                0x00000306       0x1a tonc_memset.o
 .ARM.attributes
                0x00000320       0x1a tonc_nocash.o
 .ARM.attributes
                0x0000033a       0x1a verdana9.o
 .ARM.attributes
                0x00000354       0x1a irq_handler.o
 .ARM.attributes
                0x0000036e       0x1a posprintf.o
 .ARM.attributes
                0x00000388       0x1a atan2.o
 .ARM.attributes
                0x000003a2       0x1a coroutine_asm.o
 .ARM.attributes
                0x000003bc       0x1a fiq_memcpy.o
 .ARM.attributes
                0x000003d6       0x1a lmul.o
 .ARM.attributes
                0x000003f0       0x1a memcpy.o
 .ARM.attributes
                0x0000040a       0x1a memmove.o
 .ARM.attributes
                0x00000424       0x1a memset.o
 .ARM.attributes
                0x0000043e       0x1a rmemcpy.o
 .ARM.attributes
                0x00000458       0x1a clz.o
 .ARM.attributes
                0x00000472       0x1a sdiv32.o
 .ARM.attributes
                0x0000048c       0x1a sqrt32.o
 .ARM.attributes
                0x000004a6       0x1a udiv32.o
 .ARM.attributes
                0x000004c0       0x1a huffman.o
 .ARM.attributes
                0x000004da       0x1a lz77.o
 .ARM.attributes
                0x000004f4       0x1a running_length.o
 .ARM.attributes
                0x0000050e       0x1a mm_effect.o
 .ARM.attributes
                0x00000528       0x1a mm_main.o
 .ARM.attributes
                0x00000542       0x1a mm_mas.o
 .ARM.attributes
                0x0000055c       0x1a mm_mas_arm.o
 .ARM.attributes
                0x00000576       0x1a mm_init_default.o
 .ARM.attributes
                0x00000590       0x1a mm_main_gba.o
 .ARM.attributes
                0x000005aa       0x1a mm_mixer_gba.o
 .ARM.attributes
                0x000005c4       0x1c /opt/devkitpro/devkitARM/bin/../lib/gcc/arm-none-eabi/14.2.0/thumb/libgcc.a(_call_via_rX.o)
 .ARM.attributes
                0x000005e0       0x1c /opt/devkitpro/devkitARM/bin/../lib/gcc/arm-none-eabi/14.2.0/thumb/libgcc.a(_sync_none.o)
 .ARM.attributes
                0x000005fc       0x1c /opt/devkitpro/devkitARM/bin/../lib/gcc/arm-none-eabi/14.2.0/thumb/libgcc.a(_arm_muldf3.o)
 .ARM.attributes
                0x00000618       0x1c /opt/devkitpro/devkitARM/bin/../lib/gcc/arm-none-eabi/14.2.0/thumb/libgcc.a(_arm_addsubdf3.o)
 .ARM.attributes
                0x00000634       0x1c /opt/devkitpro/devkitARM/bin/../lib/gcc/arm-none-eabi/14.2.0/thumb/libgcc.a(_arm_fixdfsi.o)
 .ARM.attributes
                0x00000650       0x2a /opt/devkitpro/devkitARM/bin/../lib/gcc/arm-none-eabi/14.2.0/thumb/crtend.o
 .ARM.attributes
                0x0000067a       0x1c /opt/devkitpro/devkitARM/bin/../lib/gcc/arm-none-eabi/14.2.0/thumb/crtn.o

/DISCARD/
 *(.note.GNU-stack)
LOAD /opt/devkitpro/devkitARM/bin/../lib/gcc/arm-none-eabi/14.2.0/../../../../arm-none-eabi/lib/thumb/gba_crt0.o
LOAD /opt/devkitpro/devkitARM/bin/../lib/gcc/arm-none-eabi/14.2.0/thumb/crti.o
LOAD /opt/devkitpro/devkitARM/bin/../lib/gcc/arm-none-eabi/14.2.0/thumb/crtbegin.o
LOAD _bn_audio_soundbank.bin.o
LOAD beryl_bn_gfx.o
LOAD bg_berylsroom_bn_gfx.o
LOAD dialogue_back_bn_gfx.o
LOAD font_bn_gfx.o
LOAD starsbackground_bn_gfx.o
LOAD ui_bubble_bn_gfx.o
LOAD goodies.o
LOAD /tmp/ccfKKCcl.ltrans0.ltrans.o
LOAD /tmp/ccfKKCcl.ltrans1.ltrans.o
LOAD /tmp/ccOvNTc5.debug.temp.o
LOAD /tmp/ccJJqd9t.debug.temp.o
LOAD /tmp/cclVG910.debug.temp.o
LOAD /tmp/ccx2u5IK.debug.temp.o
LOAD /tmp/cc4gPXPS.debug.temp.o
LOAD /tmp/cce3JkRi.debug.temp.o
LOAD /tmp/ccZJnvuX.debug.temp.o
LOAD /tmp/ccOPU7Qr.debug.temp.o
LOAD /tmp/ccjhJf6K.debug.temp.o
LOAD /tmp/ccyd2ver.debug.temp.o
LOAD /tmp/cc5x3WGt.debug.temp.o
LOAD /tmp/ccDCXsx9.debug.temp.o
LOAD /tmp/ccHJj75s.debug.temp.o
LOAD /tmp/ccTwbuRi.debug.temp.o
LOAD /tmp/ccMFUpOK.debug.temp.o
LOAD /tmp/ccOniw1T.debug.temp.o
LOAD /tmp/ccLm0ub1.debug.temp.o
LOAD /tmp/ccoBBKYL.debug.temp.o
LOAD /tmp/ccQWsdnr.debug.temp.o
LOAD /tmp/ccf4oCNX.debug.temp.o
LOAD /tmp/ccPNJVOy.debug.temp.o
LOAD /tmp/ccnDUDUE.debug.temp.o
LOAD /tmp/ccpIB3O4.debug.temp.o
LOAD /tmp/ccjEMmsU.debug.temp.o
LOAD /tmp/ccxDpXXo.debug.temp.o
LOAD /tmp/ccrTra3o.debug.temp.o
LOAD /tmp/ccEs9TlP.debug.temp.o
LOAD /tmp/cckDsD76.debug.temp.o
LOAD /tmp/ccEDPgyW.debug.temp.o
LOAD /tmp/ccv5mam2.debug.temp.o
LOAD /tmp/ccJdwUQ1.debug.temp.o
LOAD /tmp/ccb3jIbH.debug.temp.o
LOAD /tmp/ccR9skDt.debug.temp.o
LOAD /tmp/ccSkrtgd.debug.temp.o
LOAD /tmp/ccMtMraE.debug.temp.o
LOAD /tmp/ccTfvY71.debug.temp.o
LOAD /tmp/ccApyd5W.debug.temp.o
LOAD /tmp/cccDfS2J.debug.temp.o
LOAD /tmp/ccnTXQbG.debug.temp.o
LOAD /tmp/ccr5TZQw.debug.temp.o
LOAD /tmp/cc7aNMoR.debug.temp.o
LOAD /tmp/ccV0NN6R.debug.temp.o
LOAD /tmp/ccKqzBl2.debug.temp.o
LOAD /tmp/cctaOT0s.debug.temp.o
LOAD /tmp/ccj0KWUC.debug.temp.o
LOAD /tmp/ccB1Pead.debug.temp.o
LOAD /tmp/ccg9cPxr.debug.temp.o
LOAD /tmp/ccxroxpc.debug.temp.o
LOAD /tmp/ccPs9Kh1.debug.temp.o
LOAD main.o
LOAD bn_affine_bg_animate_actions.o
LOAD bn_audio_manager.o
LOAD bn_best_fit_allocator.o
LOAD bn_bg_blocks_manager.o
LOAD bn_bgs_manager.o
LOAD bn_cameras_manager.o
LOAD bn_core.o
LOAD bn_display_manager.o
LOAD bn_gpio_manager.o
LOAD bn_hblank_effects_manager.o
LOAD bn_hdma_manager.o
LOAD bn_keypad_manager.o
LOAD bn_link_manager.o
LOAD bn_memory_manager.o
LOAD bn_palettes_manager.o
LOAD bn_profiler.o
LOAD bn_regular_bg_animate_actions.o
LOAD bn_sprite_affine_mats_manager.o
LOAD bn_sprite_animate_actions.o
LOAD bn_sprite_text_generator.o
LOAD bn_sprite_tiles_manager.o
LOAD bn_sprites_manager.bn_iwram.o
LOAD bn_sprites_manager.o
LOAD bn_sstream.o
LOAD bn_translation_unit.o
LOAD bn_hw_audio.o
LOAD bn_hw_common.bn_noflto.o
LOAD bn_hw_cstdlib.o
LOAD bn_hw_cstring.o
LOAD bn_hw_game_pak.bn_ewram.o
LOAD bn_hw_link.o
LOAD bn_hw_memory.o
LOAD bn_hw_palettes.bn_iwram.o
LOAD bn_hw_palettes.o
LOAD bn_hw_show.o
LOAD bn_hw_sprite_tiles.bn_iwram.o
LOAD bn_hw_sram.bn_ewram.o
LOAD bn_hw_sram.o
LOAD bn_hw_system_font.o
LOAD bn_hw_text.o
LOAD vgm.o
LOAD tonc_color.o
LOAD tonc_sbmp16.o
LOAD tonc_schr4c.o
LOAD tonc_schr4r.o
LOAD tonc_surface.o
LOAD bmp16_drawg_b1cs.o
LOAD tte_init_bmp.o
LOAD tte_main.o
LOAD interrupts_gba.o
LOAD coroutine.o
LOAD rtc.o
LOAD gbt_player.o
LOAD bn_hw_bg_blocks.o
LOAD bn_hw_core.o
LOAD bn_hw_hblank_effects.o
LOAD bn_hw_palettes_asm.o
LOAD clr_blend_fast.o
LOAD clr_fade_fast.o
LOAD tonc_bios.o
LOAD tonc_memset.o
LOAD tonc_nocash.o
LOAD verdana9.o
LOAD irq_handler.o
LOAD posprintf.o
LOAD atan2.o
LOAD coroutine_asm.o
LOAD fiq_memcpy.o
LOAD lmul.o
LOAD memcpy.o
LOAD memmove.o
LOAD memset.o
LOAD rmemcpy.o
LOAD clz.o
LOAD sdiv32.o
LOAD sqrt32.o
LOAD udiv32.o
LOAD huffman.o
LOAD lz77.o
LOAD running_length.o
LOAD mm_effect.o
LOAD mm_main.o
LOAD mm_mas.o
LOAD mm_mas_arm.o
LOAD mm_init_default.o
LOAD mm_main_gba.o
LOAD mm_mixer_gba.o
LOAD /opt/devkitpro/devkitARM/bin/../lib/gcc/arm-none-eabi/14.2.0/thumb/libgcc.a
LOAD /opt/devkitpro/devkitARM/bin/../lib/gcc/arm-none-eabi/14.2.0/thumb/crtend.o
LOAD /opt/devkitpro/devkitARM/bin/../lib/gcc/arm-none-eabi/14.2.0/thumb/crtn.o
OUTPUT(/mnt/c/users/ethan/OneDrive/Documents/GitHub/Starlight-Street/Starlight-Street.elf elf32-littlearm)
LOAD linker stubs

.debug_ranges   0x00000000    0x167e8
 .debug_ranges  0x00000000     0xd5f0 /tmp/ccfKKCcl.ltrans0.ltrans.o
 .debug_ranges  0x0000d5f0     0x88c0 /tmp/ccfKKCcl.ltrans1.ltrans.o
 .debug_ranges  0x00015eb0      0x490 bn_sprites_manager.bn_iwram.o
 .debug_ranges  0x00016340       0x98 bn_hw_common.bn_noflto.o
 .debug_ranges  0x000163d8       0x48 bn_hw_game_pak.bn_ewram.o
 .debug_ranges  0x00016420      0x148 bn_hw_palettes.bn_iwram.o
 .debug_ranges  0x00016568      0x128 tonc_bios.o
 .debug_ranges  0x00016690       0x20 tonc_memset.o
 .debug_ranges  0x000166b0       0x30 lmul.o
 .debug_ranges  0x000166e0       0x28 memcpy.o
 .debug_ranges  0x00016708       0x30 memmove.o
 .debug_ranges  0x00016738       0x30 memset.o
 .debug_ranges  0x00016768       0x20 rmemcpy.o
 .debug_ranges  0x00016788       0x20 mm_mas.o
 .debug_ranges  0x000167a8       0x20 mm_main_gba.o
 .debug_ranges  0x000167c8       0x20 mm_mixer_gba.o
