Archive member included to satisfy reference by file (symbol)

/opt/devkitpro/devkitARM/bin/../lib/gcc/arm-none-eabi/14.2.0/thumb/libgcc.a(_call_via_rX.o)
                              mm_main_gba.o (_call_via_r1)
/opt/devkitpro/devkitARM/bin/../lib/gcc/arm-none-eabi/14.2.0/thumb/libgcc.a(_sync_none.o)
                              (__sync_synchronize_none)
/opt/devkitpro/devkitARM/bin/../lib/gcc/arm-none-eabi/14.2.0/thumb/libgcc.a(_arm_muldf3.o)
                              /tmp/ccckFPEy.ltrans0.ltrans.o (__aeabi_dmul)
/opt/devkitpro/devkitARM/bin/../lib/gcc/arm-none-eabi/14.2.0/thumb/libgcc.a(_arm_addsubdf3.o)
                              /tmp/ccckFPEy.ltrans0.ltrans.o (__aeabi_i2d)
/opt/devkitpro/devkitARM/bin/../lib/gcc/arm-none-eabi/14.2.0/thumb/libgcc.a(_arm_fixdfsi.o)
                              /tmp/ccckFPEy.ltrans0.ltrans.o (__aeabi_d2iz)

Discarded input sections

 .text          0x00000000        0x0 /opt/devkitpro/devkitARM/bin/../lib/gcc/arm-none-eabi/14.2.0/../../../../arm-none-eabi/lib/thumb/gba_crt0.o
 .data          0x00000000        0x0 /opt/devkitpro/devkitARM/bin/../lib/gcc/arm-none-eabi/14.2.0/../../../../arm-none-eabi/lib/thumb/gba_crt0.o
 .bss           0x00000000        0x0 /opt/devkitpro/devkitARM/bin/../lib/gcc/arm-none-eabi/14.2.0/../../../../arm-none-eabi/lib/thumb/gba_crt0.o
 .text          0x00000000        0x0 /opt/devkitpro/devkitARM/bin/../lib/gcc/arm-none-eabi/14.2.0/thumb/crti.o
 .data          0x00000000        0x0 /opt/devkitpro/devkitARM/bin/../lib/gcc/arm-none-eabi/14.2.0/thumb/crti.o
 .bss           0x00000000        0x0 /opt/devkitpro/devkitARM/bin/../lib/gcc/arm-none-eabi/14.2.0/thumb/crti.o
 .text          0x00000000        0x0 /opt/devkitpro/devkitARM/bin/../lib/gcc/arm-none-eabi/14.2.0/thumb/crtbegin.o
 .data          0x00000000        0x0 /opt/devkitpro/devkitARM/bin/../lib/gcc/arm-none-eabi/14.2.0/thumb/crtbegin.o
 .bss           0x00000000        0x0 /opt/devkitpro/devkitARM/bin/../lib/gcc/arm-none-eabi/14.2.0/thumb/crtbegin.o
 .rodata.all_implied_fbits
                0x00000000       0x24 /opt/devkitpro/devkitARM/bin/../lib/gcc/arm-none-eabi/14.2.0/thumb/crtbegin.o
 .text          0x00000000        0x0 _bn_audio_soundbank.bin.o
 .data          0x00000000        0x0 _bn_audio_soundbank.bin.o
 .bss           0x00000000        0x0 _bn_audio_soundbank.bin.o
 .text          0x00000000        0x0 beryl_bn_gfx.o
 .data          0x00000000        0x0 beryl_bn_gfx.o
 .bss           0x00000000        0x0 beryl_bn_gfx.o
 .text          0x00000000        0x0 bg_berylsroom_bn_gfx.o
 .data          0x00000000        0x0 bg_berylsroom_bn_gfx.o
 .bss           0x00000000        0x0 bg_berylsroom_bn_gfx.o
 .text          0x00000000        0x0 bg_class_bn_gfx.o
 .data          0x00000000        0x0 bg_class_bn_gfx.o
 .bss           0x00000000        0x0 bg_class_bn_gfx.o
 .text          0x00000000        0x0 bg_conbini_bn_gfx.o
 .data          0x00000000        0x0 bg_conbini_bn_gfx.o
 .bss           0x00000000        0x0 bg_conbini_bn_gfx.o
 .text          0x00000000        0x0 bg_grass_bn_gfx.o
 .data          0x00000000        0x0 bg_grass_bn_gfx.o
 .bss           0x00000000        0x0 bg_grass_bn_gfx.o
 .text          0x00000000        0x0 bg_mirror_bn_gfx.o
 .data          0x00000000        0x0 bg_mirror_bn_gfx.o
 .bss           0x00000000        0x0 bg_mirror_bn_gfx.o
 .text          0x00000000        0x0 bg_mirror2_bn_gfx.o
 .data          0x00000000        0x0 bg_mirror2_bn_gfx.o
 .bss           0x00000000        0x0 bg_mirror2_bn_gfx.o
 .text          0x00000000        0x0 bg_question_bn_gfx.o
 .data          0x00000000        0x0 bg_question_bn_gfx.o
 .bss           0x00000000        0x0 bg_question_bn_gfx.o
 .text          0x00000000        0x0 bg_scary_bn_gfx.o
 .data          0x00000000        0x0 bg_scary_bn_gfx.o
 .bss           0x00000000        0x0 bg_scary_bn_gfx.o
 .text          0x00000000        0x0 bg_theatre_bn_gfx.o
 .data          0x00000000        0x0 bg_theatre_bn_gfx.o
 .bss           0x00000000        0x0 bg_theatre_bn_gfx.o
 .text          0x00000000        0x0 c0101_bn_gfx.o
 .data          0x00000000        0x0 c0101_bn_gfx.o
 .bss           0x00000000        0x0 c0101_bn_gfx.o
 .text          0x00000000        0x0 c0102_bn_gfx.o
 .data          0x00000000        0x0 c0102_bn_gfx.o
 .bss           0x00000000        0x0 c0102_bn_gfx.o
 .text          0x00000000        0x0 c0103_bn_gfx.o
 .data          0x00000000        0x0 c0103_bn_gfx.o
 .bss           0x00000000        0x0 c0103_bn_gfx.o
 .text          0x00000000        0x0 c0201_bn_gfx.o
 .data          0x00000000        0x0 c0201_bn_gfx.o
 .bss           0x00000000        0x0 c0201_bn_gfx.o
 .text          0x00000000        0x0 c0202_bn_gfx.o
 .data          0x00000000        0x0 c0202_bn_gfx.o
 .bss           0x00000000        0x0 c0202_bn_gfx.o
 .text          0x00000000        0x0 c0203_bn_gfx.o
 .data          0x00000000        0x0 c0203_bn_gfx.o
[...]
Memory Configuration

Name             Origin             Length             Attributes
rom              0x08000000         0x02000000
iwram            0x03000000         0x00008000
ewram            0x02000000         0x00040000
*default*        0x00000000         0xffffffff

Linker script and memory map

                0x00000000                        __sync_synchronize = __sync_synchronize_none
                0x08000000                        __text_start = ORIGIN (rom)
                0x02040000                        __eheap_end = (ORIGIN (ewram) + LENGTH (ewram))
                0x03000000                        __iwram_start = ORIGIN (iwram)
                0x03008000                        __iwram_top = (ORIGIN (iwram) + LENGTH (iwram))
                0x03007fa0                        __sp_irq = (__iwram_top - 0x60)
                0x03007f00                        __sp_usr = (__sp_irq - 0xa0)
                0x03007ff8                        __irq_flags = 0x3007ff8
                0x08000000                        . = __text_start

.crt0           0x08000000      0x210
 *(.crt0)
 .crt0          0x08000000      0x210 /opt/devkitpro/devkitARM/bin/../lib/gcc/arm-none-eabi/14.2.0/../../../../arm-none-eabi/lib/thumb/gba_crt0.o
                0x08000000                _start
                0x080000c4                __boot_method
                0x080000c5                __slave_number
                0x080000e0                start_vector
                0x08000210                        . = ALIGN (0x4)

.init           0x08000210        0xc
 *(SORT_NONE(.init))
 .init          0x08000210        0x4 /opt/devkitpro/devkitARM/bin/../lib/gcc/arm-none-eabi/14.2.0/thumb/crti.o
                0x08000210                _init
 .init          0x08000214        0x8 /opt/devkitpro/devkitARM/bin/../lib/gcc/arm-none-eabi/14.2.0/thumb/crtn.o

.plt            0x0800021c        0x0
 *(.plt)
                0x0800021c                        . = ALIGN (0x4)

.text           0x08000220    0x187f8
 *(EXCLUDE_FILE(*.iwram*) .text*)
 .text.__do_global_dtors_aux
                0x08000220       0x2c /opt/devkitpro/devkitARM/bin/../lib/gcc/arm-none-eabi/14.2.0/thumb/crtbegin.o
 .text.frame_dummy
                0x0800024c       0x24 /opt/devkitpro/devkitARM/bin/../lib/gcc/arm-none-eabi/14.2.0/thumb/crtbegin.o
 .text          0x08000270     0x9304 /tmp/ccckFPEy.ltrans0.ltrans.o
                0x0800098c                _ZN2bn7ivectorINS_10sprite_ptrEE5clearEvQnt27is_trivially_destructible_vIT_E.lto_priv.0
                0x080009b8                bn::camera_ptr::position() const
                0x080009cc                bn::audio_manager::(anonymous namespace)::static_data::~static_data() [clone .lto_priv.0]
                0x080009cc                bn::audio_manager::(anonymous namespace)::static_data::~static_data() [clone .lto_priv.0]
                0x080009d0                bn::bg_blocks_manager::decrease_usages(int)
                0x08000a78                bn::bg_blocks_manager::(anonymous namespace)::static_data::~static_data() [clone .lto_priv.0]
                0x08000a78                bn::bg_blocks_manager::(anonymous namespace)::static_data::~static_data() [clone .lto_priv.0]
                0x08000ad8                bn::bgs_manager::update_regular_map_tiles_cbb(int, int)
                0x08000b9c                bn::bgs_manager::update_regular_map_palette_bpp(int, bn::bpp_mode)
                0x08000c70                bn::bgs_manager::fill_hblank_effect_regular_positions(int, bn::fixed_t<12> const*, unsigned short*)
                0x08000ca8                void _bn::assert::show_args<char [38]>(char const*, char const*, char const*, int, char const (&) [38])
                0x08000ca8                void _bn::assert::show_args<char [32]>(char const*, char const*, char const*, int, char const (&) [32])
                0x08000ca8                void _bn::assert::show_args<char [16]>(char const*, char const*, char const*, int, char const (&) [16])
                0x08000ca8                void _bn::assert::show_args<char [66]>(char const*, char const*, char const*, int, char const (&) [66])
                0x08000ca8                void _bn::assert::show_args<char [33]>(char const*, char const*, char const*, int, char const (&) [33])
                0x08000ca8                void _bn::assert::show_args<char [17]>(char const*, char const*, char const*, int, char const (&) [17])
                0x08000ca8                void _bn::assert::show_args<char [23]>(char const*, char const*, char const*, int, char const (&) [23])
                0x08000ca8                void _bn::assert::show_args<char [37]>(char const*, char const*, char const*, int, char const (&) [37])
                0x08000ca8                void _bn::assert::show_args<char [21]>(char const*, char const*, char const*, int, char const (&) [21])
                0x08000ca8                void _bn::assert::show_args<char [22]>(char const*, char const*, char const*, int, char const (&) [22])
                0x08000ca8                void _bn::assert::show_args<char [27]>(char const*, char const*, char const*, int, char const (&) [27])
                0x08000ca8                void _bn::assert::show_args<char [14]>(char const*, char const*, char const*, int, char const (&) [14])
                0x08000ca8                void _bn::assert::show_args<char [24]>(char const*, char const*, char const*, int, char const (&) [24])
                0x08000ca8                void _bn::assert::show_args<char [35]>(char const*, char const*, char const*, int, char const (&) [35])
                0x08000ca8                void _bn::assert::show_args<char [19]>(char const*, char const*, char const*, int, char const (&) [19])
                0x08000ca8                void _bn::assert::show_args<char [26]>(char const*, char const*, char const*, int, char const (&) [26])
                0x08000ca8                void _bn::assert::show_args<char [13]>(char const*, char const*, char const*, int, char const (&) [13])
                0x08000ca8                void _bn::assert::show_args<char [18]>(char const*, char const*, char const*, int, char const (&) [18])
                0x08000ca8                void _bn::assert::show_args<char [46]>(char const*, char const*, char const*, int, char const (&) [46])
                0x08000ca8                void _bn::assert::show_args<char [31]>(char const*, char const*, char const*, int, char const (&) [31])
                0x08000ca8                void _bn::assert::show_args<char [15]>(char const*, char const*, char const*, int, char const (&) [15])
                0x08000ca8                void _bn::assert::show_args<char [54]>(char const*, char const*, char const*, int, char const (&) [54])
                0x08000ce8                bn::bgs_manager::(anonymous namespace)::static_data::~static_data() [clone .lto_priv.0]
                0x08000ce8                bn::bgs_manager::(anonymous namespace)::static_data::~static_data() [clone .lto_priv.0]
                0x08000d7c                bn::ivector<bn::sprite_ptr>::push_back(bn::sprite_ptr const&) [clone .part.0] [clone .lto_priv.0]
                0x080016b4                bn::bg_blocks_manager::log_status()
                0x080037b8                void _bn::assert::show_args<char [18], int>(char const*, char const*, char const*, int, char const (&) [18], int const&)
                0x080037b8                void _bn::assert::show_args<char [27], int>(char const*, char const*, char const*, int, char const (&) [27], int const&)
                0x080037b8                void _bn::assert::show_args<char [24], int>(char const*, char const*, char const*, int, char const (&) [24], int const&)
                0x080037b8                void _bn::assert::show_args<char [17], int>(char const*, char const*, char const*, int, char const (&) [17], int const&)
                0x080037b8                void _bn::assert::show_args<char [15], int>(char const*, char const*, char const*, int, char const (&) [15], int const&)
                0x080037b8                void _bn::assert::show_args<char [22], int>(char const*, char const*, char const*, int, char const (&) [22], int const&)
                0x080037b8                void _bn::assert::show_args<char [39], int>(char const*, char const*, char const*, int, char const (&) [39], int const&)
                0x080037b8                void _bn::assert::show_args<char [25], int>(char const*, char const*, char const*, int, char const (&) [25], int const&)
                0x080037b8                void _bn::assert::show_args<char [16], int>(char const*, char const*, char const*, int, char const (&) [16], int const&)
                0x080037b8                void _bn::assert::show_args<char [26], int>(char const*, char const*, char const*, int, char const (&) [26], int const&)
                0x08003e00                bn::bg_blocks_manager::(anonymous namespace)::_create_impl(bn::bg_blocks_manager::(anonymous namespace)::create_data&&) [clone .lto_priv.0]
                0x08004e00                bn::core::(anonymous namespace)::update_impl() [clone .lto_priv.0]
                0x08006f80                void _bn::assert::show_args<char [29], bn::fixed_t<12> >(char const*, char const*, char const*, int, char const (&) [29], bn::fixed_t<12> const&)
                0x08006f80                void _bn::assert::show_args<char [27], bn::fixed_t<12> >(char const*, char const*, char const*, int, char const (&) [27], bn::fixed_t<12> const&)
                0x08006f80                void _bn::assert::show_args<char [25], bn::fixed_t<12> >(char const*, char const*, char const*, int, char const (&) [25], bn::fixed_t<12> const&)
                0x08006f80                void _bn::assert::show_args<char [38], bn::fixed_t<12> >(char const*, char const*, char const*, int, char const (&) [38], bn::fixed_t<12> const&)
 .text.startup  0x08009574      0x91c /tmp/ccckFPEy.ltrans0.ltrans.o
                0x08009574                main
 .text          0x08009e90     0x797c /tmp/ccckFPEy.ltrans1.ltrans.o
                0x08009ed0                bn::hw::link::(anonymous namespace)::_resetStateCallback() [clone .lto_priv.0]
                0x0800a0dc                bmp16_drawg_b1cts
                0x0800a19c                dummy_drawg
                0x0800a1a0                dummy_erase
                0x0800a8d0                bmp16_erase
                0x0800acb8                bn::blending::transparency_alpha()
                0x0800acd0                bn::display_manager::(anonymous namespace)::_update_rect_windows_hw_boundaries(int) [clone .lto_priv.0]
                0x0800ad50                bn::display_manager::(anonymous namespace)::static_data::~static_data() [clone .lto_priv.0]
                0x0800ad50                bn::display_manager::(anonymous namespace)::static_data::~static_data() [clone .lto_priv.0]
                0x0800ad9c                bn::keypad_manager::update()
                0x0800ae3c                bn::core::update()
                0x0800aeb4                operator delete(void*)
                0x0800aec0                operator delete(void*, unsigned int)
                0x0800aecc                operator delete[](void*)
                0x0800aed8                operator delete[](void*, unsigned int)
                0x0800aee4                bn::ostringstream::ostringstream(bn::istring_base&)
                0x0800aee4                bn::ostringstream::ostringstream(bn::istring_base&)
                0x0800aeec                bn::ostringstream::append(char const*)
                0x0800af78                bn::palettes_bank::find_bpp_4(bn::span<bn::color const> const&, unsigned short)
                0x0800b094                bn::palettes_bank::update()
                0x0800b1c8                bn::palettes_manager::(anonymous namespace)::static_data::~static_data() [clone .lto_priv.0]
                0x0800b1c8                bn::palettes_manager::(anonymous namespace)::static_data::~static_data() [clone .lto_priv.0]
                0x0800b1cc                bn::sprite_affine_mats_manager::(anonymous namespace)::_update_flipped_identity(int) [clone .lto_priv.0]
                0x0800b288                bool bn::sprite_affine_mats_manager::(anonymous namespace)::_sprite_double_size<32, 16>(int, int, int, int, int) [clone .lto_priv.0]
                0x0800b30c                bool bn::sprite_affine_mats_manager::(anonymous namespace)::_sprite_double_size<16, 32>(int, int, int, int, int) [clone .lto_priv.0]
                0x0800b390                bn::sprite_affine_mats_manager::(anonymous namespace)::static_data::~static_data() [clone .lto_priv.0]
                0x0800b390                bn::sprite_affine_mats_manager::(anonymous namespace)::static_data::~static_data() [clone .lto_priv.0]
                0x0800b3cc                bn::sprites_manager::(anonymous namespace)::_always_update_indexes_to_commit(bn::sprites_manager_item const&) [clone .lto_priv.0]
                0x0800b414                bn::sprites_manager::(anonymous namespace)::_update_item_dimensions(bn::sprites_manager_item&) [clone .lto_priv.0]
                0x0800b4ec                VgmStop()
                0x0800b5ac                gbt_refresh_pattern_ptr.lto_priv.0
                0x0800b630                gbt_run_startup_commands.part.0.lto_priv.0
                0x0800b6c4                bn::hw::audio::(anonymous namespace)::_commit() [clone .lto_priv.0]
                0x0800be24                bn::hw::audio::(anonymous namespace)::_vblank_handler() [clone .lto_priv.0]
                0x0800c28c                _bn::assert::show(char const*, char const*, char const*, int)
                0x0800c2a4                _bn::assert::show(char const*, char const*, char const*, int, bn::istring_base const&)
                0x0800c2bc                bn::blending::set_transparency_alpha(bn::fixed_t<12>)
                0x0800c350                bn::memory_manager::(anonymous namespace)::static_data::~static_data() [clone .lto_priv.0]
                0x0800c350                bn::memory_manager::(anonymous namespace)::static_data::~static_data() [clone .lto_priv.0]
                0x0800c384                bn::sprite_affine_mats_manager::decrease_usages(int)
                0x0800c3fc                bn::hw::link::_timer_intr()
                0x0800c4f0                bn::hw::link::_serial_intr()
                0x0800c858                bn::sprite_tiles_manager::update()
                0x0800ca88                bn::hw::audio::(anonymous namespace)::_add_sound_to_queue(int, unsigned short) [clone .lto_priv.0]
                0x0800cb54                bn::sprites_manager::create(bn::fixed_point_t<12> const&, bn::sprite_shape_size const&, bn::sprite_tiles_ptr&&, bn::sprite_palette_ptr&&)
                0x0800cd24                bn::sprites_manager::set_new_affine_mat(void*, bn::affine_mat_attributes&)
                0x0800d0c4                bn::hw::audio::(anonymous namespace)::_erase_sound_from_queue(unsigned short) [clone .lto_priv.0]
                0x0800d15c                bn::hw::audio::(anonymous namespace)::_check_sounds_queue() [clone .part.0] [clone .lto_priv.0]
                0x0800d1fc                bn::hw::link::(anonymous namespace)::_sendDataCallback() [clone .lto_priv.0]
                0x0800d2e0                bn::hw::link::(anonymous namespace)::_receiveResponseCallback(bn::lc::LinkResponse const&) [clone .lto_priv.0]
                0x0800d43c                bn::sprites_manager::(anonymous namespace)::static_data::~static_data() [clone .lto_priv.0]
                0x0800d43c                bn::sprites_manager::(anonymous namespace)::static_data::~static_data() [clone .lto_priv.0]
                0x0800d4a0                bn::hw::audio::(anonymous namespace)::static_data::~static_data() [clone .lto_priv.0]
                0x0800d4a0                bn::hw::audio::(anonymous namespace)::static_data::~static_data() [clone .lto_priv.0]
                0x0800d4a4                bn::hblank_effects_manager::(anonymous namespace)::item_type::check_update() [clone .lto_priv.0]
                0x0800f908                operator new(unsigned int)
                0x0800f938                operator new[](unsigned int)
                0x0800f968                malloc
                0x0800f974                bn::sprite_tiles_manager::(anonymous namespace)::_hw_commit(bn::tile const*, bn::compression_type, int, int) [clone .lto_priv.0]
                0x0800fa0c                bn::sprite_palette_ptr::create(bn::sprite_palette_item const&)
                0x0800fb34                bn::sprite_tiles_ptr::create(bn::sprite_tiles_item const&)
                0x0800fbb0                bn::ostringstream::append(int)
                0x0800fd3c                bn::palettes_bank::log_status() const
                0x08010134                bn::ostringstream::append(unsigned int)
                0x080101dc                bn::ostringstream::append(void const*)
                0x080102fc                bn::sprite_tiles_manager::log_status()
                0x080108dc                bn::ostringstream::_append_fraction(unsigned int, int)
                0x080109ec                bn::palettes_bank::decrease_usages(int)
                0x08010c78                bn::sprites_manager::decrease_usages(void*)
                0x08010e70                bn::sprite_ptr::create(bn::fixed_t<12>, bn::fixed_t<12>, bn::sprite_item const&, int)
                0x08010f78                bn::sprite_tiles_manager::(anonymous namespace)::_find_impl(bn::tile const*, bn::compression_type, int) [clone .lto_priv.0]
                0x08011214                bn::sprite_ptr::set_tiles(bn::sprite_tiles_item const&, int)
                0x08011608                bn::sprite_tiles_manager::(anonymous namespace)::_create_impl(bn::tile const*, bn::compression_type, int) [clone .lto_priv.0]
 .text          0x0801180c     0x4730 /tmp/ccckFPEy.ltrans2.ltrans.o
                0x0801197c                bn::camera_ptr::~camera_ptr() [clone .isra.0]
                0x080119a8                bn::bg_blocks_manager::(anonymous namespace)::items_list::insert_after(int, bn::bg_blocks_manager::(anonymous namespace)::item_type const&) [clone .constprop.0]
                0x08011c64                bn::sprite_ptr::~sprite_ptr() [clone .isra.0]
                0x08011c74                bn::lc::LinkConnection::stop() [clone .constprop.0]
                0x08011ca0                bn::hw::bgs::commit_data::commit_data() [clone .constprop.0] [clone .isra.0]
                0x08011cfc                bn::bg_blocks_manager::(anonymous namespace)::items_list::items_list() [clone .constprop.0] [clone .isra.0]
                0x08011d48                bn::sprite_affine_mats_manager::(anonymous namespace)::static_data::static_data() [clone .constprop.0] [clone .isra.0]
                0x08011dec                bn::sprite_tiles_manager::(anonymous namespace)::static_data::static_data() [clone .constprop.0] [clone .isra.0]
                0x08011f18                bn::display_manager::(anonymous namespace)::static_data::static_data() [clone .constprop.0] [clone .isra.0]
                0x08011fa8                bn::hdma_manager::(anonymous namespace)::static_data::static_data() [clone .constprop.0] [clone .isra.0]
                0x08011fdc                bn::hblank_effects_manager::(anonymous namespace)::static_external_data::static_external_data() [clone .constprop.0] [clone .isra.0]
                0x080120b4                bn::string_view::string_view(char const*) [clone .isra.0]
                0x080120d0                bn::core::(anonymous namespace)::static_data::static_data() [clone .constprop.0] [clone .isra.0]
                0x08012138                bn::sprite_ptr::set_scale(bn::fixed_t<12>, bn::fixed_t<12>) [clone .isra.0]
                0x08012414                bn::sprite_ptr::set_rotation_angle(bn::fixed_t<12>) [clone .isra.0]
                0x080125e0                bn::sprite_ptr::set_camera(bn::camera_ptr const&) [clone .isra.0]
                0x080126b4                bn::sprite_ptr::set_x(bn::fixed_t<12>) [clone .isra.0]
                0x080126fc                bn::sprite_affine_mats_manager::(anonymous namespace)::item_type::sprite_double_size(int, bn::sprite_shape_size const&) const [clone .isra.0]
                0x080128a8                bn::palettes_bank::palettes_bank() [clone .isra.0]
                0x0801297c                bn::ivector<bn::sprite_ptr>::_assign(bn::ivector<bn::sprite_ptr> const&) [clone .isra.0]
                0x080129a0                bn::optional<TextElement>::operator=(TextElement const&) [clone .isra.0]
                0x08012bd4                TextElement::~TextElement() [clone .isra.0]
                0x08012c3c                bn::optional<Rake>::operator=(Rake const&) [clone .isra.0]
                0x08012cec                Rake::~Rake() [clone .isra.0]
                0x08012d20                Rake::Rake(bn::camera_ptr&, int) [clone .isra.0]
                0x08012e1c                void _bn::assert::show_args<char [16], int, char [4], int>(char const*, char const*, char const*, int, char const (&) [16], int const&, char const (&) [4], int const&) [clone .constprop.0]
                0x08012e84                bn::istring::append(char const*) [clone .isra.0]
                0x08012f04                void _bn::assert::show_args<char [35], unsigned int>(char const*, char const*, char const*, int, char const (&) [35], unsigned int const&) [clone .constprop.0]
                0x08012f54                void _bn::assert::show_args<char [20], int, char [4], unsigned short>(char const*, char const*, char const*, int, char const (&) [20], int const&, char const (&) [4], unsigned short const&) [clone .constprop.0]
                0x08012fbc                void _bn::assert::show_args<char [44], bn::tile const*, char [4], bn::tile const*>(char const*, char const*, char const*, int, char const (&) [44], bn::tile const* const&, char const (&) [4], bn::tile const* const&) [clone .constprop.0]
                0x08013028                void _bn::assert::show_args<char [46], int, char [4], unsigned int>(char const*, char const*, char const*, int, char const (&) [46], int const&, char const (&) [4], unsigned int const&) [clone .constprop.0]
                0x080130fc                void _bn::assert::show_args<char [27], unsigned char>(char const*, char const*, char const*, int, char const (&) [27], unsigned char const&) [clone .constprop.0]
                0x08013150                bn::ivector<bn::sprite_ptr>::push_back(bn::sprite_ptr const&) [clone .isra.0]
                0x08013198                bn::iunordered_map<unsigned int, bn::audio_manager::sound_data_type, bn::identity_hasher, bn::equal_to<unsigned int> >::operator()(unsigned int, unsigned int const&) [clone .constprop.0]
                0x0801352c                bn::music_item::play() const [clone .isra.0]
                0x080135b4                bn::regular_bg_ptr::~regular_bg_ptr() [clone .isra.0]
                0x08013874                bn::sorted_sprites::sorter::insert(bn::sprites_manager_item&) [clone .constprop.0]
                0x08013a7c                TextElement::setup(int, int, int) [clone .constprop.0]
                0x08013cc4                bn::sprite_tiles_ptr::~sprite_tiles_ptr() [clone .isra.0]
                0x08013f04                TextElement::TextElement() [clone .isra.0]
                0x08013fd4                bn::sound_item::play() const [clone .isra.0]
                0x08014320                bn::(anonymous namespace)::_create_impl(bn::sprite_palette_item const&, bool) [clone .constprop.0]
                0x08014398                bn::sprite_shape_size::tiles_count(bn::bpp_mode) const [clone .part.0] [clone .isra.0]
                0x08014478                bn::sprite_shape_size::tiles_count(bn::bpp_mode) const [clone .isra.0]
                0x08014560                bn::istring::append(char const*, int) [clone .isra.0]
                0x080145f0                bn::hw::show::error(bn::system_font const&, bn::string_view const&, bn::string_view const&, bn::string_view const&, int, bn::string_view const&, bn::string_view const&) [clone .constprop.0]
                0x0801493c                bn::regular_bg_ptr::create(bn::fixed_t<12>, bn::fixed_t<12>, bn::regular_bg_item const&) [clone .constprop.0]
                0x08015c30                bn::sprite_tiles_manager::create(bn::span<bn::tile const> const&, bn::compression_type) [clone .isra.0]
                0x08015d2c                bn::iunordered_map<bn::tile const*, int, bn::hash<bn::tile const*>, bn::equal_to<bn::tile const*> >::erase(bn::iunordered_map<bn::tile const*, int, bn::hash<bn::tile const*>, bn::equal_to<bn::tile const*> >::const_iterator const&) [clone .constprop.0] [clone .isra.0]
 .text.startup  0x08015f3c      0x318 /tmp/ccckFPEy.ltrans2.ltrans.o
 .text.__libc_init_array
                0x08016254       0x50 bn_hw_common.bn_noflto.o
                0x08016254                __libc_init_array
 .text.__aeabi_atexit
                0x080162a4        0x4 bn_hw_common.bn_noflto.o
                0x080162a4                __aeabi_atexit
 .text._ZN3_bn6assert9show_argsIA40_cEEvPKcS4_S4_iRKT_
                0x080162a8       0x48 bn_hw_common.bn_noflto.o
                0x080162a8                void _bn::assert::show_args<char [40]>(char const*, char const*, char const*, int, char const (&) [40])
 .text.__aeabi_idiv0
                0x080162f0       0x24 bn_hw_common.bn_noflto.o
                0x080162f0                __aeabi_idiv0
 .text.VBlankIntrWait
                0x08016314        0x4 tonc_bios.o
                0x08016314                VBlankIntrWait
 .text.memset16
                0x08016318       0x3c tonc_memset.o
                0x08016318                memset16
 .text          0x08016354      0x26c posprintf.o
                0x08016358                posprintf
 .text          0x080165c0      0x314 mm_effect.o
                0x080165c0                mmResetEffects
                0x080165ec                mmEffect
                0x08016602                mmEffectEx
                0x08016702                mmEffectActive
                0x08016736                mmEffectVolume
                0x08016752                mmEffectPanning
                0x08016766                mmEffectRate
                0x0801677a                mmEffectCancel
                0x080167b4                mmEffectRelease
                0x080167da                mmEffectScaleRate
                0x080167ee                mmSetEffectsVolume
                0x080167fc                mmEffectCancelAll
                0x0801683c                mmUpdateEffects
 .text          0x080168d4       0x14 mm_main.o
                0x080168d4                mpp_call_r7
                0x080168d6                mpp_call_r1
                0x080168d8                mpp_call_r2
                0x080168da                mpp_call_r3
                0x080168dc                mmSetEventHandler
 .text          0x080168e8     0x1570 mm_mas.o
                0x0801695c                mmStart
                0x0801697c                mmJingle
                0x08016982                mmPlayModule
                0x08016a4c                mmPause
                0x08016a68                mmResume
                0x08016a78                mmActive
                0x08016a7e                mmActiveSub
                0x08016a84                mmSetModuleVolume
                0x08016a94                mmSetJingleVolume
                0x08016ad0                mmGetPositionTick
                0x08016ad6                mmGetPositionRow
                0x08016adc                mmGetPosition
                0x08016ae2                mmPosition
                0x08016afc                mmSetModuleTempo
                0x08016b2e                mmSetModulePitch
                0x08016b70                mmStop
                0x08016c36                mppUpdateSub
                0x08016d92                mpp_Process_VolumeCommand
                0x08016fca                mpp_Process_Effect
                0x08017718                ST3_FREQTABLE
                0x08017b38                IT_PitchTable
 .text          0x08017e58      0x12c mm_main_gba.o
                0x08017e58                mmInit
                0x08017eac                mmSetVBlankHandler
                0x08017eb2                mmFrame
 .text          0x08017f84      0x1e0 mm_mixer_gba.o
                0x08017f84                mmMixerSetSource
                0x08017f98                mmMixerSetRead
                0x08017fa6                mmMixerSetFreq
                0x08017fb6                mmMixerMulFreq
                0x08017fca                mmMixerStopChannel
                0x08017fdc                mmMixerChannelActive
                0x08017fee                mmMixerSetVolume
                0x08017ffc                mmMixerSetPan
                0x0801800a                mmMixerInit
 .text          0x08018164       0x3c /opt/devkitpro/devkitARM/bin/../lib/gcc/arm-none-eabi/14.2.0/thumb/libgcc.a(_call_via_rX.o)
                0x08018164                _call_via_r0
                0x08018168                _call_via_r1
                0x0801816c                _call_via_r2
                0x08018170                _call_via_r3
                0x08018174                _call_via_r4
                0x08018178                _call_via_r5
                0x0801817c                _call_via_r6
                0x08018180                _call_via_r7
                0x08018184                _call_via_r8
                0x08018188                _call_via_r9
                0x0801818c                _call_via_sl
                0x08018190                _call_via_fp
                0x08018194                _call_via_ip
                0x08018198                _call_via_sp
                0x0801819c                _call_via_lr
 .text          0x080181a0      0x290 /opt/devkitpro/devkitARM/bin/../lib/gcc/arm-none-eabi/14.2.0/thumb/libgcc.a(_arm_muldf3.o)
                0x080181a0                __aeabi_dmul
                0x080181a0                __muldf3
 .text          0x08018430      0x424 /opt/devkitpro/devkitARM/bin/../lib/gcc/arm-none-eabi/14.2.0/thumb/libgcc.a(_arm_addsubdf3.o)
                0x08018430                __aeabi_drsub
                0x08018438                __aeabi_dsub
                0x08018438                __subdf3
                0x0801843c                __adddf3
                0x0801843c                __aeabi_dadd
                0x0801874c                __aeabi_ui2d
                0x0801874c                __floatunsidf
                0x08018770                __aeabi_i2d
                0x08018770                __floatsidf
                0x08018798                __extendsfdf2
                0x08018798                __aeabi_f2d
                0x080187e0                __aeabi_ul2d
                0x080187e0                __floatundidf
                0x080187f4                __floatdidf
                0x080187f4                __aeabi_l2d
 .text          0x08018854       0x5c /opt/devkitpro/devkitARM/bin/../lib/gcc/arm-none-eabi/14.2.0/thumb/libgcc.a(_arm_fixdfsi.o)
                0x08018854                __aeabi_d2iz
                0x08018854                __fixdfsi
 .text.__stub   0x080188b0      0x118 linker stubs
 *(.gnu.linkonce.t.*)
 *(.text.*personality*)
 *(.gnu.warning)
 *(.glue_7t)
 .glue_7t       0x08018a18        0x0 linker stubs
 *(.glue_7)
 .glue_7        0x08018a18        0x0 linker stubs
 *(.vfp11_veneer)
 .vfp11_veneer  0x08018a18        0x0 linker stubs
                0x08018a18                        . = ALIGN (0x4)
                0x08018a18                        __text_end = .

.v4_bx          0x08018a18        0x0
 .v4_bx         0x08018a18        0x0 linker stubs

.iplt           0x08018a18        0x0
 .iplt          0x08018a18        0x0 /opt/devkitpro/devkitARM/bin/../lib/gcc/arm-none-eabi/14.2.0/../../../../arm-none-eabi/lib/thumb/gba_crt0.o

.fini           0x08018a18        0xc
 *(.fini)
 .fini          0x08018a18        0x4 /opt/devkitpro/devkitARM/bin/../lib/gcc/arm-none-eabi/14.2.0/thumb/crti.o
                0x08018a18                _fini
 .fini          0x08018a1c        0x8 /opt/devkitpro/devkitARM/bin/../lib/gcc/arm-none-eabi/14.2.0/thumb/crtn.o
                0x08018a24                        . = ALIGN (0x4)

.rodata         0x08018a24   0x6a2df0
 *(.rodata)
 .rodata        0x08018a24    0x4a020 beryl_bn_gfx.o
                0x08018a24                beryl_bn_gfxTiles
                0x08062a24                beryl_bn_gfxPal
 .rodata        0x08062a44     0xfbc0 bg_berylsroom_bn_gfx.o
                0x08062a44                bg_berylsroom_bn_gfxTiles
                0x0806a5e4                bg_berylsroom_bn_gfxMap
                0x080725e4                bg_berylsroom_bn_gfxPal
 .rodata        0x08072604     0xd520 bg_class_bn_gfx.o
                0x08072604                bg_class_bn_gfxTiles
                0x08077b04                bg_class_bn_gfxMap
                0x0807fb04                bg_class_bn_gfxPal
 .rodata        0x0807fb24     0xfd80 bg_conbini_bn_gfx.o
                0x0807fb24                bg_conbini_bn_gfxTiles
                0x08087884                bg_conbini_bn_gfxMap
                0x0808f884                bg_conbini_bn_gfxPal
 .rodata        0x0808f8a4     0xd140 bg_grass_bn_gfx.o
                0x0808f8a4                bg_grass_bn_gfxTiles
                0x080949c4                bg_grass_bn_gfxMap
                0x0809c9c4                bg_grass_bn_gfxPal
 .rodata        0x0809c9e4     0x97c0 bg_mirror_bn_gfx.o
                0x0809c9e4                bg_mirror_bn_gfxTiles
                0x0809e184                bg_mirror_bn_gfxMap
                0x080a6184                bg_mirror_bn_gfxPal
 .rodata        0x080a61a4     0xa7a0 bg_mirror2_bn_gfx.o
                0x080a61a4                bg_mirror2_bn_gfxTiles
                0x080a8924                bg_mirror2_bn_gfxMap
                0x080b0924                bg_mirror2_bn_gfxPal
 .rodata        0x080b0944     0x14a0 bg_question_bn_gfx.o
                0x080b0944                bg_question_bn_gfxTiles
                0x080b15c4                bg_question_bn_gfxMap
                0x080b1dc4                bg_question_bn_gfxPal
 .rodata        0x080b1de4     0x5360 bg_scary_bn_gfx.o
                0x080b1de4                bg_scary_bn_gfxTiles
                0x080b6924                bg_scary_bn_gfxMap
                0x080b7124                bg_scary_bn_gfxPal
 .rodata        0x080b7144    0x10020 bg_theatre_bn_gfx.o
                0x080b7144                bg_theatre_bn_gfxTiles
                0x080bf144                bg_theatre_bn_gfxMap
                0x080c7144                bg_theatre_bn_gfxPal
 .rodata        0x080c7164     0xd440 c0101_bn_gfx.o
                0x080c7164                c0101_bn_gfxTiles
                0x080cc584                c0101_bn_gfxMap
                0x080d4584                c0101_bn_gfxPal
 .rodata        0x080d45a4     0xab40 c0102_bn_gfx.o
                0x080d45a4                c0102_bn_gfxTiles
                0x080d70c4                c0102_bn_gfxMap
                0x080df0c4                c0102_bn_gfxPal
 .rodata        0x080df0e4     0x8cc0 c0103_bn_gfx.o
                0x080df0e4                c0103_bn_gfxTiles
                0x080dfd84                c0103_bn_gfxMap
                0x080e7d84                c0103_bn_gfxPal
 .rodata        0x080e7da4     0xa220 c0201_bn_gfx.o
                0x080e7da4                c0201_bn_gfxTiles
                0x080e9fa4                c0201_bn_gfxMap
                0x080f1fa4                c0201_bn_gfxPal
 .rodata        0x080f1fc4     0xa060 c0202_bn_gfx.o
                0x080f1fc4                c0202_bn_gfxTiles
                0x080f4004                c0202_bn_gfxMap
                0x080fc004                c0202_bn_gfxPal
 .rodata        0x080fc024     0x8ac0 c0203_bn_gfx.o
                0x080fc024                c0203_bn_gfxTiles
                0x080fcac4                c0203_bn_gfxMap
                0x08104ac4                c0203_bn_gfxPal
 .rodata        0x08104ae4      0x820 castor_bn_gfx.o
                0x08104ae4                castor_bn_gfxTiles
                0x081052e4                castor_bn_gfxPal
 .rodata        0x08105304      0x820 chair_bn_gfx.o
                0x08105304                chair_bn_gfxTiles
                0x08105b04                chair_bn_gfxPal
 .rodata        0x08105b24      0x820 dialogue_back_bn_gfx.o
                0x08105b24                dialogue_back_bn_gfxTiles
                0x08106324                dialogue_back_bn_gfxPal
 .rodata        0x08106344     0x7420 font_bn_gfx.o
                0x08106344                font_bn_gfxTiles
                0x0810d744                font_bn_gfxPal
 .rodata        0x0810d764     0x5020 grass_bn_gfx.o
                0x0810d764                grass_bn_gfxTiles
                0x08112764                grass_bn_gfxPal
 .rodata        0x08112784     0x2020 rake01_bn_gfx.o
                0x08112784                rake01_bn_gfxTiles
                0x08114784                rake01_bn_gfxPal
 .rodata        0x081147a4     0x1020 sign_bn_gfx.o
                0x081147a4                sign_bn_gfxTiles
                0x081157a4                sign_bn_gfxPal
 .rodata        0x081157c4     0x1020 spr_chair_bn_gfx.o
                0x081157c4                spr_chair_bn_gfxTiles
                0x081167c4                spr_chair_bn_gfxPal
 .rodata        0x081167e4     0x5020 spr_conbini_bn_gfx.o
                0x081167e4                spr_conbini_bn_gfxTiles
                0x0811b7e4                spr_conbini_bn_gfxPal
 .rodata        0x0811b804     0x2820 spr_text_bn_gfx.o
                0x0811b804                spr_text_bn_gfxTiles
                0x0811e004                spr_text_bn_gfxPal
 .rodata        0x0811e024      0x820 star_bn_gfx.o
                0x0811e024                star_bn_gfxTiles
                0x0811e824                star_bn_gfxPal
 .rodata        0x0811e844     0x7760 starsbackground_bn_gfx.o
                0x0811e844                starsbackground_bn_gfxTiles
                0x08125784                starsbackground_bn_gfxMap
                0x08125f84                starsbackground_bn_gfxPal
 .rodata        0x08125fa4     0x16c0 thx_bn_gfx.o
                0x08125fa4                thx_bn_gfxTiles
                0x08126e44                thx_bn_gfxMap
                0x08127644                thx_bn_gfxPal
 .rodata        0x08127664      0x820 ui_bubble_bn_gfx.o
                0x08127664                ui_bubble_bn_gfxTiles
                0x08127e64                ui_bubble_bn_gfxPal
 .rodata        0x08127e84    0x15ba4 /tmp/ccckFPEy.ltrans0.ltrans.o
                0x08128740                bn::sprite_items::ui_bubble
 .rodata        0x0813da28      0xfd0 /tmp/ccckFPEy.ltrans1.ltrans.o
 .rodata        0x0813e9f8     0x18a6 /tmp/ccckFPEy.ltrans2.ltrans.o
 *fill*         0x0814029e        0x2 ff
 .rodata        0x081402a0      0xef8 verdana9.o
                0x081402a0                verdana9Font
                0x081402b8                verdana9Glyphs
                0x081410b8                verdana9Widths
 *all.rodata*(*)
 *(.roda)
 *(.rodata.*)
 .rodata._bn_audio_soundbank_bin
                0x08141198   0x576c68 _bn_audio_soundbank.bin.o
                0x08141198                _bn_audio_soundbank_bin
                0x086b7e00                _bn_audio_soundbank_bin_end
 .rodata.str1.4
                0x086b7e00     0x275b /tmp/ccckFPEy.ltrans0.ltrans.o
 .rodata.str1.4
                0x086b7e00      0xbd9 /tmp/ccckFPEy.ltrans1.ltrans.o
 .rodata.str1.4
                0x086b7e00      0xdb9 /tmp/ccckFPEy.ltrans2.ltrans.o
 .rodata.__cxa_pure_virtual.str1.4
                0x086b7e00     0x3a05 bn_hw_common.bn_noflto.o
                                 0x4f (size before relaxing)
 .rodata.__aeabi_idiv0.str1.4
                0x086bb805       0x38 bn_hw_common.bn_noflto.o
 *fill*         0x086bb805        0x3 ff
 .rodata._ZN2bn2hw8game_pak12_GLOBAL__N_1L8rom_dataE
                0x086bb808        0xc bn_hw_game_pak.bn_ewram.o
 *(.gnu.linkonce.r*)
                0x086bb814                        . = ALIGN (0x4)

.ARM.extab
 *(.ARM.extab* .gnu.linkonce.armextab.*)
                0x086bb814                        __exidx_start = .

.ARM.exidx
 *(.ARM.exidx* .gnu.linkonce.armexidx.*)
                0x086bb814                        __exidx_end = .

.ctors          0x086bb814        0x0
 *crtbegin.o(.ctors)
 *(EXCLUDE_FILE(*crtend.o) .ctors)
 *(SORT_BY_NAME(.ctors.*))
 *(.ctors)
                0x086bb814                        . = ALIGN (0x4)

.dtors          0x086bb814        0x0
 *crtbegin.o(.dtors)
 *(EXCLUDE_FILE(*crtend.o) .dtors)
 *(SORT_BY_NAME(.dtors.*))
 *(.dtors)
                0x086bb814                        . = ALIGN (0x4)

.eh_frame       0x086bb814        0x4
 *(.eh_frame)
 .eh_frame      0x086bb814        0x0 /opt/devkitpro/devkitARM/bin/../lib/gcc/arm-none-eabi/14.2.0/thumb/crtbegin.o
 .eh_frame      0x086bb814        0x4 /opt/devkitpro/devkitARM/bin/../lib/gcc/arm-none-eabi/14.2.0/thumb/crtend.o
                0x086bb818                        . = ALIGN (0x4)

.gcc_except_table
                0x086bb818        0x0
 *(.gcc_except_table)
                0x086bb818                        . = ALIGN (0x4)
                0x086bb818                        __iwram_lma = .

.iwram          0x03000000     0x2320 load address 0x086bb818
                0x03000000                        __iwram_start__ = ABSOLUTE (.)
 *(.iwram .iwram*)
 .iwram         0x03000000      0x290 bn_sprites_manager.bn_iwram.o
                0x03000000                bn::sprites_manager::_check_items_on_screen(bn::intrusive_list<bn::sorted_sprites::layer>&)
                0x03000104                bn::sprites_manager::_rebuild_handles_impl(int, void*, bn::intrusive_list<bn::sorted_sprites::layer>&)
                0x0300019c                bn::sprites_manager::_update_cameras_impl(bn::intrusive_list<bn::sorted_sprites::layer>&)
 .iwram         0x03000290       0xc4 bn_hw_palettes.bn_iwram.o
                0x03000290                bn::hw::palettes::brightness(bn::color const*, int, int, bn::color*)
                0x030002f8                bn::hw::palettes::_lut_effect(bn::color const*, unsigned char const*, int, bn::color*)
 .iwram         0x03000354       0x6c bn_hw_bg_blocks.o
                0x03000354                bn_hw_bg_blocks_commit_half_words
                0x0300036c                bn_hw_bg_blocks_commit_words
                0x03000384                bn_hw_bg_blocks_commit_blocks
 .iwram         0x030003c0       0xd0 bn_hw_hblank_effects.o
                0x030003c0                bn::hw::hblank_effects::_intr()
                0x0300048c                bn::hw::hblank_effects::data
 .iwram         0x03000490       0x30 bn_hw_palettes_asm.o
                0x03000490                bn_hw_palettes_different_words
 .iwram.clr_blend_fast
                0x030004c0       0x70 clr_blend_fast.o
                0x030004c0                clr_blend_fast
 .iwram         0x03000530       0x70 clr_fade_fast.o
                0x03000530                clr_fade_fast
 .iwram.memset32
                0x030005a0       0x4c tonc_memset.o
                0x030005a0                memset32
 .iwram         0x030005ec      0x134 irq_handler.o
                0x030005ec                IRQ_GlobalInterruptHandler
 .iwram.__aeabi_lmul
                0x03000720       0x14 lmul.o
                0x03000720                __aeabi_lmul
 .iwram.__aeabi_memcpy
                0x03000734       0xc8 memcpy.o
                0x03000734                __aeabi_memcpy
                0x0300076c                __aeabi_memcpy4
                0x0300076c                __aeabi_memcpy8
                0x030007d8                __agbabi_memcpy2
 .iwram.__agbabi_memcpy1
                0x030007fc       0x14 memcpy.o
                0x030007fc                __agbabi_memcpy1
 .iwram.memcpy  0x03000810       0x10 memcpy.o
                0x03000810                memcpy
 .iwram.__aeabi_memmove
                0x03000820        0xc memmove.o
                0x03000820                __aeabi_memmove
 .iwram.memmove
                0x0300082c       0x10 memmove.o
                0x0300082c                memmove
 .iwram.__aeabi_memset
                0x0300083c       0x9c memset.o
                0x0300083c                __aeabi_memset
                0x03000860                __aeabi_memset4
                0x03000860                __aeabi_memset8
                0x0300086c                __agbabi_wordset4
                0x03000870                __agbabi_lwordset4
 .iwram.__agbabi_memset1
                0x030008d8       0x10 memset.o
                0x030008d8                __agbabi_memset1
 .iwram.memset  0x030008e8       0x1c memset.o
                0x030008e8                memset
 .iwram.__agbabi_rmemcpy
                0x03000904       0xcc rmemcpy.o
                0x03000904                __agbabi_rmemcpy
 .iwram.__agbabi_rmemcpy1
                0x030009d0       0x14 rmemcpy.o
                0x030009d0                __agbabi_rmemcpy1
 .iwram         0x030009e4       0x3c sdiv32.o
                0x030009e4                __aeabi_idivmod
                0x030009e4                __aeabi_idiv
 .iwram         0x03000a20      0x1e0 udiv32.o
                0x03000a20                __aeabi_uidivmod
                0x03000a20                __aeabi_uidiv
                0x03000a28                udiv32pastzero
                0x03000a7c                div32Iteration
 .iwram         0x03000c00       0x98 huffman.o
                0x03000c00                swi_HuffUnCompReadNormal
 .iwram         0x03000c98      0x1ac lz77.o
                0x03000c98                swi_LZ77UnCompWrite8bit
                0x03000c98                swi_LZ77UnCompWrite16bit
 .iwram         0x03000e44       0xec running_length.o
                0x03000e44                swi_RLUnCompReadNormalWrite8bit
                0x03000ea4                swi_RLUnCompReadNormalWrite16bit
 .iwram         0x03000f30      0x554 mm_mas.o
                0x03000f30                mppProcessTick
                0x03001014                mpp_Channel_NewNote
                0x030010f4                mpp_Update_ACHN_notest
 .iwram         0x03001484      0x648 mm_mas_arm.o
                0x03001484                mmAllocChannel
                0x030014f8                mmReadPattern
                0x030015e4                mmUpdateChannel_T0
                0x03001824                mmUpdateChannel_TN
                0x030019c4                mmGetPeriod
                0x03001a08                note_table_oct
                0x03001a26                note_table_mod
 .iwram         0x03001acc        0x8 mm_main_gba.o
                0x03001acc                mpp_call_r7i
                0x03001ace                mpp_call_r2i
                0x03001ad0                mpp_call_r1i
 .iwram         0x03001ad4      0x838 mm_mixer_gba.o
                0x03001ad8                mmVBlank
                0x03001b5c                mmMixerMix
 *fill*         0x0300230c        0x4 ff
 .iwram.__stub  0x03002310        0xc linker stubs
 *iwram.*(.text* .data*)
                0x0300231c                        . = ALIGN (0x4)
                0x03002320                        __iwram_end__ = ABSOLUTE (.)
                0x086bdb38                        __data_lma = (__iwram_lma + SIZEOF (.iwram))

.bss            0x03002320      0x870
                0x03002320                        __bss_start = ABSOLUTE (.)
                0x03002320                        __bss_start__ = ABSOLUTE (.)
 *(.dynbss)
 *(.gnu.linkonce.b*)
 *(.bss*)
 .bss.completed.1
                0x03002320        0x1 /opt/devkitpro/devkitARM/bin/../lib/gcc/arm-none-eabi/14.2.0/thumb/crtbegin.o
 *fill*         0x03002321        0x3 
 .bss.object.0  0x03002324       0x18 /opt/devkitpro/devkitARM/bin/../lib/gcc/arm-none-eabi/14.2.0/thumb/crtbegin.o
 .bss           0x0300233c      0x50c /tmp/ccckFPEy.ltrans0.ltrans.o
                0x03002340                IRQ_VectorTable
                0x03002798                _ZN2bn22hblank_effects_manager12_GLOBAL__N_113internal_dataE.lto_priv.0
 .bss           0x03002848        0x4 /tmp/ccckFPEy.ltrans2.ltrans.o
                0x03002848                fake_heap_end
 .bss           0x0300284c       0x2d mm_effect.o
                0x03002870                mm_sfx_bitmask
                0x03002874                mm_sfx_clearmask
 *fill*         0x03002879        0x3 
 .bss           0x0300287c        0x8 mm_main.o
                0x0300287c                mmCallback
                0x03002880                mm_ch_mask
 .bss           0x03002884      0x148 mm_mas.o
                0x03002884                mmLayerMain
                0x030028bc                mmLayerSub
                0x030028f4                mpp_vars
                0x03002904                mpp_layerp
                0x03002908                mpp_channels
                0x03002918                mpp_nchannels
                0x03002919                mpp_clayer
                0x0300291c                mm_achannels
                0x03002920                mm_pchannels
                0x03002924                mm_num_mch
                0x03002928                mm_num_ach
                0x0300292c                mm_schannels
 .bss           0x030029cc        0x8 mm_main_gba.o
                0x030029cc                mm_vblank_function
                0x030029d0                mp_solution
 .bss           0x030029d4      0x1bc mm_mixer_gba.o
                0x030029d4                mp_writepos
                0x030029dc                mm_mixchannels
                0x030029e4                mm_mixlen
                0x030029f8                mm_bpmdv
                0x030029fc                mp_mix_seg
 *(COMMON)
                0x03002b90                        . = ALIGN (0x4)
                0x03002b90                        __bss_end__ = ABSOLUTE (.)

.data           0x03002b90        0x4 load address 0x086bdb38
                0x03002b90                        __data_start__ = ABSOLUTE (.)
 *(.data*)
 .data.__dso_handle
                0x03002b90        0x4 /opt/devkitpro/devkitARM/bin/../lib/gcc/arm-none-eabi/14.2.0/thumb/crtbegin.o
                0x03002b90                __dso_handle
 *(.gnu.linkonce.d*)
                0x03002b94                        . = ALIGN (0x4)
                0x086bdb3c                        __preinit_lma = (__data_lma + SIZEOF (.data))

.igot.plt       0x03002b94        0x0 load address 0x086bdb3c
 .igot.plt      0x03002b94        0x0 /opt/devkitpro/devkitARM/bin/../lib/gcc/arm-none-eabi/14.2.0/../../../../arm-none-eabi/lib/thumb/gba_crt0.o

.preinit_array  0x03002b94        0x0 load address 0x086bdb3c
                0x03002b94                        __preinit_array_start = ABSOLUTE (.)
 *(.preinit_array)
                0x03002b94                        __preinit_array_end = ABSOLUTE (.)
                0x086bdb3c                        __init_lma = (__preinit_lma + SIZEOF (.preinit_array))

.init_array     0x03002b94        0x8 load address 0x086bdb3c
                0x03002b94                        __init_array_start = ABSOLUTE (.)
 *(SORT_BY_NAME(.init_array.*))
 *(.init_array)
 .init_array    0x03002b94        0x4 /opt/devkitpro/devkitARM/bin/../lib/gcc/arm-none-eabi/14.2.0/thumb/crtbegin.o
 .init_array    0x03002b98        0x4 /tmp/ccckFPEy.ltrans2.ltrans.o
                0x03002b9c                        __init_array_end = ABSOLUTE (.)
                0x086bdb44                        __fini_lma = (__init_lma + SIZEOF (.init_array))

.fini_array     0x03002b9c        0x4 load address 0x086bdb44
                0x03002b9c                        __fini_array_start = ABSOLUTE (.)
 *(SORT_BY_NAME(.fini_array.*))
 *(.fini_array)
 .fini_array    0x03002b9c        0x4 /opt/devkitpro/devkitARM/bin/../lib/gcc/arm-none-eabi/14.2.0/thumb/crtbegin.o
                0x03002ba0                        __fini_array_end = ABSOLUTE (.)
                0x086bdb48                        __jcr_lma = (__fini_lma + SIZEOF (.fini_array))

.jcr
 *(.jcr)
                0x03002ba0                        __data_end__ = ABSOLUTE (.)
                0x086bdb48                        __iwram_overlay_lma = (__jcr_lma + SIZEOF (.jcr))
                0x03002ba0                        __iwram_overlay_start = .

.iwram0         0x03002ba0        0x0 load address 0x086bdb48
 *(.iwram0)
                0x03002ba0                        . = ALIGN (0x4)
                0x086bdb48                        PROVIDE (__load_start_iwram0 = LOADADDR (.iwram0))
                0x086bdb48                        PROVIDE (__load_stop_iwram0 = (LOADADDR (.iwram0) + SIZEOF (.iwram0)))

.iwram1         0x03002ba0        0x0
 *(.iwram1)
                0x03002ba0                        . = ALIGN (0x4)
                [!provide]                        PROVIDE (__load_start_iwram1 = LOADADDR (.iwram1))
                [!provide]                        PROVIDE (__load_stop_iwram1 = (LOADADDR (.iwram1) + SIZEOF (.iwram1)))

.iwram2         0x03002ba0        0x0
 *(.iwram2)
                0x03002ba0                        . = ALIGN (0x4)
                [!provide]                        PROVIDE (__load_start_iwram2 = LOADADDR (.iwram2))
                [!provide]                        PROVIDE (__load_stop_iwram2 = (LOADADDR (.iwram2) + SIZEOF (.iwram2)))

.iwram3         0x03002ba0        0x0
 *(.iwram3)
                0x03002ba0                        . = ALIGN (0x4)
                [!provide]                        PROVIDE (__load_start_iwram3 = LOADADDR (.iwram3))
                [!provide]                        PROVIDE (__load_stop_iwram3 = (LOADADDR (.iwram3) + SIZEOF (.iwram3)))

.iwram4         0x03002ba0        0x0
 *(.iwram4)
                0x03002ba0                        . = ALIGN (0x4)
                [!provide]                        PROVIDE (__load_start_iwram4 = LOADADDR (.iwram4))
                [!provide]                        PROVIDE (__load_stop_iwram4 = (LOADADDR (.iwram4) + SIZEOF (.iwram4)))

.iwram5         0x03002ba0        0x0
 *(.iwram5)
                0x03002ba0                        . = ALIGN (0x4)
                [!provide]                        PROVIDE (__load_start_iwram5 = LOADADDR (.iwram5))
                [!provide]                        PROVIDE (__load_stop_iwram5 = (LOADADDR (.iwram5) + SIZEOF (.iwram5)))

.iwram6         0x03002ba0        0x0
 *(.iwram6)
                0x03002ba0                        . = ALIGN (0x4)
                [!provide]                        PROVIDE (__load_start_iwram6 = LOADADDR (.iwram6))
                [!provide]                        PROVIDE (__load_stop_iwram6 = (LOADADDR (.iwram6) + SIZEOF (.iwram6)))

.iwram7         0x03002ba0        0x0
 *(.iwram7)
                0x03002ba0                        . = ALIGN (0x4)
                [!provide]                        PROVIDE (__load_start_iwram7 = LOADADDR (.iwram7))
                [!provide]                        PROVIDE (__load_stop_iwram7 = (LOADADDR (.iwram7) + SIZEOF (.iwram7)))

.iwram8         0x03002ba0        0x0
 *(.iwram8)
                0x03002ba0                        . = ALIGN (0x4)
                [!provide]                        PROVIDE (__load_start_iwram8 = LOADADDR (.iwram8))
                [!provide]                        PROVIDE (__load_stop_iwram8 = (LOADADDR (.iwram8) + SIZEOF (.iwram8)))

.iwram9         0x03002ba0        0x0
 *(.iwram9)
                0x03002ba0                        . = ALIGN (0x4)
                [!provide]                        PROVIDE (__load_start_iwram9 = LOADADDR (.iwram9))
                [!provide]                        PROVIDE (__load_stop_iwram9 = (LOADADDR (.iwram9) + SIZEOF (.iwram9)))
                0x03002ba0                        __iwram_overlay_end = .
                0x086bdb48                        __ewram_lma = (__iwram_overlay_lma + (__iwram_overlay_end - __iwram_overlay_start))
                0x03002ba0                        __iheap_start = .
                0x02000000                        __ewram_start = ORIGIN (ewram)

.ewram          0x02000000       0xf4 load address 0x086bdb48
 *(.ewram*)
 .ewram         0x02000000        0xc /tmp/ccckFPEy.ltrans0.ltrans.o
                0x02000000                Vgm
 .ewram         0x0200000c       0x4a /tmp/ccckFPEy.ltrans1.ltrans.o
                0x0200000c                __tte_main_context
 *fill*         0x02000056        0x2 ff
 .ewram         0x02000058       0x9c bn_hw_game_pak.bn_ewram.o
                0x02000058                bn::hw::game_pak::_slow_game_pak()
                0x020000f4                        . = ALIGN (0x4)
                0x020000f4                        __ewram_end = ABSOLUTE (.)
                0x086bdc3c                        __pad_lma = (__ewram_lma + SIZEOF (.ewram))

.sbss           0x020000f4     0x8204
                0x020000f4                        __sbss_start__ = ABSOLUTE (.)
 *(.sbss*)
 .sbss          0x020000f4     0x8204 /tmp/ccckFPEy.ltrans0.ltrans.o
                0x020000f4                _ZN2bn15cameras_manager12_GLOBAL__N_14dataE.lto_priv.0
                0x0200012c                _ZN2bn14keypad_manager12_GLOBAL__N_14dataE.lto_priv.0
                0x02000144                _ZN2bn2hw5audio12_GLOBAL__N_14dataE.lto_priv.0
                0x02000190                _ZN2bn4core12_GLOBAL__N_14dataE.lto_priv.0
                0x020001d8                _ZN2bn12hdma_manager12_GLOBAL__N_14dataE.lto_priv.0
                0x02000210                _ZN2bn14memory_manager12_GLOBAL__N_14dataE.lto_priv.0
                0x02000220                gbt.lto_priv.0
                0x020002b8                _ZN2bn17bg_blocks_manager12_GLOBAL__N_14dataE.lto_priv.0
                0x0200049c                _ZN2bn20sprite_tiles_manager12_GLOBAL__N_14dataE.lto_priv.0
                0x02002660                _ZN2bn2hw4link12_GLOBAL__N_14dataE.lto_priv.0
                0x02002790                _ZN2bn22hblank_effects_manager12_GLOBAL__N_113external_dataE.lto_priv.0
                0x020041d4                _ZN2bn16palettes_manager12_GLOBAL__N_14dataE.lto_priv.0
                0x02004f1c                _ZN2bn15display_manager12_GLOBAL__N_14dataE.lto_priv.0
                0x02004fc0                _ZN2bn11bgs_manager12_GLOBAL__N_14dataE.lto_priv.0
                0x0200526c                _ZN2bn13audio_manager12_GLOBAL__N_14dataE.lto_priv.0
                0x020053e0                _ZN2bn26sprite_affine_mats_manager12_GLOBAL__N_14dataE.lto_priv.0
                0x02005ca8                _ZN2bn15sprites_manager12_GLOBAL__N_14dataE.lto_priv.0
                0x020082f8                        . = ALIGN (0x4)
                0x020082f8                        __sbss_end__ = ABSOLUTE (.)
                0x020082f8                        __end__ = ABSOLUTE (.)
                0x020082f8                        __eheap_start = ABSOLUTE (.)

.pad            0x020082f8        0x8 load address 0x086bdc3c
                0x020082f8        0x4 LONG 0x52416b64
                0x020082fc        0x4 LONG 0x4d
                0x02008300                        . = ALIGN (0x4)
                0x086bdc44                        __rom_end__ = (__pad_lma + SIZEOF (.pad))

.rel.dyn        0x02008300        0x0 load address 0x086bdc44
 .rel.iplt      0x02008300        0x0 /opt/devkitpro/devkitARM/bin/../lib/gcc/arm-none-eabi/14.2.0/../../../../arm-none-eabi/lib/thumb/gba_crt0.o

.stab
 *(.stab)

.stabstr
 *(.stabstr)

.stab.excl
 *(.stab.excl)

.stab.exclstr
 *(.stab.exclstr)

.stab.index
 *(.stab.index)

.stab.indexstr
 *(.stab.indexstr)

.comment        0x00000000       0x23
 *(.comment)
 .comment       0x00000000       0x23 /opt/devkitpro/devkitARM/bin/../lib/gcc/arm-none-eabi/14.2.0/thumb/crtbegin.o
                                 0x24 (size before relaxing)
 .comment       0x00000023       0x24 /tmp/ccckFPEy.ltrans0.ltrans.o
 .comment       0x00000023       0x24 /tmp/ccckFPEy.ltrans1.ltrans.o
 .comment       0x00000023       0x24 /tmp/ccckFPEy.ltrans2.ltrans.o
 .comment       0x00000023       0x24 bn_sprites_manager.bn_iwram.o
 .comment       0x00000023       0x24 bn_hw_common.bn_noflto.o
 .comment       0x00000023       0x24 bn_hw_game_pak.bn_ewram.o
 .comment       0x00000023       0x24 bn_hw_palettes.bn_iwram.o
 .comment       0x00000023       0x24 /opt/devkitpro/devkitARM/bin/../lib/gcc/arm-none-eabi/14.2.0/thumb/crtend.o

.debug
 *(.debug)

.line
 *(.line)

.debug_srcinfo
 *(.debug_srcinfo)

.debug_sfnames
 *(.debug_sfnames)

.debug_aranges  0x00000000      0x5e8
 *(.debug_aranges)
 .debug_aranges
                0x00000000       0x28 /tmp/ccckFPEy.ltrans0.ltrans.o
 .debug_aranges
                0x00000028       0x20 /tmp/ccckFPEy.ltrans1.ltrans.o
 .debug_aranges
                0x00000048       0x20 /tmp/ccckFPEy.ltrans2.ltrans.o
 .debug_aranges
                0x00000068       0x30 bn_sprites_manager.bn_iwram.o
 .debug_aranges
                0x00000098       0x58 bn_hw_common.bn_noflto.o
 .debug_aranges
                0x000000f0       0x20 bn_hw_game_pak.bn_ewram.o
 .debug_aranges
                0x00000110       0x28 bn_hw_palettes.bn_iwram.o
 .debug_aranges
                0x00000138       0x20 bn_hw_bg_blocks.o
 .debug_aranges
                0x00000158       0x20 bn_hw_hblank_effects.o
 .debug_aranges
                0x00000178       0x20 bn_hw_palettes_asm.o
 .debug_aranges
                0x00000198       0x20 clr_blend_fast.o
 .debug_aranges
                0x000001b8       0x20 clr_fade_fast.o
 .debug_aranges
                0x000001d8      0x130 tonc_bios.o
 .debug_aranges
                0x00000308       0x28 tonc_memset.o
 .debug_aranges
                0x00000330       0x20 irq_handler.o
 .debug_aranges
                0x00000350       0x20 posprintf.o
 .debug_aranges
                0x00000370       0x38 lmul.o
 .debug_aranges
                0x000003a8       0x30 memcpy.o
 .debug_aranges
                0x000003d8       0x38 memmove.o
 .debug_aranges
                0x00000410       0x38 memset.o
 .debug_aranges
                0x00000448       0x28 rmemcpy.o
 .debug_aranges
                0x00000470       0x20 sdiv32.o
 .debug_aranges
                0x00000490       0x20 udiv32.o
 .debug_aranges
                0x000004b0       0x20 huffman.o
 .debug_aranges
                0x000004d0       0x20 lz77.o
 .debug_aranges
                0x000004f0       0x20 running_length.o
 .debug_aranges
                0x00000510       0x20 mm_effect.o
 .debug_aranges
                0x00000530       0x20 mm_main.o
 .debug_aranges
                0x00000550       0x28 mm_mas.o
 .debug_aranges
                0x00000578       0x20 mm_mas_arm.o
 .debug_aranges
                0x00000598       0x28 mm_main_gba.o
 .debug_aranges
                0x000005c0       0x28 mm_mixer_gba.o

.debug_pubnames
 *(.debug_pubnames)

.debug_info     0x00000000   0x1d6780
 *(.debug_info)
 .debug_info    0x00000000    0x299c5 /tmp/ccckFPEy.ltrans0.ltrans.o
 .debug_info    0x000299c5    0x1e455 /tmp/ccckFPEy.ltrans1.ltrans.o
 .debug_info    0x00047e1a     0xef31 /tmp/ccckFPEy.ltrans2.ltrans.o
 .debug_info    0x00056d4b    0x14068 /tmp/ccNG7qkZ.debug.temp.o
                0x00056d4b                main.cpp.bcba8e88
 .debug_info    0x0006adb3     0x96a3 /tmp/ccs2ZBY4.debug.temp.o
                0x0006adb3                bn_affine_bg_animate_actions.cpp.11aeb975
 .debug_info    0x00074456     0xdb21 /tmp/ccFGVX7C.debug.temp.o
                0x00074456                bn_audio_manager.cpp.8a093fcd
 .debug_info    0x00081f77     0x45a8 /tmp/cc1kxX0T.debug.temp.o
                0x00081f77                bn_best_fit_allocator.cpp.f5acdbf1
 .debug_info    0x0008651f    0x1c99a /tmp/ccrjqZhu.debug.temp.o
                0x0008651f                bn_bg_blocks_manager.cpp.0da4f6ca
 .debug_info    0x000a2eb9    0x1e88a /tmp/ccKp5mzA.debug.temp.o
                0x000a2eb9                bn_bgs_manager.cpp.10b20b90
 .debug_info    0x000c1743     0x4d11 /tmp/ccapwIxt.debug.temp.o
                0x000c1743                bn_cameras_manager.cpp.2a3ba223
 .debug_info    0x000c6454     0x64b3 /tmp/ccLB774S.debug.temp.o
                0x000c6454                bn_core.cpp.793b38b0
 .debug_info    0x000cc907    0x13e13 /tmp/ccATwyeA.debug.temp.o
                0x000cc907                bn_display_manager.cpp.93b61b01
 .debug_info    0x000e071a     0x4c6f /tmp/ccChcysz.debug.temp.o
                0x000e071a                bn_gpio_manager.cpp.85f1f9ad
 .debug_info    0x000e5389    0x39148 /tmp/cc5Onw0Y.debug.temp.o
                0x000e5389                bn_hblank_effects_manager.cpp.8d30ce25
 .debug_info    0x0011e4d1     0x1d27 /tmp/ccKRiey1.debug.temp.o
                0x0011e4d1                bn_hdma_manager.cpp.b12eefa9
 .debug_info    0x001201f8     0x4a03 /tmp/ccMrEvx5.debug.temp.o
                0x001201f8                bn_keypad_manager.cpp.4ef1dfa7
 .debug_info    0x00124bfb     0x4dbc /tmp/cc19agej.debug.temp.o
                0x00124bfb                bn_link_manager.cpp.0100fe37
 .debug_info    0x001299b7     0x4cb7 /tmp/ccTD9b8Z.debug.temp.o
                0x001299b7                bn_memory_manager.cpp.3aa7d198
 .debug_info    0x0012e66e     0xf0a6 /tmp/ccqyWWVy.debug.temp.o
                0x0012e66e                bn_palettes_manager.cpp.02677564
 .debug_info    0x0013d714     0xf973 /tmp/ccXi4r1N.debug.temp.o
                0x0013d714                bn_sprite_affine_mats_manager.cpp.9cb9f2f3
 .debug_info    0x0014d087     0x8e56 /tmp/ccKnWtyi.debug.temp.o
                0x0014d087                bn_sprite_animate_actions.cpp.3222f035
 .debug_info    0x00155edd    0x145e9 /tmp/ccMRgxJn.debug.temp.o
                0x00155edd                bn_sprite_text_generator.cpp.abf74b5e
 .debug_info    0x0016a4c6     0xde85 /tmp/ccFNoWVe.debug.temp.o
                0x0016a4c6                bn_sprite_tiles_manager.cpp.944a05dd
 .debug_info    0x0017834b    0x1a647 /tmp/ccB9QBaZ.debug.temp.o
                0x0017834b                bn_sprites_manager.cpp.c7b60fad
 .debug_info    0x00192992     0x5df9 /tmp/cc9KvV8R.debug.temp.o
                0x00192992                bn_sstream.cpp.9c858330
 .debug_info    0x0019878b    0x10961 /tmp/ccs9aTtH.debug.temp.o
                0x0019878b                bn_translation_unit.cpp.d7555b6c
 .debug_info    0x001a90ec     0x59a1 /tmp/cckeZG19.debug.temp.o
                0x001a90ec                bn_hw_audio.cpp.a036d408
 .debug_info    0x001aea8d     0x155e /tmp/ccCifl3d.debug.temp.o
                0x001aea8d                bn_hw_cstdlib.cpp.8cf22110
 .debug_info    0x001affeb     0x5b63 /tmp/cckBRCUd.debug.temp.o
                0x001affeb                bn_hw_link.cpp.041f5d43
 .debug_info    0x001b5b4e     0x49b3 /tmp/ccaEliym.debug.temp.o
                0x001b5b4e                bn_hw_palettes.cpp.e1e873d0
 .debug_info    0x001ba501     0x5f99 /tmp/ccQsz0iU.debug.temp.o
                0x001ba501                bn_hw_show.cpp.6c919bac
 .debug_info    0x001c049a      0x549 /tmp/ccc9XqQ9.debug.temp.o
                0x001c049a                bn_hw_sram.cpp.d11feadc
 .debug_info    0x001c09e3      0x6c7 /tmp/cceJDNcB.debug.temp.o
                0x001c09e3                bn_hw_system_font.cpp.4c2c2bae
 .debug_info    0x001c10aa     0x41c0 /tmp/cc3elpg4.debug.temp.o
                0x001c10aa                bn_hw_text.cpp.e80bf410
 .debug_info    0x001c526a      0x64e /tmp/ccE1YJjV.debug.temp.o
                0x001c526a                vgm.cpp.eed43fd0
 .debug_info    0x001c58b8      0x594 /tmp/ccA2fPS2.debug.temp.o
                0x001c58b8                tonc_color.c.e4b29b25
 .debug_info    0x001c5e4c      0x5e1 /tmp/ccx2fPGp.debug.temp.o
                0x001c5e4c                tonc_sbmp16.c.ec675078
 .debug_info    0x001c642d      0x596 /tmp/ccquQH2l.debug.temp.o
                0x001c642d                bmp16_drawg_b1cs.c.a23980bc
 .debug_info    0x001c69c3      0x4cf /tmp/ccj1mXrh.debug.temp.o
                0x001c69c3                tte_init_bmp.c.fdffdf9a
 .debug_info    0x001c6e92      0x9be /tmp/ccfgfASv.debug.temp.o
                0x001c6e92                tte_main.c.2ac10058
 .debug_info    0x001c7850      0x1b3 /tmp/ccAWCCpv.debug.temp.o
                0x001c7850                interrupts_gba.c.1e26a6b0
 .debug_info    0x001c7a03     0x119b /tmp/ccPkYudd.debug.temp.o
                0x001c7a03                gbt_player.c.ff52977e
 .debug_info    0x001c8b9e     0xa5b1 bn_sprites_manager.bn_iwram.o
 .debug_info    0x001d314f     0x19e4 bn_hw_common.bn_noflto.o
 .debug_info    0x001d4b33      0x614 bn_hw_game_pak.bn_ewram.o
 .debug_info    0x001d5147     0x1104 bn_hw_palettes.bn_iwram.o
 .debug_info    0x001d624b       0x23 bn_hw_bg_blocks.o
 .debug_info    0x001d626e       0x24 bn_hw_hblank_effects.o
 .debug_info    0x001d6292       0x23 bn_hw_palettes_asm.o
 .debug_info    0x001d62b5       0x30 clr_blend_fast.o
 .debug_info    0x001d62e5       0x23 clr_fade_fast.o
 .debug_info    0x001d6308      0x1c8 tonc_bios.o
 .debug_info    0x001d64d0       0x3a tonc_memset.o
 .debug_info    0x001d650a       0x24 irq_handler.o
 .debug_info    0x001d652e       0x24 posprintf.o
 .debug_info    0x001d6552       0x22 lmul.o
 .debug_info    0x001d6574       0x22 memcpy.o
 .debug_info    0x001d6596       0x22 memmove.o
 .debug_info    0x001d65b8       0x22 memset.o
 .debug_info    0x001d65da       0x22 rmemcpy.o
 .debug_info    0x001d65fc       0x23 sdiv32.o
 .debug_info    0x001d661f       0x24 udiv32.o
 .debug_info    0x001d6643       0x24 huffman.o
 .debug_info    0x001d6667       0x24 lz77.o
 .debug_info    0x001d668b       0x24 running_length.o
 .debug_info    0x001d66af       0x24 mm_effect.o
 .debug_info    0x001d66d3       0x23 mm_main.o
 .debug_info    0x001d66f6       0x22 mm_mas.o
 .debug_info    0x001d6718       0x24 mm_mas_arm.o
 .debug_info    0x001d673c       0x22 mm_main_gba.o
 .debug_info    0x001d675e       0x22 mm_mixer_gba.o

.debug_abbrev   0x00000000    0x174a9
 *(.debug_abbrev)
 .debug_abbrev  0x00000000      0x367 /tmp/ccckFPEy.ltrans0.ltrans.o
 .debug_abbrev  0x00000367      0x365 /tmp/ccckFPEy.ltrans1.ltrans.o
 .debug_abbrev  0x000006cc      0x243 /tmp/ccckFPEy.ltrans2.ltrans.o
 .debug_abbrev  0x0000090f      0xeb1 /tmp/ccNG7qkZ.debug.temp.o
 .debug_abbrev  0x000017c0      0xa09 /tmp/ccs2ZBY4.debug.temp.o
 .debug_abbrev  0x000021c9      0xde4 /tmp/ccFGVX7C.debug.temp.o
 .debug_abbrev  0x00002fad      0x882 /tmp/cc1kxX0T.debug.temp.o
 .debug_abbrev  0x0000382f      0xdd0 /tmp/ccrjqZhu.debug.temp.o
 .debug_abbrev  0x000045ff     0x10f6 /tmp/ccKp5mzA.debug.temp.o
 .debug_abbrev  0x000056f5      0x9f8 /tmp/ccapwIxt.debug.temp.o
 .debug_abbrev  0x000060ed      0xb46 /tmp/ccLB774S.debug.temp.o
 .debug_abbrev  0x00006c33      0xcb1 /tmp/ccATwyeA.debug.temp.o
 .debug_abbrev  0x000078e4      0x921 /tmp/ccChcysz.debug.temp.o
 .debug_abbrev  0x00008205     0x1054 /tmp/cc5Onw0Y.debug.temp.o
 .debug_abbrev  0x00009259      0x606 /tmp/ccKRiey1.debug.temp.o
 .debug_abbrev  0x0000985f      0x8b3 /tmp/ccMrEvx5.debug.temp.o
 .debug_abbrev  0x0000a112      0x991 /tmp/cc19agej.debug.temp.o
 .debug_abbrev  0x0000aaa3      0x910 /tmp/ccTD9b8Z.debug.temp.o
 .debug_abbrev  0x0000b3b3      0xdc2 /tmp/ccqyWWVy.debug.temp.o
 .debug_abbrev  0x0000c175      0xead /tmp/ccXi4r1N.debug.temp.o
 .debug_abbrev  0x0000d022      0x9c1 /tmp/ccKnWtyi.debug.temp.o
 .debug_abbrev  0x0000d9e3      0xcab /tmp/ccMRgxJn.debug.temp.o
 .debug_abbrev  0x0000e68e      0xdee /tmp/ccFNoWVe.debug.temp.o
 .debug_abbrev  0x0000f47c      0xeea /tmp/ccB9QBaZ.debug.temp.o
 .debug_abbrev  0x00010366      0x79e /tmp/cc9KvV8R.debug.temp.o
 .debug_abbrev  0x00010b04      0xcbf /tmp/ccs9aTtH.debug.temp.o
 .debug_abbrev  0x000117c3      0xb98 /tmp/cckeZG19.debug.temp.o
 .debug_abbrev  0x0001235b      0x519 /tmp/ccCifl3d.debug.temp.o
 .debug_abbrev  0x00012874      0x9dc /tmp/cckBRCUd.debug.temp.o
 .debug_abbrev  0x00013250      0x7d4 /tmp/ccaEliym.debug.temp.o
 .debug_abbrev  0x00013a24      0x9c8 /tmp/ccQsz0iU.debug.temp.o
 .debug_abbrev  0x000143ec      0x192 /tmp/ccc9XqQ9.debug.temp.o
 .debug_abbrev  0x0001457e      0x228 /tmp/cceJDNcB.debug.temp.o
 .debug_abbrev  0x000147a6      0x70d /tmp/cc3elpg4.debug.temp.o
 .debug_abbrev  0x00014eb3      0x1a4 /tmp/ccE1YJjV.debug.temp.o
 .debug_abbrev  0x00015057       0xf4 /tmp/ccA2fPS2.debug.temp.o
 .debug_abbrev  0x0001514b      0x1c6 /tmp/ccx2fPGp.debug.temp.o
 .debug_abbrev  0x00015311      0x174 /tmp/ccquQH2l.debug.temp.o
 .debug_abbrev  0x00015485      0x1b1 /tmp/ccj1mXrh.debug.temp.o
 .debug_abbrev  0x00015636      0x266 /tmp/ccfgfASv.debug.temp.o
 .debug_abbrev  0x0001589c       0xed /tmp/ccAWCCpv.debug.temp.o
 .debug_abbrev  0x00015989      0x187 /tmp/ccPkYudd.debug.temp.o
 .debug_abbrev  0x00015b10      0xabc bn_sprites_manager.bn_iwram.o
 .debug_abbrev  0x000165cc      0x606 bn_hw_common.bn_noflto.o
 .debug_abbrev  0x00016bd2      0x1e0 bn_hw_game_pak.bn_ewram.o
 .debug_abbrev  0x00016db2      0x4db bn_hw_palettes.bn_iwram.o
 .debug_abbrev  0x0001728d       0x14 bn_hw_bg_blocks.o
 .debug_abbrev  0x000172a1       0x14 bn_hw_hblank_effects.o
 .debug_abbrev  0x000172b5       0x14 bn_hw_palettes_asm.o
 .debug_abbrev  0x000172c9       0x28 clr_blend_fast.o
 .debug_abbrev  0x000172f1       0x14 clr_fade_fast.o
 .debug_abbrev  0x00017305       0x26 tonc_bios.o
 .debug_abbrev  0x0001732b       0x26 tonc_memset.o
 .debug_abbrev  0x00017351       0x14 irq_handler.o
 .debug_abbrev  0x00017365       0x14 posprintf.o
 .debug_abbrev  0x00017379       0x12 lmul.o
 .debug_abbrev  0x0001738b       0x12 memcpy.o
 .debug_abbrev  0x0001739d       0x12 memmove.o
 .debug_abbrev  0x000173af       0x12 memset.o
 .debug_abbrev  0x000173c1       0x12 rmemcpy.o
 .debug_abbrev  0x000173d3       0x14 sdiv32.o
 .debug_abbrev  0x000173e7       0x14 udiv32.o
 .debug_abbrev  0x000173fb       0x14 huffman.o
 .debug_abbrev  0x0001740f       0x14 lz77.o
 .debug_abbrev  0x00017423       0x14 running_length.o
 .debug_abbrev  0x00017437       0x14 mm_effect.o
 .debug_abbrev  0x0001744b       0x14 mm_main.o
 .debug_abbrev  0x0001745f       0x12 mm_mas.o
 .debug_abbrev  0x00017471       0x14 mm_mas_arm.o
 .debug_abbrev  0x00017485       0x12 mm_main_gba.o
 .debug_abbrev  0x00017497       0x12 mm_mixer_gba.o

.debug_line     0x00000000    0x45603
 *(.debug_line)
 .debug_line    0x00000000    0x165ff /tmp/ccckFPEy.ltrans0.ltrans.o
 .debug_line    0x000165ff    0x10ed0 /tmp/ccckFPEy.ltrans1.ltrans.o
 .debug_line    0x000274cf     0x6866 /tmp/ccckFPEy.ltrans2.ltrans.o
 .debug_line    0x0002dd35      0xe13 /tmp/ccNG7qkZ.debug.temp.o
 .debug_line    0x0002eb48      0x750 /tmp/ccs2ZBY4.debug.temp.o
 .debug_line    0x0002f298      0x9cd /tmp/ccFGVX7C.debug.temp.o
 .debug_line    0x0002fc65      0x627 /tmp/cc1kxX0T.debug.temp.o
 .debug_line    0x0003028c      0xbc3 /tmp/ccrjqZhu.debug.temp.o
 .debug_line    0x00030e4f      0xdda /tmp/ccKp5mzA.debug.temp.o
 .debug_line    0x00031c29      0x713 /tmp/ccapwIxt.debug.temp.o
 .debug_line    0x0003233c      0xae4 /tmp/ccLB774S.debug.temp.o
 .debug_line    0x00032e20      0xd08 /tmp/ccATwyeA.debug.temp.o
 .debug_line    0x00033b28      0x74b /tmp/ccChcysz.debug.temp.o
 .debug_line    0x00034273     0x1f6d /tmp/cc5Onw0Y.debug.temp.o
 .debug_line    0x000361e0      0x60c /tmp/ccKRiey1.debug.temp.o
 .debug_line    0x000367ec      0x6d8 /tmp/ccMrEvx5.debug.temp.o
 .debug_line    0x00036ec4      0x7f6 /tmp/cc19agej.debug.temp.o
 .debug_line    0x000376ba      0x894 /tmp/ccTD9b8Z.debug.temp.o
 .debug_line    0x00037f4e      0xb04 /tmp/ccqyWWVy.debug.temp.o
 .debug_line    0x00038a52      0xb02 /tmp/ccXi4r1N.debug.temp.o
 .debug_line    0x00039554      0x6e9 /tmp/ccKnWtyi.debug.temp.o
 .debug_line    0x00039c3d      0xa16 /tmp/ccMRgxJn.debug.temp.o
 .debug_line    0x0003a653      0x971 /tmp/ccFNoWVe.debug.temp.o
 .debug_line    0x0003afc4      0xcc1 /tmp/ccB9QBaZ.debug.temp.o
 .debug_line    0x0003bc85      0x650 /tmp/cc9KvV8R.debug.temp.o
 .debug_line    0x0003c2d5      0xb6d /tmp/ccs9aTtH.debug.temp.o
 .debug_line    0x0003ce42      0x950 /tmp/cckeZG19.debug.temp.o
 .debug_line    0x0003d792      0x474 /tmp/ccCifl3d.debug.temp.o
 .debug_line    0x0003dc06      0x792 /tmp/cckBRCUd.debug.temp.o
 .debug_line    0x0003e398      0x6e9 /tmp/ccaEliym.debug.temp.o
 .debug_line    0x0003ea81      0x88c /tmp/ccQsz0iU.debug.temp.o
 .debug_line    0x0003f30d      0x381 /tmp/ccc9XqQ9.debug.temp.o
 .debug_line    0x0003f68e      0x335 /tmp/cceJDNcB.debug.temp.o
 .debug_line    0x0003f9c3      0x6b2 /tmp/cc3elpg4.debug.temp.o
 .debug_line    0x00040075      0x258 /tmp/ccE1YJjV.debug.temp.o
 .debug_line    0x000402cd      0x11d /tmp/ccA2fPS2.debug.temp.o
 .debug_line    0x000403ea      0x120 /tmp/ccx2fPGp.debug.temp.o
 .debug_line    0x0004050a      0x128 /tmp/ccquQH2l.debug.temp.o
 .debug_line    0x00040632      0x124 /tmp/ccj1mXrh.debug.temp.o
 .debug_line    0x00040756      0x169 /tmp/ccfgfASv.debug.temp.o
 .debug_line    0x000408bf      0x192 /tmp/ccAWCCpv.debug.temp.o
 .debug_line    0x00040a51      0x196 /tmp/ccPkYudd.debug.temp.o
 .debug_line    0x00040be7     0x102d bn_sprites_manager.bn_iwram.o
 .debug_line    0x00041c14      0x69b bn_hw_common.bn_noflto.o
 .debug_line    0x000422af      0x52b bn_hw_game_pak.bn_ewram.o
 .debug_line    0x000427da      0x76c bn_hw_palettes.bn_iwram.o
 .debug_line    0x00042f46       0xac bn_hw_bg_blocks.o
 .debug_line    0x00042ff2       0xc5 bn_hw_hblank_effects.o
 .debug_line    0x000430b7       0x9c bn_hw_palettes_asm.o
 .debug_line    0x00043153       0xbc clr_blend_fast.o
 .debug_line    0x0004320f       0xbb clr_fade_fast.o
 .debug_line    0x000432ca      0x2d7 tonc_bios.o
 .debug_line    0x000435a1       0xda tonc_memset.o
 .debug_line    0x0004367b       0xf7 irq_handler.o
 .debug_line    0x00043772      0x1d1 posprintf.o
 .debug_line    0x00043943       0xd7 lmul.o
 .debug_line    0x00043a1a       0xed memcpy.o
 .debug_line    0x00043b07       0xcd memmove.o
 .debug_line    0x00043bd4       0xf7 memset.o
 .debug_line    0x00043ccb       0xda rmemcpy.o
 .debug_line    0x00043da5       0xa8 sdiv32.o
 .debug_line    0x00043e4d      0x111 udiv32.o
 .debug_line    0x00043f5e       0xc4 huffman.o
 .debug_line    0x00044022      0x10a lz77.o
 .debug_line    0x0004412c       0xe2 running_length.o
 .debug_line    0x0004420e      0x233 mm_effect.o
 .debug_line    0x00044441       0xa4 mm_main.o
 .debug_line    0x000444e5      0xa93 mm_mas.o
 .debug_line    0x00044f78      0x219 mm_mas_arm.o
 .debug_line    0x00045191      0x137 mm_main_gba.o
 .debug_line    0x000452c8      0x33b mm_mixer_gba.o

.debug_frame    0x00000000     0x1c20
 *(.debug_frame)
 .debug_frame   0x00000000      0x5e0 /tmp/ccckFPEy.ltrans0.ltrans.o
 .debug_frame   0x000005e0      0xcc0 /tmp/ccckFPEy.ltrans1.ltrans.o
 .debug_frame   0x000012a0      0x784 /tmp/ccckFPEy.ltrans2.ltrans.o
 .debug_frame   0x00001a24       0x94 bn_sprites_manager.bn_iwram.o
 .debug_frame   0x00001ab8       0xec bn_hw_common.bn_noflto.o
 .debug_frame   0x00001ba4       0x34 bn_hw_game_pak.bn_ewram.o
 .debug_frame   0x00001bd8       0x48 bn_hw_palettes.bn_iwram.o

.debug_str      0x00000000    0x96e7c
 *(.debug_str)
 .debug_str     0x00000000      0x684 /tmp/ccckFPEy.ltrans0.ltrans.o
 .debug_str     0x00000000      0x637 /tmp/ccckFPEy.ltrans1.ltrans.o
 .debug_str     0x00000000      0xd1b /tmp/ccckFPEy.ltrans2.ltrans.o
 .debug_str     0x00000000    0x14586 /tmp/ccNG7qkZ.debug.temp.o
 .debug_str     0x00000000     0x9440 /tmp/ccs2ZBY4.debug.temp.o
 .debug_str     0x00000000     0xbcd9 /tmp/ccFGVX7C.debug.temp.o
 .debug_str     0x00000000     0x2a45 /tmp/cc1kxX0T.debug.temp.o
 .debug_str     0x00000000    0x16429 /tmp/ccrjqZhu.debug.temp.o
 .debug_str     0x00000000    0x1b593 /tmp/ccKp5mzA.debug.temp.o
 .debug_str     0x00000000     0x3d30 /tmp/ccapwIxt.debug.temp.o
 .debug_str     0x00000000     0x552d /tmp/ccLB774S.debug.temp.o
 .debug_str     0x00000000    0x16be7 /tmp/ccATwyeA.debug.temp.o
 .debug_str     0x00000000     0x32ac /tmp/ccChcysz.debug.temp.o
 .debug_str     0x00000000    0x4a100 /tmp/cc5Onw0Y.debug.temp.o
 .debug_str     0x00000000     0x165c /tmp/ccKRiey1.debug.temp.o
 .debug_str     0x00000000     0x380b /tmp/ccMrEvx5.debug.temp.o
 .debug_str     0x00000000     0x3b30 /tmp/cc19agej.debug.temp.o
 .debug_str     0x00000000     0x3204 /tmp/ccTD9b8Z.debug.temp.o
 .debug_str     0x00000000     0xc478 /tmp/ccqyWWVy.debug.temp.o
 .debug_str     0x00000000     0xf51d /tmp/ccXi4r1N.debug.temp.o
 .debug_str     0x00000000     0x82cc /tmp/ccKnWtyi.debug.temp.o
 .debug_str     0x00000000    0x102ad /tmp/ccMRgxJn.debug.temp.o
 .debug_str     0x00000000     0xb521 /tmp/ccFNoWVe.debug.temp.o
 .debug_str     0x00000000    0x18510 /tmp/ccB9QBaZ.debug.temp.o
 .debug_str     0x00000000     0x3dd9 /tmp/cc9KvV8R.debug.temp.o
 .debug_str     0x00000000     0xc016 /tmp/ccs9aTtH.debug.temp.o
 .debug_str     0x00000000     0x3438 /tmp/cckeZG19.debug.temp.o
 .debug_str     0x00000000     0x1101 /tmp/ccCifl3d.debug.temp.o
 .debug_str     0x00000000     0x45ec /tmp/cckBRCUd.debug.temp.o
 .debug_str     0x00000000     0x2c0c /tmp/ccaEliym.debug.temp.o
 .debug_str     0x00000000     0x4044 /tmp/ccQsz0iU.debug.temp.o
 .debug_str     0x00000000      0x5b1 /tmp/ccc9XqQ9.debug.temp.o
 .debug_str     0x00000000      0x617 /tmp/cceJDNcB.debug.temp.o
 .debug_str     0x00000000     0x2a07 /tmp/cc3elpg4.debug.temp.o
 .debug_str     0x00000000      0x605 /tmp/ccE1YJjV.debug.temp.o
 .debug_str     0x00000000      0x2f5 /tmp/ccA2fPS2.debug.temp.o
 .debug_str     0x00000000      0x33b /tmp/ccx2fPGp.debug.temp.o
 .debug_str     0x00000000      0x384 /tmp/ccquQH2l.debug.temp.o
 .debug_str     0x00000000      0x3b2 /tmp/ccj1mXrh.debug.temp.o
 .debug_str     0x00000000      0x5b5 /tmp/ccfgfASv.debug.temp.o
 .debug_str     0x00000000      0x360 /tmp/ccAWCCpv.debug.temp.o
 .debug_str     0x00000000      0xaf0 /tmp/ccPkYudd.debug.temp.o
 .debug_str     0x00000000    0x96e7c bn_sprites_manager.bn_iwram.o
                               0xb5c5 (size before relaxing)
 .debug_str     0x00096e7c     0x11c4 bn_hw_common.bn_noflto.o
 .debug_str     0x00096e7c      0x5f9 bn_hw_game_pak.bn_ewram.o
 .debug_str     0x00096e7c      0x983 bn_hw_palettes.bn_iwram.o
 .debug_str     0x00096e7c       0xb0 bn_hw_bg_blocks.o
 .debug_str     0x00096e7c       0xb5 bn_hw_hblank_effects.o
 .debug_str     0x00096e7c       0xb3 bn_hw_palettes_asm.o
 .debug_str     0x00096e7c       0xd0 clr_blend_fast.o
 .debug_str     0x00096e7c       0xc0 clr_fade_fast.o
 .debug_str     0x00096e7c      0x274 tonc_bios.o
 .debug_str     0x00096e7c       0xd0 tonc_memset.o
 .debug_str     0x00096e7c       0xbe irq_handler.o
 .debug_str     0x00096e7c       0xbe posprintf.o
 .debug_str     0x00096e7c       0xb6 lmul.o
 .debug_str     0x00096e7c       0xb8 memcpy.o
 .debug_str     0x00096e7c       0xb9 memmove.o
 .debug_str     0x00096e7c       0xb8 memset.o
 .debug_str     0x00096e7c       0xb9 rmemcpy.o
 .debug_str     0x00096e7c       0xbc sdiv32.o
 .debug_str     0x00096e7c       0xbc udiv32.o
 .debug_str     0x00096e7c       0xc3 huffman.o
 .debug_str     0x00096e7c       0xc0 lz77.o
 .debug_str     0x00096e7c       0xca running_length.o
 .debug_str     0x00096e7c       0xbe mm_effect.o
 .debug_str     0x00096e7c       0xbc mm_main.o
 .debug_str     0x00096e7c       0xbb mm_mas.o
 .debug_str     0x00096e7c       0xbf mm_mas_arm.o
 .debug_str     0x00096e7c       0xc4 mm_main_gba.o
 .debug_str     0x00096e7c       0xc5 mm_mixer_gba.o

.debug_loc      0x00000000    0x6fb37
 *(.debug_loc)
 .debug_loc     0x00000000    0x38c93 /tmp/ccckFPEy.ltrans0.ltrans.o
 .debug_loc     0x00038c93    0x248d6 /tmp/ccckFPEy.ltrans1.ltrans.o
 .debug_loc     0x0005d569    0x11291 /tmp/ccckFPEy.ltrans2.ltrans.o
 .debug_loc     0x0006e7fa      0xbc1 bn_sprites_manager.bn_iwram.o
 .debug_loc     0x0006f3bb      0x309 bn_hw_common.bn_noflto.o
 .debug_loc     0x0006f6c4      0x102 bn_hw_game_pak.bn_ewram.o
 .debug_loc     0x0006f7c6      0x371 bn_hw_palettes.bn_iwram.o

.debug_macinfo
 *(.debug_macinfo)

.debug_weaknames
 *(.debug_weaknames)

.debug_funcnames
 *(.debug_funcnames)

.debug_typenames
 *(.debug_typenames)

.debug_varnames
 *(.debug_varnames)

.stack          0x00080000        0x0
                0x00080000                        _stack = .
 *(.stack)

.note.gnu.arm.ident
 *(.note.gnu.arm.ident)

.ARM.attributes
                0x00000000       0x2c
 *(.ARM.attributes)
 .ARM.attributes
                0x00000000       0x20 /opt/devkitpro/devkitARM/bin/../lib/gcc/arm-none-eabi/14.2.0/../../../../arm-none-eabi/lib/thumb/gba_crt0.o
 .ARM.attributes
                0x00000020       0x1c /opt/devkitpro/devkitARM/bin/../lib/gcc/arm-none-eabi/14.2.0/thumb/crti.o
 .ARM.attributes
                0x0000003c       0x2a /opt/devkitpro/devkitARM/bin/../lib/gcc/arm-none-eabi/14.2.0/thumb/crtbegin.o
 .ARM.attributes
                0x00000066       0x1a _bn_audio_soundbank.bin.o
 .ARM.attributes
                0x00000080       0x1a beryl_bn_gfx.o
 .ARM.attributes
                0x0000009a       0x1a bg_berylsroom_bn_gfx.o
 .ARM.attributes
                0x000000b4       0x1a bg_class_bn_gfx.o
 .ARM.attributes
                0x000000ce       0x1a bg_conbini_bn_gfx.o
 .ARM.attributes
                0x000000e8       0x1a bg_grass_bn_gfx.o
 .ARM.attributes
                0x00000102       0x1a bg_mirror_bn_gfx.o
 .ARM.attributes
                0x0000011c       0x1a bg_mirror2_bn_gfx.o
 .ARM.attributes
                0x00000136       0x1a bg_question_bn_gfx.o
 .ARM.attributes
                0x00000150       0x1a bg_scary_bn_gfx.o
 .ARM.attributes
                0x0000016a       0x1a bg_theatre_bn_gfx.o
 .ARM.attributes
                0x00000184       0x1a c0101_bn_gfx.o
 .ARM.attributes
                0x0000019e       0x1a c0102_bn_gfx.o
 .ARM.attributes
                0x000001b8       0x1a c0103_bn_gfx.o
 .ARM.attributes
                0x000001d2       0x1a c0201_bn_gfx.o
 .ARM.attributes
                0x000001ec       0x1a c0202_bn_gfx.o
 .ARM.attributes
                0x00000206       0x1a c0203_bn_gfx.o
 .ARM.attributes
                0x00000220       0x1a castor_bn_gfx.o
 .ARM.attributes
                0x0000023a       0x1a chair_bn_gfx.o
 .ARM.attributes
                0x00000254       0x1a dialogue_back_bn_gfx.o
 .ARM.attributes
                0x0000026e       0x1a font_bn_gfx.o
 .ARM.attributes
                0x00000288       0x1a gas_station_bn_gfx.o
 .ARM.attributes
                0x000002a2       0x1a grass_bn_gfx.o
 .ARM.attributes
                0x000002bc       0x1a rake01_bn_gfx.o
 .ARM.attributes
                0x000002d6       0x1a sign_bn_gfx.o
 .ARM.attributes
                0x000002f0       0x1a spr_chair_bn_gfx.o
 .ARM.attributes
                0x0000030a       0x1a spr_conbini_bn_gfx.o
 .ARM.attributes
                0x00000324       0x1a spr_text_bn_gfx.o
 .ARM.attributes
                0x0000033e       0x1a star_bn_gfx.o
 .ARM.attributes
                0x00000358       0x1a starsbackground_bn_gfx.o
 .ARM.attributes
                0x00000372       0x1a thx_bn_gfx.o
 .ARM.attributes
                0x0000038c       0x1a ui_bubble_bn_gfx.o
 .ARM.attributes
                0x000003a6       0x28 /tmp/ccckFPEy.ltrans0.ltrans.o
 .ARM.attributes
                0x000003ce       0x28 /tmp/ccckFPEy.ltrans1.ltrans.o
 .ARM.attributes
                0x000003f6       0x28 /tmp/ccckFPEy.ltrans2.ltrans.o
 .ARM.attributes
                0x0000041e       0x26 bn_sprites_manager.bn_iwram.o
 .ARM.attributes
                0x00000444       0x26 bn_hw_common.bn_noflto.o
 .ARM.attributes
                0x0000046a       0x26 bn_hw_game_pak.bn_ewram.o
 .ARM.attributes
                0x00000490       0x26 bn_hw_palettes.bn_iwram.o
 .ARM.attributes
                0x000004b6       0x26 bn_hw_sprite_tiles.bn_iwram.o
 .ARM.attributes
                0x000004dc       0x26 bn_hw_sram.bn_ewram.o
 .ARM.attributes
                0x00000502       0x1a bn_hw_bg_blocks.o
 .ARM.attributes
                0x0000051c       0x1a bn_hw_core.o
 .ARM.attributes
                0x00000536       0x1a bn_hw_hblank_effects.o
 .ARM.attributes
                0x00000550       0x1a bn_hw_palettes_asm.o
 .ARM.attributes
                0x0000056a       0x1a clr_blend_fast.o
 .ARM.attributes
                0x00000584       0x1a clr_fade_fast.o
 .ARM.attributes
                0x0000059e       0x1a tonc_bios.o
 .ARM.attributes
                0x000005b8       0x1a tonc_memset.o
 .ARM.attributes
                0x000005d2       0x1a tonc_nocash.o
 .ARM.attributes
                0x000005ec       0x1a verdana9.o
 .ARM.attributes
                0x00000606       0x1a irq_handler.o
 .ARM.attributes
                0x00000620       0x1a posprintf.o
 .ARM.attributes
                0x0000063a       0x1a atan2.o
 .ARM.attributes
                0x00000654       0x1a coroutine_asm.o
 .ARM.attributes
                0x0000066e       0x1a fiq_memcpy.o
 .ARM.attributes
                0x00000688       0x1a lmul.o
 .ARM.attributes
                0x000006a2       0x1a memcpy.o
 .ARM.attributes
                0x000006bc       0x1a memmove.o
 .ARM.attributes
                0x000006d6       0x1a memset.o
 .ARM.attributes
                0x000006f0       0x1a rmemcpy.o
 .ARM.attributes
                0x0000070a       0x1a clz.o
 .ARM.attributes
                0x00000724       0x1a sdiv32.o
 .ARM.attributes
                0x0000073e       0x1a sqrt32.o
 .ARM.attributes
                0x00000758       0x1a udiv32.o
 .ARM.attributes
                0x00000772       0x1a huffman.o
 .ARM.attributes
                0x0000078c       0x1a lz77.o
 .ARM.attributes
                0x000007a6       0x1a running_length.o
 .ARM.attributes
                0x000007c0       0x1a mm_effect.o
 .ARM.attributes
                0x000007da       0x1a mm_main.o
 .ARM.attributes
                0x000007f4       0x1a mm_mas.o
 .ARM.attributes
                0x0000080e       0x1a mm_mas_arm.o
 .ARM.attributes
                0x00000828       0x1a mm_init_default.o
 .ARM.attributes
                0x00000842       0x1a mm_main_gba.o
 .ARM.attributes
                0x0000085c       0x1a mm_mixer_gba.o
 .ARM.attributes
                0x00000876       0x1c /opt/devkitpro/devkitARM/bin/../lib/gcc/arm-none-eabi/14.2.0/thumb/libgcc.a(_call_via_rX.o)
 .ARM.attributes
                0x00000892       0x1c /opt/devkitpro/devkitARM/bin/../lib/gcc/arm-none-eabi/14.2.0/thumb/libgcc.a(_sync_none.o)
 .ARM.attributes
                0x000008ae       0x1c /opt/devkitpro/devkitARM/bin/../lib/gcc/arm-none-eabi/14.2.0/thumb/libgcc.a(_arm_muldf3.o)
 .ARM.attributes
                0x000008ca       0x1c /opt/devkitpro/devkitARM/bin/../lib/gcc/arm-none-eabi/14.2.0/thumb/libgcc.a(_arm_addsubdf3.o)
 .ARM.attributes
                0x000008e6       0x1c /opt/devkitpro/devkitARM/bin/../lib/gcc/arm-none-eabi/14.2.0/thumb/libgcc.a(_arm_fixdfsi.o)
 .ARM.attributes
                0x00000902       0x2a /opt/devkitpro/devkitARM/bin/../lib/gcc/arm-none-eabi/14.2.0/thumb/crtend.o
 .ARM.attributes
                0x0000092c       0x1c /opt/devkitpro/devkitARM/bin/../lib/gcc/arm-none-eabi/14.2.0/thumb/crtn.o

/DISCARD/
 *(.note.GNU-stack)
LOAD /opt/devkitpro/devkitARM/bin/../lib/gcc/arm-none-eabi/14.2.0/../../../../arm-none-eabi/lib/thumb/gba_crt0.o
LOAD /opt/devkitpro/devkitARM/bin/../lib/gcc/arm-none-eabi/14.2.0/thumb/crti.o
LOAD /opt/devkitpro/devkitARM/bin/../lib/gcc/arm-none-eabi/14.2.0/thumb/crtbegin.o
LOAD _bn_audio_soundbank.bin.o
LOAD beryl_bn_gfx.o
LOAD bg_berylsroom_bn_gfx.o
LOAD bg_class_bn_gfx.o
LOAD bg_conbini_bn_gfx.o
LOAD bg_grass_bn_gfx.o
LOAD bg_mirror_bn_gfx.o
LOAD bg_mirror2_bn_gfx.o
LOAD bg_question_bn_gfx.o
LOAD bg_scary_bn_gfx.o
LOAD bg_theatre_bn_gfx.o
LOAD c0101_bn_gfx.o
LOAD c0102_bn_gfx.o
LOAD c0103_bn_gfx.o
LOAD c0201_bn_gfx.o
LOAD c0202_bn_gfx.o
LOAD c0203_bn_gfx.o
LOAD castor_bn_gfx.o
LOAD chair_bn_gfx.o
LOAD dialogue_back_bn_gfx.o
LOAD font_bn_gfx.o
LOAD gas_station_bn_gfx.o
LOAD grass_bn_gfx.o
LOAD rake01_bn_gfx.o
LOAD sign_bn_gfx.o
LOAD spr_chair_bn_gfx.o
LOAD spr_conbini_bn_gfx.o
LOAD spr_text_bn_gfx.o
LOAD star_bn_gfx.o
LOAD starsbackground_bn_gfx.o
LOAD thx_bn_gfx.o
LOAD ui_bubble_bn_gfx.o
LOAD main.o
LOAD /tmp/ccckFPEy.ltrans0.ltrans.o
LOAD /tmp/ccckFPEy.ltrans1.ltrans.o
LOAD /tmp/ccckFPEy.ltrans2.ltrans.o
LOAD /tmp/ccNG7qkZ.debug.temp.o
LOAD /tmp/ccs2ZBY4.debug.temp.o
LOAD /tmp/ccFGVX7C.debug.temp.o
LOAD /tmp/cc1kxX0T.debug.temp.o
LOAD /tmp/ccrjqZhu.debug.temp.o
LOAD /tmp/ccKp5mzA.debug.temp.o
LOAD /tmp/ccapwIxt.debug.temp.o
LOAD /tmp/ccLB774S.debug.temp.o
LOAD /tmp/ccATwyeA.debug.temp.o
LOAD /tmp/ccChcysz.debug.temp.o
LOAD /tmp/cc5Onw0Y.debug.temp.o
LOAD /tmp/ccKRiey1.debug.temp.o
LOAD /tmp/ccMrEvx5.debug.temp.o
LOAD /tmp/cc19agej.debug.temp.o
LOAD /tmp/ccTD9b8Z.debug.temp.o
LOAD /tmp/ccqyWWVy.debug.temp.o
LOAD /tmp/cctohGNn.debug.temp.o
LOAD /tmp/ccXegbtF.debug.temp.o
LOAD /tmp/ccXi4r1N.debug.temp.o
LOAD /tmp/ccKnWtyi.debug.temp.o
LOAD /tmp/ccMRgxJn.debug.temp.o
LOAD /tmp/ccFNoWVe.debug.temp.o
LOAD /tmp/ccB9QBaZ.debug.temp.o
LOAD /tmp/cc9KvV8R.debug.temp.o
LOAD /tmp/ccs9aTtH.debug.temp.o
LOAD /tmp/cckeZG19.debug.temp.o
LOAD /tmp/ccCifl3d.debug.temp.o
LOAD /tmp/cc8OENl6.debug.temp.o
LOAD /tmp/cckBRCUd.debug.temp.o
LOAD /tmp/ccmO1vPH.debug.temp.o
LOAD /tmp/ccaEliym.debug.temp.o
LOAD /tmp/ccQsz0iU.debug.temp.o
LOAD /tmp/ccc9XqQ9.debug.temp.o
LOAD /tmp/cceJDNcB.debug.temp.o
LOAD /tmp/cc3elpg4.debug.temp.o
LOAD /tmp/ccE1YJjV.debug.temp.o
LOAD /tmp/ccA2fPS2.debug.temp.o
LOAD /tmp/ccx2fPGp.debug.temp.o
LOAD /tmp/ccVapxJU.debug.temp.o
LOAD /tmp/ccyyQ5dC.debug.temp.o
LOAD /tmp/ccTDVp0p.debug.temp.o
LOAD /tmp/ccquQH2l.debug.temp.o
LOAD /tmp/ccj1mXrh.debug.temp.o
LOAD /tmp/ccfgfASv.debug.temp.o
LOAD /tmp/ccAWCCpv.debug.temp.o
LOAD /tmp/cc3djinF.debug.temp.o
LOAD /tmp/ccDjLldq.debug.temp.o
LOAD /tmp/ccPkYudd.debug.temp.o
LOAD bn_affine_bg_animate_actions.o
LOAD bn_audio_manager.o
LOAD bn_best_fit_allocator.o
LOAD bn_bg_blocks_manager.o
LOAD bn_bgs_manager.o
LOAD bn_cameras_manager.o
LOAD bn_core.o
LOAD bn_display_manager.o
LOAD bn_gpio_manager.o
LOAD bn_hblank_effects_manager.o